[2025-03-14T06:02:50.440+0000][1089][gc,init] CardTable entry size: 512
[2025-03-14T06:02:50.442+0000][1089][gc     ] Using G1
[2025-03-14T06:02:53.789+0000][1089][gc,init] Version: 22.0.2+9-70 (release)
[2025-03-14T06:02:53.790+0000][1089][gc,init] CPUs: 1 total, 1 available
[2025-03-14T06:02:53.790+0000][1089][gc,init] Memory: 3903M
[2025-03-14T06:02:53.790+0000][1089][gc,init] Large Page Support: Disabled
[2025-03-14T06:02:53.790+0000][1089][gc,init] NUMA Support: Disabled
[2025-03-14T06:02:53.790+0000][1089][gc,init] Compressed Oops: Enabled (32-bit)
[2025-03-14T06:02:53.790+0000][1089][gc,init] Heap Region Size: 4M
[2025-03-14T06:02:53.790+0000][1089][gc,init] Heap Min Capacity: 1952M
[2025-03-14T06:02:53.790+0000][1089][gc,init] Heap Initial Capacity: 1952M
[2025-03-14T06:02:53.790+0000][1089][gc,init] Heap Max Capacity: 1952M
[2025-03-14T06:02:53.790+0000][1089][gc,init] Pre-touch: Enabled
[2025-03-14T06:02:53.790+0000][1089][gc,init] Parallel Workers: 1
[2025-03-14T06:02:53.790+0000][1089][gc,init] Concurrent Workers: 1
[2025-03-14T06:02:53.790+0000][1089][gc,init] Concurrent Refinement Workers: 1
[2025-03-14T06:02:53.790+0000][1089][gc,init] Periodic GC: Disabled
[2025-03-14T06:02:53.825+0000][1089][gc,metaspace] CDS archive(s) mapped at: [0x00007ffc00000000-0x00007ffc00c80000-0x00007ffc00c80000), size 13107200, SharedBaseAddress: 0x00007ffc00000000, ArchiveRelocationMode: 1.
[2025-03-14T06:02:53.825+0000][1089][gc,metaspace] Compressed class space mapped at: 0x00007ffc01000000-0x00007ffc41000000, reserved size: 1073741824
[2025-03-14T06:02:53.825+0000][1089][gc,metaspace] Narrow klass base: 0x00007ffc00000000, Narrow klass shift: 0, Narrow klass range: 0x100000000
[2025-03-14T06:02:54.480+0000][1089][safepoint   ] Safepoint "ICBufferFull", Time since last: 643202876 ns, Reaching safepoint: 1541 ns, Cleanup: 54125 ns, At safepoint: 2959 ns, Total: 58625 ns
[2025-03-14T06:02:55.041+0000][1089][safepoint   ] Safepoint "ICBufferFull", Time since last: 560476792 ns, Reaching safepoint: 1583 ns, Cleanup: 59875 ns, At safepoint: 3667 ns, Total: 65125 ns
[2025-03-14T06:02:55.679+0000][1089][safepoint   ] Safepoint "ICBufferFull", Time since last: 638500417 ns, Reaching safepoint: 1958 ns, Cleanup: 61875 ns, At safepoint: 3583 ns, Total: 67416 ns
[2025-03-14T06:02:56.497+0000][1089][safepoint   ] Safepoint "ICBufferFull", Time since last: 817659667 ns, Reaching safepoint: 2375 ns, Cleanup: 54209 ns, At safepoint: 4000 ns, Total: 60584 ns
[2025-03-14T06:02:57.008+0000][1089][safepoint   ] Safepoint "ICBufferFull", Time since last: 510963625 ns, Reaching safepoint: 1875 ns, Cleanup: 47792 ns, At safepoint: 3375 ns, Total: 53042 ns
[2025-03-14T06:02:57.725+0000][1089][safepoint   ] Safepoint "ICBufferFull", Time since last: 716799458 ns, Reaching safepoint: 4542 ns, Cleanup: 73917 ns, At safepoint: 4875 ns, Total: 83334 ns
[2025-03-14T06:02:58.276+0000][1089][gc,start    ] GC(0) Pause Young (Normal) (G1 Evacuation Pause)
[2025-03-14T06:02:58.277+0000][1089][gc,task     ] GC(0) Using 1 workers of 1 for evacuation
[2025-03-14T06:02:58.277+0000][1089][gc,age      ] GC(0) Desired survivor size 6291456 bytes, new threshold 15 (max threshold 15)
[2025-03-14T06:02:58.302+0000][1089][gc,phases   ] GC(0)   Pre Evacuate Collection Set: 0.44ms
[2025-03-14T06:02:58.302+0000][1089][gc,phases   ] GC(0)   Merge Heap Roots: 0.05ms
[2025-03-14T06:02:58.302+0000][1089][gc,phases   ] GC(0)   Evacuate Collection Set: 24.04ms
[2025-03-14T06:02:58.302+0000][1089][gc,phases   ] GC(0)   Post Evacuate Collection Set: 0.95ms
[2025-03-14T06:02:58.302+0000][1089][gc,phases   ] GC(0)   Other: 0.04ms
[2025-03-14T06:02:58.302+0000][1089][gc,age      ] GC(0) Age table with threshold 15 (max threshold 15)
[2025-03-14T06:02:58.302+0000][1089][gc,age      ] GC(0) - age   1:    8216088 bytes,    8216088 total
[2025-03-14T06:02:58.302+0000][1089][gc,heap     ] GC(0) Eden regions: 24->0(22)
[2025-03-14T06:02:58.302+0000][1089][gc,heap     ] GC(0) Survivor regions: 0->2(3)
[2025-03-14T06:02:58.302+0000][1089][gc,heap     ] GC(0) Old regions: 1->1
[2025-03-14T06:02:58.302+0000][1089][gc,heap     ] GC(0) Humongous regions: 0->0
[2025-03-14T06:02:58.302+0000][1089][gc,metaspace] GC(0) Metaspace: 16100K(16448K)->16100K(16448K) NonClass: 14212K(14400K)->14212K(14400K) Class: 1887K(2048K)->1887K(2048K)
[2025-03-14T06:02:58.302+0000][1089][gc          ] GC(0) Pause Young (Normal) (G1 Evacuation Pause) 97M->9M(1952M) 25.676ms
[2025-03-14T06:02:58.302+0000][1089][gc,cpu      ] GC(0) User=0.01s Sys=0.00s Real=0.03s
[2025-03-14T06:02:58.304+0000][1089][safepoint   ] Safepoint "G1CollectForAllocation", Time since last: 551336291 ns, Reaching safepoint: 2125 ns, Cleanup: 50792 ns, At safepoint: 27872042 ns, Total: 27924959 ns
[2025-03-14T06:02:59.207+0000][1089][safepoint   ] Safepoint "ICBufferFull", Time since last: 902693000 ns, Reaching safepoint: 1709 ns, Cleanup: 56791 ns, At safepoint: 2750 ns, Total: 61250 ns
[2025-03-14T06:02:59.349+0000][1089][gc,start    ] GC(1) Pause Young (Normal) (G1 Evacuation Pause)
[2025-03-14T06:02:59.349+0000][1089][gc,task     ] GC(1) Using 1 workers of 1 for evacuation
[2025-03-14T06:02:59.349+0000][1089][gc,age      ] GC(1) Desired survivor size 6291456 bytes, new threshold 1 (max threshold 15)
[2025-03-14T06:02:59.397+0000][1089][gc,phases   ] GC(1)   Pre Evacuate Collection Set: 0.07ms
[2025-03-14T06:02:59.397+0000][1089][gc,phases   ] GC(1)   Merge Heap Roots: 0.01ms
[2025-03-14T06:02:59.397+0000][1089][gc,phases   ] GC(1)   Evacuate Collection Set: 46.83ms
[2025-03-14T06:02:59.397+0000][1089][gc,phases   ] GC(1)   Post Evacuate Collection Set: 1.13ms
[2025-03-14T06:02:59.397+0000][1089][gc,phases   ] GC(1)   Other: 0.05ms
[2025-03-14T06:02:59.397+0000][1089][gc,age      ] GC(1) Age table with threshold 1 (max threshold 15)
[2025-03-14T06:02:59.397+0000][1089][gc,age      ] GC(1) - age   1:    3782448 bytes,    3782448 total
[2025-03-14T06:02:59.397+0000][1089][gc,heap     ] GC(1) Eden regions: 22->0(23)
[2025-03-14T06:02:59.397+0000][1089][gc,heap     ] GC(1) Survivor regions: 2->1(3)
[2025-03-14T06:02:59.397+0000][1089][gc,heap     ] GC(1) Old regions: 1->3
[2025-03-14T06:02:59.397+0000][1089][gc,heap     ] GC(1) Humongous regions: 0->0
[2025-03-14T06:02:59.397+0000][1089][gc,metaspace] GC(1) Metaspace: 18163K(18560K)->18163K(18560K) NonClass: 16026K(16256K)->16026K(16256K) Class: 2136K(2304K)->2136K(2304K)
[2025-03-14T06:02:59.397+0000][1089][gc          ] GC(1) Pause Young (Normal) (G1 Evacuation Pause) 97M->13M(1952M) 48.196ms
[2025-03-14T06:02:59.397+0000][1089][gc,cpu      ] GC(1) User=0.01s Sys=0.00s Real=0.05s
[2025-03-14T06:02:59.400+0000][1089][safepoint   ] Safepoint "G1CollectForAllocation", Time since last: 138897875 ns, Reaching safepoint: 3005709 ns, Cleanup: 26791 ns, At safepoint: 50968084 ns, Total: 54000584 ns
[2025-03-14T06:03:00.023+0000][1089][gc,start    ] GC(2) Pause Young (Normal) (G1 Evacuation Pause)
[2025-03-14T06:03:00.023+0000][1089][gc,task     ] GC(2) Using 1 workers of 1 for evacuation
[2025-03-14T06:03:00.023+0000][1089][gc,age      ] GC(2) Desired survivor size 6291456 bytes, new threshold 15 (max threshold 15)
[2025-03-14T06:03:00.033+0000][1089][gc,phases   ] GC(2)   Pre Evacuate Collection Set: 0.08ms
[2025-03-14T06:03:00.033+0000][1089][gc,phases   ] GC(2)   Merge Heap Roots: 0.01ms
[2025-03-14T06:03:00.033+0000][1089][gc,phases   ] GC(2)   Evacuate Collection Set: 9.24ms
[2025-03-14T06:03:00.033+0000][1089][gc,phases   ] GC(2)   Post Evacuate Collection Set: 0.45ms
[2025-03-14T06:03:00.033+0000][1089][gc,phases   ] GC(2)   Other: 0.03ms
[2025-03-14T06:03:00.033+0000][1089][gc,age      ] GC(2) Age table with threshold 15 (max threshold 15)
[2025-03-14T06:03:00.033+0000][1089][gc,age      ] GC(2) - age   1:    2817208 bytes,    2817208 total
[2025-03-14T06:03:00.033+0000][1089][gc,age      ] GC(2) - age   2:    1765744 bytes,    4582952 total
[2025-03-14T06:03:00.033+0000][1089][gc,heap     ] GC(2) Eden regions: 23->0(22)
[2025-03-14T06:03:00.033+0000][1089][gc,heap     ] GC(2) Survivor regions: 1->2(3)
[2025-03-14T06:03:00.033+0000][1089][gc,heap     ] GC(2) Old regions: 3->3
[2025-03-14T06:03:00.033+0000][1089][gc,heap     ] GC(2) Humongous regions: 0->0
[2025-03-14T06:03:00.033+0000][1089][gc,metaspace] GC(2) Metaspace: 18764K(19136K)->18764K(19136K) NonClass: 16519K(16704K)->16519K(16704K) Class: 2244K(2432K)->2244K(2432K)
[2025-03-14T06:03:00.033+0000][1089][gc          ] GC(2) Pause Young (Normal) (G1 Evacuation Pause) 105M->13M(1952M) 9.890ms
[2025-03-14T06:03:00.033+0000][1089][gc,cpu      ] GC(2) User=0.00s Sys=0.00s Real=0.01s
[2025-03-14T06:03:00.033+0000][1089][safepoint   ] Safepoint "G1CollectForAllocation", Time since last: 622681708 ns, Reaching safepoint: 2917 ns, Cleanup: 67458 ns, At safepoint: 9907834 ns, Total: 9978209 ns
[2025-03-14T06:03:00.495+0000][1089][gc,start    ] GC(3) Pause Young (Normal) (G1 Evacuation Pause)
[2025-03-14T06:03:00.495+0000][1089][gc,task     ] GC(3) Using 1 workers of 1 for evacuation
[2025-03-14T06:03:00.495+0000][1089][gc,age      ] GC(3) Desired survivor size 6291456 bytes, new threshold 15 (max threshold 15)
[2025-03-14T06:03:00.503+0000][1089][gc,phases   ] GC(3)   Pre Evacuate Collection Set: 0.06ms
[2025-03-14T06:03:00.503+0000][1089][gc,phases   ] GC(3)   Merge Heap Roots: 0.01ms
[2025-03-14T06:03:00.503+0000][1089][gc,phases   ] GC(3)   Evacuate Collection Set: 7.88ms
[2025-03-14T06:03:00.503+0000][1089][gc,phases   ] GC(3)   Post Evacuate Collection Set: 0.35ms
[2025-03-14T06:03:00.503+0000][1089][gc,phases   ] GC(3)   Other: 0.03ms
[2025-03-14T06:03:00.503+0000][1089][gc,age      ] GC(3) Age table with threshold 15 (max threshold 15)
[2025-03-14T06:03:00.503+0000][1089][gc,age      ] GC(3) - age   1:    1074880 bytes,    1074880 total
[2025-03-14T06:03:00.503+0000][1089][gc,age      ] GC(3) - age   2:    1678368 bytes,    2753248 total
[2025-03-14T06:03:00.503+0000][1089][gc,age      ] GC(3) - age   3:    1763752 bytes,    4517000 total
[2025-03-14T06:03:00.503+0000][1089][gc,heap     ] GC(3) Eden regions: 22->0(22)
[2025-03-14T06:03:00.503+0000][1089][gc,heap     ] GC(3) Survivor regions: 2->2(3)
[2025-03-14T06:03:00.503+0000][1089][gc,heap     ] GC(3) Old regions: 3->3
[2025-03-14T06:03:00.503+0000][1089][gc,heap     ] GC(3) Humongous regions: 0->0
[2025-03-14T06:03:00.503+0000][1089][gc,metaspace] GC(3) Metaspace: 19240K(19712K)->19240K(19712K) NonClass: 16909K(17152K)->16909K(17152K) Class: 2331K(2560K)->2331K(2560K)
[2025-03-14T06:03:00.503+0000][1089][gc          ] GC(3) Pause Young (Normal) (G1 Evacuation Pause) 101M->13M(1952M) 8.404ms
[2025-03-14T06:03:00.503+0000][1089][gc,cpu      ] GC(3) User=0.00s Sys=0.00s Real=0.01s
[2025-03-14T06:03:00.507+0000][1089][safepoint   ] Safepoint "G1CollectForAllocation", Time since last: 461080792 ns, Reaching safepoint: 53583 ns, Cleanup: 1201417 ns, At safepoint: 12185375 ns, Total: 13440375 ns
[2025-03-14T06:03:00.943+0000][1089][gc,start    ] GC(4) Pause Young (Normal) (G1 Evacuation Pause)
[2025-03-14T06:03:00.943+0000][1089][gc,task     ] GC(4) Using 1 workers of 1 for evacuation
[2025-03-14T06:03:00.943+0000][1089][gc,age      ] GC(4) Desired survivor size 6291456 bytes, new threshold 15 (max threshold 15)
[2025-03-14T06:03:00.974+0000][1089][gc,phases   ] GC(4)   Pre Evacuate Collection Set: 0.95ms
[2025-03-14T06:03:00.974+0000][1089][gc,phases   ] GC(4)   Merge Heap Roots: 0.01ms
[2025-03-14T06:03:00.974+0000][1089][gc,phases   ] GC(4)   Evacuate Collection Set: 26.91ms
[2025-03-14T06:03:00.974+0000][1089][gc,phases   ] GC(4)   Post Evacuate Collection Set: 2.62ms
[2025-03-14T06:03:00.974+0000][1089][gc,phases   ] GC(4)   Other: 0.15ms
[2025-03-14T06:03:00.974+0000][1089][gc,age      ] GC(4) Age table with threshold 15 (max threshold 15)
[2025-03-14T06:03:00.974+0000][1089][gc,age      ] GC(4) - age   1:    4209768 bytes,    4209768 total
[2025-03-14T06:03:00.974+0000][1089][gc,age      ] GC(4) - age   2:     917960 bytes,    5127728 total
[2025-03-14T06:03:00.974+0000][1089][gc,age      ] GC(4) - age   3:    1678272 bytes,    6806000 total
[2025-03-14T06:03:00.974+0000][1089][gc,age      ] GC(4) - age   4:    1763000 bytes,    8569000 total
[2025-03-14T06:03:00.974+0000][1089][gc,heap     ] GC(4) Eden regions: 22->0(21)
[2025-03-14T06:03:00.974+0000][1089][gc,heap     ] GC(4) Survivor regions: 2->3(3)
[2025-03-14T06:03:00.974+0000][1089][gc,heap     ] GC(4) Old regions: 3->3
[2025-03-14T06:03:00.974+0000][1089][gc,heap     ] GC(4) Humongous regions: 0->0
[2025-03-14T06:03:00.974+0000][1089][gc,metaspace] GC(4) Metaspace: 19532K(19968K)->19532K(19968K) NonClass: 17175K(17408K)->17175K(17408K) Class: 2357K(2560K)->2357K(2560K)
[2025-03-14T06:03:00.974+0000][1089][gc          ] GC(4) Pause Young (Normal) (G1 Evacuation Pause) 101M->18M(1952M) 30.740ms
[2025-03-14T06:03:00.974+0000][1089][gc,cpu      ] GC(4) User=0.01s Sys=0.00s Real=0.03s
[2025-03-14T06:03:00.974+0000][1089][safepoint   ] Safepoint "G1CollectForAllocation", Time since last: 435853500 ns, Reaching safepoint: 2291 ns, Cleanup: 20292 ns, At safepoint: 30864958 ns, Total: 30887541 ns
[2025-03-14T06:03:01.340+0000][1089][gc,start    ] GC(5) Pause Young (Normal) (G1 Evacuation Pause)
[2025-03-14T06:03:01.340+0000][1089][gc,task     ] GC(5) Using 1 workers of 1 for evacuation
[2025-03-14T06:03:01.340+0000][1089][gc,age      ] GC(5) Desired survivor size 6291456 bytes, new threshold 3 (max threshold 15)
[2025-03-14T06:03:01.355+0000][1089][gc,phases   ] GC(5)   Pre Evacuate Collection Set: 0.51ms
[2025-03-14T06:03:01.355+0000][1089][gc,phases   ] GC(5)   Merge Heap Roots: 0.01ms
[2025-03-14T06:03:01.355+0000][1089][gc,phases   ] GC(5)   Evacuate Collection Set: 12.18ms
[2025-03-14T06:03:01.355+0000][1089][gc,phases   ] GC(5)   Post Evacuate Collection Set: 0.87ms
[2025-03-14T06:03:01.355+0000][1089][gc,phases   ] GC(5)   Other: 1.27ms
[2025-03-14T06:03:01.355+0000][1089][gc,age      ] GC(5) Age table with threshold 3 (max threshold 15)
[2025-03-14T06:03:01.355+0000][1089][gc,age      ] GC(5) - age   1:    2492232 bytes,    2492232 total
[2025-03-14T06:03:01.355+0000][1089][gc,age      ] GC(5) - age   2:    1611808 bytes,    4104040 total
[2025-03-14T06:03:01.355+0000][1089][gc,age      ] GC(5) - age   3:     917856 bytes,    5021896 total
[2025-03-14T06:03:01.355+0000][1089][gc,heap     ] GC(5) Eden regions: 21->0(22)
[2025-03-14T06:03:01.355+0000][1089][gc,heap     ] GC(5) Survivor regions: 3->2(3)
[2025-03-14T06:03:01.355+0000][1089][gc,heap     ] GC(5) Old regions: 3->4
[2025-03-14T06:03:01.355+0000][1089][gc,heap     ] GC(5) Humongous regions: 0->0
[2025-03-14T06:03:01.355+0000][1089][gc,metaspace] GC(5) Metaspace: 19684K(20096K)->19684K(20096K) NonClass: 17310K(17536K)->17310K(17536K) Class: 2373K(2560K)->2373K(2560K)
[2025-03-14T06:03:01.355+0000][1089][gc          ] GC(5) Pause Young (Normal) (G1 Evacuation Pause) 102M->17M(1952M) 14.927ms
[2025-03-14T06:03:01.355+0000][1089][gc,cpu      ] GC(5) User=0.00s Sys=0.00s Real=0.02s
[2025-03-14T06:03:01.357+0000][1089][safepoint   ] Safepoint "G1CollectForAllocation", Time since last: 366190334 ns, Reaching safepoint: 2542 ns, Cleanup: 23708 ns, At safepoint: 16741917 ns, Total: 16768167 ns
[2025-03-14T06:03:01.821+0000][1089][gc,start    ] GC(6) Pause Young (Normal) (G1 Evacuation Pause)
[2025-03-14T06:03:01.822+0000][1089][gc,task     ] GC(6) Using 1 workers of 1 for evacuation
[2025-03-14T06:03:01.822+0000][1089][gc,age      ] GC(6) Desired survivor size 6291456 bytes, new threshold 15 (max threshold 15)
[2025-03-14T06:03:01.848+0000][1089][gc,phases   ] GC(6)   Pre Evacuate Collection Set: 0.08ms
[2025-03-14T06:03:01.848+0000][1089][gc,phases   ] GC(6)   Merge Heap Roots: 0.01ms
[2025-03-14T06:03:01.848+0000][1089][gc,phases   ] GC(6)   Evacuate Collection Set: 24.32ms
[2025-03-14T06:03:01.848+0000][1089][gc,phases   ] GC(6)   Post Evacuate Collection Set: 2.04ms
[2025-03-14T06:03:01.848+0000][1089][gc,phases   ] GC(6)   Other: 0.06ms
[2025-03-14T06:03:01.848+0000][1089][gc,age      ] GC(6) Age table with threshold 15 (max threshold 15)
[2025-03-14T06:03:01.848+0000][1089][gc,age      ] GC(6) - age   1:    2228056 bytes,    2228056 total
[2025-03-14T06:03:01.848+0000][1089][gc,age      ] GC(6) - age   2:    1516456 bytes,    3744512 total
[2025-03-14T06:03:01.848+0000][1089][gc,age      ] GC(6) - age   3:    1611416 bytes,    5355928 total
[2025-03-14T06:03:01.848+0000][1089][gc,age      ] GC(6) - age   4:     917824 bytes,    6273752 total
[2025-03-14T06:03:01.848+0000][1089][gc,heap     ] GC(6) Eden regions: 22->0(26)
[2025-03-14T06:03:01.848+0000][1089][gc,heap     ] GC(6) Survivor regions: 2->2(3)
[2025-03-14T06:03:01.848+0000][1089][gc,heap     ] GC(6) Old regions: 4->4
[2025-03-14T06:03:01.848+0000][1089][gc,heap     ] GC(6) Humongous regions: 0->0
[2025-03-14T06:03:01.848+0000][1089][gc,metaspace] GC(6) Metaspace: 20192K(20608K)->20192K(20608K) NonClass: 17754K(17984K)->17754K(17984K) Class: 2437K(2624K)->2437K(2624K)
[2025-03-14T06:03:01.848+0000][1089][gc          ] GC(6) Pause Young (Normal) (G1 Evacuation Pause) 105M->18M(1952M) 26.684ms
[2025-03-14T06:03:01.848+0000][1089][gc,cpu      ] GC(6) User=0.01s Sys=0.00s Real=0.03s
[2025-03-14T06:03:01.851+0000][1089][safepoint   ] Safepoint "G1CollectForAllocation", Time since last: 464422833 ns, Reaching safepoint: 97250 ns, Cleanup: 112709 ns, At safepoint: 29521791 ns, Total: 29731750 ns
[2025-03-14T06:03:02.342+0000][1089][gc,start    ] GC(7) Pause Young (Normal) (G1 Evacuation Pause)
[2025-03-14T06:03:02.342+0000][1089][gc,task     ] GC(7) Using 1 workers of 1 for evacuation
[2025-03-14T06:03:02.342+0000][1089][gc,age      ] GC(7) Desired survivor size 8388608 bytes, new threshold 15 (max threshold 15)
[2025-03-14T06:03:02.349+0000][1089][gc,phases   ] GC(7)   Pre Evacuate Collection Set: 0.07ms
[2025-03-14T06:03:02.349+0000][1089][gc,phases   ] GC(7)   Merge Heap Roots: 0.01ms
[2025-03-14T06:03:02.349+0000][1089][gc,phases   ] GC(7)   Evacuate Collection Set: 6.48ms
[2025-03-14T06:03:02.349+0000][1089][gc,phases   ] GC(7)   Post Evacuate Collection Set: 0.16ms
[2025-03-14T06:03:02.349+0000][1089][gc,phases   ] GC(7)   Other: 0.04ms
[2025-03-14T06:03:02.349+0000][1089][gc,age      ] GC(7) Age table with threshold 15 (max threshold 15)
[2025-03-14T06:03:02.349+0000][1089][gc,age      ] GC(7) - age   1:     279328 bytes,     279328 total
[2025-03-14T06:03:02.349+0000][1089][gc,age      ] GC(7) - age   2:     346696 bytes,     626024 total
[2025-03-14T06:03:02.349+0000][1089][gc,age      ] GC(7) - age   3:    1516336 bytes,    2142360 total
[2025-03-14T06:03:02.349+0000][1089][gc,age      ] GC(7) - age   4:    1611384 bytes,    3753744 total
[2025-03-14T06:03:02.349+0000][1089][gc,age      ] GC(7) - age   5:     917152 bytes,    4670896 total
[2025-03-14T06:03:02.349+0000][1089][gc,heap     ] GC(7) Eden regions: 26->0(178)
[2025-03-14T06:03:02.349+0000][1089][gc,heap     ] GC(7) Survivor regions: 2->2(4)
[2025-03-14T06:03:02.349+0000][1089][gc,heap     ] GC(7) Old regions: 4->4
[2025-03-14T06:03:02.349+0000][1089][gc,heap     ] GC(7) Humongous regions: 0->0
[2025-03-14T06:03:02.349+0000][1089][gc,metaspace] GC(7) Metaspace: 20494K(20992K)->20494K(20992K) NonClass: 18005K(18304K)->18005K(18304K) Class: 2488K(2688K)->2488K(2688K)
[2025-03-14T06:03:02.349+0000][1089][gc          ] GC(7) Pause Young (Normal) (G1 Evacuation Pause) 122M->17M(1952M) 6.845ms
[2025-03-14T06:03:02.349+0000][1089][gc,cpu      ] GC(7) User=0.01s Sys=0.00s Real=0.00s
[2025-03-14T06:03:02.355+0000][1089][safepoint   ] Safepoint "G1CollectForAllocation", Time since last: 490998375 ns, Reaching safepoint: 2292 ns, Cleanup: 19333 ns, At safepoint: 12939542 ns, Total: 12961167 ns
[2025-03-14T06:03:03.359+0000][1089][safepoint   ] Safepoint "Cleanup", Time since last: 1000072167 ns, Reaching safepoint: 3928959 ns, Cleanup: 23375 ns, At safepoint: 5875 ns, Total: 3958209 ns
[2025-03-14T06:03:03.370+0000][1089][gc,start    ] GC(8) Pause Young (Concurrent Start) (Metadata GC Threshold)
[2025-03-14T06:03:03.370+0000][1089][gc,task     ] GC(8) Using 1 workers of 1 for evacuation
[2025-03-14T06:03:03.370+0000][1089][gc,age      ] GC(8) Desired survivor size 46137344 bytes, new threshold 15 (max threshold 15)
[2025-03-14T06:03:03.379+0000][1089][gc,phases   ] GC(8)   Pre Evacuate Collection Set: 0.07ms
[2025-03-14T06:03:03.379+0000][1089][gc,phases   ] GC(8)   Merge Heap Roots: 0.01ms
[2025-03-14T06:03:03.379+0000][1089][gc,phases   ] GC(8)   Evacuate Collection Set: 8.31ms
[2025-03-14T06:03:03.379+0000][1089][gc,phases   ] GC(8)   Post Evacuate Collection Set: 0.19ms
[2025-03-14T06:03:03.379+0000][1089][gc,phases   ] GC(8)   Other: 0.04ms
[2025-03-14T06:03:03.379+0000][1089][gc,age      ] GC(8) Age table with threshold 15 (max threshold 15)
[2025-03-14T06:03:03.379+0000][1089][gc,age      ] GC(8) - age   1:    1632104 bytes,    1632104 total
[2025-03-14T06:03:03.379+0000][1089][gc,age      ] GC(8) - age   2:     261560 bytes,    1893664 total
[2025-03-14T06:03:03.379+0000][1089][gc,age      ] GC(8) - age   3:     346512 bytes,    2240176 total
[2025-03-14T06:03:03.379+0000][1089][gc,age      ] GC(8) - age   4:    1516304 bytes,    3756480 total
[2025-03-14T06:03:03.379+0000][1089][gc,age      ] GC(8) - age   5:    1610344 bytes,    5366824 total
[2025-03-14T06:03:03.379+0000][1089][gc,age      ] GC(8) - age   6:     914240 bytes,    6281064 total
[2025-03-14T06:03:03.379+0000][1089][gc,heap     ] GC(8) Eden regions: 51->0(290)
[2025-03-14T06:03:03.379+0000][1089][gc,heap     ] GC(8) Survivor regions: 2->2(22)
[2025-03-14T06:03:03.379+0000][1089][gc,heap     ] GC(8) Old regions: 4->4
[2025-03-14T06:03:03.379+0000][1089][gc,heap     ] GC(8) Humongous regions: 0->0
[2025-03-14T06:03:03.379+0000][1089][gc,metaspace] GC(8) Metaspace: 20962K(21504K)->20962K(21504K) NonClass: 18399K(18688K)->18399K(18688K) Class: 2562K(2816K)->2562K(2816K)
[2025-03-14T06:03:03.379+0000][1089][gc          ] GC(8) Pause Young (Concurrent Start) (Metadata GC Threshold) 219M->19M(1952M) 8.700ms
[2025-03-14T06:03:03.379+0000][1089][gc,cpu      ] GC(8) User=0.00s Sys=0.00s Real=0.01s
[2025-03-14T06:03:03.379+0000][1089][safepoint   ] Safepoint "CollectForMetadataAllocation", Time since last: 10987416 ns, Reaching safepoint: 1625 ns, Cleanup: 1250 ns, At safepoint: 8767625 ns, Total: 8770500 ns
[2025-03-14T06:03:03.383+0000][1089][gc          ] GC(9) Concurrent Mark Cycle
[2025-03-14T06:03:03.383+0000][1089][gc,marking  ] GC(9) Concurrent Scan Root Regions
[2025-03-14T06:03:03.386+0000][1089][gc,marking  ] GC(9) Concurrent Scan Root Regions 3.307ms
[2025-03-14T06:03:03.386+0000][1089][gc,marking  ] GC(9) Concurrent Mark
[2025-03-14T06:03:03.386+0000][1089][gc,marking  ] GC(9) Concurrent Mark From Roots
[2025-03-14T06:03:03.386+0000][1089][gc,task     ] GC(9) Using 1 workers of 1 for marking
[2025-03-14T06:03:03.457+0000][1089][gc,marking  ] GC(9) Concurrent Mark From Roots 70.898ms
[2025-03-14T06:03:03.457+0000][1089][gc,marking  ] GC(9) Concurrent Preclean
[2025-03-14T06:03:03.457+0000][1089][gc,marking  ] GC(9) Concurrent Preclean 0.034ms
[2025-03-14T06:03:03.457+0000][1089][gc,start    ] GC(9) Pause Remark
[2025-03-14T06:03:03.473+0000][1089][gc          ] GC(9) Pause Remark 21M->21M(1952M) 15.971ms
[2025-03-14T06:03:03.473+0000][1089][gc,cpu      ] GC(9) User=0.00s Sys=0.00s Real=0.02s
[2025-03-14T06:03:03.478+0000][1089][safepoint   ] Safepoint "G1PauseRemark", Time since last: 78631042 ns, Reaching safepoint: 1625 ns, Cleanup: 6458 ns, At safepoint: 20144125 ns, Total: 20152208 ns
[2025-03-14T06:03:03.478+0000][1089][gc,marking  ] GC(9) Concurrent Mark 92.082ms
[2025-03-14T06:03:03.478+0000][1089][gc,marking  ] GC(9) Concurrent Rebuild Remembered Sets and Scrub Regions
[2025-03-14T06:03:03.511+0000][1089][gc,marking  ] GC(9) Concurrent Rebuild Remembered Sets and Scrub Regions 32.168ms
[2025-03-14T06:03:03.511+0000][1089][gc,start    ] GC(9) Pause Cleanup
[2025-03-14T06:03:03.511+0000][1089][gc          ] GC(9) Pause Cleanup 21M->21M(1952M) 0.055ms
[2025-03-14T06:03:03.511+0000][1089][gc,cpu      ] GC(9) User=0.00s Sys=0.00s Real=0.00s
[2025-03-14T06:03:03.511+0000][1089][safepoint   ] Safepoint "G1PauseCleanup", Time since last: 33053167 ns, Reaching safepoint: 1542 ns, Cleanup: 4875 ns, At safepoint: 69291 ns, Total: 75708 ns
[2025-03-14T06:03:03.511+0000][1089][gc,marking  ] GC(9) Concurrent Clear Claimed Marks
[2025-03-14T06:03:03.511+0000][1089][gc,marking  ] GC(9) Concurrent Clear Claimed Marks 0.027ms
[2025-03-14T06:03:03.511+0000][1089][gc,marking  ] GC(9) Concurrent Cleanup for Next Mark
[2025-03-14T06:03:03.514+0000][1089][gc,marking  ] GC(9) Concurrent Cleanup for Next Mark 3.266ms
[2025-03-14T06:03:03.514+0000][1089][gc          ] GC(9) Concurrent Mark Cycle 131.010ms
[2025-03-14T06:03:04.564+0000][1089][safepoint   ] Safepoint "Cleanup", Time since last: 1049302751 ns, Reaching safepoint: 70000 ns, Cleanup: 47083 ns, At safepoint: 4240333 ns, Total: 4357416 ns
[2025-03-14T06:03:05.208+0000][1089][safepoint   ] Safepoint "ICBufferFull", Time since last: 643927459 ns, Reaching safepoint: 2292 ns, Cleanup: 73875 ns, At safepoint: 5291 ns, Total: 81458 ns
[2025-03-14T06:03:06.201+0000][1089][safepoint   ] Safepoint "ICBufferFull", Time since last: 992833459 ns, Reaching safepoint: 2042 ns, Cleanup: 63625 ns, At safepoint: 4708 ns, Total: 70375 ns
[2025-03-14T06:03:07.004+0000][1089][safepoint   ] Safepoint "ICBufferFull", Time since last: 802776876 ns, Reaching safepoint: 6166 ns, Cleanup: 71500 ns, At safepoint: 4709 ns, Total: 82375 ns
[2025-03-14T06:03:08.008+0000][1089][safepoint   ] Safepoint "Cleanup", Time since last: 1001578875 ns, Reaching safepoint: 2344083 ns, Cleanup: 49375 ns, At safepoint: 6750 ns, Total: 2400208 ns
[2025-03-14T06:03:08.804+0000][1089][gc,start    ] GC(10) Pause Young (Prepare Mixed) (G1 Evacuation Pause)
[2025-03-14T06:03:08.804+0000][1089][gc,task     ] GC(10) Using 1 workers of 1 for evacuation
[2025-03-14T06:03:08.804+0000][1089][gc,age      ] GC(10) Desired survivor size 44040192 bytes, new threshold 15 (max threshold 15)
[2025-03-14T06:03:08.904+0000][1089][gc,phases   ] GC(10)   Pre Evacuate Collection Set: 0.76ms
[2025-03-14T06:03:08.904+0000][1089][gc,phases   ] GC(10)   Merge Heap Roots: 0.06ms
[2025-03-14T06:03:08.904+0000][1089][gc,phases   ] GC(10)   Evacuate Collection Set: 97.12ms
[2025-03-14T06:03:08.904+0000][1089][gc,phases   ] GC(10)   Post Evacuate Collection Set: 1.88ms
[2025-03-14T06:03:08.904+0000][1089][gc,phases   ] GC(10)   Other: 0.10ms
[2025-03-14T06:03:08.904+0000][1089][gc,age      ] GC(10) Age table with threshold 15 (max threshold 15)
[2025-03-14T06:03:08.904+0000][1089][gc,age      ] GC(10) - age   1:   27665688 bytes,   27665688 total
[2025-03-14T06:03:08.904+0000][1089][gc,age      ] GC(10) - age   2:    1571984 bytes,   29237672 total
[2025-03-14T06:03:08.904+0000][1089][gc,age      ] GC(10) - age   3:     259432 bytes,   29497104 total
[2025-03-14T06:03:08.904+0000][1089][gc,age      ] GC(10) - age   4:     345712 bytes,   29842816 total
[2025-03-14T06:03:08.904+0000][1089][gc,age      ] GC(10) - age   5:    1515112 bytes,   31357928 total
[2025-03-14T06:03:08.904+0000][1089][gc,age      ] GC(10) - age   6:    1606888 bytes,   32964816 total
[2025-03-14T06:03:08.904+0000][1089][gc,age      ] GC(10) - age   7:     909808 bytes,   33874624 total
[2025-03-14T06:03:08.904+0000][1089][gc,heap     ] GC(10) Eden regions: 161->0(27)
[2025-03-14T06:03:08.904+0000][1089][gc,heap     ] GC(10) Survivor regions: 2->9(21)
[2025-03-14T06:03:08.904+0000][1089][gc,heap     ] GC(10) Old regions: 4->4
[2025-03-14T06:03:08.904+0000][1089][gc,heap     ] GC(10) Humongous regions: 0->0
[2025-03-14T06:03:08.904+0000][1089][gc,metaspace] GC(10) Metaspace: 33534K(34624K)->33534K(34624K) NonClass: 29199K(29888K)->29199K(29888K) Class: 4335K(4736K)->4335K(4736K)
[2025-03-14T06:03:08.904+0000][1089][gc          ] GC(10) Pause Young (Prepare Mixed) (G1 Evacuation Pause) 663M->46M(1952M) 100.098ms
[2025-03-14T06:03:08.904+0000][1089][gc,cpu      ] GC(10) User=0.05s Sys=0.00s Real=0.10s
[2025-03-14T06:03:08.911+0000][1089][safepoint   ] Safepoint "G1CollectForAllocation", Time since last: 795891876 ns, Reaching safepoint: 1792 ns, Cleanup: 43625 ns, At safepoint: 106953166 ns, Total: 106998583 ns
[2025-03-14T06:03:09.166+0000][1089][gc,start    ] GC(11) Pause Young (Mixed) (Metadata GC Threshold)
[2025-03-14T06:03:09.166+0000][1089][gc,task     ] GC(11) Using 1 workers of 1 for evacuation
[2025-03-14T06:03:09.166+0000][1089][gc,age      ] GC(11) Desired survivor size 8388608 bytes, new threshold 1 (max threshold 15)
[2025-03-14T06:03:09.272+0000][1089][gc,phases   ] GC(11)   Pre Evacuate Collection Set: 0.07ms
[2025-03-14T06:03:09.272+0000][1089][gc,phases   ] GC(11)   Merge Heap Roots: 0.81ms
[2025-03-14T06:03:09.272+0000][1089][gc,phases   ] GC(11)   Evacuate Collection Set: 103.46ms
[2025-03-14T06:03:09.272+0000][1089][gc,phases   ] GC(11)   Post Evacuate Collection Set: 1.86ms
[2025-03-14T06:03:09.272+0000][1089][gc,phases   ] GC(11)   Other: 0.03ms
[2025-03-14T06:03:09.272+0000][1089][gc,age      ] GC(11) Age table with threshold 1 (max threshold 15)
[2025-03-14T06:03:09.272+0000][1089][gc,age      ] GC(11) - age   1:     858048 bytes,     858048 total
[2025-03-14T06:03:09.272+0000][1089][gc,heap     ] GC(11) Eden regions: 4->0(53)
[2025-03-14T06:03:09.272+0000][1089][gc,heap     ] GC(11) Survivor regions: 9->1(4)
[2025-03-14T06:03:09.272+0000][1089][gc,heap     ] GC(11) Old regions: 4->12
[2025-03-14T06:03:09.272+0000][1089][gc,heap     ] GC(11) Humongous regions: 0->0
[2025-03-14T06:03:09.272+0000][1089][gc,metaspace] GC(11) Metaspace: 35257K(36288K)->35257K(36288K) NonClass: 30604K(31232K)->30604K(31232K) Class: 4653K(5056K)->4653K(5056K)
[2025-03-14T06:03:09.272+0000][1089][gc          ] GC(11) Pause Young (Mixed) (Metadata GC Threshold) 60M->48M(1952M) 106.322ms
[2025-03-14T06:03:09.272+0000][1089][gc,cpu      ] GC(11) User=0.05s Sys=0.00s Real=0.11s
[2025-03-14T06:03:09.274+0000][1089][safepoint   ] Safepoint "CollectForMetadataAllocation", Time since last: 255031625 ns, Reaching safepoint: 2084 ns, Cleanup: 29583 ns, At safepoint: 108123292 ns, Total: 108154959 ns
[2025-03-14T06:03:09.326+0000][1089][gc,start    ] GC(12) Pause Young (Concurrent Start) (Metadata GC Threshold)
[2025-03-14T06:03:09.326+0000][1089][gc,task     ] GC(12) Using 1 workers of 1 for evacuation
[2025-03-14T06:03:09.326+0000][1089][gc,age      ] GC(12) Desired survivor size 14680064 bytes, new threshold 15 (max threshold 15)
[2025-03-14T06:03:09.333+0000][1089][gc,phases   ] GC(12)   Pre Evacuate Collection Set: 0.07ms
[2025-03-14T06:03:09.333+0000][1089][gc,phases   ] GC(12)   Merge Heap Roots: 0.01ms
[2025-03-14T06:03:09.333+0000][1089][gc,phases   ] GC(12)   Evacuate Collection Set: 5.84ms
[2025-03-14T06:03:09.333+0000][1089][gc,phases   ] GC(12)   Post Evacuate Collection Set: 1.48ms
[2025-03-14T06:03:09.333+0000][1089][gc,phases   ] GC(12)   Other: 0.04ms
[2025-03-14T06:03:09.333+0000][1089][gc,age      ] GC(12) Age table with threshold 15 (max threshold 15)
[2025-03-14T06:03:09.333+0000][1089][gc,age      ] GC(12) - age   1:      79088 bytes,      79088 total
[2025-03-14T06:03:09.333+0000][1089][gc,age      ] GC(12) - age   2:     821144 bytes,     900232 total
[2025-03-14T06:03:09.333+0000][1089][gc,heap     ] GC(12) Eden regions: 1->0(153)
[2025-03-14T06:03:09.333+0000][1089][gc,heap     ] GC(12) Survivor regions: 1->1(7)
[2025-03-14T06:03:09.333+0000][1089][gc,heap     ] GC(12) Old regions: 12->12
[2025-03-14T06:03:09.333+0000][1089][gc,heap     ] GC(12) Humongous regions: 0->0
[2025-03-14T06:03:09.333+0000][1089][gc,metaspace] GC(12) Metaspace: 35636K(36608K)->35636K(36608K) NonClass: 30935K(31552K)->30935K(31552K) Class: 4700K(5056K)->4700K(5056K)
[2025-03-14T06:03:09.334+0000][1089][gc          ] GC(12) Pause Young (Concurrent Start) (Metadata GC Threshold) 50M->47M(1952M) 7.520ms
[2025-03-14T06:03:09.334+0000][1089][gc,cpu      ] GC(12) User=0.00s Sys=0.00s Real=0.01s
[2025-03-14T06:03:09.334+0000][1089][gc          ] GC(13) Concurrent Mark Cycle
[2025-03-14T06:03:09.334+0000][1089][gc,marking  ] GC(13) Concurrent Scan Root Regions
[2025-03-14T06:03:09.336+0000][1089][safepoint   ] Safepoint "CollectForMetadataAllocation", Time since last: 51817791 ns, Reaching safepoint: 2334 ns, Cleanup: 8583 ns, At safepoint: 9983083 ns, Total: 9994000 ns
[2025-03-14T06:03:09.338+0000][1089][gc,marking  ] GC(13) Concurrent Scan Root Regions 4.005ms
[2025-03-14T06:03:09.338+0000][1089][gc,marking  ] GC(13) Concurrent Mark
[2025-03-14T06:03:09.338+0000][1089][gc,marking  ] GC(13) Concurrent Mark From Roots
[2025-03-14T06:03:09.338+0000][1089][gc,task     ] GC(13) Using 1 workers of 1 for marking
[2025-03-14T06:03:09.379+0000][1089][safepoint   ] Safepoint "CollectForMetadataAllocation", Time since last: 42616834 ns, Reaching safepoint: 395625 ns, Cleanup: 1750 ns, At safepoint: 52833 ns, Total: 450208 ns
[2025-03-14T06:03:09.444+0000][1089][safepoint   ] Safepoint "CollectForMetadataAllocation", Time since last: 64935375 ns, Reaching safepoint: 10417 ns, Cleanup: 7208 ns, At safepoint: 51042 ns, Total: 68667 ns
[2025-03-14T06:03:09.487+0000][1089][safepoint   ] Safepoint "CollectForMetadataAllocation", Time since last: 42597708 ns, Reaching safepoint: 335375 ns, Cleanup: 5959 ns, At safepoint: 44625 ns, Total: 385959 ns
[2025-03-14T06:03:09.520+0000][1089][gc,marking  ] GC(13) Concurrent Mark From Roots 182.276ms
[2025-03-14T06:03:09.520+0000][1089][gc,marking  ] GC(13) Concurrent Preclean
[2025-03-14T06:03:09.520+0000][1089][gc,marking  ] GC(13) Concurrent Preclean 0.076ms
[2025-03-14T06:03:09.524+0000][1089][gc,start    ] GC(13) Pause Remark
[2025-03-14T06:03:09.542+0000][1089][gc          ] GC(13) Pause Remark 53M->53M(1952M) 17.535ms
[2025-03-14T06:03:09.542+0000][1089][gc,cpu      ] GC(13) User=0.01s Sys=0.00s Real=0.01s
[2025-03-14T06:03:09.542+0000][1089][safepoint   ] Safepoint "G1PauseRemark", Time since last: 36948166 ns, Reaching safepoint: 138417 ns, Cleanup: 9458 ns, At safepoint: 17561167 ns, Total: 17709042 ns
[2025-03-14T06:03:09.542+0000][1089][gc,marking  ] GC(13) Concurrent Mark 203.688ms
[2025-03-14T06:03:09.542+0000][1089][gc,marking  ] GC(13) Concurrent Rebuild Remembered Sets and Scrub Regions
[2025-03-14T06:03:09.618+0000][1089][gc,marking  ] GC(13) Concurrent Rebuild Remembered Sets and Scrub Regions 76.281ms
[2025-03-14T06:03:09.620+0000][1089][gc,start    ] GC(13) Pause Cleanup
[2025-03-14T06:03:09.620+0000][1089][gc          ] GC(13) Pause Cleanup 55M->55M(1952M) 0.032ms
[2025-03-14T06:03:09.620+0000][1089][gc,cpu      ] GC(13) User=0.00s Sys=0.00s Real=0.00s
[2025-03-14T06:03:09.624+0000][1089][safepoint   ] Safepoint "G1PauseCleanup", Time since last: 78291292 ns, Reaching safepoint: 68583 ns, Cleanup: 4708 ns, At safepoint: 3522750 ns, Total: 3596041 ns
[2025-03-14T06:03:09.624+0000][1089][gc,marking  ] GC(13) Concurrent Clear Claimed Marks
[2025-03-14T06:03:09.624+0000][1089][gc,marking  ] GC(13) Concurrent Clear Claimed Marks 0.056ms
[2025-03-14T06:03:09.624+0000][1089][gc,marking  ] GC(13) Concurrent Cleanup for Next Mark
[2025-03-14T06:03:09.661+0000][1089][gc,marking  ] GC(13) Concurrent Cleanup for Next Mark 37.717ms
[2025-03-14T06:03:09.661+0000][1089][gc          ] GC(13) Concurrent Mark Cycle 327.415ms
[2025-03-14T06:03:09.972+0000][1089][safepoint   ] Safepoint "ICBufferFull", Time since last: 346466959 ns, Reaching safepoint: 134291 ns, Cleanup: 59375 ns, At safepoint: 1752084 ns, Total: 1945750 ns
[2025-03-14T06:03:11.103+0000][1089][safepoint   ] Safepoint "ICBufferFull", Time since last: 1130623667 ns, Reaching safepoint: 2250 ns, Cleanup: 62333 ns, At safepoint: 4750 ns, Total: 69333 ns
[2025-03-14T06:03:11.715+0000][1089][safepoint   ] Safepoint "ICBufferFull", Time since last: 612497376 ns, Reaching safepoint: 2958 ns, Cleanup: 66125 ns, At safepoint: 4708 ns, Total: 73791 ns
[2025-03-14T06:03:12.716+0000][1089][safepoint   ] Safepoint "Cleanup", Time since last: 1000429959 ns, Reaching safepoint: 296542 ns, Cleanup: 21750 ns, At safepoint: 4958 ns, Total: 323250 ns
[2025-03-14T06:03:13.061+0000][1089][gc,start    ] GC(14) Pause Young (Normal) (G1 Evacuation Pause)
[2025-03-14T06:03:13.061+0000][1089][gc,task     ] GC(14) Using 1 workers of 1 for evacuation
[2025-03-14T06:03:13.061+0000][1089][gc,age      ] GC(14) Desired survivor size 23068672 bytes, new threshold 15 (max threshold 15)
[2025-03-14T06:03:13.108+0000][1089][gc,phases   ] GC(14)   Pre Evacuate Collection Set: 0.56ms
[2025-03-14T06:03:13.108+0000][1089][gc,phases   ] GC(14)   Merge Heap Roots: 0.03ms
[2025-03-14T06:03:13.108+0000][1089][gc,phases   ] GC(14)   Evacuate Collection Set: 42.70ms
[2025-03-14T06:03:13.108+0000][1089][gc,phases   ] GC(14)   Post Evacuate Collection Set: 3.35ms
[2025-03-14T06:03:13.108+0000][1089][gc,phases   ] GC(14)   Other: 0.04ms
[2025-03-14T06:03:13.108+0000][1089][gc,age      ] GC(14) Age table with threshold 15 (max threshold 15)
[2025-03-14T06:03:13.108+0000][1089][gc,age      ] GC(14) - age   1:    6441240 bytes,    6441240 total
[2025-03-14T06:03:13.108+0000][1089][gc,age      ] GC(14) - age   2:      63008 bytes,    6504248 total
[2025-03-14T06:03:13.108+0000][1089][gc,age      ] GC(14) - age   3:     816752 bytes,    7321000 total
[2025-03-14T06:03:13.108+0000][1089][gc,heap     ] GC(14) Eden regions: 83->0(125)
[2025-03-14T06:03:13.108+0000][1089][gc,heap     ] GC(14) Survivor regions: 1->2(11)
[2025-03-14T06:03:13.108+0000][1089][gc,heap     ] GC(14) Old regions: 12->12
[2025-03-14T06:03:13.108+0000][1089][gc,heap     ] GC(14) Humongous regions: 0->0
[2025-03-14T06:03:13.108+0000][1089][gc,metaspace] GC(14) Metaspace: 53433K(54656K)->53433K(54656K) NonClass: 46093K(46848K)->46093K(46848K) Class: 7339K(7808K)->7339K(7808K)
[2025-03-14T06:03:13.108+0000][1089][gc          ] GC(14) Pause Young (Normal) (G1 Evacuation Pause) 379M->53M(1952M) 46.781ms
[2025-03-14T06:03:13.108+0000][1089][gc,cpu      ] GC(14) User=0.03s Sys=0.00s Real=0.05s
[2025-03-14T06:03:13.115+0000][1089][safepoint   ] Safepoint "G1CollectForAllocation", Time since last: 345231250 ns, Reaching safepoint: 2209 ns, Cleanup: 46583 ns, At safepoint: 53716167 ns, Total: 53764959 ns
[2025-03-14T06:03:13.485+0000][1089][safepoint   ] Safepoint "ICBufferFull", Time since last: 370161166 ns, Reaching safepoint: 2042 ns, Cleanup: 71042 ns, At safepoint: 3541 ns, Total: 76625 ns
[2025-03-14T06:03:14.521+0000][1089][safepoint   ] Safepoint "Cleanup", Time since last: 1035781418 ns, Reaching safepoint: 70250 ns, Cleanup: 45958 ns, At safepoint: 3958 ns, Total: 120166 ns
[2025-03-14T06:03:15.311+0000][1089][safepoint   ] Safepoint "ICBufferFull", Time since last: 789837001 ns, Reaching safepoint: 2083 ns, Cleanup: 83125 ns, At safepoint: 3750 ns, Total: 88958 ns
[2025-03-14T06:03:15.731+0000][1089][gc,start    ] GC(15) Pause Young (Concurrent Start) (Metadata GC Threshold)
[2025-03-14T06:03:15.731+0000][1089][gc,task     ] GC(15) Using 1 workers of 1 for evacuation
[2025-03-14T06:03:15.731+0000][1089][gc,age      ] GC(15) Desired survivor size 29360128 bytes, new threshold 15 (max threshold 15)
[2025-03-14T06:03:15.785+0000][1089][gc,phases   ] GC(15)   Pre Evacuate Collection Set: 0.07ms
[2025-03-14T06:03:15.785+0000][1089][gc,phases   ] GC(15)   Merge Heap Roots: 0.02ms
[2025-03-14T06:03:15.785+0000][1089][gc,phases   ] GC(15)   Evacuate Collection Set: 49.58ms
[2025-03-14T06:03:15.785+0000][1089][gc,phases   ] GC(15)   Post Evacuate Collection Set: 4.06ms
[2025-03-14T06:03:15.785+0000][1089][gc,phases   ] GC(15)   Other: 0.03ms
[2025-03-14T06:03:15.785+0000][1089][gc,age      ] GC(15) Age table with threshold 15 (max threshold 15)
[2025-03-14T06:03:15.785+0000][1089][gc,age      ] GC(15) - age   1:    6319144 bytes,    6319144 total
[2025-03-14T06:03:15.785+0000][1089][gc,age      ] GC(15) - age   2:    6180032 bytes,   12499176 total
[2025-03-14T06:03:15.785+0000][1089][gc,age      ] GC(15) - age   3:      62976 bytes,   12562152 total
[2025-03-14T06:03:15.785+0000][1089][gc,age      ] GC(15) - age   4:     816752 bytes,   13378904 total
[2025-03-14T06:03:15.785+0000][1089][gc,heap     ] GC(15) Eden regions: 35->0(65)
[2025-03-14T06:03:15.785+0000][1089][gc,heap     ] GC(15) Survivor regions: 2->4(14)
[2025-03-14T06:03:15.785+0000][1089][gc,heap     ] GC(15) Old regions: 12->12
[2025-03-14T06:03:15.785+0000][1089][gc,heap     ] GC(15) Humongous regions: 0->0
[2025-03-14T06:03:15.785+0000][1089][gc,metaspace] GC(15) Metaspace: 61709K(63040K)->61709K(63040K) NonClass: 53353K(54144K)->53353K(54144K) Class: 8356K(8896K)->8356K(8896K)
[2025-03-14T06:03:15.785+0000][1089][gc          ] GC(15) Pause Young (Concurrent Start) (Metadata GC Threshold) 191M->60M(1952M) 53.843ms
[2025-03-14T06:03:15.785+0000][1089][gc,cpu      ] GC(15) User=0.03s Sys=0.00s Real=0.06s
[2025-03-14T06:03:15.785+0000][1089][safepoint   ] Safepoint "CollectForMetadataAllocation", Time since last: 420364292 ns, Reaching safepoint: 2458 ns, Cleanup: 32625 ns, At safepoint: 53930125 ns, Total: 53965208 ns
[2025-03-14T06:03:15.789+0000][1089][gc          ] GC(16) Concurrent Mark Cycle
[2025-03-14T06:03:15.789+0000][1089][gc,marking  ] GC(16) Concurrent Scan Root Regions
[2025-03-14T06:03:15.827+0000][1089][gc,marking  ] GC(16) Concurrent Scan Root Regions 37.350ms
[2025-03-14T06:03:15.827+0000][1089][gc,marking  ] GC(16) Concurrent Mark
[2025-03-14T06:03:15.827+0000][1089][gc,marking  ] GC(16) Concurrent Mark From Roots
[2025-03-14T06:03:15.827+0000][1089][gc,task     ] GC(16) Using 1 workers of 1 for marking
[2025-03-14T06:03:15.862+0000][1089][safepoint   ] Safepoint "CollectForMetadataAllocation", Time since last: 76584917 ns, Reaching safepoint: 12750 ns, Cleanup: 6292 ns, At safepoint: 52625 ns, Total: 71667 ns
[2025-03-14T06:03:15.938+0000][1089][safepoint   ] Safepoint "CollectForMetadataAllocation", Time since last: 75525791 ns, Reaching safepoint: 10625 ns, Cleanup: 1709 ns, At safepoint: 46500 ns, Total: 58834 ns
[2025-03-14T06:03:16.000+0000][1089][gc,marking  ] GC(16) Concurrent Mark From Roots 173.349ms
[2025-03-14T06:03:16.000+0000][1089][gc,marking  ] GC(16) Concurrent Preclean
[2025-03-14T06:03:16.000+0000][1089][gc,marking  ] GC(16) Concurrent Preclean 0.085ms
[2025-03-14T06:03:16.000+0000][1089][gc,start    ] GC(16) Pause Remark
[2025-03-14T06:03:16.023+0000][1089][gc          ] GC(16) Pause Remark 66M->66M(1952M) 22.952ms
[2025-03-14T06:03:16.023+0000][1089][gc,cpu      ] GC(16) User=0.01s Sys=0.00s Real=0.03s
[2025-03-14T06:03:16.023+0000][1089][safepoint   ] Safepoint "G1PauseRemark", Time since last: 62460916 ns, Reaching safepoint: 2167 ns, Cleanup: 1750 ns, At safepoint: 23018750 ns, Total: 23022667 ns
[2025-03-14T06:03:16.023+0000][1089][gc,marking  ] GC(16) Concurrent Mark 196.591ms
[2025-03-14T06:03:16.023+0000][1089][gc,marking  ] GC(16) Concurrent Rebuild Remembered Sets and Scrub Regions
[2025-03-14T06:03:16.100+0000][1089][gc,marking  ] GC(16) Concurrent Rebuild Remembered Sets and Scrub Regions 77.189ms
[2025-03-14T06:03:16.102+0000][1089][gc,start    ] GC(16) Pause Cleanup
[2025-03-14T06:03:16.102+0000][1089][gc          ] GC(16) Pause Cleanup 68M->68M(1952M) 0.028ms
[2025-03-14T06:03:16.102+0000][1089][gc,cpu      ] GC(16) User=0.00s Sys=0.00s Real=0.00s
[2025-03-14T06:03:16.102+0000][1089][safepoint   ] Safepoint "G1PauseCleanup", Time since last: 78926417 ns, Reaching safepoint: 1916 ns, Cleanup: 9167 ns, At safepoint: 41167 ns, Total: 52250 ns
[2025-03-14T06:03:16.102+0000][1089][gc,marking  ] GC(16) Concurrent Clear Claimed Marks
[2025-03-14T06:03:16.102+0000][1089][gc,marking  ] GC(16) Concurrent Clear Claimed Marks 0.064ms
[2025-03-14T06:03:16.102+0000][1089][gc,marking  ] GC(16) Concurrent Cleanup for Next Mark
[2025-03-14T06:03:16.108+0000][1089][gc,marking  ] GC(16) Concurrent Cleanup for Next Mark 5.805ms
[2025-03-14T06:03:16.108+0000][1089][gc          ] GC(16) Concurrent Mark Cycle 318.757ms
[2025-03-14T06:03:17.105+0000][1089][safepoint   ] Safepoint "Cleanup", Time since last: 1002879750 ns, Reaching safepoint: 69458 ns, Cleanup: 18125 ns, At safepoint: 4584 ns, Total: 92167 ns
[2025-03-14T06:03:17.882+0000][1089][safepoint   ] Safepoint "ICBufferFull", Time since last: 776913209 ns, Reaching safepoint: 2666 ns, Cleanup: 55000 ns, At safepoint: 2667 ns, Total: 60333 ns
[2025-03-14T06:03:18.302+0000][1089][safepoint   ] Safepoint "ICBufferFull", Time since last: 419932792 ns, Reaching safepoint: 2458 ns, Cleanup: 66667 ns, At safepoint: 3500 ns, Total: 72625 ns
[2025-03-14T06:03:18.947+0000][1089][safepoint   ] Safepoint "ICBufferFull", Time since last: 644943250 ns, Reaching safepoint: 14292 ns, Cleanup: 116291 ns, At safepoint: 4000 ns, Total: 134583 ns
[2025-03-14T06:03:19.753+0000][1089][safepoint   ] Safepoint "ICBufferFull", Time since last: 806296792 ns, Reaching safepoint: 3334 ns, Cleanup: 80333 ns, At safepoint: 3958 ns, Total: 87625 ns
[2025-03-14T06:03:19.191+0000][1089][safepoint   ] Safepoint "ICBufferFull", Time since last: 402065751 ns, Reaching safepoint: 13125 ns, Cleanup: 61583 ns, At safepoint: 2625 ns, Total: 77333 ns
[2025-03-14T06:03:19.421+0000][1089][safepoint   ] Safepoint "ICBufferFull", Time since last: 229900542 ns, Reaching safepoint: 2666 ns, Cleanup: 49000 ns, At safepoint: 3542 ns, Total: 55208 ns
[2025-03-14T06:03:19.580+0000][1089][gc,start    ] GC(17) Pause Young (Normal) (G1 Evacuation Pause)
[2025-03-14T06:03:19.580+0000][1089][gc,task     ] GC(17) Using 1 workers of 1 for evacuation
[2025-03-14T06:03:19.580+0000][1089][gc,age      ] GC(17) Desired survivor size 16777216 bytes, new threshold 15 (max threshold 15)
[2025-03-14T06:03:19.685+0000][1089][gc,phases   ] GC(17)   Pre Evacuate Collection Set: 0.10ms
[2025-03-14T06:03:19.686+0000][1089][gc,phases   ] GC(17)   Merge Heap Roots: 0.05ms
[2025-03-14T06:03:19.686+0000][1089][gc,phases   ] GC(17)   Evacuate Collection Set: 102.44ms
[2025-03-14T06:03:19.686+0000][1089][gc,phases   ] GC(17)   Post Evacuate Collection Set: 2.49ms
[2025-03-14T06:03:19.686+0000][1089][gc,phases   ] GC(17)   Other: 0.05ms
[2025-03-14T06:03:19.686+0000][1089][gc,age      ] GC(17) Age table with threshold 15 (max threshold 15)
[2025-03-14T06:03:19.686+0000][1089][gc,age      ] GC(17) - age   1:   12801080 bytes,   12801080 total
[2025-03-14T06:03:19.686+0000][1089][gc,age      ] GC(17) - age   2:    6138360 bytes,   18939440 total
[2025-03-14T06:03:19.686+0000][1089][gc,age      ] GC(17) - age   3:    5957392 bytes,   24896832 total
[2025-03-14T06:03:19.686+0000][1089][gc,age      ] GC(17) - age   4:      60584 bytes,   24957416 total
[2025-03-14T06:03:19.686+0000][1089][gc,age      ] GC(17) - age   5:     799752 bytes,   25757168 total
[2025-03-14T06:03:19.686+0000][1089][gc,heap     ] GC(17) Eden regions: 54->0(23)
[2025-03-14T06:03:19.686+0000][1089][gc,heap     ] GC(17) Survivor regions: 4->7(8)
[2025-03-14T06:03:19.686+0000][1089][gc,heap     ] GC(17) Old regions: 12->12
[2025-03-14T06:03:19.686+0000][1089][gc,heap     ] GC(17) Humongous regions: 0->0
[2025-03-14T06:03:19.686+0000][1089][gc,metaspace] GC(17) Metaspace: 91611K(94336K)->91611K(94336K) NonClass: 78604K(80064K)->78604K(80064K) Class: 13006K(14272K)->13006K(14272K)
[2025-03-14T06:03:19.686+0000][1089][gc          ] GC(17) Pause Young (Normal) (G1 Evacuation Pause) 276M->72M(1952M) 105.228ms
[2025-03-14T06:03:19.686+0000][1089][gc,cpu      ] GC(17) User=0.05s Sys=0.00s Real=0.10s
[2025-03-14T06:03:19.692+0000][1089][safepoint   ] Safepoint "G1CollectForAllocation", Time since last: 157668542 ns, Reaching safepoint: 2541 ns, Cleanup: 1693667 ns, At safepoint: 111998834 ns, Total: 113695042 ns
[2025-03-14T06:03:19.751+0000][1089][safepoint   ] Safepoint "ICBufferFull", Time since last: 58142750 ns, Reaching safepoint: 2583 ns, Cleanup: 50750 ns, At safepoint: 4625 ns, Total: 57958 ns
[2025-03-14T06:03:20.037+0000][1089][safepoint   ] Safepoint "ICBufferFull", Time since last: 286035625 ns, Reaching safepoint: 2167 ns, Cleanup: 65000 ns, At safepoint: 1958 ns, Total: 69125 ns
[2025-03-14T06:03:20.280+0000][1089][safepoint   ] Safepoint "ICBufferFull", Time since last: 242906042 ns, Reaching safepoint: 3250 ns, Cleanup: 66416 ns, At safepoint: 4042 ns, Total: 73708 ns
[2025-03-14T06:03:20.335+0000][1089][safepoint   ] Safepoint "ICBufferFull", Time since last: 55820958 ns, Reaching safepoint: 2417 ns, Cleanup: 55833 ns, At safepoint: 1959 ns, Total: 60209 ns
[2025-03-14T06:03:20.519+0000][1089][safepoint   ] Safepoint "ICBufferFull", Time since last: 183859500 ns, Reaching safepoint: 3167 ns, Cleanup: 57125 ns, At safepoint: 2833 ns, Total: 63125 ns
[2025-03-14T06:03:20.551+0000][1089][safepoint   ] Safepoint "ICBufferFull", Time since last: 31251625 ns, Reaching safepoint: 2208 ns, Cleanup: 35959 ns, At safepoint: 1541 ns, Total: 39708 ns
[2025-03-14T06:03:20.726+0000][1089][gc,start    ] GC(18) Pause Young (Normal) (G1 Evacuation Pause)
[2025-03-14T06:03:20.726+0000][1089][gc,task     ] GC(18) Using 1 workers of 1 for evacuation
[2025-03-14T06:03:20.726+0000][1089][gc,age      ] GC(18) Desired survivor size 8388608 bytes, new threshold 1 (max threshold 15)
[2025-03-14T06:03:20.771+0000][1089][gc,phases   ] GC(18)   Pre Evacuate Collection Set: 0.20ms
[2025-03-14T06:03:20.771+0000][1089][gc,phases   ] GC(18)   Merge Heap Roots: 0.04ms
[2025-03-14T06:03:20.771+0000][1089][gc,phases   ] GC(18)   Evacuate Collection Set: 43.71ms
[2025-03-14T06:03:20.771+0000][1089][gc,phases   ] GC(18)   Post Evacuate Collection Set: 1.16ms
[2025-03-14T06:03:20.771+0000][1089][gc,phases   ] GC(18)   Other: 0.07ms
[2025-03-14T06:03:20.771+0000][1089][gc,age      ] GC(18) Age table with threshold 1 (max threshold 15)
[2025-03-14T06:03:20.771+0000][1089][gc,age      ] GC(18) - age   1:    4687848 bytes,    4687848 total
[2025-03-14T06:03:20.771+0000][1089][gc,heap     ] GC(18) Eden regions: 20->0(165)
[2025-03-14T06:03:20.771+0000][1089][gc,heap     ] GC(18) Survivor regions: 7->2(4)
[2025-03-14T06:03:20.771+0000][1089][gc,heap     ] GC(18) Old regions: 12->18
[2025-03-14T06:03:20.771+0000][1089][gc,heap     ] GC(18) Humongous regions: 0->0
[2025-03-14T06:03:20.771+0000][1089][gc,metaspace] GC(18) Metaspace: 97888K(100672K)->97888K(100672K) NonClass: 83909K(85376K)->83909K(85376K) Class: 13979K(15296K)->13979K(15296K)
[2025-03-14T06:03:20.771+0000][1089][gc          ] GC(18) Pause Young (Normal) (G1 Evacuation Pause) 152M->76M(1952M) 45.270ms
[2025-03-14T06:03:20.771+0000][1089][gc,cpu      ] GC(18) User=0.05s Sys=0.00s Real=0.05s
[2025-03-14T06:03:20.771+0000][1089][safepoint   ] Safepoint "G1CollectForAllocation", Time since last: 175132709 ns, Reaching safepoint: 3916 ns, Cleanup: 54334 ns, At safepoint: 45430791 ns, Total: 45489041 ns
[2025-03-14T06:03:20.951+0000][1089][safepoint   ] Safepoint "ICBufferFull", Time since last: 179107125 ns, Reaching safepoint: 69750 ns, Cleanup: 52750 ns, At safepoint: 766750 ns, Total: 889250 ns
[2025-03-14T06:03:21.387+0000][1089][safepoint   ] Safepoint "ICBufferFull", Time since last: 435002126 ns, Reaching safepoint: 454666 ns, Cleanup: 61667 ns, At safepoint: 4583 ns, Total: 520916 ns
[2025-03-14T06:03:21.609+0000][1089][safepoint   ] Safepoint "ICBufferFull", Time since last: 222534834 ns, Reaching safepoint: 3875 ns, Cleanup: 55791 ns, At safepoint: 4000 ns, Total: 63666 ns
[2025-03-14T06:03:21.724+0000][1089][safepoint   ] Safepoint "ICBufferFull", Time since last: 114627417 ns, Reaching safepoint: 3375 ns, Cleanup: 76167 ns, At safepoint: 4333 ns, Total: 83875 ns
[2025-03-14T06:03:21.974+0000][1089][safepoint   ] Safepoint "ICBufferFull", Time since last: 246619209 ns, Reaching safepoint: 430041 ns, Cleanup: 56375 ns, At safepoint: 3162375 ns, Total: 3648791 ns
[2025-03-14T06:03:22.079+0000][1089][gc,start    ] GC(19) Pause Young (Concurrent Start) (Metadata GC Threshold)
[2025-03-14T06:03:22.079+0000][1089][gc,task     ] GC(19) Using 1 workers of 1 for evacuation
[2025-03-14T06:03:22.079+0000][1089][gc,age      ] GC(19) Desired survivor size 39845888 bytes, new threshold 15 (max threshold 15)
[2025-03-14T06:03:22.095+0000][1089][gc,phases   ] GC(19)   Pre Evacuate Collection Set: 0.09ms
[2025-03-14T06:03:22.095+0000][1089][gc,phases   ] GC(19)   Merge Heap Roots: 0.03ms
[2025-03-14T06:03:22.095+0000][1089][gc,phases   ] GC(19)   Evacuate Collection Set: 15.80ms
[2025-03-14T06:03:22.095+0000][1089][gc,phases   ] GC(19)   Post Evacuate Collection Set: 0.64ms
[2025-03-14T06:03:22.095+0000][1089][gc,phases   ] GC(19)   Other: 0.05ms
[2025-03-14T06:03:22.095+0000][1089][gc,age      ] GC(19) Age table with threshold 15 (max threshold 15)
[2025-03-14T06:03:22.095+0000][1089][gc,age      ] GC(19) - age   1:    9808352 bytes,    9808352 total
[2025-03-14T06:03:22.095+0000][1089][gc,age      ] GC(19) - age   2:    3841296 bytes,   13649648 total
[2025-03-14T06:03:22.095+0000][1089][gc,heap     ] GC(19) Eden regions: 39->0(158)
[2025-03-14T06:03:22.095+0000][1089][gc,heap     ] GC(19) Survivor regions: 2->4(19)
[2025-03-14T06:03:22.095+0000][1089][gc,heap     ] GC(19) Old regions: 18->18
[2025-03-14T06:03:22.095+0000][1089][gc,heap     ] GC(19) Humongous regions: 5->5
[2025-03-14T06:03:22.095+0000][1089][gc,metaspace] GC(19) Metaspace: 103824K(106688K)->103824K(106688K) NonClass: 89053K(90624K)->89053K(90624K) Class: 14770K(16064K)->14770K(16064K)
[2025-03-14T06:03:22.095+0000][1089][gc          ] GC(19) Pause Young (Concurrent Start) (Metadata GC Threshold) 250M->104M(1952M) 16.682ms
[2025-03-14T06:03:22.095+0000][1089][gc          ] GC(20) Concurrent Mark Cycle
[2025-03-14T06:03:22.095+0000][1089][gc,marking  ] GC(20) Concurrent Scan Root Regions
[2025-03-14T06:03:22.096+0000][1089][gc,cpu      ] GC(19) User=0.01s Sys=0.00s Real=0.01s
[2025-03-14T06:03:22.098+0000][1089][safepoint   ] Safepoint "CollectForMetadataAllocation", Time since last: 104102584 ns, Reaching safepoint: 198833 ns, Cleanup: 44917 ns, At safepoint: 19352125 ns, Total: 19595875 ns
[2025-03-14T06:03:22.114+0000][1089][gc,marking  ] GC(20) Concurrent Scan Root Regions 18.939ms
[2025-03-14T06:03:22.114+0000][1089][gc,marking  ] GC(20) Concurrent Mark
[2025-03-14T06:03:22.114+0000][1089][gc,marking  ] GC(20) Concurrent Mark From Roots
[2025-03-14T06:03:22.114+0000][1089][gc,task     ] GC(20) Using 1 workers of 1 for marking
[2025-03-14T06:03:22.218+0000][1089][safepoint   ] Safepoint "ICBufferFull", Time since last: 119205083 ns, Reaching safepoint: 1016792 ns, Cleanup: 48291 ns, At safepoint: 7000 ns, Total: 1072083 ns
[2025-03-14T06:03:22.268+0000][1089][safepoint   ] Safepoint "CollectForMetadataAllocation", Time since last: 49195959 ns, Reaching safepoint: 28083 ns, Cleanup: 19167 ns, At safepoint: 45666 ns, Total: 92916 ns
[2025-03-14T06:03:22.268+0000][1089][safepoint   ] Safepoint "CollectForMetadataAllocation", Time since last: 547000 ns, Reaching safepoint: 1584 ns, Cleanup: 1416 ns, At safepoint: 7875 ns, Total: 10875 ns
[2025-03-14T06:03:22.318+0000][1089][gc,marking  ] GC(20) Concurrent Mark From Roots 203.896ms
[2025-03-14T06:03:22.318+0000][1089][gc,marking  ] GC(20) Concurrent Preclean
[2025-03-14T06:03:22.318+0000][1089][gc,marking  ] GC(20) Concurrent Preclean 0.088ms
[2025-03-14T06:03:22.318+0000][1089][gc,start    ] GC(20) Pause Remark
[2025-03-14T06:03:22.330+0000][1089][gc          ] GC(20) Pause Remark 139M->139M(1952M) 11.931ms
[2025-03-14T06:03:22.330+0000][1089][gc,cpu      ] GC(20) User=0.01s Sys=0.00s Real=0.01s
[2025-03-14T06:03:22.332+0000][1089][safepoint   ] Safepoint "G1PauseRemark", Time since last: 50202709 ns, Reaching safepoint: 4041 ns, Cleanup: 8375 ns, At safepoint: 13863292 ns, Total: 13875708 ns
[2025-03-14T06:03:22.332+0000][1089][gc,marking  ] GC(20) Concurrent Mark 217.899ms
[2025-03-14T06:03:22.332+0000][1089][gc,marking  ] GC(20) Concurrent Rebuild Remembered Sets and Scrub Regions
[2025-03-14T06:03:22.421+0000][1089][gc,marking  ] GC(20) Concurrent Rebuild Remembered Sets and Scrub Regions 89.058ms
[2025-03-14T06:03:22.422+0000][1089][gc,start    ] GC(20) Pause Cleanup
[2025-03-14T06:03:22.422+0000][1089][gc          ] GC(20) Pause Cleanup 150M->150M(1952M) 0.041ms
[2025-03-14T06:03:22.422+0000][1089][gc,cpu      ] GC(20) User=0.00s Sys=0.00s Real=0.00s
[2025-03-14T06:03:22.422+0000][1089][safepoint   ] Safepoint "G1PauseCleanup", Time since last: 89609417 ns, Reaching safepoint: 339208 ns, Cleanup: 32208 ns, At safepoint: 60417 ns, Total: 431833 ns
[2025-03-14T06:03:22.422+0000][1089][gc,marking  ] GC(20) Concurrent Clear Claimed Marks
[2025-03-14T06:03:22.423+0000][1089][gc,marking  ] GC(20) Concurrent Clear Claimed Marks 0.211ms
[2025-03-14T06:03:22.423+0000][1089][gc,marking  ] GC(20) Concurrent Cleanup for Next Mark
[2025-03-14T06:03:22.444+0000][1089][gc,marking  ] GC(20) Concurrent Cleanup for Next Mark 21.111ms
[2025-03-14T06:03:22.444+0000][1089][gc          ] GC(20) Concurrent Mark Cycle 348.264ms
[2025-03-14T06:03:22.599+0000][1089][safepoint   ] Safepoint "ICBufferFull", Time since last: 175963709 ns, Reaching safepoint: 70541 ns, Cleanup: 55875 ns, At safepoint: 557917 ns, Total: 684333 ns
[2025-03-14T06:03:22.770+0000][1089][safepoint   ] Safepoint "ICBufferFull", Time since last: 170372708 ns, Reaching safepoint: 93084 ns, Cleanup: 60208 ns, At safepoint: 6667 ns, Total: 159959 ns
[2025-03-14T06:03:23.026+0000][1089][safepoint   ] Safepoint "ICBufferFull", Time since last: 256531125 ns, Reaching safepoint: 6125 ns, Cleanup: 57500 ns, At safepoint: 14541 ns, Total: 78166 ns
[2025-03-14T06:03:23.861+0000][1089][safepoint   ] Safepoint "ICBufferFull", Time since last: 835225001 ns, Reaching safepoint: 3958 ns, Cleanup: 66375 ns, At safepoint: 4333 ns, Total: 74666 ns
[2025-03-14T06:03:23.953+0000][1089][safepoint   ] Safepoint "ICBufferFull", Time since last: 91872334 ns, Reaching safepoint: 3625 ns, Cleanup: 51458 ns, At safepoint: 2917 ns, Total: 58000 ns
[2025-03-14T06:03:24.057+0000][1089][safepoint   ] Safepoint "ICBufferFull", Time since last: 103038125 ns, Reaching safepoint: 966167 ns, Cleanup: 65750 ns, At safepoint: 4583 ns, Total: 1036500 ns
[2025-03-14T06:03:24.252+0000][1089][safepoint   ] Safepoint "ICBufferFull", Time since last: 194523042 ns, Reaching safepoint: 2875 ns, Cleanup: 46666 ns, At safepoint: 2542 ns, Total: 52083 ns
[2025-03-14T06:03:24.348+0000][1089][safepoint   ] Safepoint "ICBufferFull", Time since last: 95603708 ns, Reaching safepoint: 93584 ns, Cleanup: 47166 ns, At safepoint: 546459 ns, Total: 687209 ns
[2025-03-14T06:03:24.431+0000][1089][safepoint   ] Safepoint "ICBufferFull", Time since last: 81999375 ns, Reaching safepoint: 648625 ns, Cleanup: 53208 ns, At safepoint: 4917 ns, Total: 706750 ns
[2025-03-14T06:03:24.560+0000][1089][safepoint   ] Safepoint "ICBufferFull", Time since last: 129115166 ns, Reaching safepoint: 4125 ns, Cleanup: 46375 ns, At safepoint: 3542 ns, Total: 54042 ns
[2025-03-14T06:03:24.714+0000][1089][safepoint   ] Safepoint "ICBufferFull", Time since last: 153166209 ns, Reaching safepoint: 70625 ns, Cleanup: 80541 ns, At safepoint: 4167 ns, Total: 155333 ns
[2025-03-14T06:03:24.870+0000][1089][safepoint   ] Safepoint "ICBufferFull", Time since last: 156163417 ns, Reaching safepoint: 4291 ns, Cleanup: 54917 ns, At safepoint: 10333 ns, Total: 69541 ns
[2025-03-14T06:03:24.874+0000][1089][safepoint   ] Safepoint "ICBufferFull", Time since last: 2189209 ns, Reaching safepoint: 289875 ns, Cleanup: 12000 ns, At safepoint: 2078291 ns, Total: 2380166 ns
[2025-03-14T06:03:24.940+0000][1089][safepoint   ] Safepoint "ICBufferFull", Time since last: 65917417 ns, Reaching safepoint: 70333 ns, Cleanup: 41167 ns, At safepoint: 9583 ns, Total: 121083 ns
[2025-03-14T06:03:25.062+0000][1089][safepoint   ] Safepoint "ICBufferFull", Time since last: 121755625 ns, Reaching safepoint: 4959 ns, Cleanup: 72416 ns, At safepoint: 3667 ns, Total: 81042 ns
[2025-03-14T06:03:25.183+0000][1089][safepoint   ] Safepoint "ICBufferFull", Time since last: 119881333 ns, Reaching safepoint: 112334 ns, Cleanup: 55625 ns, At safepoint: 1231083 ns, Total: 1399042 ns
[2025-03-14T06:03:25.276+0000][1089][safepoint   ] Safepoint "ICBufferFull", Time since last: 92542584 ns, Reaching safepoint: 87750 ns, Cleanup: 55541 ns, At safepoint: 158417 ns, Total: 301708 ns
[2025-03-14T06:03:25.512+0000][1089][safepoint   ] Safepoint "ICBufferFull", Time since last: 236005042 ns, Reaching safepoint: 11041 ns, Cleanup: 52584 ns, At safepoint: 4083 ns, Total: 67708 ns
[2025-03-14T06:03:25.612+0000][1089][safepoint   ] Safepoint "ICBufferFull", Time since last: 99555417 ns, Reaching safepoint: 5083 ns, Cleanup: 41000 ns, At safepoint: 3958 ns, Total: 50041 ns
[2025-03-14T06:03:26.214+0000][1089][safepoint   ] Safepoint "ICBufferFull", Time since last: 601940167 ns, Reaching safepoint: 5042 ns, Cleanup: 553417 ns, At safepoint: 4541 ns, Total: 563000 ns
[2025-03-14T06:03:26.276+0000][1089][safepoint   ] Safepoint "ICBufferFull", Time since last: 61822792 ns, Reaching safepoint: 4583 ns, Cleanup: 65292 ns, At safepoint: 3917 ns, Total: 73792 ns
[2025-03-14T06:03:27.277+0000][1089][safepoint   ] Safepoint "Cleanup", Time since last: 1000089667 ns, Reaching safepoint: 48458 ns, Cleanup: 71250 ns, At safepoint: 22792 ns, Total: 142500 ns
[2025-03-14T06:03:28.290+0000][1089][safepoint   ] Safepoint "Cleanup", Time since last: 1003162167 ns, Reaching safepoint: 95083 ns, Cleanup: 104500 ns, At safepoint: 9558250 ns, Total: 9757833 ns
[2025-03-14T06:03:28.592+0000][1089][safepoint   ] Safepoint "ICBufferFull", Time since last: 297997334 ns, Reaching safepoint: 442916 ns, Cleanup: 69334 ns, At safepoint: 4261291 ns, Total: 4773541 ns
[2025-03-14T06:03:28.657+0000][1089][safepoint   ] Safepoint "ICBufferFull", Time since last: 64067000 ns, Reaching safepoint: 934042 ns, Cleanup: 58500 ns, At safepoint: 4708 ns, Total: 997250 ns
[2025-03-14T06:03:28.759+0000][1089][gc,start    ] GC(21) Pause Young (Prepare Mixed) (G1 Evacuation Pause)
[2025-03-14T06:03:28.759+0000][1089][gc,task     ] GC(21) Using 1 workers of 1 for evacuation
[2025-03-14T06:03:28.759+0000][1089][gc,age      ] GC(21) Desired survivor size 33554432 bytes, new threshold 15 (max threshold 15)
[2025-03-14T06:03:28.965+0000][1089][gc,mmu      ] GC(21) MMU target violated: 201.0ms (200.0ms/201.0ms)
[2025-03-14T06:03:28.965+0000][1089][gc,phases   ] GC(21)   Pre Evacuate Collection Set: 0.33ms
[2025-03-14T06:03:28.965+0000][1089][gc,phases   ] GC(21)   Merge Heap Roots: 0.44ms
[2025-03-14T06:03:28.965+0000][1089][gc,phases   ] GC(21)   Evacuate Collection Set: 201.30ms
[2025-03-14T06:03:28.965+0000][1089][gc,phases   ] GC(21)   Post Evacuate Collection Set: 4.24ms
[2025-03-14T06:03:28.965+0000][1089][gc,phases   ] GC(21)   Other: 0.10ms
[2025-03-14T06:03:28.965+0000][1089][gc,age      ] GC(21) Age table with threshold 15 (max threshold 15)
[2025-03-14T06:03:28.965+0000][1089][gc,age      ] GC(21) - age   1:   11315696 bytes,   11315696 total
[2025-03-14T06:03:28.965+0000][1089][gc,age      ] GC(21) - age   2:    8825296 bytes,   20140992 total
[2025-03-14T06:03:28.965+0000][1089][gc,age      ] GC(21) - age   3:    3771208 bytes,   23912200 total
[2025-03-14T06:03:28.965+0000][1089][gc,heap     ] GC(21) Eden regions: 122->0(27)
[2025-03-14T06:03:28.965+0000][1089][gc,heap     ] GC(21) Survivor regions: 4->6(16)
[2025-03-14T06:03:28.965+0000][1089][gc,heap     ] GC(21) Old regions: 18->18
[2025-03-14T06:03:28.965+0000][1089][gc,heap     ] GC(21) Humongous regions: 5->5
[2025-03-14T06:03:28.965+0000][1089][gc,metaspace] GC(21) Metaspace: 110808K(113728K)->110808K(113728K) NonClass: 95212K(96832K)->95212K(96832K) Class: 15596K(16896K)->15596K(16896K)
[2025-03-14T06:03:28.965+0000][1089][gc          ] GC(21) Pause Young (Prepare Mixed) (G1 Evacuation Pause) 592M->114M(1952M) 206.510ms
[2025-03-14T06:03:28.965+0000][1089][gc,cpu      ] GC(21) User=0.07s Sys=0.00s Real=0.20s
[2025-03-14T06:03:28.992+0000][1089][safepoint   ] Safepoint "G1CollectForAllocation", Time since last: 92228084 ns, Reaching safepoint: 9145916 ns, Cleanup: 69292 ns, At safepoint: 233246834 ns, Total: 242462042 ns
[2025-03-14T06:03:29.227+0000][1089][safepoint   ] Safepoint "ICBufferFull", Time since last: 229479125 ns, Reaching safepoint: 5231541 ns, Cleanup: 84542 ns, At safepoint: 5958 ns, Total: 5322041 ns
[2025-03-14T06:03:29.240+0000][1089][safepoint   ] Safepoint "ICBufferFull", Time since last: 7227625 ns, Reaching safepoint: 5900625 ns, Cleanup: 2042 ns, At safepoint: 6542 ns, Total: 5909209 ns
[2025-03-14T06:03:29.371+0000][1089][safepoint   ] Safepoint "ICBufferFull", Time since last: 117310625 ns, Reaching safepoint: 224083 ns, Cleanup: 89792 ns, At safepoint: 13686000 ns, Total: 13999875 ns
[2025-03-14T06:03:29.486+0000][1089][safepoint   ] Safepoint "ICBufferFull", Time since last: 102083000 ns, Reaching safepoint: 725417 ns, Cleanup: 79583 ns, At safepoint: 11482333 ns, Total: 12287333 ns
[2025-03-14T06:03:29.486+0000][1089][safepoint   ] Safepoint "ICBufferFull", Time since last: 33584 ns, Reaching safepoint: 396208 ns, Cleanup: 4875 ns, At safepoint: 7042 ns, Total: 408125 ns
[2025-03-14T06:03:29.810+0000][1089][safepoint   ] Safepoint "ICBufferFull", Time since last: 324197750 ns, Reaching safepoint: 3083 ns, Cleanup: 60792 ns, At safepoint: 2416 ns, Total: 66291 ns
[2025-03-14T06:03:29.813+0000][1089][safepoint   ] Safepoint "ICBufferFull", Time since last: 2923875 ns, Reaching safepoint: 68542 ns, Cleanup: 3792 ns, At safepoint: 2500 ns, Total: 74834 ns
[2025-03-14T06:03:30.441+0000][1089][safepoint   ] Safepoint "ICBufferFull", Time since last: 627400375 ns, Reaching safepoint: 4583 ns, Cleanup: 76459 ns, At safepoint: 34250 ns, Total: 115292 ns
[2025-03-14T06:03:31.328+0000][1089][safepoint   ] Safepoint "ICBufferFull", Time since last: 887467792 ns, Reaching safepoint: 4500 ns, Cleanup: 73791 ns, At safepoint: 5334 ns, Total: 83625 ns
[2025-03-14T06:03:31.669+0000][1089][safepoint   ] Safepoint "ICBufferFull", Time since last: 340858833 ns, Reaching safepoint: 6125 ns, Cleanup: 85209 ns, At safepoint: 5875 ns, Total: 97209 ns
[2025-03-14T06:03:32.422+0000][1089][gc,start    ] GC(22) Pause Young (Mixed) (G1 Evacuation Pause)
[2025-03-14T06:03:32.422+0000][1089][gc,task     ] GC(22) Using 1 workers of 1 for evacuation
[2025-03-14T06:03:32.422+0000][1089][gc,age      ] GC(22) Desired survivor size 6291456 bytes, new threshold 1 (max threshold 15)
[2025-03-14T06:03:32.484+0000][1089][gc,phases   ] GC(22)   Pre Evacuate Collection Set: 0.10ms
[2025-03-14T06:03:32.484+0000][1089][gc,phases   ] GC(22)   Merge Heap Roots: 0.09ms
[2025-03-14T06:03:32.484+0000][1089][gc,phases   ] GC(22)   Evacuate Collection Set: 60.53ms
[2025-03-14T06:03:32.484+0000][1089][gc,phases   ] GC(22)   Post Evacuate Collection Set: 2.02ms
[2025-03-14T06:03:32.484+0000][1089][gc,phases   ] GC(22)   Other: 0.07ms
[2025-03-14T06:03:32.484+0000][1089][gc,age      ] GC(22) Age table with threshold 1 (max threshold 15)
[2025-03-14T06:03:32.484+0000][1089][gc,age      ] GC(22) - age   1:    3039632 bytes,    3039632 total
[2025-03-14T06:03:32.484+0000][1089][gc,heap     ] GC(22) Eden regions: 18->0(137)
[2025-03-14T06:03:32.484+0000][1089][gc,heap     ] GC(22) Survivor regions: 6->1(3)
[2025-03-14T06:03:32.484+0000][1089][gc,heap     ] GC(22) Old regions: 18->23
[2025-03-14T06:03:32.484+0000][1089][gc,heap     ] GC(22) Humongous regions: 5->5
[2025-03-14T06:03:32.484+0000][1089][gc,metaspace] GC(22) Metaspace: 113112K(116288K)->113112K(116288K) NonClass: 97134K(98880K)->97134K(98880K) Class: 15978K(17408K)->15978K(17408K)
[2025-03-14T06:03:32.484+0000][1089][gc          ] GC(22) Pause Young (Mixed) (G1 Evacuation Pause) 186M->115M(1952M) 62.913ms
[2025-03-14T06:03:32.484+0000][1089][gc,cpu      ] GC(22) User=0.03s Sys=0.00s Real=0.06s
[2025-03-14T06:03:32.488+0000][1089][safepoint   ] Safepoint "G1CollectForAllocation", Time since last: 752070542 ns, Reaching safepoint: 4416 ns, Cleanup: 21167 ns, At safepoint: 66806625 ns, Total: 66832208 ns
[2025-03-14T06:03:33.489+0000][1089][safepoint   ] Safepoint "Cleanup", Time since last: 1000081709 ns, Reaching safepoint: 35458 ns, Cleanup: 888542 ns, At safepoint: 10375 ns, Total: 934375 ns
[2025-03-14T06:03:34.229+0000][1089][safepoint   ] Safepoint "ICBufferFull", Time since last: 739987250 ns, Reaching safepoint: 6500 ns, Cleanup: 80458 ns, At safepoint: 5125 ns, Total: 92083 ns
[2025-03-14T06:03:35.231+0000][1089][safepoint   ] Safepoint "Cleanup", Time since last: 1001910418 ns, Reaching safepoint: 25333 ns, Cleanup: 10583 ns, At safepoint: 6209 ns, Total: 42125 ns
[2025-03-14T06:03:36.231+0000][1089][safepoint   ] Safepoint "Cleanup", Time since last: 1000097542 ns, Reaching safepoint: 5958 ns, Cleanup: 14750 ns, At safepoint: 4042 ns, Total: 24750 ns
[2025-03-14T06:03:37.232+0000][1089][safepoint   ] Safepoint "Cleanup", Time since last: 1000526459 ns, Reaching safepoint: 73833 ns, Cleanup: 35833 ns, At safepoint: 4084 ns, Total: 113750 ns
[2025-03-14T06:03:37.510+0000][1089][safepoint   ] Safepoint "ICBufferFull", Time since last: 278277000 ns, Reaching safepoint: 4750 ns, Cleanup: 57500 ns, At safepoint: 3666 ns, Total: 65916 ns
[2025-03-14T06:03:38.511+0000][1089][safepoint   ] Safepoint "Cleanup", Time since last: 1000093084 ns, Reaching safepoint: 18208 ns, Cleanup: 47000 ns, At safepoint: 8709 ns, Total: 73917 ns
[2025-03-14T06:03:39.511+0000][1089][safepoint   ] Safepoint "Cleanup", Time since last: 1000110500 ns, Reaching safepoint: 26667 ns, Cleanup: 13958 ns, At safepoint: 5792 ns, Total: 46417 ns
[2025-03-14T06:03:40.511+0000][1089][safepoint   ] Safepoint "Cleanup", Time since last: 1000091250 ns, Reaching safepoint: 8459 ns, Cleanup: 43250 ns, At safepoint: 6625 ns, Total: 58334 ns
[2025-03-14T06:03:41.511+0000][1089][safepoint   ] Safepoint "Cleanup", Time since last: 1000113750 ns, Reaching safepoint: 16875 ns, Cleanup: 10375 ns, At safepoint: 18459 ns, Total: 45709 ns
[2025-03-14T06:03:42.511+0000][1089][safepoint   ] Safepoint "Cleanup", Time since last: 1000101958 ns, Reaching safepoint: 7250 ns, Cleanup: 10625 ns, At safepoint: 4584 ns, Total: 22459 ns
[2025-03-14T06:03:44.242+0000][1089][safepoint   ] Safepoint "Cleanup", Time since last: 1730359055 ns, Reaching safepoint: 60232 ns, Cleanup: 356309 ns, At safepoint: 20536 ns, Total: 437077 ns
[2025-03-14T06:03:46.243+0000][1089][safepoint   ] Safepoint "Cleanup", Time since last: 2000802122 ns, Reaching safepoint: 6998 ns, Cleanup: 69854 ns, At safepoint: 8830 ns, Total: 85682 ns
[2025-03-14T06:03:48.243+0000][1089][safepoint   ] Safepoint "Cleanup", Time since last: 2000201178 ns, Reaching safepoint: 6039 ns, Cleanup: 13955 ns, At safepoint: 3332 ns, Total: 23326 ns
[2025-03-14T06:03:49.228+0000][1089][safepoint   ] Safepoint "ICBufferFull", Time since last: 985177525 ns, Reaching safepoint: 12413 ns, Cleanup: 57816 ns, At safepoint: 8123 ns, Total: 78352 ns
[2025-03-14T06:03:49.269+0000][1089][safepoint   ] Safepoint "ICBufferFull", Time since last: 35929551 ns, Reaching safepoint: 72020 ns, Cleanup: 79518 ns, At safepoint: 4557174 ns, Total: 4708712 ns
[2025-03-14T06:03:50.529+0000][1089][safepoint   ] Safepoint "Cleanup", Time since last: 1259542982 ns, Reaching safepoint: 8664 ns, Cleanup: 59858 ns, At safepoint: 5748 ns, Total: 74270 ns
[2025-03-14T06:03:51.529+0000][1089][safepoint   ] Safepoint "Cleanup", Time since last: 1000122998 ns, Reaching safepoint: 29825 ns, Cleanup: 54317 ns, At safepoint: 7622 ns, Total: 91764 ns
[2025-03-14T06:03:52.529+0000][1089][safepoint   ] Safepoint "Cleanup", Time since last: 1000099584 ns, Reaching safepoint: 14871 ns, Cleanup: 34699 ns, At safepoint: 5790 ns, Total: 55360 ns
[2025-03-14T06:03:53.529+0000][1089][safepoint   ] Safepoint "Cleanup", Time since last: 1000105138 ns, Reaching safepoint: 20994 ns, Cleanup: 30659 ns, At safepoint: 7248 ns, Total: 58901 ns
[2025-03-14T06:03:55.435+0000][1089][safepoint   ] Safepoint "ICBufferFull", Time since last: 1903292031 ns, Reaching safepoint: 91308 ns, Cleanup: 65815 ns, At safepoint: 2686935 ns, Total: 2844058 ns
[2025-03-14T06:03:56.436+0000][1089][safepoint   ] Safepoint "Cleanup", Time since last: 1000115096 ns, Reaching safepoint: 35907 ns, Cleanup: 73230 ns, At safepoint: 6456 ns, Total: 115593 ns
[2025-03-14T06:03:57.436+0000][1089][safepoint   ] Safepoint "Cleanup", Time since last: 1000119752 ns, Reaching safepoint: 25743 ns, Cleanup: 13371 ns, At safepoint: 6165 ns, Total: 45279 ns
[2025-03-14T06:03:58.436+0000][1089][safepoint   ] Safepoint "Cleanup", Time since last: 1000091894 ns, Reaching safepoint: 6623 ns, Cleanup: 15120 ns, At safepoint: 3916 ns, Total: 25659 ns
[2025-03-14T06:03:59.436+0000][1089][safepoint   ] Safepoint "Cleanup", Time since last: 1000094376 ns, Reaching safepoint: 6665 ns, Cleanup: 15829 ns, At safepoint: 4415 ns, Total: 26909 ns
[2025-03-14T06:04:01.439+0000][1089][safepoint   ] Safepoint "Cleanup", Time since last: 2002048419 ns, Reaching safepoint: 177658 ns, Cleanup: 57817 ns, At safepoint: 1011299 ns, Total: 1246774 ns
[2025-03-14T06:04:02.439+0000][1089][safepoint   ] Safepoint "Cleanup", Time since last: 1000078108 ns, Reaching safepoint: 25535 ns, Cleanup: 38697 ns, At safepoint: 11372 ns, Total: 75604 ns
[2025-03-14T06:04:03.440+0000][1089][safepoint   ] Safepoint "Cleanup", Time since last: 1000093048 ns, Reaching safepoint: 6915 ns, Cleanup: 13288 ns, At safepoint: 4207 ns, Total: 24410 ns
[2025-03-14T06:04:04.323+0000][1089][safepoint   ] Safepoint "ICBufferFull", Time since last: 883169642 ns, Reaching safepoint: 4499 ns, Cleanup: 59358 ns, At safepoint: 4457 ns, Total: 68314 ns
[2025-03-14T06:04:05.323+0000][1089][safepoint   ] Safepoint "Cleanup", Time since last: 1000327531 ns, Reaching safepoint: 19452 ns, Cleanup: 67523 ns, At safepoint: 12205 ns, Total: 99180 ns
[2025-03-14T06:04:06.324+0000][1089][safepoint   ] Safepoint "Cleanup", Time since last: 1000688226 ns, Reaching safepoint: 88141 ns, Cleanup: 84809 ns, At safepoint: 35323 ns, Total: 208273 ns
[2025-03-14T06:04:07.325+0000][1089][safepoint   ] Safepoint "Cleanup", Time since last: 1000733080 ns, Reaching safepoint: 18370 ns, Cleanup: 110885 ns, At safepoint: 8247 ns, Total: 137502 ns
[2025-03-14T06:04:08.325+0000][1089][safepoint   ] Safepoint "Cleanup", Time since last: 1000250135 ns, Reaching safepoint: 11497 ns, Cleanup: 85225 ns, At safepoint: 19495 ns, Total: 116217 ns
[2025-03-14T06:04:09.326+0000][1089][safepoint   ] Safepoint "Cleanup", Time since last: 1001035584 ns, Reaching safepoint: 84768 ns, Cleanup: 27533 ns, At safepoint: 18037 ns, Total: 130338 ns
[2025-03-14T06:04:10.327+0000][1089][safepoint   ] Safepoint "Cleanup", Time since last: 1000123784 ns, Reaching safepoint: 44278 ns, Cleanup: 30242 ns, At safepoint: 5706 ns, Total: 80226 ns
[2025-03-14T06:04:11.327+0000][1089][safepoint   ] Safepoint "Cleanup", Time since last: 1000118977 ns, Reaching safepoint: 10080 ns, Cleanup: 13829 ns, At safepoint: 5457 ns, Total: 29366 ns
[2025-03-14T06:04:13.327+0000][1089][safepoint   ] Safepoint "Cleanup", Time since last: 2000145010 ns, Reaching safepoint: 5082 ns, Cleanup: 65564 ns, At safepoint: 4540 ns, Total: 75186 ns
[2025-03-14T06:04:14.327+0000][1089][safepoint   ] Safepoint "Cleanup", Time since last: 1000089011 ns, Reaching safepoint: 7164 ns, Cleanup: 16287 ns, At safepoint: 4457 ns, Total: 27908 ns
[2025-03-14T06:04:16.327+0000][1089][safepoint   ] Safepoint "Cleanup", Time since last: 2000151225 ns, Reaching safepoint: 6915 ns, Cleanup: 20577 ns, At safepoint: 4832 ns, Total: 32324 ns
[2025-03-14T06:04:17.327+0000][1089][safepoint   ] Safepoint "Cleanup", Time since last: 1000095228 ns, Reaching safepoint: 6290 ns, Cleanup: 9414 ns, At safepoint: 3832 ns, Total: 19536 ns
[2025-03-14T06:04:18.328+0000][1089][safepoint   ] Safepoint "Cleanup", Time since last: 1000079588 ns, Reaching safepoint: 7040 ns, Cleanup: 10247 ns, At safepoint: 4457 ns, Total: 21744 ns
[2025-03-14T06:04:19.331+0000][1089][safepoint   ] Safepoint "Cleanup", Time since last: 1003750724 ns, Reaching safepoint: 7623 ns, Cleanup: 32324 ns, At safepoint: 6331 ns, Total: 46278 ns
[2025-03-14T06:04:20.331+0000][1089][safepoint   ] Safepoint "Cleanup", Time since last: 1000086085 ns, Reaching safepoint: 7373 ns, Cleanup: 16953 ns, At safepoint: 4666 ns, Total: 28992 ns
[2025-03-14T06:04:21.332+0000][1089][safepoint   ] Safepoint "Cleanup", Time since last: 1000089142 ns, Reaching safepoint: 9913 ns, Cleanup: 17245 ns, At safepoint: 5499 ns, Total: 32657 ns
[2025-03-14T06:04:22.332+0000][1089][safepoint   ] Safepoint "Cleanup", Time since last: 1000113631 ns, Reaching safepoint: 7248 ns, Cleanup: 34781 ns, At safepoint: 5124 ns, Total: 47153 ns
[2025-03-14T06:04:23.332+0000][1089][safepoint   ] Safepoint "Cleanup", Time since last: 1000631704 ns, Reaching safepoint: 17662 ns, Cleanup: 8414 ns, At safepoint: 3249 ns, Total: 29325 ns
[2025-03-14T06:04:25.335+0000][1089][safepoint   ] Safepoint "Cleanup", Time since last: 2002614476 ns, Reaching safepoint: 5415 ns, Cleanup: 86849 ns, At safepoint: 6832 ns, Total: 99096 ns
[2025-03-14T06:04:26.336+0000][1089][safepoint   ] Safepoint "Cleanup", Time since last: 1000699561 ns, Reaching safepoint: 63398 ns, Cleanup: 76727 ns, At safepoint: 16703 ns, Total: 156828 ns
[2025-03-14T06:04:27.336+0000][1089][safepoint   ] Safepoint "Cleanup", Time since last: 1000135150 ns, Reaching safepoint: 18287 ns, Cleanup: 27158 ns, At safepoint: 10289 ns, Total: 55734 ns
[2025-03-14T06:04:28.336+0000][1089][safepoint   ] Safepoint "Cleanup", Time since last: 1000171118 ns, Reaching safepoint: 11289 ns, Cleanup: 92222 ns, At safepoint: 13413 ns, Total: 116924 ns
[2025-03-14T06:04:29.337+0000][1089][safepoint   ] Safepoint "Cleanup", Time since last: 1000110463 ns, Reaching safepoint: 11830 ns, Cleanup: 37781 ns, At safepoint: 7706 ns, Total: 57317 ns
[2025-03-14T06:04:30.337+0000][1089][safepoint   ] Safepoint "Cleanup", Time since last: 1000136880 ns, Reaching safepoint: 21452 ns, Cleanup: 15203 ns, At safepoint: 5707 ns, Total: 42362 ns
[2025-03-14T06:04:31.265+0000][1089][safepoint   ] Safepoint "ICBufferFull", Time since last: 928495039 ns, Reaching safepoint: 3957 ns, Cleanup: 76852 ns, At safepoint: 4707 ns, Total: 85516 ns
[2025-03-14T06:04:32.266+0000][1089][safepoint   ] Safepoint "Cleanup", Time since last: 1000085918 ns, Reaching safepoint: 6706 ns, Cleanup: 45403 ns, At safepoint: 5999 ns, Total: 58108 ns
[2025-03-14T06:04:33.266+0000][1089][safepoint   ] Safepoint "Cleanup", Time since last: 1000090083 ns, Reaching safepoint: 7456 ns, Cleanup: 23243 ns, At safepoint: 5165 ns, Total: 35864 ns
[2025-03-14T06:04:34.274+0000][1089][safepoint   ] Safepoint "Cleanup", Time since last: 1003770249 ns, Reaching safepoint: 4865842 ns, Cleanup: 55317 ns, At safepoint: 5082 ns, Total: 4926241 ns
[2025-03-14T06:04:35.274+0000][1089][safepoint   ] Safepoint "Cleanup", Time since last: 1000077826 ns, Reaching safepoint: 6290 ns, Cleanup: 31240 ns, At safepoint: 5624 ns, Total: 43154 ns
[2025-03-14T06:04:37.280+0000][1089][safepoint   ] Safepoint "Cleanup", Time since last: 2003760758 ns, Reaching safepoint: 267462 ns, Cleanup: 45944 ns, At safepoint: 1875649 ns, Total: 2189055 ns
[2025-03-14T06:04:38.281+0000][1089][safepoint   ] Safepoint "Cleanup", Time since last: 1000087354 ns, Reaching safepoint: 7123 ns, Cleanup: 24242 ns, At safepoint: 5041 ns, Total: 36406 ns
[2025-03-14T06:04:39.281+0000][1089][safepoint   ] Safepoint "Cleanup", Time since last: 1000092614 ns, Reaching safepoint: 6582 ns, Cleanup: 22909 ns, At safepoint: 7623 ns, Total: 37114 ns
[2025-03-14T06:04:40.281+0000][1089][safepoint   ] Safepoint "Cleanup", Time since last: 1000098257 ns, Reaching safepoint: 24118 ns, Cleanup: 20702 ns, At safepoint: 6956 ns, Total: 51776 ns
[2025-03-14T06:04:41.281+0000][1089][safepoint   ] Safepoint "Cleanup", Time since last: 1000081788 ns, Reaching safepoint: 9706 ns, Cleanup: 27325 ns, At safepoint: 5665 ns, Total: 42696 ns
[2025-03-14T06:04:43.282+0000][1089][safepoint   ] Safepoint "Cleanup", Time since last: 2000627791 ns, Reaching safepoint: 4332 ns, Cleanup: 70854 ns, At safepoint: 5790 ns, Total: 80976 ns
[2025-03-14T06:04:44.282+0000][1089][safepoint   ] Safepoint "Cleanup", Time since last: 1000308601 ns, Reaching safepoint: 35913 ns, Cleanup: 52787 ns, At safepoint: 16248 ns, Total: 104948 ns
[2025-03-14T06:04:46.284+0000][1089][safepoint   ] Safepoint "Cleanup", Time since last: 2001568340 ns, Reaching safepoint: 10249 ns, Cleanup: 72618 ns, At safepoint: 4791 ns, Total: 87658 ns
[2025-03-14T06:04:48.284+0000][1089][safepoint   ] Safepoint "Cleanup", Time since last: 2000173750 ns, Reaching safepoint: 9582 ns, Cleanup: 11457 ns, At safepoint: 5583 ns, Total: 26622 ns
[2025-03-14T06:04:49.292+0000][1089][safepoint   ] Safepoint "Cleanup", Time since last: 1001658254 ns, Reaching safepoint: 2765559 ns, Cleanup: 23997 ns, At safepoint: 3918445 ns, Total: 6708001 ns
[2025-03-14T06:04:50.595+0000][1089][safepoint   ] Safepoint "Cleanup", Time since last: 1302217335 ns, Reaching safepoint: 34914 ns, Cleanup: 135195 ns, At safepoint: 12165 ns, Total: 182274 ns
[2025-03-14T06:04:51.595+0000][1089][safepoint   ] Safepoint "Cleanup", Time since last: 1000094036 ns, Reaching safepoint: 7416 ns, Cleanup: 10499 ns, At safepoint: 15332 ns, Total: 33247 ns
[2025-03-14T06:04:52.595+0000][1089][safepoint   ] Safepoint "Cleanup", Time since last: 1000090905 ns, Reaching safepoint: 15332 ns, Cleanup: 17456 ns, At safepoint: 10208 ns, Total: 42996 ns
[2025-03-14T06:04:53.595+0000][1089][safepoint   ] Safepoint "Cleanup", Time since last: 1000097526 ns, Reaching safepoint: 6958 ns, Cleanup: 17956 ns, At safepoint: 4708 ns, Total: 29622 ns
[2025-03-14T06:04:55.595+0000][1089][safepoint   ] Safepoint "Cleanup", Time since last: 2000155967 ns, Reaching safepoint: 7166 ns, Cleanup: 38707 ns, At safepoint: 12083 ns, Total: 57956 ns
[2025-03-14T06:04:56.595+0000][1089][safepoint   ] Safepoint "Cleanup", Time since last: 1000081121 ns, Reaching safepoint: 7420 ns, Cleanup: 47564 ns, At safepoint: 6003 ns, Total: 60987 ns
[2025-03-14T06:04:57.596+0000][1089][safepoint   ] Safepoint "Cleanup", Time since last: 1000107108 ns, Reaching safepoint: 7712 ns, Cleanup: 10213 ns, At safepoint: 4377 ns, Total: 22302 ns
[2025-03-14T06:04:58.596+0000][1089][safepoint   ] Safepoint "Cleanup", Time since last: 1000098181 ns, Reaching safepoint: 7253 ns, Cleanup: 23719 ns, At safepoint: 4835 ns, Total: 35807 ns
[2025-03-14T06:04:59.596+0000][1089][safepoint   ] Safepoint "Cleanup", Time since last: 1000092285 ns, Reaching safepoint: 7545 ns, Cleanup: 16048 ns, At safepoint: 4544 ns, Total: 28137 ns
[2025-03-14T06:05:01.598+0000][1089][safepoint   ] Safepoint "Cleanup", Time since last: 2001564771 ns, Reaching safepoint: 32472 ns, Cleanup: 66651 ns, At safepoint: 7586 ns, Total: 106709 ns
[2025-03-14T06:05:02.598+0000][1089][safepoint   ] Safepoint "Cleanup", Time since last: 1000692752 ns, Reaching safepoint: 25052 ns, Cleanup: 59064 ns, At safepoint: 54104 ns, Total: 138220 ns
[2025-03-14T06:05:03.599+0000][1089][safepoint   ] Safepoint "Cleanup", Time since last: 1000821445 ns, Reaching safepoint: 36139 ns, Cleanup: 46350 ns, At safepoint: 12296 ns, Total: 94785 ns
[2025-03-14T06:05:04.600+0000][1089][safepoint   ] Safepoint "Cleanup", Time since last: 1000763664 ns, Reaching safepoint: 53269 ns, Cleanup: 78362 ns, At safepoint: 17631 ns, Total: 149262 ns
[2025-03-14T06:05:05.601+0000][1089][safepoint   ] Safepoint "Cleanup", Time since last: 1000545358 ns, Reaching safepoint: 27551 ns, Cleanup: 157763 ns, At safepoint: 19090 ns, Total: 204404 ns
[2025-03-14T06:05:07.601+0000][1089][safepoint   ] Safepoint "Cleanup", Time since last: 2000235243 ns, Reaching safepoint: 9837 ns, Cleanup: 68855 ns, At safepoint: 4335 ns, Total: 83027 ns
[2025-03-14T06:05:08.601+0000][1089][safepoint   ] Safepoint "Cleanup", Time since last: 1000080788 ns, Reaching safepoint: 8336 ns, Cleanup: 13796 ns, At safepoint: 4668 ns, Total: 26800 ns
[2025-03-14T06:05:10.602+0000][1089][safepoint   ] Safepoint "Cleanup", Time since last: 2001036210 ns, Reaching safepoint: 11837 ns, Cleanup: 12962 ns, At safepoint: 5418 ns, Total: 30217 ns
[2025-03-14T06:05:11.603+0000][1089][safepoint   ] Safepoint "Cleanup", Time since last: 1000098184 ns, Reaching safepoint: 24965 ns, Cleanup: 16380 ns, At safepoint: 5126 ns, Total: 46471 ns
[2025-03-14T06:05:13.603+0000][1089][safepoint   ] Safepoint "Cleanup", Time since last: 2000762089 ns, Reaching safepoint: 15087 ns, Cleanup: 18505 ns, At safepoint: 5627 ns, Total: 39219 ns
[2025-03-14T06:05:14.603+0000][1089][safepoint   ] Safepoint "Cleanup", Time since last: 1000099992 ns, Reaching safepoint: 11670 ns, Cleanup: 13378 ns, At safepoint: 5251 ns, Total: 30299 ns
[2025-03-14T06:05:16.604+0000][1089][safepoint   ] Safepoint "Cleanup", Time since last: 2000827618 ns, Reaching safepoint: 8043 ns, Cleanup: 17921 ns, At safepoint: 4293 ns, Total: 30257 ns
[2025-03-14T06:05:18.605+0000][1089][safepoint   ] Safepoint "Cleanup", Time since last: 2000151690 ns, Reaching safepoint: 7710 ns, Cleanup: 21463 ns, At safepoint: 5376 ns, Total: 34549 ns
[2025-03-14T06:05:19.605+0000][1089][safepoint   ] Safepoint "Cleanup", Time since last: 1000725929 ns, Reaching safepoint: 22963 ns, Cleanup: 56762 ns, At safepoint: 6084 ns, Total: 85809 ns
[2025-03-14T06:05:20.606+0000][1089][safepoint   ] Safepoint "Cleanup", Time since last: 1000906573 ns, Reaching safepoint: 32923 ns, Cleanup: 81517 ns, At safepoint: 13544 ns, Total: 127984 ns
[2025-03-14T06:05:21.607+0000][1089][safepoint   ] Safepoint "Cleanup", Time since last: 1000770312 ns, Reaching safepoint: 37590 ns, Cleanup: 60012 ns, At safepoint: 13336 ns, Total: 110938 ns
[2025-03-14T06:05:22.608+0000][1089][safepoint   ] Safepoint "Cleanup", Time since last: 1000241256 ns, Reaching safepoint: 33381 ns, Cleanup: 69471 ns, At safepoint: 14628 ns, Total: 117480 ns
[2025-03-14T06:05:23.608+0000][1089][safepoint   ] Safepoint "Cleanup", Time since last: 1000196285 ns, Reaching safepoint: 19003 ns, Cleanup: 22838 ns, At safepoint: 10585 ns, Total: 52426 ns
[2025-03-14T06:05:25.609+0000][1089][safepoint   ] Safepoint "Cleanup", Time since last: 2000949724 ns, Reaching safepoint: 7376 ns, Cleanup: 69887 ns, At safepoint: 4250 ns, Total: 81513 ns
[2025-03-14T06:05:26.609+0000][1089][safepoint   ] Safepoint "Cleanup", Time since last: 1000478426 ns, Reaching safepoint: 7293 ns, Cleanup: 31797 ns, At safepoint: 4292 ns, Total: 43382 ns
[2025-03-14T06:05:28.610+0000][1089][safepoint   ] Safepoint "Cleanup", Time since last: 2000516964 ns, Reaching safepoint: 4168 ns, Cleanup: 19836 ns, At safepoint: 3459 ns, Total: 27463 ns
[2025-03-14T06:05:29.610+0000][1089][safepoint   ] Safepoint "Cleanup", Time since last: 1000083349 ns, Reaching safepoint: 15960 ns, Cleanup: 13502 ns, At safepoint: 3667 ns, Total: 33129 ns
[2025-03-14T06:05:31.610+0000][1089][safepoint   ] Safepoint "Cleanup", Time since last: 2000152772 ns, Reaching safepoint: 16002 ns, Cleanup: 48382 ns, At safepoint: 15002 ns, Total: 79386 ns
[2025-03-14T06:05:32.610+0000][1089][safepoint   ] Safepoint "Cleanup", Time since last: 1000088402 ns, Reaching safepoint: 7918 ns, Cleanup: 15543 ns, At safepoint: 4417 ns, Total: 27878 ns
[2025-03-14T06:05:34.611+0000][1089][safepoint   ] Safepoint "Cleanup", Time since last: 2000134429 ns, Reaching safepoint: 7125 ns, Cleanup: 15086 ns, At safepoint: 5333 ns, Total: 27544 ns
[2025-03-14T06:05:36.611+0000][1089][safepoint   ] Safepoint "Cleanup", Time since last: 2000237462 ns, Reaching safepoint: 157641 ns, Cleanup: 33379 ns, At safepoint: 13126 ns, Total: 204146 ns
[2025-03-14T06:05:37.612+0000][1089][safepoint   ] Safepoint "Cleanup", Time since last: 1000604343 ns, Reaching safepoint: 16085 ns, Cleanup: 28586 ns, At safepoint: 5626 ns, Total: 50297 ns
[2025-03-14T06:05:38.612+0000][1089][safepoint   ] Safepoint "Cleanup", Time since last: 1000086366 ns, Reaching safepoint: 7584 ns, Cleanup: 31962 ns, At safepoint: 4084 ns, Total: 43630 ns
[2025-03-14T06:05:40.613+0000][1089][safepoint   ] Safepoint "Cleanup", Time since last: 2000999633 ns, Reaching safepoint: 72173 ns, Cleanup: 50630 ns, At safepoint: 20793 ns, Total: 143596 ns
[2025-03-14T06:05:41.614+0000][1089][safepoint   ] Safepoint "Cleanup", Time since last: 1000390495 ns, Reaching safepoint: 38087 ns, Cleanup: 80090 ns, At safepoint: 16585 ns, Total: 134762 ns
[2025-03-14T06:05:43.615+0000][1089][safepoint   ] Safepoint "Cleanup", Time since last: 2000865195 ns, Reaching safepoint: 135122 ns, Cleanup: 97539 ns, At safepoint: 9792 ns, Total: 242453 ns
[2025-03-14T06:05:45.615+0000][1089][safepoint   ] Safepoint "Cleanup", Time since last: 2000821643 ns, Reaching safepoint: 13208 ns, Cleanup: 17708 ns, At safepoint: 5417 ns, Total: 36333 ns
[2025-03-14T06:05:46.616+0000][1089][safepoint   ] Safepoint "Cleanup", Time since last: 1000746841 ns, Reaching safepoint: 11124 ns, Cleanup: 19583 ns, At safepoint: 5417 ns, Total: 36124 ns
[2025-03-14T06:05:47.616+0000][1089][safepoint   ] Safepoint "Cleanup", Time since last: 1000081694 ns, Reaching safepoint: 11333 ns, Cleanup: 13333 ns, At safepoint: 5291 ns, Total: 29957 ns
[2025-03-14T06:05:48.616+0000][1089][safepoint   ] Safepoint "Cleanup", Time since last: 1000087801 ns, Reaching safepoint: 6833 ns, Cleanup: 14083 ns, At safepoint: 4292 ns, Total: 25208 ns
[2025-03-14T06:05:49.617+0000][1089][safepoint   ] Safepoint "Cleanup", Time since last: 1000243081 ns, Reaching safepoint: 14582 ns, Cleanup: 19458 ns, At safepoint: 5625 ns, Total: 39665 ns
[2025-03-14T06:05:50.650+0000][1089][safepoint   ] Safepoint "Cleanup", Time since last: 1033449599 ns, Reaching safepoint: 10000 ns, Cleanup: 40831 ns, At safepoint: 8333 ns, Total: 59164 ns
[2025-03-14T06:05:51.650+0000][1089][safepoint   ] Safepoint "Cleanup", Time since last: 1000068393 ns, Reaching safepoint: 7042 ns, Cleanup: 12541 ns, At safepoint: 4791 ns, Total: 24374 ns
[2025-03-14T06:05:52.650+0000][1089][safepoint   ] Safepoint "Cleanup", Time since last: 1000090126 ns, Reaching safepoint: 7125 ns, Cleanup: 18832 ns, At safepoint: 4583 ns, Total: 30540 ns
[2025-03-14T06:05:53.651+0000][1089][safepoint   ] Safepoint "Cleanup", Time since last: 1000096701 ns, Reaching safepoint: 6916 ns, Cleanup: 13416 ns, At safepoint: 3750 ns, Total: 24082 ns
[2025-03-14T06:05:54.651+0000][1089][safepoint   ] Safepoint "Cleanup", Time since last: 1000090235 ns, Reaching safepoint: 6791 ns, Cleanup: 12041 ns, At safepoint: 4416 ns, Total: 23248 ns
[2025-03-14T06:05:55.651+0000][1089][safepoint   ] Safepoint "Cleanup", Time since last: 1000112892 ns, Reaching safepoint: 18791 ns, Cleanup: 38247 ns, At safepoint: 12083 ns, Total: 69121 ns
[2025-03-14T06:05:56.651+0000][1089][safepoint   ] Safepoint "Cleanup", Time since last: 1000148044 ns, Reaching safepoint: 10791 ns, Cleanup: 15541 ns, At safepoint: 5166 ns, Total: 31498 ns
[2025-03-14T06:05:58.652+0000][1089][safepoint   ] Safepoint "Cleanup", Time since last: 2001208381 ns, Reaching safepoint: 11458 ns, Cleanup: 44747 ns, At safepoint: 9666 ns, Total: 65871 ns
[2025-03-14T06:05:59.653+0000][1089][safepoint   ] Safepoint "Cleanup", Time since last: 1000806914 ns, Reaching safepoint: 44122 ns, Cleanup: 43164 ns, At safepoint: 15124 ns, Total: 102410 ns
[2025-03-14T06:06:01.655+0000][1089][safepoint   ] Safepoint "Cleanup", Time since last: 2001724777 ns, Reaching safepoint: 171613 ns, Cleanup: 142865 ns, At safepoint: 49288 ns, Total: 363766 ns
[2025-03-14T06:06:02.656+0000][1089][safepoint   ] Safepoint "Cleanup", Time since last: 1000549352 ns, Reaching safepoint: 45205 ns, Cleanup: 45122 ns, At safepoint: 16749 ns, Total: 107076 ns
[2025-03-14T06:06:03.656+0000][1089][safepoint   ] Safepoint "Cleanup", Time since last: 1000324483 ns, Reaching safepoint: 6958 ns, Cleanup: 10957 ns, At safepoint: 3666 ns, Total: 21581 ns
[2025-03-14T06:06:04.657+0000][1089][safepoint   ] Safepoint "Cleanup", Time since last: 1000983334 ns, Reaching safepoint: 7333 ns, Cleanup: 28206 ns, At safepoint: 4500 ns, Total: 40039 ns
[2025-03-14T06:06:05.658+0000][1089][safepoint   ] Safepoint "Cleanup", Time since last: 1000960311 ns, Reaching safepoint: 7249 ns, Cleanup: 9999 ns, At safepoint: 4458 ns, Total: 21706 ns
[2025-03-14T06:06:06.658+0000][1089][safepoint   ] Safepoint "Cleanup", Time since last: 1000091331 ns, Reaching safepoint: 7708 ns, Cleanup: 15582 ns, At safepoint: 5083 ns, Total: 28373 ns
[2025-03-14T06:06:07.659+0000][1089][safepoint   ] Safepoint "Cleanup", Time since last: 1000098461 ns, Reaching safepoint: 7208 ns, Cleanup: 33955 ns, At safepoint: 4666 ns, Total: 45829 ns
[2025-03-14T06:06:08.659+0000][1089][safepoint   ] Safepoint "Cleanup", Time since last: 1000091441 ns, Reaching safepoint: 12624 ns, Cleanup: 54329 ns, At safepoint: 4625 ns, Total: 71578 ns
[2025-03-14T06:06:09.659+0000][1089][safepoint   ] Safepoint "Cleanup", Time since last: 1000097430 ns, Reaching safepoint: 6583 ns, Cleanup: 9749 ns, At safepoint: 3375 ns, Total: 19707 ns
[2025-03-14T06:06:10.659+0000][1089][safepoint   ] Safepoint "Cleanup", Time since last: 1000089223 ns, Reaching safepoint: 7249 ns, Cleanup: 33789 ns, At safepoint: 5708 ns, Total: 46746 ns
[2025-03-14T06:06:13.659+0000][1089][safepoint   ] Safepoint "Cleanup", Time since last: 3000203535 ns, Reaching safepoint: 21915 ns, Cleanup: 17373 ns, At safepoint: 5500 ns, Total: 44788 ns
[2025-03-14T06:06:16.661+0000][1089][safepoint   ] Safepoint "Cleanup", Time since last: 3001256000 ns, Reaching safepoint: 13457 ns, Cleanup: 76618 ns, At safepoint: 7291 ns, Total: 97366 ns
[2025-03-14T06:06:18.662+0000][1089][safepoint   ] Safepoint "Cleanup", Time since last: 2001590644 ns, Reaching safepoint: 48578 ns, Cleanup: 87242 ns, At safepoint: 16331 ns, Total: 152151 ns
[2025-03-14T06:06:19.663+0000][1089][safepoint   ] Safepoint "Cleanup", Time since last: 1000735830 ns, Reaching safepoint: 41787 ns, Cleanup: 55120 ns, At safepoint: 10957 ns, Total: 107864 ns
[2025-03-14T06:06:20.664+0000][1089][safepoint   ] Safepoint "Cleanup", Time since last: 1001138928 ns, Reaching safepoint: 50078 ns, Cleanup: 67743 ns, At safepoint: 20082 ns, Total: 137903 ns
[2025-03-14T06:06:21.665+0000][1089][safepoint   ] Safepoint "Cleanup", Time since last: 1000196198 ns, Reaching safepoint: 24872 ns, Cleanup: 9541 ns, At safepoint: 4250 ns, Total: 38663 ns
[2025-03-14T06:06:22.354+0000][1089][gc,start    ] GC(23) Pause Young (Normal) (G1 Evacuation Pause)
[2025-03-14T06:06:22.354+0000][1089][gc,task     ] GC(23) Using 1 workers of 1 for evacuation
[2025-03-14T06:06:22.354+0000][1089][gc,age      ] GC(23) Desired survivor size 39845888 bytes, new threshold 15 (max threshold 15)
[2025-03-14T06:06:22.382+0000][1089][gc,phases   ] GC(23)   Pre Evacuate Collection Set: 0.43ms
[2025-03-14T06:06:22.382+0000][1089][gc,phases   ] GC(23)   Merge Heap Roots: 0.10ms
[2025-03-14T06:06:22.382+0000][1089][gc,phases   ] GC(23)   Evacuate Collection Set: 24.59ms
[2025-03-14T06:06:22.382+0000][1089][gc,phases   ] GC(23)   Post Evacuate Collection Set: 2.56ms
[2025-03-14T06:06:22.382+0000][1089][gc,phases   ] GC(23)   Other: 0.17ms
[2025-03-14T06:06:22.382+0000][1089][gc,age      ] GC(23) Age table with threshold 15 (max threshold 15)
[2025-03-14T06:06:22.382+0000][1089][gc,age      ] GC(23) - age   1:    1607592 bytes,    1607592 total
[2025-03-14T06:06:22.382+0000][1089][gc,age      ] GC(23) - age   2:    2195256 bytes,    3802848 total
[2025-03-14T06:06:22.382+0000][1089][gc,heap     ] GC(23) Eden regions: 150->0(175)
[2025-03-14T06:06:22.382+0000][1089][gc,heap     ] GC(23) Survivor regions: 1->1(19)
[2025-03-14T06:06:22.382+0000][1089][gc,heap     ] GC(23) Old regions: 23->23
[2025-03-14T06:06:22.382+0000][1089][gc,heap     ] GC(23) Humongous regions: 5->5
[2025-03-14T06:06:22.382+0000][1089][gc,metaspace] GC(23) Metaspace: 115759K(118912K)->115759K(118912K) NonClass: 99745K(101504K)->99745K(101504K) Class: 16014K(17408K)->16014K(17408K)
[2025-03-14T06:06:22.382+0000][1089][gc          ] GC(23) Pause Young (Normal) (G1 Evacuation Pause) 715M->115M(1952M) 28.163ms
[2025-03-14T06:06:22.382+0000][1089][gc,cpu      ] GC(23) User=0.02s Sys=0.00s Real=0.03s
[2025-03-14T06:06:22.386+0000][1089][safepoint   ] Safepoint "G1CollectForAllocation", Time since last: 689400791 ns, Reaching safepoint: 7749 ns, Cleanup: 33080 ns, At safepoint: 32152846 ns, Total: 32193675 ns
[2025-03-14T06:06:23.387+0000][1089][safepoint   ] Safepoint "Cleanup", Time since last: 1000562315 ns, Reaching safepoint: 349631 ns, Cleanup: 57410 ns, At safepoint: 38080 ns, Total: 445121 ns
[2025-03-14T06:06:25.388+0000][1089][safepoint   ] Safepoint "Cleanup", Time since last: 2000645303 ns, Reaching safepoint: 26872 ns, Cleanup: 17915 ns, At safepoint: 10999 ns, Total: 55786 ns
[2025-03-14T06:06:28.390+0000][1089][safepoint   ] Safepoint "Cleanup", Time since last: 3001828808 ns, Reaching safepoint: 15040 ns, Cleanup: 38204 ns, At safepoint: 6624 ns, Total: 59868 ns
[2025-03-14T06:06:29.390+0000][1089][safepoint   ] Safepoint "Cleanup", Time since last: 1000108800 ns, Reaching safepoint: 24373 ns, Cleanup: 45703 ns, At safepoint: 5333 ns, Total: 75409 ns
[2025-03-14T06:06:31.390+0000][1089][safepoint   ] Safepoint "Cleanup", Time since last: 2000226128 ns, Reaching safepoint: 46411 ns, Cleanup: 31913 ns, At safepoint: 6458 ns, Total: 84782 ns
[2025-03-14T06:06:32.391+0000][1089][safepoint   ] Safepoint "Cleanup", Time since last: 1000146085 ns, Reaching safepoint: 7874 ns, Cleanup: 17790 ns, At safepoint: 4957 ns, Total: 30621 ns
[2025-03-14T06:06:33.391+0000][1089][safepoint   ] Safepoint "Cleanup", Time since last: 1000096405 ns, Reaching safepoint: 9582 ns, Cleanup: 12415 ns, At safepoint: 5750 ns, Total: 27747 ns
[2025-03-14T06:06:34.391+0000][1089][safepoint   ] Safepoint "Cleanup", Time since last: 1000084785 ns, Reaching safepoint: 6291 ns, Cleanup: 32579 ns, At safepoint: 4708 ns, Total: 43578 ns
[2025-03-14T06:06:35.391+0000][1089][safepoint   ] Safepoint "Cleanup", Time since last: 1000088397 ns, Reaching safepoint: 12165 ns, Cleanup: 21414 ns, At safepoint: 5958 ns, Total: 39537 ns
[2025-03-14T06:06:36.391+0000][1089][safepoint   ] Safepoint "Cleanup", Time since last: 1000113360 ns, Reaching safepoint: 40496 ns, Cleanup: 51494 ns, At safepoint: 7999 ns, Total: 99989 ns
[2025-03-14T06:06:37.392+0000][1089][safepoint   ] Safepoint "Cleanup", Time since last: 1001233512 ns, Reaching safepoint: 26789 ns, Cleanup: 28080 ns, At safepoint: 14831 ns, Total: 69700 ns
[2025-03-14T06:06:39.393+0000][1089][safepoint   ] Safepoint "Cleanup", Time since last: 2000708108 ns, Reaching safepoint: 50911 ns, Cleanup: 123111 ns, At safepoint: 28246 ns, Total: 202268 ns
[2025-03-14T06:06:40.395+0000][1089][safepoint   ] Safepoint "Cleanup", Time since last: 1001543564 ns, Reaching safepoint: 38454 ns, Cleanup: 91739 ns, At safepoint: 10165 ns, Total: 140358 ns
[2025-03-14T06:06:41.396+0000][1089][safepoint   ] Safepoint "Cleanup", Time since last: 1001016902 ns, Reaching safepoint: 151566 ns, Cleanup: 49785 ns, At safepoint: 38912 ns, Total: 240263 ns
[2025-03-14T06:06:43.398+0000][1089][safepoint   ] Safepoint "Cleanup", Time since last: 2001136071 ns, Reaching safepoint: 82616 ns, Cleanup: 22747 ns, At safepoint: 6832 ns, Total: 112195 ns
[2025-03-14T06:06:44.398+0000][1089][safepoint   ] Safepoint "Cleanup", Time since last: 1000764707 ns, Reaching safepoint: 57409 ns, Cleanup: 64118 ns, At safepoint: 18122 ns, Total: 139649 ns
[2025-03-14T06:06:46.400+0000][1089][safepoint   ] Safepoint "Cleanup", Time since last: 2001838146 ns, Reaching safepoint: 12415 ns, Cleanup: 26663 ns, At safepoint: 7208 ns, Total: 46286 ns
[2025-03-14T06:06:47.401+0000][1089][safepoint   ] Safepoint "Cleanup", Time since last: 1000101964 ns, Reaching safepoint: 38162 ns, Cleanup: 15748 ns, At safepoint: 8332 ns, Total: 62242 ns
[2025-03-14T06:06:48.401+0000][1089][safepoint   ] Safepoint "Cleanup", Time since last: 1000095362 ns, Reaching safepoint: 10915 ns, Cleanup: 11374 ns, At safepoint: 5499 ns, Total: 27788 ns
[2025-03-14T06:06:49.401+0000][1089][safepoint   ] Safepoint "Cleanup", Time since last: 1000100524 ns, Reaching safepoint: 33079 ns, Cleanup: 22039 ns, At safepoint: 6624 ns, Total: 61742 ns
[2025-03-14T06:06:50.703+0000][1089][safepoint   ] Safepoint "Cleanup", Time since last: 1301662543 ns, Reaching safepoint: 6458 ns, Cleanup: 12040 ns, At safepoint: 5916 ns, Total: 24414 ns
[2025-03-14T06:06:52.703+0000][1089][safepoint   ] Safepoint "Cleanup", Time since last: 2000151280 ns, Reaching safepoint: 6625 ns, Cleanup: 34079 ns, At safepoint: 5166 ns, Total: 45870 ns
[2025-03-14T06:06:55.703+0000][1089][safepoint   ] Safepoint "Cleanup", Time since last: 3000233463 ns, Reaching safepoint: 8832 ns, Cleanup: 61034 ns, At safepoint: 6250 ns, Total: 76116 ns
[2025-03-14T06:06:56.703+0000][1089][safepoint   ] Safepoint "Cleanup", Time since last: 1000102429 ns, Reaching safepoint: 7249 ns, Cleanup: 11665 ns, At safepoint: 4958 ns, Total: 23872 ns
[2025-03-14T06:06:58.704+0000][1089][safepoint   ] Safepoint "Cleanup", Time since last: 2000758068 ns, Reaching safepoint: 63159 ns, Cleanup: 39703 ns, At safepoint: 14498 ns, Total: 117360 ns
[2025-03-14T06:07:01.705+0000][1089][safepoint   ] Safepoint "Cleanup", Time since last: 3000745923 ns, Reaching safepoint: 98405 ns, Cleanup: 78448 ns, At safepoint: 30746 ns, Total: 207599 ns
[2025-03-14T06:07:03.706+0000][1089][safepoint   ] Safepoint "Cleanup", Time since last: 2001410170 ns, Reaching safepoint: 23081 ns, Cleanup: 12040 ns, At safepoint: 5749 ns, Total: 40870 ns
[2025-03-14T06:07:04.707+0000][1089][safepoint   ] Safepoint "Cleanup", Time since last: 1000113083 ns, Reaching safepoint: 11373 ns, Cleanup: 24164 ns, At safepoint: 5457 ns, Total: 40994 ns
[2025-03-14T06:07:07.707+0000][1089][safepoint   ] Safepoint "Cleanup", Time since last: 3000755198 ns, Reaching safepoint: 18248 ns, Cleanup: 39453 ns, At safepoint: 5708 ns, Total: 63409 ns
[2025-03-14T06:07:08.708+0000][1089][safepoint   ] Safepoint "Cleanup", Time since last: 1000106447 ns, Reaching safepoint: 10916 ns, Cleanup: 14664 ns, At safepoint: 5583 ns, Total: 31163 ns
[2025-03-14T06:07:10.226+0000][1089][gc,start    ] GC(24) Pause Young (Concurrent Start) (CodeCache GC Threshold)
[2025-03-14T06:07:10.226+0000][1089][gc,task     ] GC(24) Using 1 workers of 1 for evacuation
[2025-03-14T06:07:10.226+0000][1089][gc,age      ] GC(24) Desired survivor size 50331648 bytes, new threshold 15 (max threshold 15)
[2025-03-14T06:07:10.251+0000][1089][gc,phases   ] GC(24)   Pre Evacuate Collection Set: 0.59ms
[2025-03-14T06:07:10.251+0000][1089][gc,phases   ] GC(24)   Merge Heap Roots: 0.09ms
[2025-03-14T06:07:10.251+0000][1089][gc,phases   ] GC(24)   Evacuate Collection Set: 22.11ms
[2025-03-14T06:07:10.251+0000][1089][gc,phases   ] GC(24)   Post Evacuate Collection Set: 1.78ms
[2025-03-14T06:07:10.251+0000][1089][gc,phases   ] GC(24)   Other: 0.21ms
[2025-03-14T06:07:10.251+0000][1089][gc,age      ] GC(24) Age table with threshold 15 (max threshold 15)
[2025-03-14T06:07:10.251+0000][1089][gc,age      ] GC(24) - age   1:    1158512 bytes,    1158512 total
[2025-03-14T06:07:10.251+0000][1089][gc,age      ] GC(24) - age   2:     734504 bytes,    1893016 total
[2025-03-14T06:07:10.251+0000][1089][gc,age      ] GC(24) - age   3:    2194912 bytes,    4087928 total
[2025-03-14T06:07:10.251+0000][1089][gc,heap     ] GC(24) Eden regions: 50->0(232)
[2025-03-14T06:07:10.251+0000][1089][gc,heap     ] GC(24) Survivor regions: 1->1(24)
[2025-03-14T06:07:10.251+0000][1089][gc,heap     ] GC(24) Old regions: 23->23
[2025-03-14T06:07:10.251+0000][1089][gc,heap     ] GC(24) Humongous regions: 5->5
[2025-03-14T06:07:10.251+0000][1089][gc,metaspace] GC(24) Metaspace: 116234K(119360K)->116234K(119360K) NonClass: 100218K(101952K)->100218K(101952K) Class: 16015K(17408K)->16015K(17408K)
[2025-03-14T06:07:10.251+0000][1089][gc          ] GC(24) Pause Young (Concurrent Start) (CodeCache GC Threshold) 315M->115M(1952M) 24.897ms
[2025-03-14T06:07:10.251+0000][1089][gc,cpu      ] GC(24) User=0.03s Sys=0.00s Real=0.03s
[2025-03-14T06:07:10.251+0000][1089][safepoint   ] Safepoint "G1TryInitiateConcMark", Time since last: 1518119631 ns, Reaching safepoint: 4916 ns, Cleanup: 10874 ns, At safepoint: 25003228 ns, Total: 25019018 ns
[2025-03-14T06:07:10.254+0000][1089][gc          ] GC(25) Concurrent Mark Cycle
[2025-03-14T06:07:10.254+0000][1089][gc,marking  ] GC(25) Concurrent Scan Root Regions
[2025-03-14T06:07:10.267+0000][1089][gc,marking  ] GC(25) Concurrent Scan Root Regions 12.392ms
[2025-03-14T06:07:10.267+0000][1089][gc,marking  ] GC(25) Concurrent Mark
[2025-03-14T06:07:10.267+0000][1089][gc,marking  ] GC(25) Concurrent Mark From Roots
[2025-03-14T06:07:10.267+0000][1089][gc,task     ] GC(25) Using 1 workers of 1 for marking
[2025-03-14T06:07:10.358+0000][1089][gc,marking  ] GC(25) Concurrent Mark From Roots 91.552ms
[2025-03-14T06:07:10.358+0000][1089][gc,marking  ] GC(25) Concurrent Preclean
[2025-03-14T06:07:10.359+0000][1089][gc,marking  ] GC(25) Concurrent Preclean 0.117ms
[2025-03-14T06:07:10.359+0000][1089][gc,start    ] GC(25) Pause Remark
[2025-03-14T06:07:10.436+0000][1089][gc          ] GC(25) Pause Remark 119M->119M(1952M) 76.958ms
[2025-03-14T06:07:10.436+0000][1089][gc,cpu      ] GC(25) User=0.07s Sys=0.00s Real=0.07s
[2025-03-14T06:07:10.437+0000][1089][safepoint   ] Safepoint "G1PauseRemark", Time since last: 107861188 ns, Reaching safepoint: 4874 ns, Cleanup: 12290 ns, At safepoint: 78760907 ns, Total: 78778071 ns
[2025-03-14T06:07:10.437+0000][1089][gc,marking  ] GC(25) Concurrent Mark 170.500ms
[2025-03-14T06:07:10.437+0000][1089][gc,marking  ] GC(25) Concurrent Rebuild Remembered Sets and Scrub Regions
[2025-03-14T06:07:10.493+0000][1089][gc,marking  ] GC(25) Concurrent Rebuild Remembered Sets and Scrub Regions 55.438ms
[2025-03-14T06:07:10.493+0000][1089][gc,start    ] GC(25) Pause Cleanup
[2025-03-14T06:07:10.493+0000][1089][gc          ] GC(25) Pause Cleanup 119M->119M(1952M) 0.052ms
[2025-03-14T06:07:10.493+0000][1089][gc,cpu      ] GC(25) User=0.00s Sys=0.00s Real=0.00s
[2025-03-14T06:07:10.493+0000][1089][safepoint   ] Safepoint "G1PauseCleanup", Time since last: 55493329 ns, Reaching safepoint: 73199 ns, Cleanup: 13332 ns, At safepoint: 76032 ns, Total: 162563 ns
[2025-03-14T06:07:10.493+0000][1089][gc,marking  ] GC(25) Concurrent Clear Claimed Marks
[2025-03-14T06:07:10.493+0000][1089][gc,marking  ] GC(25) Concurrent Clear Claimed Marks 0.226ms
[2025-03-14T06:07:10.493+0000][1089][gc,marking  ] GC(25) Concurrent Cleanup for Next Mark
[2025-03-14T06:07:10.516+0000][1089][gc,marking  ] GC(25) Concurrent Cleanup for Next Mark 23.170ms
[2025-03-14T06:07:10.516+0000][1089][gc          ] GC(25) Concurrent Mark Cycle 261.996ms
[2025-03-14T06:07:11.493+0000][1089][safepoint   ] Safepoint "Cleanup", Time since last: 1000066961 ns, Reaching safepoint: 6582 ns, Cleanup: 15457 ns, At safepoint: 5707 ns, Total: 27746 ns
[2025-03-14T06:07:13.493+0000][1089][safepoint   ] Safepoint "Cleanup", Time since last: 2000152968 ns, Reaching safepoint: 6833 ns, Cleanup: 12331 ns, At safepoint: 4916 ns, Total: 24080 ns
[2025-03-14T06:07:16.495+0000][1089][safepoint   ] Safepoint "Cleanup", Time since last: 3001639907 ns, Reaching safepoint: 48410 ns, Cleanup: 91530 ns, At safepoint: 16331 ns, Total: 156271 ns
[2025-03-14T06:07:17.495+0000][1089][safepoint   ] Safepoint "Cleanup", Time since last: 1000257036 ns, Reaching safepoint: 70158 ns, Cleanup: 59034 ns, At safepoint: 18581 ns, Total: 147773 ns
[2025-03-14T06:07:18.496+0000][1089][safepoint   ] Safepoint "Cleanup", Time since last: 1000283722 ns, Reaching safepoint: 22164 ns, Cleanup: 19248 ns, At safepoint: 19081 ns, Total: 60493 ns
[2025-03-14T06:07:19.496+0000][1089][safepoint   ] Safepoint "Cleanup", Time since last: 1000358244 ns, Reaching safepoint: 11582 ns, Cleanup: 32454 ns, At safepoint: 12540 ns, Total: 56576 ns
[2025-03-14T06:07:20.496+0000][1089][safepoint   ] Safepoint "Cleanup", Time since last: 1000217964 ns, Reaching safepoint: 21873 ns, Cleanup: 34120 ns, At safepoint: 17081 ns, Total: 73074 ns
[2025-03-14T06:07:22.497+0000][1089][safepoint   ] Safepoint "Cleanup", Time since last: 2000888833 ns, Reaching safepoint: 6457 ns, Cleanup: 29663 ns, At safepoint: 4291 ns, Total: 40411 ns
[2025-03-14T06:07:23.498+0000][1089][safepoint   ] Safepoint "Cleanup", Time since last: 1000153445 ns, Reaching safepoint: 10749 ns, Cleanup: 9998 ns, At safepoint: 4416 ns, Total: 25163 ns
[2025-03-14T06:07:24.498+0000][1089][safepoint   ] Safepoint "Cleanup", Time since last: 1000086761 ns, Reaching safepoint: 6957 ns, Cleanup: 12748 ns, At safepoint: 5041 ns, Total: 24746 ns
[2025-03-14T06:07:25.498+0000][1089][safepoint   ] Safepoint "Cleanup", Time since last: 1000090155 ns, Reaching safepoint: 48410 ns, Cleanup: 17289 ns, At safepoint: 7791 ns, Total: 73490 ns
[2025-03-14T06:07:26.498+0000][1089][safepoint   ] Safepoint "Cleanup", Time since last: 1000091053 ns, Reaching safepoint: 9124 ns, Cleanup: 12540 ns, At safepoint: 5499 ns, Total: 27163 ns
[2025-03-14T06:07:28.498+0000][1089][safepoint   ] Safepoint "Cleanup", Time since last: 2000148742 ns, Reaching safepoint: 7208 ns, Cleanup: 79156 ns, At safepoint: 8749 ns, Total: 95113 ns
[2025-03-14T06:07:31.499+0000][1089][safepoint   ] Safepoint "Cleanup", Time since last: 3000212173 ns, Reaching safepoint: 24455 ns, Cleanup: 21789 ns, At safepoint: 5874 ns, Total: 52118 ns
[2025-03-14T06:07:32.499+0000][1089][safepoint   ] Safepoint "Cleanup", Time since last: 1000103827 ns, Reaching safepoint: 10373 ns, Cleanup: 30205 ns, At safepoint: 6166 ns, Total: 46744 ns
[2025-03-14T06:07:33.499+0000][1089][safepoint   ] Safepoint "Cleanup", Time since last: 1000091797 ns, Reaching safepoint: 8374 ns, Cleanup: 13248 ns, At safepoint: 11248 ns, Total: 32870 ns
[2025-03-14T06:07:34.499+0000][1089][safepoint   ] Safepoint "Cleanup", Time since last: 1000087438 ns, Reaching safepoint: 7499 ns, Cleanup: 57534 ns, At safepoint: 4874 ns, Total: 69907 ns
[2025-03-14T06:07:35.499+0000][1089][safepoint   ] Safepoint "Cleanup", Time since last: 1000339172 ns, Reaching safepoint: 32787 ns, Cleanup: 36995 ns, At safepoint: 11915 ns, Total: 81697 ns
[2025-03-14T06:07:37.501+0000][1089][safepoint   ] Safepoint "Cleanup", Time since last: 2001028239 ns, Reaching safepoint: 46536 ns, Cleanup: 56242 ns, At safepoint: 18789 ns, Total: 121567 ns
[2025-03-14T06:07:40.502+0000][1089][safepoint   ] Safepoint "Cleanup", Time since last: 3001051575 ns, Reaching safepoint: 60117 ns, Cleanup: 47744 ns, At safepoint: 13164 ns, Total: 121025 ns
[2025-03-14T06:07:43.502+0000][1089][safepoint   ] Safepoint "Cleanup", Time since last: 3000485895 ns, Reaching safepoint: 84489 ns, Cleanup: 26038 ns, At safepoint: 8499 ns, Total: 119026 ns
[2025-03-14T06:07:44.503+0000][1089][safepoint   ] Safepoint "Cleanup", Time since last: 1000684595 ns, Reaching safepoint: 10833 ns, Cleanup: 15874 ns, At safepoint: 6375 ns, Total: 33082 ns
[2025-03-14T06:07:46.503+0000][1089][safepoint   ] Safepoint "Cleanup", Time since last: 2000155996 ns, Reaching safepoint: 9083 ns, Cleanup: 41749 ns, At safepoint: 5958 ns, Total: 56790 ns
[2025-03-14T06:07:48.503+0000][1089][safepoint   ] Safepoint "Cleanup", Time since last: 2000117538 ns, Reaching safepoint: 12791 ns, Cleanup: 16833 ns, At safepoint: 7000 ns, Total: 36624 ns
[2025-03-14T06:07:49.504+0000][1089][safepoint   ] Safepoint "Cleanup", Time since last: 1000179577 ns, Reaching safepoint: 71706 ns, Cleanup: 110454 ns, At safepoint: 13083 ns, Total: 195243 ns
[2025-03-14T06:07:50.754+0000][1089][safepoint   ] Safepoint "Cleanup", Time since last: 1249594392 ns, Reaching safepoint: 283199 ns, Cleanup: 43540 ns, At safepoint: 13041 ns, Total: 339780 ns
[2025-03-14T06:07:52.754+0000][1089][safepoint   ] Safepoint "Cleanup", Time since last: 2000351258 ns, Reaching safepoint: 10708 ns, Cleanup: 14791 ns, At safepoint: 5833 ns, Total: 31332 ns
[2025-03-14T06:07:54.754+0000][1089][safepoint   ] Safepoint "Cleanup", Time since last: 2000167275 ns, Reaching safepoint: 44415 ns, Cleanup: 17207 ns, At safepoint: 7042 ns, Total: 68664 ns
[2025-03-14T06:07:55.754+0000][1089][safepoint   ] Safepoint "Cleanup", Time since last: 1000124029 ns, Reaching safepoint: 8083 ns, Cleanup: 30458 ns, At safepoint: 6291 ns, Total: 44832 ns
[2025-03-14T06:07:58.757+0000][1089][safepoint   ] Safepoint "Cleanup", Time since last: 3001893757 ns, Reaching safepoint: 61623 ns, Cleanup: 156453 ns, At safepoint: 30749 ns, Total: 248825 ns
[2025-03-14T06:08:00.758+0000][1089][safepoint   ] Safepoint "Cleanup", Time since last: 2001767292 ns, Reaching safepoint: 24832 ns, Cleanup: 34582 ns, At safepoint: 16958 ns, Total: 76372 ns
[2025-03-14T06:08:01.760+0000][1089][safepoint   ] Safepoint "Cleanup", Time since last: 1001178606 ns, Reaching safepoint: 98247 ns, Cleanup: 41374 ns, At safepoint: 18749 ns, Total: 158370 ns
[2025-03-14T06:08:02.760+0000][1089][safepoint   ] Safepoint "Cleanup", Time since last: 1000325883 ns, Reaching safepoint: 38332 ns, Cleanup: 53831 ns, At safepoint: 12000 ns, Total: 104163 ns
[2025-03-14T06:08:04.761+0000][1089][safepoint   ] Safepoint "Cleanup", Time since last: 2001172076 ns, Reaching safepoint: 8958 ns, Cleanup: 14416 ns, At safepoint: 5250 ns, Total: 28624 ns
[2025-03-14T06:08:05.762+0000][1089][safepoint   ] Safepoint "Cleanup", Time since last: 1000710825 ns, Reaching safepoint: 7458 ns, Cleanup: 11042 ns, At safepoint: 4791 ns, Total: 23291 ns
[2025-03-14T06:08:07.762+0000][1089][safepoint   ] Safepoint "Cleanup", Time since last: 2000163494 ns, Reaching safepoint: 10708 ns, Cleanup: 22499 ns, At safepoint: 5834 ns, Total: 39041 ns
[2025-03-14T06:08:08.762+0000][1089][safepoint   ] Safepoint "Cleanup", Time since last: 1000088523 ns, Reaching safepoint: 6583 ns, Cleanup: 16041 ns, At safepoint: 5042 ns, Total: 27666 ns
[2025-03-14T06:08:10.763+0000][1089][safepoint   ] Safepoint "Cleanup", Time since last: 2000620341 ns, Reaching safepoint: 13583 ns, Cleanup: 28541 ns, At safepoint: 6333 ns, Total: 48457 ns
[2025-03-14T06:08:13.763+0000][1089][safepoint   ] Safepoint "Cleanup", Time since last: 3000178787 ns, Reaching safepoint: 6208 ns, Cleanup: 42373 ns, At safepoint: 5000 ns, Total: 53581 ns
[2025-03-14T06:08:15.764+0000][1089][safepoint   ] Safepoint "Cleanup", Time since last: 2000169200 ns, Reaching safepoint: 28958 ns, Cleanup: 11083 ns, At safepoint: 5041 ns, Total: 45082 ns
[2025-03-14T06:08:16.764+0000][1089][safepoint   ] Safepoint "Cleanup", Time since last: 1000662328 ns, Reaching safepoint: 51165 ns, Cleanup: 67247 ns, At safepoint: 17291 ns, Total: 135703 ns
[2025-03-14T06:08:19.766+0000][1089][safepoint   ] Safepoint "Cleanup", Time since last: 3001371340 ns, Reaching safepoint: 10042 ns, Cleanup: 52581 ns, At safepoint: 9583 ns, Total: 72206 ns
[2025-03-14T06:08:20.766+0000][1089][safepoint   ] Safepoint "Cleanup", Time since last: 1000394189 ns, Reaching safepoint: 18166 ns, Cleanup: 33082 ns, At safepoint: 15541 ns, Total: 66789 ns
[2025-03-14T06:08:22.767+0000][1089][safepoint   ] Safepoint "Cleanup", Time since last: 2001039337 ns, Reaching safepoint: 6208 ns, Cleanup: 30582 ns, At safepoint: 4750 ns, Total: 41540 ns
[2025-03-14T06:08:23.768+0000][1089][safepoint   ] Safepoint "Cleanup", Time since last: 1000213415 ns, Reaching safepoint: 5250 ns, Cleanup: 5666 ns, At safepoint: 4167 ns, Total: 15083 ns
[2025-03-14T06:08:25.768+0000][1089][safepoint   ] Safepoint "Cleanup", Time since last: 2000139607 ns, Reaching safepoint: 75997 ns, Cleanup: 12166 ns, At safepoint: 5417 ns, Total: 93580 ns
[2025-03-14T06:08:27.768+0000][1089][safepoint   ] Safepoint "Cleanup", Time since last: 2000139272 ns, Reaching safepoint: 8917 ns, Cleanup: 28415 ns, At safepoint: 5959 ns, Total: 43291 ns
[2025-03-14T06:08:28.257+0000][1089][safepoint   ] Safepoint "ICBufferFull", Time since last: 488469803 ns, Reaching safepoint: 4124 ns, Cleanup: 70248 ns, At safepoint: 4875 ns, Total: 79247 ns
[2025-03-14T06:08:28.368+0000][1089][safepoint   ] Safepoint "ICBufferFull", Time since last: 111472299 ns, Reaching safepoint: 6292 ns, Cleanup: 83247 ns, At safepoint: 5625 ns, Total: 95164 ns
[2025-03-14T06:08:28.528+0000][1089][safepoint   ] Safepoint "ICBufferFull", Time since last: 159448539 ns, Reaching safepoint: 72498 ns, Cleanup: 84663 ns, At safepoint: 5792 ns, Total: 162953 ns
[2025-03-14T06:08:28.611+0000][1089][safepoint   ] Safepoint "ICBufferFull", Time since last: 77670760 ns, Reaching safepoint: 5902289 ns, Cleanup: 74330 ns, At safepoint: 7167 ns, Total: 5983786 ns
[2025-03-14T06:08:28.989+0000][1089][safepoint   ] Safepoint "ICBufferFull", Time since last: 375258727 ns, Reaching safepoint: 2716153 ns, Cleanup: 82164 ns, At safepoint: 5458 ns, Total: 2803775 ns
[2025-03-14T06:08:29.249+0000][1089][safepoint   ] Safepoint "ICBufferFull", Time since last: 259921354 ns, Reaching safepoint: 4416 ns, Cleanup: 83539 ns, At safepoint: 5541 ns, Total: 93496 ns
[2025-03-14T06:08:30.250+0000][1089][safepoint   ] Safepoint "Cleanup", Time since last: 1000085620 ns, Reaching safepoint: 7291 ns, Cleanup: 61706 ns, At safepoint: 4917 ns, Total: 73914 ns
[2025-03-14T06:08:31.283+0000][1089][safepoint   ] Safepoint "Cleanup", Time since last: 1032832676 ns, Reaching safepoint: 5625 ns, Cleanup: 59998 ns, At safepoint: 4792 ns, Total: 70415 ns
[2025-03-14T06:08:32.283+0000][1089][safepoint   ] Safepoint "Cleanup", Time since last: 1000093207 ns, Reaching safepoint: 689975 ns, Cleanup: 12750 ns, At safepoint: 6875 ns, Total: 709600 ns
[2025-03-14T06:08:33.283+0000][1089][safepoint   ] Safepoint "Cleanup", Time since last: 1000088316 ns, Reaching safepoint: 6499 ns, Cleanup: 10208 ns, At safepoint: 2417 ns, Total: 19124 ns
[2025-03-14T06:08:34.285+0000][1089][safepoint   ] Safepoint "Cleanup", Time since last: 1000814148 ns, Reaching safepoint: 805013 ns, Cleanup: 24707 ns, At safepoint: 11000 ns, Total: 840720 ns
[2025-03-14T06:08:35.285+0000][1089][safepoint   ] Safepoint "Cleanup", Time since last: 1000173113 ns, Reaching safepoint: 16708 ns, Cleanup: 60998 ns, At safepoint: 8999 ns, Total: 86705 ns
[2025-03-14T06:08:36.286+0000][1089][safepoint   ] Safepoint "Cleanup", Time since last: 1000110684 ns, Reaching safepoint: 12708 ns, Cleanup: 31040 ns, At safepoint: 5417 ns, Total: 49165 ns
[2025-03-14T06:08:37.286+0000][1089][safepoint   ] Safepoint "Cleanup", Time since last: 1000681689 ns, Reaching safepoint: 5250 ns, Cleanup: 19791 ns, At safepoint: 9250 ns, Total: 34291 ns
[2025-03-14T06:08:38.287+0000][1089][safepoint   ] Safepoint "Cleanup", Time since last: 1000324896 ns, Reaching safepoint: 23374 ns, Cleanup: 95580 ns, At safepoint: 16791 ns, Total: 135745 ns
[2025-03-14T06:08:40.288+0000][1089][safepoint   ] Safepoint "Cleanup", Time since last: 2001500011 ns, Reaching safepoint: 176077 ns, Cleanup: 21791 ns, At safepoint: 5708 ns, Total: 203576 ns
[2025-03-14T06:08:41.290+0000][1089][safepoint   ] Safepoint "Cleanup", Time since last: 1001322944 ns, Reaching safepoint: 72414 ns, Cleanup: 58707 ns, At safepoint: 67539 ns, Total: 198660 ns
[2025-03-14T06:08:43.291+0000][1089][safepoint   ] Safepoint "Cleanup", Time since last: 2001398520 ns, Reaching safepoint: 7291 ns, Cleanup: 7000 ns, At safepoint: 4875 ns, Total: 19166 ns
[2025-03-14T06:08:44.292+0000][1089][safepoint   ] Safepoint "Cleanup", Time since last: 1000682679 ns, Reaching safepoint: 7250 ns, Cleanup: 11583 ns, At safepoint: 4166 ns, Total: 22999 ns
[2025-03-14T06:08:46.293+0000][1089][safepoint   ] Safepoint "Cleanup", Time since last: 2001274953 ns, Reaching safepoint: 5667 ns, Cleanup: 14749 ns, At safepoint: 4542 ns, Total: 24958 ns
[2025-03-14T06:08:47.293+0000][1089][safepoint   ] Safepoint "Cleanup", Time since last: 1000091792 ns, Reaching safepoint: 21874 ns, Cleanup: 11416 ns, At safepoint: 5667 ns, Total: 38957 ns
[2025-03-14T06:08:49.294+0000][1089][safepoint   ] Safepoint "Cleanup", Time since last: 2000204010 ns, Reaching safepoint: 100246 ns, Cleanup: 16916 ns, At safepoint: 12166 ns, Total: 129328 ns
[2025-03-14T06:08:50.812+0000][1089][safepoint   ] Safepoint "Cleanup", Time since last: 1517754023 ns, Reaching safepoint: 28416 ns, Cleanup: 67331 ns, At safepoint: 9874 ns, Total: 105621 ns
[2025-03-14T06:08:52.812+0000][1089][safepoint   ] Safepoint "Cleanup", Time since last: 2000169068 ns, Reaching safepoint: 15583 ns, Cleanup: 22457 ns, At safepoint: 5708 ns, Total: 43748 ns
[2025-03-14T06:08:53.812+0000][1089][safepoint   ] Safepoint "Cleanup", Time since last: 1000102937 ns, Reaching safepoint: 20999 ns, Cleanup: 20083 ns, At safepoint: 6499 ns, Total: 47581 ns
[2025-03-14T06:08:54.812+0000][1089][safepoint   ] Safepoint "Cleanup", Time since last: 1000102053 ns, Reaching safepoint: 36041 ns, Cleanup: 23790 ns, At safepoint: 5958 ns, Total: 65789 ns
[2025-03-14T06:08:55.812+0000][1089][safepoint   ] Safepoint "Cleanup", Time since last: 1000125544 ns, Reaching safepoint: 23041 ns, Cleanup: 33749 ns, At safepoint: 5999 ns, Total: 62789 ns
[2025-03-14T06:08:58.814+0000][1089][safepoint   ] Safepoint "Cleanup", Time since last: 3000939438 ns, Reaching safepoint: 146578 ns, Cleanup: 71623 ns, At safepoint: 23874 ns, Total: 242075 ns
[2025-03-14T06:08:59.815+0000][1089][safepoint   ] Safepoint "Cleanup", Time since last: 1000812404 ns, Reaching safepoint: 56123 ns, Cleanup: 93497 ns, At safepoint: 30332 ns, Total: 179952 ns
[2025-03-14T06:09:00.815+0000][1089][safepoint   ] Safepoint "Cleanup", Time since last: 1000379455 ns, Reaching safepoint: 39540 ns, Cleanup: 42873 ns, At safepoint: 18541 ns, Total: 100954 ns
[2025-03-14T06:09:04.817+0000][1089][safepoint   ] Safepoint "Cleanup", Time since last: 4002201769 ns, Reaching safepoint: 85330 ns, Cleanup: 13791 ns, At safepoint: 5542 ns, Total: 104663 ns
[2025-03-14T06:09:05.818+0000][1089][safepoint   ] Safepoint "Cleanup", Time since last: 1000741909 ns, Reaching safepoint: 39248 ns, Cleanup: 24999 ns, At safepoint: 8875 ns, Total: 73122 ns
[2025-03-14T06:09:07.818+0000][1089][safepoint   ] Safepoint "Cleanup", Time since last: 2000164640 ns, Reaching safepoint: 7750 ns, Cleanup: 18707 ns, At safepoint: 4833 ns, Total: 31290 ns
[2025-03-14T06:09:08.819+0000][1089][safepoint   ] Safepoint "Cleanup", Time since last: 1000170913 ns, Reaching safepoint: 7458 ns, Cleanup: 16333 ns, At safepoint: 5791 ns, Total: 29582 ns
[2025-03-14T06:09:10.819+0000][1089][safepoint   ] Safepoint "Cleanup", Time since last: 2000152733 ns, Reaching safepoint: 7208 ns, Cleanup: 47998 ns, At safepoint: 6917 ns, Total: 62123 ns
[2025-03-14T06:09:16.820+0000][1089][safepoint   ] Safepoint "Cleanup", Time since last: 6001443129 ns, Reaching safepoint: 44124 ns, Cleanup: 64373 ns, At safepoint: 9124 ns, Total: 117621 ns
[2025-03-14T06:09:17.821+0000][1089][safepoint   ] Safepoint "Cleanup", Time since last: 1000512649 ns, Reaching safepoint: 205743 ns, Cleanup: 90288 ns, At safepoint: 39124 ns, Total: 335155 ns
[2025-03-14T06:09:19.823+0000][1089][safepoint   ] Safepoint "Cleanup", Time since last: 2001613182 ns, Reaching safepoint: 25624 ns, Cleanup: 42790 ns, At safepoint: 46248 ns, Total: 114662 ns
[2025-03-14T06:09:20.823+0000][1089][safepoint   ] Safepoint "Cleanup", Time since last: 1000132526 ns, Reaching safepoint: 7000 ns, Cleanup: 10583 ns, At safepoint: 4583 ns, Total: 22166 ns
[2025-03-14T06:09:22.823+0000][1089][safepoint   ] Safepoint "Cleanup", Time since last: 2000323123 ns, Reaching safepoint: 9458 ns, Cleanup: 18458 ns, At safepoint: 4833 ns, Total: 32749 ns
[2025-03-14T06:09:23.824+0000][1089][safepoint   ] Safepoint "Cleanup", Time since last: 1000093225 ns, Reaching safepoint: 7333 ns, Cleanup: 23083 ns, At safepoint: 4333 ns, Total: 34749 ns
[2025-03-14T06:09:25.824+0000][1089][safepoint   ] Safepoint "Cleanup", Time since last: 2000840250 ns, Reaching safepoint: 7542 ns, Cleanup: 42998 ns, At safepoint: 6333 ns, Total: 56873 ns
[2025-03-14T06:09:28.825+0000][1089][safepoint   ] Safepoint "Cleanup", Time since last: 3000309262 ns, Reaching safepoint: 191535 ns, Cleanup: 104496 ns, At safepoint: 27082 ns, Total: 323113 ns
[2025-03-14T06:09:29.825+0000][1089][safepoint   ] Safepoint "Cleanup", Time since last: 1000246077 ns, Reaching safepoint: 8708 ns, Cleanup: 42665 ns, At safepoint: 4041 ns, Total: 55414 ns
[2025-03-14T06:09:30.826+0000][1089][safepoint   ] Safepoint "Cleanup", Time since last: 1000102496 ns, Reaching safepoint: 8999 ns, Cleanup: 15083 ns, At safepoint: 6292 ns, Total: 30374 ns
[2025-03-14T06:09:31.826+0000][1089][safepoint   ] Safepoint "Cleanup", Time since last: 1000094909 ns, Reaching safepoint: 9083 ns, Cleanup: 23166 ns, At safepoint: 4208 ns, Total: 36457 ns
[2025-03-14T06:09:32.826+0000][1089][safepoint   ] Safepoint "Cleanup", Time since last: 1000147281 ns, Reaching safepoint: 9458 ns, Cleanup: 13083 ns, At safepoint: 5499 ns, Total: 28040 ns
[2025-03-14T06:09:34.826+0000][1089][safepoint   ] Safepoint "Cleanup", Time since last: 2000258221 ns, Reaching safepoint: 19875 ns, Cleanup: 11416 ns, At safepoint: 6250 ns, Total: 37541 ns
[2025-03-14T06:09:35.826+0000][1089][safepoint   ] Safepoint "Cleanup", Time since last: 1000097816 ns, Reaching safepoint: 36082 ns, Cleanup: 25083 ns, At safepoint: 7791 ns, Total: 68956 ns
[2025-03-14T06:09:37.828+0000][1089][safepoint   ] Safepoint "Cleanup", Time since last: 2001609408 ns, Reaching safepoint: 13583 ns, Cleanup: 22666 ns, At safepoint: 7874 ns, Total: 44123 ns
[2025-03-14T06:09:40.829+0000][1089][safepoint   ] Safepoint "Cleanup", Time since last: 3000809322 ns, Reaching safepoint: 12499 ns, Cleanup: 23749 ns, At safepoint: 8250 ns, Total: 44498 ns
[2025-03-14T06:09:43.831+0000][1089][safepoint   ] Safepoint "Cleanup", Time since last: 3001665388 ns, Reaching safepoint: 63754 ns, Cleanup: 27586 ns, At safepoint: 8792 ns, Total: 100132 ns
[2025-03-14T06:09:46.831+0000][1089][safepoint   ] Safepoint "Cleanup", Time since last: 3000250700 ns, Reaching safepoint: 22876 ns, Cleanup: 24835 ns, At safepoint: 6084 ns, Total: 53795 ns
[2025-03-14T06:09:47.831+0000][1089][safepoint   ] Safepoint "Cleanup", Time since last: 1000109384 ns, Reaching safepoint: 38794 ns, Cleanup: 19460 ns, At safepoint: 6250 ns, Total: 64504 ns
[2025-03-14T06:09:48.832+0000][1089][safepoint   ] Safepoint "Cleanup", Time since last: 1000294895 ns, Reaching safepoint: 358106 ns, Cleanup: 219973 ns, At safepoint: 105673 ns, Total: 683752 ns
[2025-03-14T06:09:49.832+0000][1089][safepoint   ] Safepoint "Cleanup", Time since last: 1000323312 ns, Reaching safepoint: 69963 ns, Cleanup: 35210 ns, At safepoint: 13793 ns, Total: 118966 ns
[2025-03-14T06:09:50.865+0000][1089][safepoint   ] Safepoint "Cleanup", Time since last: 1032975971 ns, Reaching safepoint: 11375 ns, Cleanup: 14501 ns, At safepoint: 4084 ns, Total: 29960 ns
[2025-03-14T06:09:51.866+0000][1089][safepoint   ] Safepoint "Cleanup", Time since last: 1000118796 ns, Reaching safepoint: 17459 ns, Cleanup: 36544 ns, At safepoint: 12126 ns, Total: 66129 ns
[2025-03-14T06:09:52.868+0000][1089][safepoint   ] Safepoint "Cleanup", Time since last: 1000304098 ns, Reaching safepoint: 2134011 ns, Cleanup: 51919 ns, At safepoint: 11251 ns, Total: 2197181 ns
[2025-03-14T06:09:53.868+0000][1089][safepoint   ] Safepoint "Cleanup", Time since last: 1000144295 ns, Reaching safepoint: 47628 ns, Cleanup: 18251 ns, At safepoint: 7709 ns, Total: 73588 ns
[2025-03-14T06:09:55.869+0000][1089][safepoint   ] Safepoint "Cleanup", Time since last: 2000204914 ns, Reaching safepoint: 55503 ns, Cleanup: 54087 ns, At safepoint: 9000 ns, Total: 118590 ns
[2025-03-14T06:09:59.872+0000][1089][safepoint   ] Safepoint "Cleanup", Time since last: 4002616287 ns, Reaching safepoint: 254350 ns, Cleanup: 116257 ns, At safepoint: 33044 ns, Total: 403651 ns
[2025-03-14T06:10:01.873+0000][1089][safepoint   ] Safepoint "Cleanup", Time since last: 2000490543 ns, Reaching safepoint: 36127 ns, Cleanup: 279060 ns, At safepoint: 23376 ns, Total: 338563 ns
[2025-03-14T06:10:03.873+0000][1089][safepoint   ] Safepoint "Cleanup", Time since last: 2000444495 ns, Reaching safepoint: 50211 ns, Cleanup: 13126 ns, At safepoint: 4042 ns, Total: 67379 ns
[2025-03-14T06:10:04.873+0000][1089][safepoint   ] Safepoint "Cleanup", Time since last: 1000095905 ns, Reaching safepoint: 38252 ns, Cleanup: 35419 ns, At safepoint: 5625 ns, Total: 79296 ns
[2025-03-14T06:10:05.874+0000][1089][safepoint   ] Safepoint "Cleanup", Time since last: 1001109385 ns, Reaching safepoint: 25585 ns, Cleanup: 40419 ns, At safepoint: 10334 ns, Total: 76338 ns
[2025-03-14T06:10:07.875+0000][1089][safepoint   ] Safepoint "Cleanup", Time since last: 2000385526 ns, Reaching safepoint: 20876 ns, Cleanup: 23543 ns, At safepoint: 5667 ns, Total: 50086 ns
[2025-03-14T06:10:08.875+0000][1089][safepoint   ] Safepoint "Cleanup", Time since last: 1000116152 ns, Reaching safepoint: 32336 ns, Cleanup: 22626 ns, At safepoint: 10668 ns, Total: 65630 ns
[2025-03-14T06:10:10.875+0000][1089][safepoint   ] Safepoint "Cleanup", Time since last: 2000189549 ns, Reaching safepoint: 12959 ns, Cleanup: 18543 ns, At safepoint: 7042 ns, Total: 38544 ns
[2025-03-14T06:10:13.876+0000][1089][safepoint   ] Safepoint "Cleanup", Time since last: 3000261401 ns, Reaching safepoint: 481864 ns, Cleanup: 85881 ns, At safepoint: 28001 ns, Total: 595746 ns
[2025-03-14T06:10:16.877+0000][1089][safepoint   ] Safepoint "Cleanup", Time since last: 3000810347 ns, Reaching safepoint: 35502 ns, Cleanup: 20085 ns, At safepoint: 6833 ns, Total: 62420 ns
[2025-03-14T06:10:17.877+0000][1089][safepoint   ] Safepoint "Cleanup", Time since last: 1000168650 ns, Reaching safepoint: 26835 ns, Cleanup: 25210 ns, At safepoint: 6000 ns, Total: 58045 ns
[2025-03-14T06:10:18.877+0000][1089][safepoint   ] Safepoint "Cleanup", Time since last: 1000111353 ns, Reaching safepoint: 56212 ns, Cleanup: 14918 ns, At safepoint: 8209 ns, Total: 79339 ns
[2025-03-14T06:10:19.878+0000][1089][safepoint   ] Safepoint "Cleanup", Time since last: 1000317324 ns, Reaching safepoint: 27169 ns, Cleanup: 66295 ns, At safepoint: 9668 ns, Total: 103132 ns
[2025-03-14T06:10:20.879+0000][1089][safepoint   ] Safepoint "Cleanup", Time since last: 1000663887 ns, Reaching safepoint: 137051 ns, Cleanup: 362398 ns, At safepoint: 16709 ns, Total: 516158 ns
[2025-03-14T06:10:25.881+0000][1089][safepoint   ] Safepoint "Cleanup", Time since last: 5002328116 ns, Reaching safepoint: 55379 ns, Cleanup: 12959 ns, At safepoint: 11542 ns, Total: 79880 ns
[2025-03-14T06:10:28.883+0000][1089][safepoint   ] Safepoint "Cleanup", Time since last: 3000935377 ns, Reaching safepoint: 111799 ns, Cleanup: 142300 ns, At safepoint: 9584 ns, Total: 263683 ns
[2025-03-14T06:10:29.883+0000][1089][safepoint   ] Safepoint "Cleanup", Time since last: 1000140100 ns, Reaching safepoint: 11167 ns, Cleanup: 15626 ns, At safepoint: 5959 ns, Total: 32752 ns
[2025-03-14T06:10:31.883+0000][1089][safepoint   ] Safepoint "Cleanup", Time since last: 2000189818 ns, Reaching safepoint: 443028 ns, Cleanup: 44378 ns, At safepoint: 13334 ns, Total: 500740 ns
[2025-03-14T06:10:34.884+0000][1089][safepoint   ] Safepoint "Cleanup", Time since last: 3000417711 ns, Reaching safepoint: 8209 ns, Cleanup: 9042 ns, At safepoint: 4626 ns, Total: 21877 ns
[2025-03-14T06:10:35.298+0000][1089][gc,start    ] GC(26) Pause Young (Normal) (G1 Evacuation Pause)
[2025-03-14T06:10:35.299+0000][1089][gc,task     ] GC(26) Using 1 workers of 1 for evacuation
[2025-03-14T06:10:35.299+0000][1089][gc,age      ] GC(26) Desired survivor size 62914560 bytes, new threshold 15 (max threshold 15)
[2025-03-14T06:10:35.352+0000][1089][gc,phases   ] GC(26)   Pre Evacuate Collection Set: 0.44ms
[2025-03-14T06:10:35.352+0000][1089][gc,phases   ] GC(26)   Merge Heap Roots: 0.20ms
[2025-03-14T06:10:35.352+0000][1089][gc,phases   ] GC(26)   Evacuate Collection Set: 48.77ms
[2025-03-14T06:10:35.352+0000][1089][gc,phases   ] GC(26)   Post Evacuate Collection Set: 3.41ms
[2025-03-14T06:10:35.352+0000][1089][gc,phases   ] GC(26)   Other: 0.31ms
[2025-03-14T06:10:35.352+0000][1089][gc,age      ] GC(26) Age table with threshold 15 (max threshold 15)
[2025-03-14T06:10:35.352+0000][1089][gc,age      ] GC(26) - age   1:    3997064 bytes,    3997064 total
[2025-03-14T06:10:35.352+0000][1089][gc,age      ] GC(26) - age   2:      12104 bytes,    4009168 total
[2025-03-14T06:10:35.352+0000][1089][gc,age      ] GC(26) - age   3:     396968 bytes,    4406136 total
[2025-03-14T06:10:35.352+0000][1089][gc,age      ] GC(26) - age   4:    2166752 bytes,    6572888 total
[2025-03-14T06:10:35.352+0000][1089][gc,heap     ] GC(26) Eden regions: 233->0(290)
[2025-03-14T06:10:35.352+0000][1089][gc,heap     ] GC(26) Survivor regions: 1->2(30)
[2025-03-14T06:10:35.352+0000][1089][gc,heap     ] GC(26) Old regions: 23->23
[2025-03-14T06:10:35.352+0000][1089][gc,heap     ] GC(26) Humongous regions: 5->5
[2025-03-14T06:10:35.352+0000][1089][gc,metaspace] GC(26) Metaspace: 119613K(122752K)->119613K(122752K) NonClass: 103210K(104896K)->103210K(104896K) Class: 16402K(17856K)->16402K(17856K)
[2025-03-14T06:10:35.352+0000][1089][gc          ] GC(26) Pause Young (Normal) (G1 Evacuation Pause) 1047M->118M(1952M) 53.271ms
[2025-03-14T06:10:35.352+0000][1089][gc,cpu      ] GC(26) User=0.05s Sys=0.00s Real=0.05s
[2025-03-14T06:10:35.356+0000][1089][safepoint   ] Safepoint "G1CollectForAllocation", Time since last: 414411685 ns, Reaching safepoint: 24335 ns, Cleanup: 9750 ns, At safepoint: 57952061 ns, Total: 57986146 ns
[2025-03-14T06:10:36.357+0000][1089][safepoint   ] Safepoint "Cleanup", Time since last: 1000863435 ns, Reaching safepoint: 10292 ns, Cleanup: 27210 ns, At safepoint: 5209 ns, Total: 42711 ns
[2025-03-14T06:10:37.357+0000][1089][safepoint   ] Safepoint "Cleanup", Time since last: 1000100594 ns, Reaching safepoint: 15001 ns, Cleanup: 11459 ns, At safepoint: 5292 ns, Total: 31752 ns
[2025-03-14T06:10:40.358+0000][1089][safepoint   ] Safepoint "Cleanup", Time since last: 3000645137 ns, Reaching safepoint: 180720 ns, Cleanup: 32460 ns, At safepoint: 6126 ns, Total: 219306 ns
[2025-03-14T06:10:41.359+0000][1089][safepoint   ] Safepoint "Cleanup", Time since last: 1000673421 ns, Reaching safepoint: 186054 ns, Cleanup: 36627 ns, At safepoint: 27293 ns, Total: 249974 ns
[2025-03-14T06:10:42.361+0000][1089][safepoint   ] Safepoint "Cleanup", Time since last: 1001597563 ns, Reaching safepoint: 166261 ns, Cleanup: 37252 ns, At safepoint: 214181 ns, Total: 417694 ns
[2025-03-14T06:10:43.363+0000][1089][safepoint   ] Safepoint "Cleanup", Time since last: 1002164265 ns, Reaching safepoint: 5876 ns, Cleanup: 11625 ns, At safepoint: 5001 ns, Total: 22502 ns
[2025-03-14T06:10:44.364+0000][1089][safepoint   ] Safepoint "Cleanup", Time since last: 1000164291 ns, Reaching safepoint: 333947 ns, Cleanup: 98746 ns, At safepoint: 20124 ns, Total: 452817 ns
[2025-03-14T06:10:45.366+0000][1089][safepoint   ] Safepoint "Cleanup", Time since last: 1001638404 ns, Reaching safepoint: 27999 ns, Cleanup: 19791 ns, At safepoint: 5125 ns, Total: 52915 ns
[2025-03-14T06:10:46.366+0000][1089][safepoint   ] Safepoint "Cleanup", Time since last: 1000171832 ns, Reaching safepoint: 14208 ns, Cleanup: 14999 ns, At safepoint: 5500 ns, Total: 34707 ns
[2025-03-14T06:10:48.366+0000][1089][safepoint   ] Safepoint "Cleanup", Time since last: 2000191752 ns, Reaching safepoint: 60081 ns, Cleanup: 13708 ns, At safepoint: 5667 ns, Total: 79456 ns
[2025-03-14T06:10:50.923+0000][1089][safepoint   ] Safepoint "Cleanup", Time since last: 2556827732 ns, Reaching safepoint: 10500 ns, Cleanup: 12499 ns, At safepoint: 5084 ns, Total: 28083 ns
[2025-03-14T06:10:52.923+0000][1089][safepoint   ] Safepoint "Cleanup", Time since last: 2000153501 ns, Reaching safepoint: 10666 ns, Cleanup: 29458 ns, At safepoint: 5000 ns, Total: 45124 ns
[2025-03-14T06:10:55.924+0000][1089][safepoint   ] Safepoint "Cleanup", Time since last: 3001151884 ns, Reaching safepoint: 22040 ns, Cleanup: 33249 ns, At safepoint: 5167 ns, Total: 60456 ns
[2025-03-14T06:10:58.925+0000][1089][safepoint   ] Safepoint "Cleanup", Time since last: 3000248790 ns, Reaching safepoint: 206826 ns, Cleanup: 67164 ns, At safepoint: 10291 ns, Total: 284281 ns
[2025-03-14T06:10:59.926+0000][1089][safepoint   ] Safepoint "Cleanup", Time since last: 1000563149 ns, Reaching safepoint: 71372 ns, Cleanup: 97247 ns, At safepoint: 25832 ns, Total: 194451 ns
[2025-03-14T06:11:01.928+0000][1089][safepoint   ] Safepoint "Cleanup", Time since last: 2001919059 ns, Reaching safepoint: 175952 ns, Cleanup: 69789 ns, At safepoint: 19500 ns, Total: 265241 ns
[2025-03-14T06:11:03.929+0000][1089][safepoint   ] Safepoint "Cleanup", Time since last: 2000654188 ns, Reaching safepoint: 78205 ns, Cleanup: 20083 ns, At safepoint: 5708 ns, Total: 103996 ns
[2025-03-14T06:11:04.929+0000][1089][safepoint   ] Safepoint "Cleanup", Time since last: 1000703226 ns, Reaching safepoint: 11916 ns, Cleanup: 22666 ns, At safepoint: 5291 ns, Total: 39873 ns
[2025-03-14T06:11:07.930+0000][1089][safepoint   ] Safepoint "Cleanup", Time since last: 3000502111 ns, Reaching safepoint: 19041 ns, Cleanup: 93205 ns, At safepoint: 7749 ns, Total: 119995 ns
[2025-03-14T06:11:08.930+0000][1089][safepoint   ] Safepoint "Cleanup", Time since last: 1000092998 ns, Reaching safepoint: 13583 ns, Cleanup: 5041 ns, At safepoint: 7417 ns, Total: 26041 ns
[2025-03-14T06:11:10.930+0000][1089][safepoint   ] Safepoint "Cleanup", Time since last: 2000169828 ns, Reaching safepoint: 10083 ns, Cleanup: 35457 ns, At safepoint: 4875 ns, Total: 50415 ns
[2025-03-14T06:11:16.931+0000][1089][safepoint   ] Safepoint "Cleanup", Time since last: 6000456319 ns, Reaching safepoint: 95830 ns, Cleanup: 31332 ns, At safepoint: 8042 ns, Total: 135204 ns
[2025-03-14T06:11:18.932+0000][1089][safepoint   ] Safepoint "Cleanup", Time since last: 2000976214 ns, Reaching safepoint: 12958 ns, Cleanup: 18833 ns, At safepoint: 10208 ns, Total: 41999 ns
[2025-03-14T06:11:19.933+0000][1089][safepoint   ] Safepoint "Cleanup", Time since last: 1001038920 ns, Reaching safepoint: 42915 ns, Cleanup: 53998 ns, At safepoint: 17666 ns, Total: 114579 ns
[2025-03-14T06:11:22.935+0000][1089][safepoint   ] Safepoint "Cleanup", Time since last: 3002228626 ns, Reaching safepoint: 29041 ns, Cleanup: 14041 ns, At safepoint: 7542 ns, Total: 50624 ns
[2025-03-14T06:11:28.936+0000][1089][safepoint   ] Safepoint "Cleanup", Time since last: 6000406106 ns, Reaching safepoint: 32499 ns, Cleanup: 48665 ns, At safepoint: 11124 ns, Total: 92288 ns
[2025-03-14T06:11:29.936+0000][1089][safepoint   ] Safepoint "Cleanup", Time since last: 1000113745 ns, Reaching safepoint: 9542 ns, Cleanup: 19124 ns, At safepoint: 5167 ns, Total: 33833 ns
[2025-03-14T06:11:30.936+0000][1089][safepoint   ] Safepoint "Cleanup", Time since last: 1000095953 ns, Reaching safepoint: 14917 ns, Cleanup: 10583 ns, At safepoint: 5249 ns, Total: 30749 ns
[2025-03-14T06:11:31.936+0000][1089][safepoint   ] Safepoint "Cleanup", Time since last: 1000100412 ns, Reaching safepoint: 16666 ns, Cleanup: 21083 ns, At safepoint: 7083 ns, Total: 44832 ns
[2025-03-14T06:11:32.797+0000][1089][gc,heap,exit] Heap
[2025-03-14T06:11:32.797+0000][1089][gc,heap,exit]  garbage-first heap   total reserved 1998848K, committed 1998848K, used 412799K [0x0000000086000000, 0x0000000100000000)
[2025-03-14T06:11:32.797+0000][1089][gc,heap,exit]   region size 4096K, 74 young (303104K), 2 survivors (8192K)
[2025-03-14T06:11:32.797+0000][1089][gc,heap,exit]  Metaspace       used 120046K, committed 123264K, reserved 1179648K
[2025-03-14T06:11:32.797+0000][1089][gc,heap,exit]   class space    used 16436K, committed 17920K, reserved 1048576K
