[2025-03-14T05:21:24.592+0000][1287][gc,init] CardTable entry size: 512
[2025-03-14T05:21:24.596+0000][1287][gc     ] Using G1
[2025-03-14T05:21:28.038+0000][1287][gc,init] Version: 22.0.2+9-70 (release)
[2025-03-14T05:21:28.038+0000][1287][gc,init] CPUs: 1 total, 1 available
[2025-03-14T05:21:28.038+0000][1287][gc,init] Memory: 3903M
[2025-03-14T05:21:28.038+0000][1287][gc,init] Large Page Support: Disabled
[2025-03-14T05:21:28.038+0000][1287][gc,init] NUMA Support: Disabled
[2025-03-14T05:21:28.038+0000][1287][gc,init] Compressed Oops: Enabled (32-bit)
[2025-03-14T05:21:28.038+0000][1287][gc,init] Heap Region Size: 4M
[2025-03-14T05:21:28.038+0000][1287][gc,init] Heap Min Capacity: 1952M
[2025-03-14T05:21:28.038+0000][1287][gc,init] Heap Initial Capacity: 1952M
[2025-03-14T05:21:28.038+0000][1287][gc,init] Heap Max Capacity: 1952M
[2025-03-14T05:21:28.038+0000][1287][gc,init] Pre-touch: Enabled
[2025-03-14T05:21:28.038+0000][1287][gc,init] Parallel Workers: 1
[2025-03-14T05:21:28.038+0000][1287][gc,init] Concurrent Workers: 1
[2025-03-14T05:21:28.038+0000][1287][gc,init] Concurrent Refinement Workers: 1
[2025-03-14T05:21:28.038+0000][1287][gc,init] Periodic GC: Disabled
[2025-03-14T05:21:28.073+0000][1287][gc,metaspace] CDS archive(s) mapped at: [0x000001fc00000000-0x000001fc00c80000-0x000001fc00c80000), size 13107200, SharedBaseAddress: 0x000001fc00000000, ArchiveRelocationMode: 1.
[2025-03-14T05:21:28.076+0000][1287][gc,metaspace] Compressed class space mapped at: 0x000001fc01000000-0x000001fc41000000, reserved size: 1073741824
[2025-03-14T05:21:28.076+0000][1287][gc,metaspace] Narrow klass base: 0x000001fc00000000, Narrow klass shift: 0, Narrow klass range: 0x100000000
[2025-03-14T05:21:28.424+0000][1287][safepoint   ] Safepoint "ICBufferFull", Time since last: 338594208 ns, Reaching safepoint: 1792 ns, Cleanup: 46875 ns, At safepoint: 3750 ns, Total: 52417 ns
[2025-03-14T05:21:28.731+0000][1287][safepoint   ] Safepoint "ICBufferFull", Time since last: 306306125 ns, Reaching safepoint: 1667 ns, Cleanup: 58958 ns, At safepoint: 3833 ns, Total: 64458 ns
[2025-03-14T05:21:29.112+0000][1287][safepoint   ] Safepoint "ICBufferFull", Time since last: 381638625 ns, Reaching safepoint: 1917 ns, Cleanup: 55042 ns, At safepoint: 4166 ns, Total: 61125 ns
[2025-03-14T05:21:29.406+0000][1287][safepoint   ] Safepoint "ICBufferFull", Time since last: 293314959 ns, Reaching safepoint: 2083 ns, Cleanup: 69167 ns, At safepoint: 5292 ns, Total: 76542 ns
[2025-03-14T05:21:29.715+0000][1287][safepoint   ] Safepoint "ICBufferFull", Time since last: 309201500 ns, Reaching safepoint: 2250 ns, Cleanup: 61458 ns, At safepoint: 2333 ns, Total: 66041 ns
[2025-03-14T05:21:30.107+0000][1287][safepoint   ] Safepoint "ICBufferFull", Time since last: 391694876 ns, Reaching safepoint: 2291 ns, Cleanup: 78959 ns, At safepoint: 3000 ns, Total: 84250 ns
[2025-03-14T05:21:30.272+0000][1287][gc,start    ] GC(0) Pause Young (Normal) (G1 Evacuation Pause)
[2025-03-14T05:21:30.272+0000][1287][gc,task     ] GC(0) Using 1 workers of 1 for evacuation
[2025-03-14T05:21:30.272+0000][1287][gc,age      ] GC(0) Desired survivor size 6291456 bytes, new threshold 15 (max threshold 15)
[2025-03-14T05:21:30.299+0000][1287][gc,phases   ] GC(0)   Pre Evacuate Collection Set: 0.08ms
[2025-03-14T05:21:30.299+0000][1287][gc,phases   ] GC(0)   Merge Heap Roots: 0.05ms
[2025-03-14T05:21:30.299+0000][1287][gc,phases   ] GC(0)   Evacuate Collection Set: 26.58ms
[2025-03-14T05:21:30.299+0000][1287][gc,phases   ] GC(0)   Post Evacuate Collection Set: 0.35ms
[2025-03-14T05:21:30.299+0000][1287][gc,phases   ] GC(0)   Other: 0.04ms
[2025-03-14T05:21:30.299+0000][1287][gc,age      ] GC(0) Age table with threshold 15 (max threshold 15)
[2025-03-14T05:21:30.299+0000][1287][gc,age      ] GC(0) - age   1:    8226336 bytes,    8226336 total
[2025-03-14T05:21:30.299+0000][1287][gc,heap     ] GC(0) Eden regions: 24->0(22)
[2025-03-14T05:21:30.299+0000][1287][gc,heap     ] GC(0) Survivor regions: 0->2(3)
[2025-03-14T05:21:30.299+0000][1287][gc,heap     ] GC(0) Old regions: 1->1
[2025-03-14T05:21:30.299+0000][1287][gc,heap     ] GC(0) Humongous regions: 0->0
[2025-03-14T05:21:30.299+0000][1287][gc,metaspace] GC(0) Metaspace: 16060K(16384K)->16060K(16384K) NonClass: 14172K(14336K)->14172K(14336K) Class: 1887K(2048K)->1887K(2048K)
[2025-03-14T05:21:30.299+0000][1287][gc          ] GC(0) Pause Young (Normal) (G1 Evacuation Pause) 97M->9M(1952M) 27.229ms
[2025-03-14T05:21:30.299+0000][1287][gc,cpu      ] GC(0) User=0.01s Sys=0.00s Real=0.03s
[2025-03-14T05:21:30.299+0000][1287][safepoint   ] Safepoint "G1CollectForAllocation", Time since last: 164797625 ns, Reaching safepoint: 1708 ns, Cleanup: 30542 ns, At safepoint: 27247958 ns, Total: 27280208 ns
[2025-03-14T05:21:30.699+0000][1287][safepoint   ] Safepoint "ICBufferFull", Time since last: 399720042 ns, Reaching safepoint: 1750 ns, Cleanup: 51125 ns, At safepoint: 4042 ns, Total: 56917 ns
[2025-03-14T05:21:30.787+0000][1287][gc,start    ] GC(1) Pause Young (Normal) (G1 Evacuation Pause)
[2025-03-14T05:21:30.787+0000][1287][gc,task     ] GC(1) Using 1 workers of 1 for evacuation
[2025-03-14T05:21:30.787+0000][1287][gc,age      ] GC(1) Desired survivor size 6291456 bytes, new threshold 1 (max threshold 15)
[2025-03-14T05:21:30.817+0000][1287][gc,phases   ] GC(1)   Pre Evacuate Collection Set: 0.08ms
[2025-03-14T05:21:30.817+0000][1287][gc,phases   ] GC(1)   Merge Heap Roots: 0.01ms
[2025-03-14T05:21:30.817+0000][1287][gc,phases   ] GC(1)   Evacuate Collection Set: 29.88ms
[2025-03-14T05:21:30.817+0000][1287][gc,phases   ] GC(1)   Post Evacuate Collection Set: 0.55ms
[2025-03-14T05:21:30.817+0000][1287][gc,phases   ] GC(1)   Other: 0.24ms
[2025-03-14T05:21:30.817+0000][1287][gc,age      ] GC(1) Age table with threshold 1 (max threshold 15)
[2025-03-14T05:21:30.817+0000][1287][gc,age      ] GC(1) - age   1:    3747344 bytes,    3747344 total
[2025-03-14T05:21:30.817+0000][1287][gc,heap     ] GC(1) Eden regions: 22->0(23)
[2025-03-14T05:21:30.817+0000][1287][gc,heap     ] GC(1) Survivor regions: 2->1(3)
[2025-03-14T05:21:30.817+0000][1287][gc,heap     ] GC(1) Old regions: 1->3
[2025-03-14T05:21:30.817+0000][1287][gc,heap     ] GC(1) Humongous regions: 0->0
[2025-03-14T05:21:30.817+0000][1287][gc,metaspace] GC(1) Metaspace: 18143K(18496K)->18143K(18496K) NonClass: 16006K(16192K)->16006K(16192K) Class: 2136K(2304K)->2136K(2304K)
[2025-03-14T05:21:30.817+0000][1287][gc          ] GC(1) Pause Young (Normal) (G1 Evacuation Pause) 97M->12M(1952M) 30.861ms
[2025-03-14T05:21:30.817+0000][1287][gc,cpu      ] GC(1) User=0.02s Sys=0.00s Real=0.03s
[2025-03-14T05:21:30.817+0000][1287][safepoint   ] Safepoint "G1CollectForAllocation", Time since last: 87947083 ns, Reaching safepoint: 2708 ns, Cleanup: 44834 ns, At safepoint: 30891000 ns, Total: 30938542 ns
[2025-03-14T05:21:31.135+0000][1287][gc,start    ] GC(2) Pause Young (Normal) (G1 Evacuation Pause)
[2025-03-14T05:21:31.135+0000][1287][gc,task     ] GC(2) Using 1 workers of 1 for evacuation
[2025-03-14T05:21:31.135+0000][1287][gc,age      ] GC(2) Desired survivor size 6291456 bytes, new threshold 15 (max threshold 15)
[2025-03-14T05:21:31.143+0000][1287][gc,phases   ] GC(2)   Pre Evacuate Collection Set: 0.78ms
[2025-03-14T05:21:31.143+0000][1287][gc,phases   ] GC(2)   Merge Heap Roots: 0.01ms
[2025-03-14T05:21:31.143+0000][1287][gc,phases   ] GC(2)   Evacuate Collection Set: 7.35ms
[2025-03-14T05:21:31.143+0000][1287][gc,phases   ] GC(2)   Post Evacuate Collection Set: 0.26ms
[2025-03-14T05:21:31.143+0000][1287][gc,phases   ] GC(2)   Other: 0.04ms
[2025-03-14T05:21:31.143+0000][1287][gc,age      ] GC(2) Age table with threshold 15 (max threshold 15)
[2025-03-14T05:21:31.143+0000][1287][gc,age      ] GC(2) - age   1:    2779544 bytes,    2779544 total
[2025-03-14T05:21:31.143+0000][1287][gc,age      ] GC(2) - age   2:    1765264 bytes,    4544808 total
[2025-03-14T05:21:31.143+0000][1287][gc,heap     ] GC(2) Eden regions: 23->0(22)
[2025-03-14T05:21:31.143+0000][1287][gc,heap     ] GC(2) Survivor regions: 1->2(3)
[2025-03-14T05:21:31.143+0000][1287][gc,heap     ] GC(2) Old regions: 3->3
[2025-03-14T05:21:31.143+0000][1287][gc,heap     ] GC(2) Humongous regions: 0->0
[2025-03-14T05:21:31.143+0000][1287][gc,metaspace] GC(2) Metaspace: 18746K(19200K)->18746K(19200K) NonClass: 16501K(16768K)->16501K(16768K) Class: 2244K(2432K)->2244K(2432K)
[2025-03-14T05:21:31.143+0000][1287][gc          ] GC(2) Pause Young (Normal) (G1 Evacuation Pause) 104M->13M(1952M) 8.546ms
[2025-03-14T05:21:31.143+0000][1287][gc,cpu      ] GC(2) User=0.01s Sys=0.00s Real=0.00s
[2025-03-14T05:21:31.144+0000][1287][safepoint   ] Safepoint "G1CollectForAllocation", Time since last: 317216500 ns, Reaching safepoint: 2708 ns, Cleanup: 77417 ns, At safepoint: 9751583 ns, Total: 9831708 ns
[2025-03-14T05:21:31.376+0000][1287][gc,start    ] GC(3) Pause Young (Normal) (G1 Evacuation Pause)
[2025-03-14T05:21:31.376+0000][1287][gc,task     ] GC(3) Using 1 workers of 1 for evacuation
[2025-03-14T05:21:31.376+0000][1287][gc,age      ] GC(3) Desired survivor size 6291456 bytes, new threshold 15 (max threshold 15)
[2025-03-14T05:21:31.380+0000][1287][gc,phases   ] GC(3)   Pre Evacuate Collection Set: 0.07ms
[2025-03-14T05:21:31.381+0000][1287][gc,phases   ] GC(3)   Merge Heap Roots: 0.01ms
[2025-03-14T05:21:31.381+0000][1287][gc,phases   ] GC(3)   Evacuate Collection Set: 3.83ms
[2025-03-14T05:21:31.381+0000][1287][gc,phases   ] GC(3)   Post Evacuate Collection Set: 0.86ms
[2025-03-14T05:21:31.381+0000][1287][gc,phases   ] GC(3)   Other: 0.03ms
[2025-03-14T05:21:31.381+0000][1287][gc,age      ] GC(3) Age table with threshold 15 (max threshold 15)
[2025-03-14T05:21:31.381+0000][1287][gc,age      ] GC(3) - age   1:     933992 bytes,     933992 total
[2025-03-14T05:21:31.381+0000][1287][gc,age      ] GC(3) - age   2:    1678472 bytes,    2612464 total
[2025-03-14T05:21:31.381+0000][1287][gc,age      ] GC(3) - age   3:    1763272 bytes,    4375736 total
[2025-03-14T05:21:31.381+0000][1287][gc,heap     ] GC(3) Eden regions: 22->0(22)
[2025-03-14T05:21:31.381+0000][1287][gc,heap     ] GC(3) Survivor regions: 2->2(3)
[2025-03-14T05:21:31.381+0000][1287][gc,heap     ] GC(3) Old regions: 3->3
[2025-03-14T05:21:31.381+0000][1287][gc,heap     ] GC(3) Humongous regions: 0->0
[2025-03-14T05:21:31.381+0000][1287][gc,metaspace] GC(3) Metaspace: 19231K(19712K)->19231K(19712K) NonClass: 16900K(17152K)->16900K(17152K) Class: 2331K(2560K)->2331K(2560K)
[2025-03-14T05:21:31.381+0000][1287][gc          ] GC(3) Pause Young (Normal) (G1 Evacuation Pause) 101M->13M(1952M) 4.877ms
[2025-03-14T05:21:31.381+0000][1287][gc,cpu      ] GC(3) User=0.01s Sys=0.00s Real=0.00s
[2025-03-14T05:21:31.381+0000][1287][safepoint   ] Safepoint "G1CollectForAllocation", Time since last: 231140500 ns, Reaching safepoint: 2250 ns, Cleanup: 17875 ns, At safepoint: 4896875 ns, Total: 4917000 ns
[2025-03-14T05:21:31.620+0000][1287][gc,start    ] GC(4) Pause Young (Normal) (G1 Evacuation Pause)
[2025-03-14T05:21:31.620+0000][1287][gc,task     ] GC(4) Using 1 workers of 1 for evacuation
[2025-03-14T05:21:31.620+0000][1287][gc,age      ] GC(4) Desired survivor size 6291456 bytes, new threshold 15 (max threshold 15)
[2025-03-14T05:21:31.635+0000][1287][gc,phases   ] GC(4)   Pre Evacuate Collection Set: 0.07ms
[2025-03-14T05:21:31.635+0000][1287][gc,phases   ] GC(4)   Merge Heap Roots: 0.01ms
[2025-03-14T05:21:31.635+0000][1287][gc,phases   ] GC(4)   Evacuate Collection Set: 14.76ms
[2025-03-14T05:21:31.635+0000][1287][gc,phases   ] GC(4)   Post Evacuate Collection Set: 0.40ms
[2025-03-14T05:21:31.635+0000][1287][gc,phases   ] GC(4)   Other: 0.04ms
[2025-03-14T05:21:31.635+0000][1287][gc,age      ] GC(4) Age table with threshold 15 (max threshold 15)
[2025-03-14T05:21:31.635+0000][1287][gc,age      ] GC(4) - age   1:    4183536 bytes,    4183536 total
[2025-03-14T05:21:31.635+0000][1287][gc,age      ] GC(4) - age   2:     918088 bytes,    5101624 total
[2025-03-14T05:21:31.635+0000][1287][gc,age      ] GC(4) - age   3:    1678376 bytes,    6780000 total
[2025-03-14T05:21:31.635+0000][1287][gc,age      ] GC(4) - age   4:    1762520 bytes,    8542520 total
[2025-03-14T05:21:31.635+0000][1287][gc,heap     ] GC(4) Eden regions: 22->0(21)
[2025-03-14T05:21:31.635+0000][1287][gc,heap     ] GC(4) Survivor regions: 2->3(3)
[2025-03-14T05:21:31.635+0000][1287][gc,heap     ] GC(4) Old regions: 3->3
[2025-03-14T05:21:31.635+0000][1287][gc,heap     ] GC(4) Humongous regions: 0->0
[2025-03-14T05:21:31.635+0000][1287][gc,metaspace] GC(4) Metaspace: 19518K(19968K)->19518K(19968K) NonClass: 17161K(17408K)->17161K(17408K) Class: 2357K(2560K)->2357K(2560K)
[2025-03-14T05:21:31.635+0000][1287][gc          ] GC(4) Pause Young (Normal) (G1 Evacuation Pause) 101M->18M(1952M) 15.378ms
[2025-03-14T05:21:31.635+0000][1287][gc,cpu      ] GC(4) User=0.01s Sys=0.00s Real=0.02s
[2025-03-14T05:21:31.637+0000][1287][safepoint   ] Safepoint "G1CollectForAllocation", Time since last: 239158292 ns, Reaching safepoint: 2417 ns, Cleanup: 23041 ns, At safepoint: 17405709 ns, Total: 17431167 ns
[2025-03-14T05:21:31.826+0000][1287][gc,start    ] GC(5) Pause Young (Normal) (G1 Evacuation Pause)
[2025-03-14T05:21:31.826+0000][1287][gc,task     ] GC(5) Using 1 workers of 1 for evacuation
[2025-03-14T05:21:31.826+0000][1287][gc,age      ] GC(5) Desired survivor size 6291456 bytes, new threshold 3 (max threshold 15)
[2025-03-14T05:21:31.836+0000][1287][gc,phases   ] GC(5)   Pre Evacuate Collection Set: 0.41ms
[2025-03-14T05:21:31.836+0000][1287][gc,phases   ] GC(5)   Merge Heap Roots: 0.01ms
[2025-03-14T05:21:31.836+0000][1287][gc,phases   ] GC(5)   Evacuate Collection Set: 8.68ms
[2025-03-14T05:21:31.836+0000][1287][gc,phases   ] GC(5)   Post Evacuate Collection Set: 0.93ms
[2025-03-14T05:21:31.836+0000][1287][gc,phases   ] GC(5)   Other: 0.04ms
[2025-03-14T05:21:31.836+0000][1287][gc,age      ] GC(5) Age table with threshold 3 (max threshold 15)
[2025-03-14T05:21:31.836+0000][1287][gc,age      ] GC(5) - age   1:    2418832 bytes,    2418832 total
[2025-03-14T05:21:31.836+0000][1287][gc,age      ] GC(5) - age   2:    1611808 bytes,    4030640 total
[2025-03-14T05:21:31.836+0000][1287][gc,age      ] GC(5) - age   3:     917984 bytes,    4948624 total
[2025-03-14T05:21:31.836+0000][1287][gc,heap     ] GC(5) Eden regions: 21->0(22)
[2025-03-14T05:21:31.836+0000][1287][gc,heap     ] GC(5) Survivor regions: 3->2(3)
[2025-03-14T05:21:31.836+0000][1287][gc,heap     ] GC(5) Old regions: 3->4
[2025-03-14T05:21:31.836+0000][1287][gc,heap     ] GC(5) Humongous regions: 0->0
[2025-03-14T05:21:31.836+0000][1287][gc,metaspace] GC(5) Metaspace: 19673K(20096K)->19673K(20096K) NonClass: 17299K(17536K)->17299K(17536K) Class: 2373K(2560K)->2373K(2560K)
[2025-03-14T05:21:31.836+0000][1287][gc          ] GC(5) Pause Young (Normal) (G1 Evacuation Pause) 102M->17M(1952M) 10.138ms
[2025-03-14T05:21:31.836+0000][1287][gc,cpu      ] GC(5) User=0.01s Sys=0.00s Real=0.01s
[2025-03-14T05:21:31.838+0000][1287][safepoint   ] Safepoint "G1CollectForAllocation", Time since last: 188834416 ns, Reaching safepoint: 1959 ns, Cleanup: 28125 ns, At safepoint: 12488291 ns, Total: 12518375 ns
[2025-03-14T05:21:32.106+0000][1287][gc,start    ] GC(6) Pause Young (Normal) (G1 Evacuation Pause)
[2025-03-14T05:21:32.106+0000][1287][gc,task     ] GC(6) Using 1 workers of 1 for evacuation
[2025-03-14T05:21:32.106+0000][1287][gc,age      ] GC(6) Desired survivor size 6291456 bytes, new threshold 15 (max threshold 15)
[2025-03-14T05:21:32.117+0000][1287][gc,phases   ] GC(6)   Pre Evacuate Collection Set: 0.37ms
[2025-03-14T05:21:32.117+0000][1287][gc,phases   ] GC(6)   Merge Heap Roots: 0.12ms
[2025-03-14T05:21:32.117+0000][1287][gc,phases   ] GC(6)   Evacuate Collection Set: 9.42ms
[2025-03-14T05:21:32.117+0000][1287][gc,phases   ] GC(6)   Post Evacuate Collection Set: 1.73ms
[2025-03-14T05:21:32.117+0000][1287][gc,phases   ] GC(6)   Other: 0.03ms
[2025-03-14T05:21:32.117+0000][1287][gc,age      ] GC(6) Age table with threshold 15 (max threshold 15)
[2025-03-14T05:21:32.117+0000][1287][gc,age      ] GC(6) - age   1:    2071848 bytes,    2071848 total
[2025-03-14T05:21:32.117+0000][1287][gc,age      ] GC(6) - age   2:    1516456 bytes,    3588304 total
[2025-03-14T05:21:32.117+0000][1287][gc,age      ] GC(6) - age   3:    1611416 bytes,    5199720 total
[2025-03-14T05:21:32.117+0000][1287][gc,age      ] GC(6) - age   4:     917952 bytes,    6117672 total
[2025-03-14T05:21:32.117+0000][1287][gc,heap     ] GC(6) Eden regions: 22->0(28)
[2025-03-14T05:21:32.117+0000][1287][gc,heap     ] GC(6) Survivor regions: 2->2(3)
[2025-03-14T05:21:32.117+0000][1287][gc,heap     ] GC(6) Old regions: 4->4
[2025-03-14T05:21:32.117+0000][1287][gc,heap     ] GC(6) Humongous regions: 0->0
[2025-03-14T05:21:32.117+0000][1287][gc,metaspace] GC(6) Metaspace: 20182K(20608K)->20182K(20608K) NonClass: 17744K(17984K)->17744K(17984K) Class: 2437K(2624K)->2437K(2624K)
[2025-03-14T05:21:32.117+0000][1287][gc          ] GC(6) Pause Young (Normal) (G1 Evacuation Pause) 105M->18M(1952M) 11.745ms
[2025-03-14T05:21:32.117+0000][1287][gc,cpu      ] GC(6) User=0.01s Sys=0.00s Real=0.01s
[2025-03-14T05:21:32.117+0000][1287][safepoint   ] Safepoint "G1CollectForAllocation", Time since last: 267002876 ns, Reaching safepoint: 2208 ns, Cleanup: 37958 ns, At safepoint: 11775000 ns, Total: 11815166 ns
[2025-03-14T05:21:32.366+0000][1287][gc,start    ] GC(7) Pause Young (Normal) (G1 Evacuation Pause)
[2025-03-14T05:21:32.366+0000][1287][gc,task     ] GC(7) Using 1 workers of 1 for evacuation
[2025-03-14T05:21:32.366+0000][1287][gc,age      ] GC(7) Desired survivor size 8388608 bytes, new threshold 15 (max threshold 15)
[2025-03-14T05:21:32.373+0000][1287][gc,phases   ] GC(7)   Pre Evacuate Collection Set: 2.92ms
[2025-03-14T05:21:32.373+0000][1287][gc,phases   ] GC(7)   Merge Heap Roots: 0.01ms
[2025-03-14T05:21:32.373+0000][1287][gc,phases   ] GC(7)   Evacuate Collection Set: 2.19ms
[2025-03-14T05:21:32.373+0000][1287][gc,phases   ] GC(7)   Post Evacuate Collection Set: 2.64ms
[2025-03-14T05:21:32.373+0000][1287][gc,phases   ] GC(7)   Other: 0.03ms
[2025-03-14T05:21:32.373+0000][1287][gc,age      ] GC(7) Age table with threshold 15 (max threshold 15)
[2025-03-14T05:21:32.373+0000][1287][gc,age      ] GC(7) - age   1:     977912 bytes,     977912 total
[2025-03-14T05:21:32.373+0000][1287][gc,age      ] GC(7) - age   2:     344016 bytes,    1321928 total
[2025-03-14T05:21:32.373+0000][1287][gc,age      ] GC(7) - age   3:    1516336 bytes,    2838264 total
[2025-03-14T05:21:32.373+0000][1287][gc,age      ] GC(7) - age   4:    1611384 bytes,    4449648 total
[2025-03-14T05:21:32.373+0000][1287][gc,age      ] GC(7) - age   5:     917280 bytes,    5366928 total
[2025-03-14T05:21:32.373+0000][1287][gc,heap     ] GC(7) Eden regions: 28->0(201)
[2025-03-14T05:21:32.373+0000][1287][gc,heap     ] GC(7) Survivor regions: 2->2(4)
[2025-03-14T05:21:32.373+0000][1287][gc,heap     ] GC(7) Old regions: 4->4
[2025-03-14T05:21:32.373+0000][1287][gc,heap     ] GC(7) Humongous regions: 0->0
[2025-03-14T05:21:32.373+0000][1287][gc,metaspace] GC(7) Metaspace: 20481K(20928K)->20481K(20928K) NonClass: 17992K(18240K)->17992K(18240K) Class: 2488K(2688K)->2488K(2688K)
[2025-03-14T05:21:32.373+0000][1287][gc          ] GC(7) Pause Young (Normal) (G1 Evacuation Pause) 130M->18M(1952M) 7.870ms
[2025-03-14T05:21:32.373+0000][1287][gc,cpu      ] GC(7) User=0.00s Sys=0.00s Real=0.00s
[2025-03-14T05:21:32.373+0000][1287][safepoint   ] Safepoint "G1CollectForAllocation", Time since last: 248226959 ns, Reaching safepoint: 1958 ns, Cleanup: 36458 ns, At safepoint: 7887709 ns, Total: 7926125 ns
[2025-03-14T05:21:32.788+0000][1287][gc,start    ] GC(8) Pause Young (Concurrent Start) (Metadata GC Threshold)
[2025-03-14T05:21:32.788+0000][1287][gc,task     ] GC(8) Using 1 workers of 1 for evacuation
[2025-03-14T05:21:32.788+0000][1287][gc,age      ] GC(8) Desired survivor size 52428800 bytes, new threshold 15 (max threshold 15)
[2025-03-14T05:21:32.794+0000][1287][gc,phases   ] GC(8)   Pre Evacuate Collection Set: 0.09ms
[2025-03-14T05:21:32.794+0000][1287][gc,phases   ] GC(8)   Merge Heap Roots: 0.64ms
[2025-03-14T05:21:32.794+0000][1287][gc,phases   ] GC(8)   Evacuate Collection Set: 3.14ms
[2025-03-14T05:21:32.794+0000][1287][gc,phases   ] GC(8)   Post Evacuate Collection Set: 1.80ms
[2025-03-14T05:21:32.794+0000][1287][gc,phases   ] GC(8)   Other: 0.04ms
[2025-03-14T05:21:32.794+0000][1287][gc,age      ] GC(8) Age table with threshold 15 (max threshold 15)
[2025-03-14T05:21:32.794+0000][1287][gc,age      ] GC(8) - age   1:    1612432 bytes,    1612432 total
[2025-03-14T05:21:32.794+0000][1287][gc,age      ] GC(8) - age   2:     264520 bytes,    1876952 total
[2025-03-14T05:21:32.794+0000][1287][gc,age      ] GC(8) - age   3:     343832 bytes,    2220784 total
[2025-03-14T05:21:32.794+0000][1287][gc,age      ] GC(8) - age   4:    1516304 bytes,    3737088 total
[2025-03-14T05:21:32.794+0000][1287][gc,age      ] GC(8) - age   5:    1610344 bytes,    5347432 total
[2025-03-14T05:21:32.794+0000][1287][gc,age      ] GC(8) - age   6:     914368 bytes,    6261800 total
[2025-03-14T05:21:32.794+0000][1287][gc,heap     ] GC(8) Eden regions: 49->0(290)
[2025-03-14T05:21:32.794+0000][1287][gc,heap     ] GC(8) Survivor regions: 2->2(25)
[2025-03-14T05:21:32.794+0000][1287][gc,heap     ] GC(8) Old regions: 4->4
[2025-03-14T05:21:32.794+0000][1287][gc,heap     ] GC(8) Humongous regions: 0->0
[2025-03-14T05:21:32.794+0000][1287][gc,metaspace] GC(8) Metaspace: 20975K(21504K)->20975K(21504K) NonClass: 18411K(18688K)->18411K(18688K) Class: 2564K(2816K)->2564K(2816K)
[2025-03-14T05:21:32.794+0000][1287][gc          ] GC(8) Pause Young (Concurrent Start) (Metadata GC Threshold) 214M->19M(1952M) 5.803ms
[2025-03-14T05:21:32.794+0000][1287][gc,cpu      ] GC(8) User=0.01s Sys=0.00s Real=0.00s
[2025-03-14T05:21:32.794+0000][1287][safepoint   ] Safepoint "CollectForMetadataAllocation", Time since last: 414949208 ns, Reaching safepoint: 2084 ns, Cleanup: 16708 ns, At safepoint: 5896125 ns, Total: 5914917 ns
[2025-03-14T05:21:32.795+0000][1287][gc          ] GC(9) Concurrent Mark Cycle
[2025-03-14T05:21:32.796+0000][1287][gc,marking  ] GC(9) Concurrent Scan Root Regions
[2025-03-14T05:21:32.798+0000][1287][gc,marking  ] GC(9) Concurrent Scan Root Regions 2.738ms
[2025-03-14T05:21:32.798+0000][1287][gc,marking  ] GC(9) Concurrent Mark
[2025-03-14T05:21:32.798+0000][1287][gc,marking  ] GC(9) Concurrent Mark From Roots
[2025-03-14T05:21:32.798+0000][1287][gc,task     ] GC(9) Using 1 workers of 1 for marking
[2025-03-14T05:21:32.824+0000][1287][gc,marking  ] GC(9) Concurrent Mark From Roots 25.896ms
[2025-03-14T05:21:32.824+0000][1287][gc,marking  ] GC(9) Concurrent Preclean
[2025-03-14T05:21:32.824+0000][1287][gc,marking  ] GC(9) Concurrent Preclean 0.017ms
[2025-03-14T05:21:32.827+0000][1287][gc,start    ] GC(9) Pause Remark
[2025-03-14T05:21:32.832+0000][1287][gc          ] GC(9) Pause Remark 21M->21M(1952M) 5.488ms
[2025-03-14T05:21:32.832+0000][1287][gc,cpu      ] GC(9) User=0.00s Sys=0.00s Real=0.00s
[2025-03-14T05:21:32.832+0000][1287][safepoint   ] Safepoint "G1PauseRemark", Time since last: 30031583 ns, Reaching safepoint: 2199042 ns, Cleanup: 7750 ns, At safepoint: 5512042 ns, Total: 7718834 ns
[2025-03-14T05:21:32.832+0000][1287][gc,marking  ] GC(9) Concurrent Mark 33.840ms
[2025-03-14T05:21:32.832+0000][1287][gc,marking  ] GC(9) Concurrent Rebuild Remembered Sets and Scrub Regions
[2025-03-14T05:21:32.842+0000][1287][gc,marking  ] GC(9) Concurrent Rebuild Remembered Sets and Scrub Regions 9.409ms
[2025-03-14T05:21:32.842+0000][1287][gc,start    ] GC(9) Pause Cleanup
[2025-03-14T05:21:32.842+0000][1287][gc          ] GC(9) Pause Cleanup 21M->21M(1952M) 0.081ms
[2025-03-14T05:21:32.842+0000][1287][gc,cpu      ] GC(9) User=0.00s Sys=0.00s Real=0.00s
[2025-03-14T05:21:32.842+0000][1287][safepoint   ] Safepoint "G1PauseCleanup", Time since last: 10041666 ns, Reaching safepoint: 1750 ns, Cleanup: 1375 ns, At safepoint: 91667 ns, Total: 94792 ns
[2025-03-14T05:21:32.842+0000][1287][gc,marking  ] GC(9) Concurrent Clear Claimed Marks
[2025-03-14T05:21:32.842+0000][1287][gc,marking  ] GC(9) Concurrent Clear Claimed Marks 0.009ms
[2025-03-14T05:21:32.842+0000][1287][gc,marking  ] GC(9) Concurrent Cleanup for Next Mark
[2025-03-14T05:21:32.845+0000][1287][gc,marking  ] GC(9) Concurrent Cleanup for Next Mark 3.184ms
[2025-03-14T05:21:32.845+0000][1287][gc          ] GC(9) Concurrent Mark Cycle 49.932ms
[2025-03-14T05:21:33.574+0000][1287][safepoint   ] Safepoint "ICBufferFull", Time since last: 731868167 ns, Reaching safepoint: 2417 ns, Cleanup: 54833 ns, At safepoint: 2958 ns, Total: 60208 ns
[2025-03-14T05:21:34.059+0000][1287][safepoint   ] Safepoint "ICBufferFull", Time since last: 482363250 ns, Reaching safepoint: 1979250 ns, Cleanup: 55584 ns, At safepoint: 5625 ns, Total: 2040459 ns
[2025-03-14T05:21:34.576+0000][1287][safepoint   ] Safepoint "ICBufferFull", Time since last: 517855208 ns, Reaching safepoint: 2417 ns, Cleanup: 70167 ns, At safepoint: 2375 ns, Total: 74959 ns
[2025-03-14T05:21:35.143+0000][1287][safepoint   ] Safepoint "ICBufferFull", Time since last: 566131583 ns, Reaching safepoint: 139459 ns, Cleanup: 87500 ns, At safepoint: 17791 ns, Total: 244750 ns
[2025-03-14T05:21:36.145+0000][1287][safepoint   ] Safepoint "Cleanup", Time since last: 1000273876 ns, Reaching safepoint: 1369583 ns, Cleanup: 52958 ns, At safepoint: 5334 ns, Total: 1427875 ns
[2025-03-14T05:21:36.817+0000][1287][safepoint   ] Safepoint "ICBufferFull", Time since last: 672202542 ns, Reaching safepoint: 3083 ns, Cleanup: 60458 ns, At safepoint: 5250 ns, Total: 68791 ns
[2025-03-14T05:21:37.116+0000][1287][gc,start    ] GC(10) Pause Young (Prepare Mixed) (Metadata GC Threshold)
[2025-03-14T05:21:37.116+0000][1287][gc,task     ] GC(10) Using 1 workers of 1 for evacuation
[2025-03-14T05:21:37.116+0000][1287][gc,age      ] GC(10) Desired survivor size 77594624 bytes, new threshold 15 (max threshold 15)
[2025-03-14T05:21:37.250+0000][1287][gc,phases   ] GC(10)   Pre Evacuate Collection Set: 0.17ms
[2025-03-14T05:21:37.250+0000][1287][gc,phases   ] GC(10)   Merge Heap Roots: 0.05ms
[2025-03-14T05:21:37.250+0000][1287][gc,phases   ] GC(10)   Evacuate Collection Set: 132.24ms
[2025-03-14T05:21:37.250+0000][1287][gc,phases   ] GC(10)   Post Evacuate Collection Set: 0.87ms
[2025-03-14T05:21:37.250+0000][1287][gc,phases   ] GC(10)   Other: 0.06ms
[2025-03-14T05:21:37.250+0000][1287][gc,age      ] GC(10) Age table with threshold 15 (max threshold 15)
[2025-03-14T05:21:37.250+0000][1287][gc,age      ] GC(10) - age   1:   28560320 bytes,   28560320 total
[2025-03-14T05:21:37.250+0000][1287][gc,age      ] GC(10) - age   2:    1575680 bytes,   30136000 total
[2025-03-14T05:21:37.250+0000][1287][gc,age      ] GC(10) - age   3:     262392 bytes,   30398392 total
[2025-03-14T05:21:37.250+0000][1287][gc,age      ] GC(10) - age   4:     343032 bytes,   30741424 total
[2025-03-14T05:21:37.250+0000][1287][gc,age      ] GC(10) - age   5:    1515112 bytes,   32256536 total
[2025-03-14T05:21:37.250+0000][1287][gc,age      ] GC(10) - age   6:    1606856 bytes,   33863392 total
[2025-03-14T05:21:37.250+0000][1287][gc,age      ] GC(10) - age   7:     909936 bytes,   34773328 total
[2025-03-14T05:21:37.250+0000][1287][gc,heap     ] GC(10) Eden regions: 165->0(32)
[2025-03-14T05:21:37.250+0000][1287][gc,heap     ] GC(10) Survivor regions: 2->9(37)
[2025-03-14T05:21:37.250+0000][1287][gc,heap     ] GC(10) Old regions: 4->4
[2025-03-14T05:21:37.250+0000][1287][gc,heap     ] GC(10) Humongous regions: 0->0
[2025-03-14T05:21:37.250+0000][1287][gc,metaspace] GC(10) Metaspace: 35357K(36288K)->35357K(36288K) NonClass: 30680K(31232K)->30680K(31232K) Class: 4677K(5056K)->4677K(5056K)
[2025-03-14T05:21:37.250+0000][1287][gc          ] GC(10) Pause Young (Prepare Mixed) (Metadata GC Threshold) 679M->46M(1952M) 133.509ms
[2025-03-14T05:21:37.250+0000][1287][gc,cpu      ] GC(10) User=0.05s Sys=0.00s Real=0.13s
[2025-03-14T05:21:37.252+0000][1287][safepoint   ] Safepoint "CollectForMetadataAllocation", Time since last: 299296501 ns, Reaching safepoint: 1916 ns, Cleanup: 41042 ns, At safepoint: 135338875 ns, Total: 135381833 ns
[2025-03-14T05:21:37.291+0000][1287][gc,start    ] GC(11) Pause Young (Mixed) (Metadata GC Threshold)
[2025-03-14T05:21:37.291+0000][1287][gc,task     ] GC(11) Using 1 workers of 1 for evacuation
[2025-03-14T05:21:37.291+0000][1287][gc,age      ] GC(11) Desired survivor size 8388608 bytes, new threshold 1 (max threshold 15)
[2025-03-14T05:21:37.418+0000][1287][gc,phases   ] GC(11)   Pre Evacuate Collection Set: 0.08ms
[2025-03-14T05:21:37.418+0000][1287][gc,phases   ] GC(11)   Merge Heap Roots: 0.04ms
[2025-03-14T05:21:37.418+0000][1287][gc,phases   ] GC(11)   Evacuate Collection Set: 123.95ms
[2025-03-14T05:21:37.418+0000][1287][gc,phases   ] GC(11)   Post Evacuate Collection Set: 2.80ms
[2025-03-14T05:21:37.418+0000][1287][gc,phases   ] GC(11)   Other: 0.03ms
[2025-03-14T05:21:37.418+0000][1287][gc,age      ] GC(11) Age table with threshold 1 (max threshold 15)
[2025-03-14T05:21:37.418+0000][1287][gc,age      ] GC(11) - age   1:      60680 bytes,      60680 total
[2025-03-14T05:21:37.418+0000][1287][gc,heap     ] GC(11) Eden regions: 1->0(56)
[2025-03-14T05:21:37.418+0000][1287][gc,heap     ] GC(11) Survivor regions: 9->1(4)
[2025-03-14T05:21:37.418+0000][1287][gc,heap     ] GC(11) Old regions: 4->12
[2025-03-14T05:21:37.418+0000][1287][gc,heap     ] GC(11) Humongous regions: 0->0
[2025-03-14T05:21:37.418+0000][1287][gc,metaspace] GC(11) Metaspace: 35653K(36608K)->35653K(36608K) NonClass: 30950K(31552K)->30950K(31552K) Class: 4702K(5056K)->4702K(5056K)
[2025-03-14T05:21:37.418+0000][1287][gc          ] GC(11) Pause Young (Mixed) (Metadata GC Threshold) 48M->48M(1952M) 127.062ms
[2025-03-14T05:21:37.418+0000][1287][gc,cpu      ] GC(11) User=0.05s Sys=0.00s Real=0.13s
[2025-03-14T05:21:37.419+0000][1287][safepoint   ] Safepoint "CollectForMetadataAllocation", Time since last: 39013917 ns, Reaching safepoint: 2208 ns, Cleanup: 9875 ns, At safepoint: 127968542 ns, Total: 127980625 ns
[2025-03-14T05:21:37.455+0000][1287][gc,start    ] GC(12) Pause Young (Concurrent Start) (Metadata GC Threshold)
[2025-03-14T05:21:37.455+0000][1287][gc,task     ] GC(12) Using 1 workers of 1 for evacuation
[2025-03-14T05:21:37.455+0000][1287][gc,age      ] GC(12) Desired survivor size 16777216 bytes, new threshold 15 (max threshold 15)
[2025-03-14T05:21:37.457+0000][1287][gc,phases   ] GC(12)   Pre Evacuate Collection Set: 0.98ms
[2025-03-14T05:21:37.457+0000][1287][gc,phases   ] GC(12)   Merge Heap Roots: 0.01ms
[2025-03-14T05:21:37.457+0000][1287][gc,phases   ] GC(12)   Evacuate Collection Set: 0.65ms
[2025-03-14T05:21:37.457+0000][1287][gc,phases   ] GC(12)   Post Evacuate Collection Set: 0.91ms
[2025-03-14T05:21:37.457+0000][1287][gc,phases   ] GC(12)   Other: 0.03ms
[2025-03-14T05:21:37.457+0000][1287][gc,age      ] GC(12) Age table with threshold 15 (max threshold 15)
[2025-03-14T05:21:37.457+0000][1287][gc,age      ] GC(12) - age   1:      50976 bytes,      50976 total
[2025-03-14T05:21:37.457+0000][1287][gc,age      ] GC(12) - age   2:      33136 bytes,      84112 total
[2025-03-14T05:21:37.457+0000][1287][gc,heap     ] GC(12) Eden regions: 1->0(166)
[2025-03-14T05:21:37.457+0000][1287][gc,heap     ] GC(12) Survivor regions: 1->1(8)
[2025-03-14T05:21:37.457+0000][1287][gc,heap     ] GC(12) Old regions: 12->12
[2025-03-14T05:21:37.457+0000][1287][gc,heap     ] GC(12) Humongous regions: 0->0
[2025-03-14T05:21:37.457+0000][1287][gc,metaspace] GC(12) Metaspace: 35987K(36928K)->35987K(36928K) NonClass: 31261K(31808K)->31261K(31808K) Class: 4726K(5120K)->4726K(5120K)
[2025-03-14T05:21:37.457+0000][1287][gc          ] GC(12) Pause Young (Concurrent Start) (Metadata GC Threshold) 50M->47M(1952M) 2.647ms
[2025-03-14T05:21:37.457+0000][1287][gc,cpu      ] GC(12) User=0.00s Sys=0.00s Real=0.00s
[2025-03-14T05:21:37.457+0000][1287][safepoint   ] Safepoint "CollectForMetadataAllocation", Time since last: 36002000 ns, Reaching safepoint: 2375 ns, Cleanup: 5958 ns, At safepoint: 2704000 ns, Total: 2712333 ns
[2025-03-14T05:21:37.459+0000][1287][gc          ] GC(13) Concurrent Mark Cycle
[2025-03-14T05:21:37.459+0000][1287][gc,marking  ] GC(13) Concurrent Scan Root Regions
[2025-03-14T05:21:37.459+0000][1287][gc,marking  ] GC(13) Concurrent Scan Root Regions 0.264ms
[2025-03-14T05:21:37.459+0000][1287][gc,marking  ] GC(13) Concurrent Mark
[2025-03-14T05:21:37.459+0000][1287][gc,marking  ] GC(13) Concurrent Mark From Roots
[2025-03-14T05:21:37.459+0000][1287][gc,task     ] GC(13) Using 1 workers of 1 for marking
[2025-03-14T05:21:37.496+0000][1287][safepoint   ] Safepoint "CollectForMetadataAllocation", Time since last: 38286208 ns, Reaching safepoint: 301125 ns, Cleanup: 4959 ns, At safepoint: 47291 ns, Total: 353375 ns
[2025-03-14T05:21:37.534+0000][1287][safepoint   ] Safepoint "CollectForMetadataAllocation", Time since last: 36740125 ns, Reaching safepoint: 912625 ns, Cleanup: 6417 ns, At safepoint: 45167 ns, Total: 964209 ns
[2025-03-14T05:21:37.568+0000][1287][safepoint   ] Safepoint "CollectForMetadataAllocation", Time since last: 32758375 ns, Reaching safepoint: 1187083 ns, Cleanup: 10542 ns, At safepoint: 44833 ns, Total: 1242458 ns
[2025-03-14T05:21:37.577+0000][1287][gc,marking  ] GC(13) Concurrent Mark From Roots 117.898ms
[2025-03-14T05:21:37.577+0000][1287][gc,marking  ] GC(13) Concurrent Preclean
[2025-03-14T05:21:37.577+0000][1287][gc,marking  ] GC(13) Concurrent Preclean 0.055ms
[2025-03-14T05:21:37.577+0000][1287][gc,start    ] GC(13) Pause Remark
[2025-03-14T05:21:37.584+0000][1287][gc          ] GC(13) Pause Remark 53M->53M(1952M) 6.978ms
[2025-03-14T05:21:37.584+0000][1287][gc,cpu      ] GC(13) User=0.01s Sys=0.00s Real=0.00s
[2025-03-14T05:21:37.584+0000][1287][safepoint   ] Safepoint "G1PauseRemark", Time since last: 9197833 ns, Reaching safepoint: 1084 ns, Cleanup: 2958 ns, At safepoint: 7112958 ns, Total: 7117000 ns
[2025-03-14T05:21:37.584+0000][1287][gc,marking  ] GC(13) Concurrent Mark 125.104ms
[2025-03-14T05:21:37.584+0000][1287][gc,marking  ] GC(13) Concurrent Rebuild Remembered Sets and Scrub Regions
[2025-03-14T05:21:37.629+0000][1287][gc,marking  ] GC(13) Concurrent Rebuild Remembered Sets and Scrub Regions 44.977ms
[2025-03-14T05:21:37.631+0000][1287][gc,start    ] GC(13) Pause Cleanup
[2025-03-14T05:21:37.631+0000][1287][gc          ] GC(13) Pause Cleanup 61M->61M(1952M) 0.079ms
[2025-03-14T05:21:37.631+0000][1287][gc,cpu      ] GC(13) User=0.00s Sys=0.00s Real=0.00s
[2025-03-14T05:21:37.631+0000][1287][safepoint   ] Safepoint "G1PauseCleanup", Time since last: 45016167 ns, Reaching safepoint: 1607542 ns, Cleanup: 31250 ns, At safepoint: 96625 ns, Total: 1735417 ns
[2025-03-14T05:21:37.632+0000][1287][gc,marking  ] GC(13) Concurrent Clear Claimed Marks
[2025-03-14T05:21:37.632+0000][1287][gc,marking  ] GC(13) Concurrent Clear Claimed Marks 0.060ms
[2025-03-14T05:21:37.632+0000][1287][gc,marking  ] GC(13) Concurrent Cleanup for Next Mark
[2025-03-14T05:21:37.665+0000][1287][gc,marking  ] GC(13) Concurrent Cleanup for Next Mark 33.055ms
[2025-03-14T05:21:37.665+0000][1287][gc          ] GC(13) Concurrent Mark Cycle 206.193ms
[2025-03-14T05:21:37.972+0000][1287][safepoint   ] Safepoint "ICBufferFull", Time since last: 340937125 ns, Reaching safepoint: 1958 ns, Cleanup: 66500 ns, At safepoint: 4084 ns, Total: 72542 ns
[2025-03-14T05:21:38.672+0000][1287][safepoint   ] Safepoint "ICBufferFull", Time since last: 700182375 ns, Reaching safepoint: 1958 ns, Cleanup: 49125 ns, At safepoint: 3417 ns, Total: 54500 ns
[2025-03-14T05:21:39.432+0000][1287][safepoint   ] Safepoint "ICBufferFull", Time since last: 759749125 ns, Reaching safepoint: 2000 ns, Cleanup: 56042 ns, At safepoint: 2917 ns, Total: 60959 ns
[2025-03-14T05:21:39.578+0000][1287][gc,start    ] GC(14) Pause Young (Normal) (G1 Evacuation Pause)
[2025-03-14T05:21:39.578+0000][1287][gc,task     ] GC(14) Using 1 workers of 1 for evacuation
[2025-03-14T05:21:39.578+0000][1287][gc,age      ] GC(14) Desired survivor size 23068672 bytes, new threshold 15 (max threshold 15)
[2025-03-14T05:21:39.589+0000][1287][gc,phases   ] GC(14)   Pre Evacuate Collection Set: 0.06ms
[2025-03-14T05:21:39.589+0000][1287][gc,phases   ] GC(14)   Merge Heap Roots: 0.05ms
[2025-03-14T05:21:39.589+0000][1287][gc,phases   ] GC(14)   Evacuate Collection Set: 10.04ms
[2025-03-14T05:21:39.589+0000][1287][gc,phases   ] GC(14)   Post Evacuate Collection Set: 0.55ms
[2025-03-14T05:21:39.589+0000][1287][gc,phases   ] GC(14)   Other: 0.03ms
[2025-03-14T05:21:39.589+0000][1287][gc,age      ] GC(14) Age table with threshold 15 (max threshold 15)
[2025-03-14T05:21:39.589+0000][1287][gc,age      ] GC(14) - age   1:    6489368 bytes,    6489368 total
[2025-03-14T05:21:39.589+0000][1287][gc,age      ] GC(14) - age   2:      32016 bytes,    6521384 total
[2025-03-14T05:21:39.589+0000][1287][gc,age      ] GC(14) - age   3:      32304 bytes,    6553688 total
[2025-03-14T05:21:39.589+0000][1287][gc,heap     ] GC(14) Eden regions: 83->0(158)
[2025-03-14T05:21:39.589+0000][1287][gc,heap     ] GC(14) Survivor regions: 1->2(11)
[2025-03-14T05:21:39.589+0000][1287][gc,heap     ] GC(14) Old regions: 12->12
[2025-03-14T05:21:39.589+0000][1287][gc,heap     ] GC(14) Humongous regions: 0->0
[2025-03-14T05:21:39.589+0000][1287][gc,metaspace] GC(14) Metaspace: 53729K(54976K)->53729K(54976K) NonClass: 46340K(47104K)->46340K(47104K) Class: 7388K(7872K)->7388K(7872K)
[2025-03-14T05:21:39.589+0000][1287][gc          ] GC(14) Pause Young (Normal) (G1 Evacuation Pause) 379M->52M(1952M) 10.835ms
[2025-03-14T05:21:39.589+0000][1287][gc,cpu      ] GC(14) User=0.01s Sys=0.00s Real=0.01s
[2025-03-14T05:21:39.593+0000][1287][safepoint   ] Safepoint "G1CollectForAllocation", Time since last: 146032625 ns, Reaching safepoint: 1791 ns, Cleanup: 42167 ns, At safepoint: 15735417 ns, Total: 15779375 ns
[2025-03-14T05:21:39.754+0000][1287][safepoint   ] Safepoint "ICBufferFull", Time since last: 159985291 ns, Reaching safepoint: 1834 ns, Cleanup: 76500 ns, At safepoint: 2166 ns, Total: 80500 ns
[2025-03-14T05:21:40.510+0000][1287][safepoint   ] Safepoint "ICBufferFull", Time since last: 756631209 ns, Reaching safepoint: 1959 ns, Cleanup: 74250 ns, At safepoint: 3916 ns, Total: 80125 ns
[2025-03-14T05:21:40.920+0000][1287][safepoint   ] Safepoint "ICBufferFull", Time since last: 409471250 ns, Reaching safepoint: 5667 ns, Cleanup: 109667 ns, At safepoint: 6333 ns, Total: 121667 ns
[2025-03-14T05:21:40.925+0000][1287][gc,start    ] GC(15) Pause Young (Concurrent Start) (Metadata GC Threshold)
[2025-03-14T05:21:40.925+0000][1287][gc,task     ] GC(15) Using 1 workers of 1 for evacuation
[2025-03-14T05:21:40.925+0000][1287][gc,age      ] GC(15) Desired survivor size 37748736 bytes, new threshold 15 (max threshold 15)
[2025-03-14T05:21:40.972+0000][1287][gc,phases   ] GC(15)   Pre Evacuate Collection Set: 0.22ms
[2025-03-14T05:21:40.972+0000][1287][gc,phases   ] GC(15)   Merge Heap Roots: 0.02ms
[2025-03-14T05:21:40.972+0000][1287][gc,phases   ] GC(15)   Evacuate Collection Set: 44.48ms
[2025-03-14T05:21:40.972+0000][1287][gc,phases   ] GC(15)   Post Evacuate Collection Set: 1.89ms
[2025-03-14T05:21:40.972+0000][1287][gc,phases   ] GC(15)   Other: 0.09ms
[2025-03-14T05:21:40.972+0000][1287][gc,age      ] GC(15) Age table with threshold 15 (max threshold 15)
[2025-03-14T05:21:40.972+0000][1287][gc,age      ] GC(15) - age   1:    6327752 bytes,    6327752 total
[2025-03-14T05:21:40.972+0000][1287][gc,age      ] GC(15) - age   2:    6226200 bytes,   12553952 total
[2025-03-14T05:21:40.972+0000][1287][gc,age      ] GC(15) - age   3:      32016 bytes,   12585968 total
[2025-03-14T05:21:40.972+0000][1287][gc,age      ] GC(15) - age   4:      32272 bytes,   12618240 total
[2025-03-14T05:21:40.972+0000][1287][gc,heap     ] GC(15) Eden regions: 35->0(88)
[2025-03-14T05:21:40.972+0000][1287][gc,heap     ] GC(15) Survivor regions: 2->4(18)
[2025-03-14T05:21:40.972+0000][1287][gc,heap     ] GC(15) Old regions: 12->12
[2025-03-14T05:21:40.972+0000][1287][gc,heap     ] GC(15) Humongous regions: 0->0
[2025-03-14T05:21:40.972+0000][1287][gc,metaspace] GC(15) Metaspace: 62213K(63488K)->62213K(63488K) NonClass: 53750K(54528K)->53750K(54528K) Class: 8462K(8960K)->8462K(8960K)
[2025-03-14T05:21:40.972+0000][1287][gc          ] GC(15) Pause Young (Concurrent Start) (Metadata GC Threshold) 190M->60M(1952M) 46.809ms
[2025-03-14T05:21:40.972+0000][1287][gc,cpu      ] GC(15) User=0.05s Sys=0.01s Real=0.04s
[2025-03-14T05:21:40.972+0000][1287][gc          ] GC(16) Concurrent Mark Cycle
[2025-03-14T05:21:40.972+0000][1287][gc,marking  ] GC(16) Concurrent Scan Root Regions
[2025-03-14T05:21:40.974+0000][1287][safepoint   ] Safepoint "CollectForMetadataAllocation", Time since last: 4919375 ns, Reaching safepoint: 1958 ns, Cleanup: 4709 ns, At safepoint: 48712750 ns, Total: 48719417 ns
[2025-03-14T05:21:40.989+0000][1287][gc,marking  ] GC(16) Concurrent Scan Root Regions 17.076ms
[2025-03-14T05:21:40.989+0000][1287][gc,marking  ] GC(16) Concurrent Mark
[2025-03-14T05:21:40.989+0000][1287][gc,marking  ] GC(16) Concurrent Mark From Roots
[2025-03-14T05:21:40.989+0000][1287][gc,task     ] GC(16) Using 1 workers of 1 for marking
[2025-03-14T05:21:41.014+0000][1287][safepoint   ] Safepoint "CollectForMetadataAllocation", Time since last: 39154708 ns, Reaching safepoint: 857708 ns, Cleanup: 9042 ns, At safepoint: 42917 ns, Total: 909667 ns
[2025-03-14T05:21:41.050+0000][1287][safepoint   ] Safepoint "CollectForMetadataAllocation", Time since last: 34933958 ns, Reaching safepoint: 1004958 ns, Cleanup: 2084 ns, At safepoint: 55166 ns, Total: 1062208 ns
[2025-03-14T05:21:41.091+0000][1287][safepoint   ] Safepoint "CollectForMetadataAllocation", Time since last: 41849625 ns, Reaching safepoint: 12084 ns, Cleanup: 1833 ns, At safepoint: 54792 ns, Total: 68709 ns
[2025-03-14T05:21:41.095+0000][1287][gc,marking  ] GC(16) Concurrent Mark From Roots 106.295ms
[2025-03-14T05:21:41.095+0000][1287][gc,marking  ] GC(16) Concurrent Preclean
[2025-03-14T05:21:41.095+0000][1287][gc,marking  ] GC(16) Concurrent Preclean 0.095ms
[2025-03-14T05:21:41.095+0000][1287][gc,start    ] GC(16) Pause Remark
[2025-03-14T05:21:41.109+0000][1287][gc          ] GC(16) Pause Remark 68M->68M(1952M) 13.349ms
[2025-03-14T05:21:41.109+0000][1287][gc,cpu      ] GC(16) User=0.01s Sys=0.00s Real=0.01s
[2025-03-14T05:21:41.109+0000][1287][safepoint   ] Safepoint "G1PauseRemark", Time since last: 3751458 ns, Reaching safepoint: 1667 ns, Cleanup: 958 ns, At safepoint: 13385417 ns, Total: 13388042 ns
[2025-03-14T05:21:41.110+0000][1287][gc,marking  ] GC(16) Concurrent Mark 120.686ms
[2025-03-14T05:21:41.110+0000][1287][gc,marking  ] GC(16) Concurrent Rebuild Remembered Sets and Scrub Regions
[2025-03-14T05:21:41.157+0000][1287][gc,marking  ] GC(16) Concurrent Rebuild Remembered Sets and Scrub Regions 47.878ms
[2025-03-14T05:21:41.158+0000][1287][gc,start    ] GC(16) Pause Cleanup
[2025-03-14T05:21:41.158+0000][1287][gc          ] GC(16) Pause Cleanup 74M->74M(1952M) 0.047ms
[2025-03-14T05:21:41.158+0000][1287][gc,cpu      ] GC(16) User=0.00s Sys=0.00s Real=0.00s
[2025-03-14T05:21:41.158+0000][1287][safepoint   ] Safepoint "G1PauseCleanup", Time since last: 49412875 ns, Reaching safepoint: 2708 ns, Cleanup: 6417 ns, At safepoint: 70708 ns, Total: 79833 ns
[2025-03-14T05:21:41.158+0000][1287][gc,marking  ] GC(16) Concurrent Clear Claimed Marks
[2025-03-14T05:21:41.158+0000][1287][gc,marking  ] GC(16) Concurrent Clear Claimed Marks 0.061ms
[2025-03-14T05:21:41.158+0000][1287][gc,marking  ] GC(16) Concurrent Cleanup for Next Mark
[2025-03-14T05:21:41.163+0000][1287][gc,marking  ] GC(16) Concurrent Cleanup for Next Mark 5.031ms
[2025-03-14T05:21:41.163+0000][1287][gc          ] GC(16) Concurrent Mark Cycle 191.527ms
[2025-03-14T05:21:41.872+0000][1287][safepoint   ] Safepoint "ICBufferFull", Time since last: 714131167 ns, Reaching safepoint: 2000 ns, Cleanup: 54250 ns, At safepoint: 4209 ns, Total: 60459 ns
[2025-03-14T05:21:41.994+0000][1287][safepoint   ] Safepoint "ICBufferFull", Time since last: 121338916 ns, Reaching safepoint: 2084 ns, Cleanup: 65500 ns, At safepoint: 3750 ns, Total: 71334 ns
[2025-03-14T05:21:42.419+0000][1287][safepoint   ] Safepoint "ICBufferFull", Time since last: 424784208 ns, Reaching safepoint: 1958 ns, Cleanup: 75084 ns, At safepoint: 4125 ns, Total: 81167 ns
[2025-03-14T05:21:42.701+0000][1287][safepoint   ] Safepoint "ICBufferFull", Time since last: 282082250 ns, Reaching safepoint: 2250 ns, Cleanup: 51625 ns, At safepoint: 3292 ns, Total: 57167 ns
[2025-03-14T05:21:42.861+0000][1287][safepoint   ] Safepoint "ICBufferFull", Time since last: 159805583 ns, Reaching safepoint: 2208 ns, Cleanup: 57959 ns, At safepoint: 3833 ns, Total: 64000 ns
[2025-03-14T05:21:42.967+0000][1287][safepoint   ] Safepoint "ICBufferFull", Time since last: 106307000 ns, Reaching safepoint: 2333 ns, Cleanup: 45375 ns, At safepoint: 2042 ns, Total: 49750 ns
[2025-03-14T05:21:43.030+0000][1287][safepoint   ] Safepoint "ICBufferFull", Time since last: 62953667 ns, Reaching safepoint: 2166 ns, Cleanup: 44375 ns, At safepoint: 4125 ns, Total: 50666 ns
[2025-03-14T05:21:43.049+0000][1287][safepoint   ] Safepoint "ICBufferFull", Time since last: 18672834 ns, Reaching safepoint: 2625 ns, Cleanup: 42916 ns, At safepoint: 4000 ns, Total: 49541 ns
[2025-03-14T05:21:43.191+0000][1287][safepoint   ] Safepoint "ICBufferFull", Time since last: 142173084 ns, Reaching safepoint: 3208 ns, Cleanup: 70292 ns, At safepoint: 3250 ns, Total: 76750 ns
[2025-03-14T05:21:43.340+0000][1287][safepoint   ] Safepoint "ICBufferFull", Time since last: 148694750 ns, Reaching safepoint: 69667 ns, Cleanup: 44291 ns, At safepoint: 2417 ns, Total: 116375 ns
[2025-03-14T05:21:43.511+0000][1287][gc,start    ] GC(17) Pause Young (Normal) (G1 Evacuation Pause)
[2025-03-14T05:21:43.511+0000][1287][gc,task     ] GC(17) Using 1 workers of 1 for evacuation
[2025-03-14T05:21:43.511+0000][1287][gc,age      ] GC(17) Desired survivor size 18874368 bytes, new threshold 15 (max threshold 15)
[2025-03-14T05:21:43.577+0000][1287][gc,phases   ] GC(17)   Pre Evacuate Collection Set: 0.09ms
[2025-03-14T05:21:43.577+0000][1287][gc,phases   ] GC(17)   Merge Heap Roots: 0.06ms
[2025-03-14T05:21:43.577+0000][1287][gc,phases   ] GC(17)   Evacuate Collection Set: 62.55ms
[2025-03-14T05:21:43.577+0000][1287][gc,phases   ] GC(17)   Post Evacuate Collection Set: 3.28ms
[2025-03-14T05:21:43.577+0000][1287][gc,phases   ] GC(17)   Other: 0.05ms
[2025-03-14T05:21:43.577+0000][1287][gc,age      ] GC(17) Age table with threshold 15 (max threshold 15)
[2025-03-14T05:21:43.577+0000][1287][gc,age      ] GC(17) - age   1:   13572464 bytes,   13572464 total
[2025-03-14T05:21:43.577+0000][1287][gc,age      ] GC(17) - age   2:    6178816 bytes,   19751280 total
[2025-03-14T05:21:43.577+0000][1287][gc,age      ] GC(17) - age   3:    5961984 bytes,   25713264 total
[2025-03-14T05:21:43.577+0000][1287][gc,age      ] GC(17) - age   4:      31416 bytes,   25744680 total
[2025-03-14T05:21:43.577+0000][1287][gc,age      ] GC(17) - age   5:      31824 bytes,   25776504 total
[2025-03-14T05:21:43.577+0000][1287][gc,heap     ] GC(17) Eden regions: 67->0(49)
[2025-03-14T05:21:43.577+0000][1287][gc,heap     ] GC(17) Survivor regions: 4->7(9)
[2025-03-14T05:21:43.577+0000][1287][gc,heap     ] GC(17) Old regions: 12->12
[2025-03-14T05:21:43.577+0000][1287][gc,heap     ] GC(17) Humongous regions: 0->0
[2025-03-14T05:21:43.577+0000][1287][gc,metaspace] GC(17) Metaspace: 95963K(98688K)->95963K(98688K) NonClass: 82228K(83648K)->82228K(83648K) Class: 13734K(15040K)->13734K(15040K)
[2025-03-14T05:21:43.577+0000][1287][gc          ] GC(17) Pause Young (Normal) (G1 Evacuation Pause) 328M->72M(1952M) 66.142ms
[2025-03-14T05:21:43.577+0000][1287][gc,cpu      ] GC(17) User=0.07s Sys=0.00s Real=0.07s
[2025-03-14T05:21:43.579+0000][1287][safepoint   ] Safepoint "G1CollectForAllocation", Time since last: 170775708 ns, Reaching safepoint: 3459 ns, Cleanup: 35916 ns, At safepoint: 67948709 ns, Total: 67988084 ns
[2025-03-14T05:21:43.749+0000][1287][safepoint   ] Safepoint "ICBufferFull", Time since last: 170129375 ns, Reaching safepoint: 3291 ns, Cleanup: 70667 ns, At safepoint: 4333 ns, Total: 78291 ns
[2025-03-14T05:21:43.950+0000][1287][safepoint   ] Safepoint "ICBufferFull", Time since last: 201283792 ns, Reaching safepoint: 3167 ns, Cleanup: 69791 ns, At safepoint: 3292 ns, Total: 76250 ns
[2025-03-14T05:21:44.086+0000][1287][safepoint   ] Safepoint "ICBufferFull", Time since last: 134963292 ns, Reaching safepoint: 254000 ns, Cleanup: 159833 ns, At safepoint: 173459 ns, Total: 587292 ns
[2025-03-14T05:21:44.224+0000][1287][safepoint   ] Safepoint "ICBufferFull", Time since last: 137884333 ns, Reaching safepoint: 3083 ns, Cleanup: 51167 ns, At safepoint: 4000 ns, Total: 58250 ns
[2025-03-14T05:21:44.306+0000][1287][safepoint   ] Safepoint "ICBufferFull", Time since last: 82082000 ns, Reaching safepoint: 3708 ns, Cleanup: 61584 ns, At safepoint: 4333 ns, Total: 69625 ns
[2025-03-14T05:21:44.501+0000][1287][safepoint   ] Safepoint "ICBufferFull", Time since last: 193815292 ns, Reaching safepoint: 1037708 ns, Cleanup: 64417 ns, At safepoint: 6916 ns, Total: 1109041 ns
[2025-03-14T05:21:44.925+0000][1287][gc,start    ] GC(18) Pause Young (Normal) (G1 Evacuation Pause)
[2025-03-14T05:21:44.925+0000][1287][gc,task     ] GC(18) Using 1 workers of 1 for evacuation
[2025-03-14T05:21:44.925+0000][1287][gc,age      ] GC(18) Desired survivor size 14680064 bytes, new threshold 2 (max threshold 15)
[2025-03-14T05:21:44.988+0000][1287][gc,phases   ] GC(18)   Pre Evacuate Collection Set: 0.98ms
[2025-03-14T05:21:44.988+0000][1287][gc,phases   ] GC(18)   Merge Heap Roots: 0.03ms
[2025-03-14T05:21:44.988+0000][1287][gc,phases   ] GC(18)   Evacuate Collection Set: 60.22ms
[2025-03-14T05:21:44.988+0000][1287][gc,phases   ] GC(18)   Post Evacuate Collection Set: 2.09ms
[2025-03-14T05:21:44.988+0000][1287][gc,phases   ] GC(18)   Other: 0.06ms
[2025-03-14T05:21:44.988+0000][1287][gc,age      ] GC(18) Age table with threshold 2 (max threshold 15)
[2025-03-14T05:21:44.988+0000][1287][gc,age      ] GC(18) - age   1:   13391512 bytes,   13391512 total
[2025-03-14T05:21:44.988+0000][1287][gc,age      ] GC(18) - age   2:   12881304 bytes,   26272816 total
[2025-03-14T05:21:44.988+0000][1287][gc,heap     ] GC(18) Eden regions: 45->0(56)
[2025-03-14T05:21:44.988+0000][1287][gc,heap     ] GC(18) Survivor regions: 7->7(7)
[2025-03-14T05:21:44.988+0000][1287][gc,heap     ] GC(18) Old regions: 12->15
[2025-03-14T05:21:44.988+0000][1287][gc,heap     ] GC(18) Humongous regions: 5->5
[2025-03-14T05:21:44.988+0000][1287][gc,metaspace] GC(18) Metaspace: 102103K(104768K)->102103K(104768K) NonClass: 87456K(88896K)->87456K(88896K) Class: 14646K(15872K)->14646K(15872K)
[2025-03-14T05:21:44.988+0000][1287][gc          ] GC(18) Pause Young (Normal) (G1 Evacuation Pause) 271M->105M(1952M) 63.485ms
[2025-03-14T05:21:44.988+0000][1287][gc,cpu      ] GC(18) User=0.06s Sys=0.00s Real=0.06s
[2025-03-14T05:21:44.991+0000][1287][safepoint   ] Safepoint "G1CollectForAllocation", Time since last: 423520167 ns, Reaching safepoint: 342625 ns, Cleanup: 48709 ns, At safepoint: 66804208 ns, Total: 67195542 ns
[2025-03-14T05:21:45.506+0000][1287][safepoint   ] Safepoint "ICBufferFull", Time since last: 514713917 ns, Reaching safepoint: 6917 ns, Cleanup: 53833 ns, At safepoint: 5583 ns, Total: 66333 ns
[2025-03-14T05:21:46.506+0000][1287][safepoint   ] Safepoint "Cleanup", Time since last: 1000094792 ns, Reaching safepoint: 56875 ns, Cleanup: 54042 ns, At safepoint: 5708 ns, Total: 116625 ns
[2025-03-14T05:21:47.506+0000][1287][safepoint   ] Safepoint "Cleanup", Time since last: 1000113418 ns, Reaching safepoint: 13625 ns, Cleanup: 13291 ns, At safepoint: 5000 ns, Total: 31916 ns
[2025-03-14T05:21:48.507+0000][1287][safepoint   ] Safepoint "Cleanup", Time since last: 1000113251 ns, Reaching safepoint: 7958 ns, Cleanup: 9625 ns, At safepoint: 4875 ns, Total: 22458 ns
[2025-03-14T05:21:49.508+0000][1287][safepoint   ] Safepoint "Cleanup", Time since last: 1000890834 ns, Reaching safepoint: 7958 ns, Cleanup: 11958 ns, At safepoint: 3250 ns, Total: 23166 ns
[2025-03-14T05:21:50.509+0000][1287][safepoint   ] Safepoint "Cleanup", Time since last: 1000967043 ns, Reaching safepoint: 12666 ns, Cleanup: 11959 ns, At safepoint: 4666 ns, Total: 29291 ns
[2025-03-14T05:21:51.509+0000][1287][safepoint   ] Safepoint "Cleanup", Time since last: 1000089626 ns, Reaching safepoint: 6250 ns, Cleanup: 8000 ns, At safepoint: 4000 ns, Total: 18250 ns
[2025-03-14T05:21:53.509+0000][1287][safepoint   ] Safepoint "Cleanup", Time since last: 2000140667 ns, Reaching safepoint: 5834 ns, Cleanup: 12458 ns, At safepoint: 6042 ns, Total: 24334 ns
[2025-03-14T05:21:54.509+0000][1287][safepoint   ] Safepoint "Cleanup", Time since last: 1000223125 ns, Reaching safepoint: 21084 ns, Cleanup: 26041 ns, At safepoint: 15875 ns, Total: 63000 ns
[2025-03-14T05:21:55.510+0000][1287][safepoint   ] Safepoint "Cleanup", Time since last: 1000292126 ns, Reaching safepoint: 78208 ns, Cleanup: 133625 ns, At safepoint: 27333 ns, Total: 239166 ns
[2025-03-14T05:21:56.511+0000][1287][safepoint   ] Safepoint "Cleanup", Time since last: 1001381501 ns, Reaching safepoint: 31458 ns, Cleanup: 31833 ns, At safepoint: 14542 ns, Total: 77833 ns
[2025-03-14T05:21:57.512+0000][1287][safepoint   ] Safepoint "Cleanup", Time since last: 1000701417 ns, Reaching safepoint: 70334 ns, Cleanup: 49416 ns, At safepoint: 15584 ns, Total: 135334 ns
[2025-03-14T05:21:58.512+0000][1287][safepoint   ] Safepoint "Cleanup", Time since last: 1000187000 ns, Reaching safepoint: 9750 ns, Cleanup: 12792 ns, At safepoint: 5458 ns, Total: 28000 ns
[2025-03-14T05:21:59.512+0000][1287][safepoint   ] Safepoint "Cleanup", Time since last: 1000086376 ns, Reaching safepoint: 28916 ns, Cleanup: 13375 ns, At safepoint: 5667 ns, Total: 47958 ns
[2025-03-14T05:22:00.513+0000][1287][safepoint   ] Safepoint "Cleanup", Time since last: 1000234667 ns, Reaching safepoint: 7167 ns, Cleanup: 20625 ns, At safepoint: 5583 ns, Total: 33375 ns
[2025-03-14T05:22:00.137+0000][1287][safepoint   ] Safepoint "Cleanup", Time since last: 1000111542 ns, Reaching safepoint: 16084 ns, Cleanup: 19375 ns, At safepoint: 6958 ns, Total: 42417 ns
[2025-03-14T05:22:02.139+0000][1287][safepoint   ] Safepoint "Cleanup", Time since last: 2001813251 ns, Reaching safepoint: 12000 ns, Cleanup: 8916 ns, At safepoint: 5167 ns, Total: 26083 ns
[2025-03-14T05:22:03.139+0000][1287][safepoint   ] Safepoint "Cleanup", Time since last: 1000096292 ns, Reaching safepoint: 5125 ns, Cleanup: 9500 ns, At safepoint: 4375 ns, Total: 19000 ns
[2025-03-14T05:22:04.140+0000][1287][safepoint   ] Safepoint "Cleanup", Time since last: 1000861584 ns, Reaching safepoint: 5750 ns, Cleanup: 12667 ns, At safepoint: 5625 ns, Total: 24042 ns
[2025-03-14T05:22:05.140+0000][1287][safepoint   ] Safepoint "Cleanup", Time since last: 1000091792 ns, Reaching safepoint: 5083 ns, Cleanup: 11209 ns, At safepoint: 4375 ns, Total: 20667 ns
[2025-03-14T05:22:07.140+0000][1287][safepoint   ] Safepoint "Cleanup", Time since last: 2000319709 ns, Reaching safepoint: 20417 ns, Cleanup: 8833 ns, At safepoint: 7125 ns, Total: 36375 ns
[2025-03-14T05:22:09.141+0000][1287][safepoint   ] Safepoint "Cleanup", Time since last: 2000170709 ns, Reaching safepoint: 130542 ns, Cleanup: 23125 ns, At safepoint: 4666 ns, Total: 158333 ns
[2025-03-14T05:22:12.141+0000][1287][safepoint   ] Safepoint "Cleanup", Time since last: 3000597044 ns, Reaching safepoint: 15291 ns, Cleanup: 39375 ns, At safepoint: 14792 ns, Total: 69458 ns
[2025-03-14T05:22:13.142+0000][1287][safepoint   ] Safepoint "Cleanup", Time since last: 1000468875 ns, Reaching safepoint: 10500 ns, Cleanup: 46959 ns, At safepoint: 4333 ns, Total: 61792 ns
[2025-03-14T05:22:14.143+0000][1287][safepoint   ] Safepoint "Cleanup", Time since last: 1000935584 ns, Reaching safepoint: 12500 ns, Cleanup: 31042 ns, At safepoint: 9916 ns, Total: 53458 ns
[2025-03-14T05:22:16.144+0000][1287][safepoint   ] Safepoint "Cleanup", Time since last: 2000993091 ns, Reaching safepoint: 39401 ns, Cleanup: 9413 ns, At safepoint: 7414 ns, Total: 56228 ns
[2025-03-14T05:22:19.145+0000][1287][safepoint   ] Safepoint "Cleanup", Time since last: 3000941811 ns, Reaching safepoint: 46523 ns, Cleanup: 12703 ns, At safepoint: 6039 ns, Total: 65265 ns
[2025-03-14T05:22:22.145+0000][1287][safepoint   ] Safepoint "Cleanup", Time since last: 3000226681 ns, Reaching safepoint: 7622 ns, Cleanup: 11662 ns, At safepoint: 5497 ns, Total: 24781 ns
[2025-03-14T05:22:23.147+0000][1287][safepoint   ] Safepoint "Cleanup", Time since last: 1001712989 ns, Reaching safepoint: 15660 ns, Cleanup: 16785 ns, At safepoint: 8580 ns, Total: 41025 ns
[2025-03-14T05:22:24.285+0000][1287][safepoint   ] Safepoint "Cleanup", Time since last: 1138207660 ns, Reaching safepoint: 14869 ns, Cleanup: 16369 ns, At safepoint: 7247 ns, Total: 38485 ns
[2025-03-14T05:22:26.285+0000][1287][safepoint   ] Safepoint "Cleanup", Time since last: 2000196019 ns, Reaching safepoint: 6747 ns, Cleanup: 21700 ns, At safepoint: 6539 ns, Total: 34986 ns
[2025-03-14T05:22:28.285+0000][1287][safepoint   ] Safepoint "Cleanup", Time since last: 2000170071 ns, Reaching safepoint: 9829 ns, Cleanup: 11079 ns, At safepoint: 5498 ns, Total: 26406 ns
[2025-03-14T05:22:29.286+0000][1287][safepoint   ] Safepoint "Cleanup", Time since last: 1000095969 ns, Reaching safepoint: 7413 ns, Cleanup: 19368 ns, At safepoint: 6247 ns, Total: 33028 ns
[2025-03-14T05:22:31.287+0000][1287][safepoint   ] Safepoint "Cleanup", Time since last: 2000992534 ns, Reaching safepoint: 39442 ns, Cleanup: 44649 ns, At safepoint: 13453 ns, Total: 97544 ns
[2025-03-14T05:22:34.290+0000][1287][safepoint   ] Safepoint "Cleanup", Time since last: 3003207828 ns, Reaching safepoint: 45011 ns, Cleanup: 54939 ns, At safepoint: 24737 ns, Total: 124687 ns
[2025-03-14T05:22:35.290+0000][1287][safepoint   ] Safepoint "Cleanup", Time since last: 1000195303 ns, Reaching safepoint: 6257 ns, Cleanup: 14640 ns, At safepoint: 3337 ns, Total: 24234 ns
[2025-03-14T05:22:36.291+0000][1287][safepoint   ] Safepoint "Cleanup", Time since last: 1001096247 ns, Reaching safepoint: 43584 ns, Cleanup: 53261 ns, At safepoint: 18142 ns, Total: 114987 ns
[2025-03-14T05:22:37.292+0000][1287][safepoint   ] Safepoint "Cleanup", Time since last: 1000228126 ns, Reaching safepoint: 6297 ns, Cleanup: 13012 ns, At safepoint: 4253 ns, Total: 23562 ns
[2025-03-14T05:22:38.293+0000][1287][safepoint   ] Safepoint "Cleanup", Time since last: 1001018635 ns, Reaching safepoint: 8215 ns, Cleanup: 10133 ns, At safepoint: 3753 ns, Total: 22101 ns
[2025-03-14T05:22:41.294+0000][1287][safepoint   ] Safepoint "Cleanup", Time since last: 3001040452 ns, Reaching safepoint: 7337 ns, Cleanup: 17386 ns, At safepoint: 4920 ns, Total: 29643 ns
[2025-03-14T05:22:42.294+0000][1287][safepoint   ] Safepoint "Cleanup", Time since last: 1000088160 ns, Reaching safepoint: 7128 ns, Cleanup: 12591 ns, At safepoint: 4919 ns, Total: 24638 ns
[2025-03-14T05:22:44.294+0000][1287][safepoint   ] Safepoint "Cleanup", Time since last: 2000161315 ns, Reaching safepoint: 6836 ns, Cleanup: 14423 ns, At safepoint: 5086 ns, Total: 26345 ns
[2025-03-14T05:22:47.294+0000][1287][safepoint   ] Safepoint "Cleanup", Time since last: 3000229976 ns, Reaching safepoint: 26799 ns, Cleanup: 12587 ns, At safepoint: 5252 ns, Total: 44638 ns
[2025-03-14T05:22:48.294+0000][1287][safepoint   ] Safepoint "Cleanup", Time since last: 1000082790 ns, Reaching safepoint: 5876 ns, Cleanup: 9461 ns, At safepoint: 3501 ns, Total: 18838 ns
[2025-03-14T05:22:49.295+0000][1287][safepoint   ] Safepoint "Cleanup", Time since last: 1000588185 ns, Reaching safepoint: 16628 ns, Cleanup: 24547 ns, At safepoint: 11877 ns, Total: 53052 ns
[2025-03-14T05:22:50.296+0000][1287][safepoint   ] Safepoint "Cleanup", Time since last: 1000894012 ns, Reaching safepoint: 39465 ns, Cleanup: 49258 ns, At safepoint: 12835 ns, Total: 101558 ns
[2025-03-14T05:22:51.297+0000][1287][safepoint   ] Safepoint "Cleanup", Time since last: 1000579535 ns, Reaching safepoint: 65592 ns, Cleanup: 30878 ns, At safepoint: 12585 ns, Total: 109055 ns
[2025-03-14T05:22:53.298+0000][1287][safepoint   ] Safepoint "Cleanup", Time since last: 2001277229 ns, Reaching safepoint: 21043 ns, Cleanup: 23459 ns, At safepoint: 21293 ns, Total: 65795 ns
[2025-03-14T05:22:58.301+0000][1287][safepoint   ] Safepoint "Cleanup", Time since last: 5003036185 ns, Reaching safepoint: 57704 ns, Cleanup: 15416 ns, At safepoint: 5375 ns, Total: 78495 ns
[2025-03-14T05:22:59.301+0000][1287][safepoint   ] Safepoint "Cleanup", Time since last: 1000127921 ns, Reaching safepoint: 6500 ns, Cleanup: 14040 ns, At safepoint: 3958 ns, Total: 24498 ns
[2025-03-14T05:23:01.302+0000][1287][safepoint   ] Safepoint "Cleanup", Time since last: 2000144200 ns, Reaching safepoint: 11166 ns, Cleanup: 11873 ns, At safepoint: 5041 ns, Total: 28080 ns
[2025-03-14T05:23:04.302+0000][1287][safepoint   ] Safepoint "Cleanup", Time since last: 3000228480 ns, Reaching safepoint: 9665 ns, Cleanup: 13498 ns, At safepoint: 12081 ns, Total: 35244 ns
[2025-03-14T05:23:07.302+0000][1287][safepoint   ] Safepoint "Cleanup", Time since last: 3000252009 ns, Reaching safepoint: 10998 ns, Cleanup: 17121 ns, At safepoint: 5916 ns, Total: 34035 ns
[2025-03-14T05:23:11.304+0000][1287][safepoint   ] Safepoint "Cleanup", Time since last: 4001813976 ns, Reaching safepoint: 251353 ns, Cleanup: 55777 ns, At safepoint: 19579 ns, Total: 326709 ns
[2025-03-14T05:23:12.305+0000][1287][safepoint   ] Safepoint "Cleanup", Time since last: 1000919916 ns, Reaching safepoint: 44822 ns, Cleanup: 38989 ns, At safepoint: 32159 ns, Total: 115970 ns
[2025-03-14T05:23:13.306+0000][1287][safepoint   ] Safepoint "Cleanup", Time since last: 1000206755 ns, Reaching safepoint: 13038 ns, Cleanup: 21161 ns, At safepoint: 5874 ns, Total: 40073 ns
[2025-03-14T05:23:14.306+0000][1287][safepoint   ] Safepoint "Cleanup", Time since last: 1000087648 ns, Reaching safepoint: 8165 ns, Cleanup: 12955 ns, At safepoint: 4457 ns, Total: 25577 ns
[2025-03-14T05:23:16.306+0000][1287][safepoint   ] Safepoint "Cleanup", Time since last: 2000575847 ns, Reaching safepoint: 49485 ns, Cleanup: 25826 ns, At safepoint: 11413 ns, Total: 86724 ns
[2025-03-14T05:23:17.307+0000][1287][safepoint   ] Safepoint "Cleanup", Time since last: 1000209727 ns, Reaching safepoint: 22993 ns, Cleanup: 9830 ns, At safepoint: 4624 ns, Total: 37447 ns
[2025-03-14T05:23:19.307+0000][1287][safepoint   ] Safepoint "Cleanup", Time since last: 2000137737 ns, Reaching safepoint: 38572 ns, Cleanup: 13495 ns, At safepoint: 5749 ns, Total: 57816 ns
[2025-03-14T05:23:22.307+0000][1287][safepoint   ] Safepoint "Cleanup", Time since last: 3000263819 ns, Reaching safepoint: 13162 ns, Cleanup: 11621 ns, At safepoint: 3957 ns, Total: 28740 ns
[2025-03-14T05:23:24.307+0000][1287][safepoint   ] Safepoint "Cleanup", Time since last: 2000172898 ns, Reaching safepoint: 13037 ns, Cleanup: 10871 ns, At safepoint: 8081 ns, Total: 31989 ns
[2025-03-14T05:23:26.307+0000][1287][safepoint   ] Safepoint "Cleanup", Time since last: 2000162845 ns, Reaching safepoint: 6498 ns, Cleanup: 17785 ns, At safepoint: 4041 ns, Total: 28324 ns
[2025-03-14T05:23:29.310+0000][1287][safepoint   ] Safepoint "Cleanup", Time since last: 3001915379 ns, Reaching safepoint: 200429 ns, Cleanup: 76598 ns, At safepoint: 17452 ns, Total: 294479 ns
[2025-03-14T05:23:42.313+0000][1287][safepoint   ] Safepoint "Cleanup", Time since last: 13003579113 ns, Reaching safepoint: 6961 ns, Cleanup: 19424 ns, At safepoint: 5044 ns, Total: 31429 ns
[2025-03-14T05:23:43.313+0000][1287][safepoint   ] Safepoint "Cleanup", Time since last: 1000090310 ns, Reaching safepoint: 6502 ns, Cleanup: 13630 ns, At safepoint: 4669 ns, Total: 24801 ns
[2025-03-14T05:23:44.314+0000][1287][safepoint   ] Safepoint "Cleanup", Time since last: 1000091482 ns, Reaching safepoint: 9045 ns, Cleanup: 11462 ns, At safepoint: 6086 ns, Total: 26593 ns
[2025-03-14T05:23:46.315+0000][1287][safepoint   ] Safepoint "Cleanup", Time since last: 2001434732 ns, Reaching safepoint: 33801 ns, Cleanup: 62644 ns, At safepoint: 14713 ns, Total: 111158 ns
[2025-03-14T05:23:48.317+0000][1287][safepoint   ] Safepoint "Cleanup", Time since last: 2001702674 ns, Reaching safepoint: 109446 ns, Cleanup: 48346 ns, At safepoint: 13253 ns, Total: 171045 ns
[2025-03-14T05:23:49.318+0000][1287][safepoint   ] Safepoint "Cleanup", Time since last: 1000705158 ns, Reaching safepoint: 43302 ns, Cleanup: 81104 ns, At safepoint: 9836 ns, Total: 134242 ns
[2025-03-14T05:23:51.319+0000][1287][safepoint   ] Safepoint "Cleanup", Time since last: 2000931173 ns, Reaching safepoint: 5835 ns, Cleanup: 12961 ns, At safepoint: 2709 ns, Total: 21505 ns
[2025-03-14T05:23:53.320+0000][1287][safepoint   ] Safepoint "Cleanup", Time since last: 2000751268 ns, Reaching safepoint: 6335 ns, Cleanup: 9918 ns, At safepoint: 3584 ns, Total: 19837 ns
[2025-03-14T05:23:54.320+0000][1287][safepoint   ] Safepoint "Cleanup", Time since last: 1000092931 ns, Reaching safepoint: 6876 ns, Cleanup: 22337 ns, At safepoint: 4709 ns, Total: 33922 ns
[2025-03-14T05:23:55.320+0000][1287][safepoint   ] Safepoint "Cleanup", Time since last: 1000080502 ns, Reaching safepoint: 6876 ns, Cleanup: 9627 ns, At safepoint: 3417 ns, Total: 19920 ns
[2025-03-14T05:23:56.320+0000][1287][safepoint   ] Safepoint "Cleanup", Time since last: 1000087252 ns, Reaching safepoint: 6417 ns, Cleanup: 14127 ns, At safepoint: 4292 ns, Total: 24836 ns
[2025-03-14T05:23:59.320+0000][1287][safepoint   ] Safepoint "Cleanup", Time since last: 3000221049 ns, Reaching safepoint: 5875 ns, Cleanup: 12710 ns, At safepoint: 3750 ns, Total: 22335 ns
[2025-03-14T05:24:01.320+0000][1287][safepoint   ] Safepoint "Cleanup", Time since last: 2000147891 ns, Reaching safepoint: 5543 ns, Cleanup: 9042 ns, At safepoint: 2833 ns, Total: 17418 ns
[2025-03-14T05:24:04.321+0000][1287][safepoint   ] Safepoint "Cleanup", Time since last: 3000693195 ns, Reaching safepoint: 69961 ns, Cleanup: 50044 ns, At safepoint: 19167 ns, Total: 139172 ns
[2025-03-14T05:24:06.322+0000][1287][safepoint   ] Safepoint "Cleanup", Time since last: 2000960617 ns, Reaching safepoint: 43126 ns, Cleanup: 38918 ns, At safepoint: 13000 ns, Total: 95044 ns
[2025-03-14T05:24:08.323+0000][1287][safepoint   ] Safepoint "Cleanup", Time since last: 2000407337 ns, Reaching safepoint: 17083 ns, Cleanup: 18500 ns, At safepoint: 4000 ns, Total: 39583 ns
[2025-03-14T05:24:12.330+0000][1287][safepoint   ] Safepoint "Cleanup", Time since last: 4006235034 ns, Reaching safepoint: 1367785 ns, Cleanup: 68789 ns, At safepoint: 9458 ns, Total: 1446032 ns
[2025-03-14T05:24:13.331+0000][1287][safepoint   ] Safepoint "Cleanup", Time since last: 1001112010 ns, Reaching safepoint: 10375 ns, Cleanup: 12457 ns, At safepoint: 7250 ns, Total: 30082 ns
[2025-03-14T05:24:16.332+0000][1287][safepoint   ] Safepoint "Cleanup", Time since last: 3000224787 ns, Reaching safepoint: 9249 ns, Cleanup: 10416 ns, At safepoint: 4708 ns, Total: 24373 ns
[2025-03-14T05:24:21.334+0000][1287][safepoint   ] Safepoint "Cleanup", Time since last: 5001787967 ns, Reaching safepoint: 186773 ns, Cleanup: 23914 ns, At safepoint: 12124 ns, Total: 222811 ns
[2025-03-14T05:24:23.342+0000][1287][safepoint   ] Safepoint "Cleanup", Time since last: 2008170024 ns, Reaching safepoint: 30372 ns, Cleanup: 27289 ns, At safepoint: 12082 ns, Total: 69743 ns
[2025-03-14T05:24:26.357+0000][1287][safepoint   ] Safepoint "Cleanup", Time since last: 3015278409 ns, Reaching safepoint: 17831 ns, Cleanup: 22372 ns, At safepoint: 5875 ns, Total: 46078 ns
[2025-03-14T05:24:29.358+0000][1287][safepoint   ] Safepoint "Cleanup", Time since last: 3000864768 ns, Reaching safepoint: 5458 ns, Cleanup: 9040 ns, At safepoint: 3041 ns, Total: 17539 ns
[2025-03-14T05:24:31.358+0000][1287][safepoint   ] Safepoint "Cleanup", Time since last: 2000167648 ns, Reaching safepoint: 6166 ns, Cleanup: 9415 ns, At safepoint: 4583 ns, Total: 20164 ns
[2025-03-14T05:24:41.360+0000][1287][safepoint   ] Safepoint "Cleanup", Time since last: 10001221888 ns, Reaching safepoint: 105604 ns, Cleanup: 22121 ns, At safepoint: 9332 ns, Total: 137057 ns
[2025-03-14T05:24:42.362+0000][1287][safepoint   ] Safepoint "Cleanup", Time since last: 1002075650 ns, Reaching safepoint: 36826 ns, Cleanup: 42492 ns, At safepoint: 12206 ns, Total: 91524 ns
[2025-03-14T05:24:43.362+0000][1287][safepoint   ] Safepoint "Cleanup", Time since last: 1000426963 ns, Reaching safepoint: 37117 ns, Cleanup: 45283 ns, At safepoint: 14913 ns, Total: 97313 ns
[2025-03-14T05:24:44.364+0000][1287][safepoint   ] Safepoint "Cleanup", Time since last: 1001336595 ns, Reaching safepoint: 52281 ns, Cleanup: 56655 ns, At safepoint: 10665 ns, Total: 119601 ns
[2025-03-14T05:24:46.365+0000][1287][safepoint   ] Safepoint "Cleanup", Time since last: 2001530554 ns, Reaching safepoint: 48823 ns, Cleanup: 63362 ns, At safepoint: 18371 ns, Total: 130556 ns
[2025-03-14T05:24:54.370+0000][1287][safepoint   ] Safepoint "Cleanup", Time since last: 8004482596 ns, Reaching safepoint: 20412 ns, Cleanup: 10873 ns, At safepoint: 4665 ns, Total: 35950 ns
[2025-03-14T05:24:55.370+0000][1287][safepoint   ] Safepoint "Cleanup", Time since last: 1000090807 ns, Reaching safepoint: 19995 ns, Cleanup: 53738 ns, At safepoint: 11414 ns, Total: 85147 ns
[2025-03-14T05:24:58.370+0000][1287][safepoint   ] Safepoint "Cleanup", Time since last: 3000226794 ns, Reaching safepoint: 5582 ns, Cleanup: 8914 ns, At safepoint: 4582 ns, Total: 19078 ns
[2025-03-14T05:25:11.375+0000][1287][safepoint   ] Safepoint "Cleanup", Time since last: 13004173918 ns, Reaching safepoint: 134299 ns, Cleanup: 25743 ns, At safepoint: 10206 ns, Total: 170248 ns
[2025-03-14T05:25:12.375+0000][1287][safepoint   ] Safepoint "Cleanup", Time since last: 1000153043 ns, Reaching safepoint: 5916 ns, Cleanup: 11830 ns, At safepoint: 4374 ns, Total: 22120 ns
[2025-03-14T05:25:13.375+0000][1287][safepoint   ] Safepoint "Cleanup", Time since last: 1000118632 ns, Reaching safepoint: 6999 ns, Cleanup: 9830 ns, At safepoint: 4249 ns, Total: 21078 ns
[2025-03-14T05:25:33.454+0000][1287][safepoint   ] Safepoint "Cleanup", Time since last: 20078718113 ns, Reaching safepoint: 70612 ns, Cleanup: 21455 ns, At safepoint: 8082 ns, Total: 100149 ns
[2025-03-14T05:25:36.454+0000][1287][safepoint   ] Safepoint "Cleanup", Time since last: 3000295786 ns, Reaching safepoint: 24496 ns, Cleanup: 13789 ns, At safepoint: 5582 ns, Total: 43867 ns
[2025-03-14T05:25:39.455+0000][1287][safepoint   ] Safepoint "Cleanup", Time since last: 3000878639 ns, Reaching safepoint: 48075 ns, Cleanup: 54281 ns, At safepoint: 29537 ns, Total: 131893 ns
[2025-03-14T05:25:41.456+0000][1287][safepoint   ] Safepoint "Cleanup", Time since last: 2000407605 ns, Reaching safepoint: 65697 ns, Cleanup: 17455 ns, At safepoint: 13414 ns, Total: 96566 ns
[2025-03-14T05:25:43.458+0000][1287][safepoint   ] Safepoint "Cleanup", Time since last: 2001966742 ns, Reaching safepoint: 5582 ns, Cleanup: 10998 ns, At safepoint: 3916 ns, Total: 20496 ns
[2025-03-14T05:25:51.463+0000][1287][safepoint   ] Safepoint "Cleanup", Time since last: 8005136201 ns, Reaching safepoint: 24676 ns, Cleanup: 11380 ns, At safepoint: 4918 ns, Total: 40974 ns
[2025-03-14T05:25:52.464+0000][1287][safepoint   ] Safepoint "Cleanup", Time since last: 1000808239 ns, Reaching safepoint: 10921 ns, Cleanup: 12255 ns, At safepoint: 6544 ns, Total: 29720 ns
[2025-03-14T05:25:58.466+0000][1287][safepoint   ] Safepoint "Cleanup", Time since last: 6002444555 ns, Reaching safepoint: 43931 ns, Cleanup: 91198 ns, At safepoint: 12379 ns, Total: 147508 ns
[2025-03-14T05:26:02.469+0000][1287][safepoint   ] Safepoint "Cleanup", Time since last: 4002383142 ns, Reaching safepoint: 52599 ns, Cleanup: 18464 ns, At safepoint: 7294 ns, Total: 78357 ns
[2025-03-14T05:26:04.469+0000][1287][safepoint   ] Safepoint "Cleanup", Time since last: 2000341811 ns, Reaching safepoint: 18797 ns, Cleanup: 12128 ns, At safepoint: 4793 ns, Total: 35718 ns
[2025-03-14T05:26:12.470+0000][1287][safepoint   ] Safepoint "Cleanup", Time since last: 8000582630 ns, Reaching safepoint: 101483 ns, Cleanup: 26256 ns, At safepoint: 7836 ns, Total: 135575 ns
[2025-03-14T05:26:13.470+0000][1287][safepoint   ] Safepoint "Cleanup", Time since last: 1000149935 ns, Reaching safepoint: 5668 ns, Cleanup: 11503 ns, At safepoint: 3667 ns, Total: 20838 ns
[2025-03-14T05:26:14.470+0000][1287][safepoint   ] Safepoint "Cleanup", Time since last: 1000086626 ns, Reaching safepoint: 5709 ns, Cleanup: 9001 ns, At safepoint: 3459 ns, Total: 18169 ns
[2025-03-14T05:26:21.481+0000][1287][safepoint   ] Safepoint "Cleanup", Time since last: 7011251356 ns, Reaching safepoint: 20210 ns, Cleanup: 16460 ns, At safepoint: 5750 ns, Total: 42420 ns
[2025-03-14T05:26:24.482+0000][1287][safepoint   ] Safepoint "Cleanup", Time since last: 3000208684 ns, Reaching safepoint: 6209 ns, Cleanup: 9084 ns, At safepoint: 5126 ns, Total: 20419 ns
[2025-03-14T05:26:31.484+0000][1287][safepoint   ] Safepoint "Cleanup", Time since last: 7002255742 ns, Reaching safepoint: 7292 ns, Cleanup: 10875 ns, At safepoint: 3792 ns, Total: 21959 ns
[2025-03-14T05:26:32.484+0000][1287][safepoint   ] Safepoint "Cleanup", Time since last: 1000280855 ns, Reaching safepoint: 6333 ns, Cleanup: 10667 ns, At safepoint: 4709 ns, Total: 21709 ns
[2025-03-14T05:26:36.314+0000][1287][safepoint   ] Safepoint "Cleanup", Time since last: 3827434465 ns, Reaching safepoint: 90794 ns, Cleanup: 37376 ns, At safepoint: 1867630 ns, Total: 1995800 ns
[2025-03-14T05:26:37.314+0000][1287][safepoint   ] Safepoint "Cleanup", Time since last: 1000432578 ns, Reaching safepoint: 12833 ns, Cleanup: 53252 ns, At safepoint: 6458 ns, Total: 72543 ns
[2025-03-14T05:26:39.315+0000][1287][safepoint   ] Safepoint "Cleanup", Time since last: 2000498762 ns, Reaching safepoint: 4875 ns, Cleanup: 12083 ns, At safepoint: 2334 ns, Total: 19292 ns
[2025-03-14T05:26:41.316+0000][1287][safepoint   ] Safepoint "Cleanup", Time since last: 2001036861 ns, Reaching safepoint: 5583 ns, Cleanup: 11250 ns, At safepoint: 3500 ns, Total: 20333 ns
[2025-03-14T05:26:42.316+0000][1287][safepoint   ] Safepoint "Cleanup", Time since last: 1000084414 ns, Reaching safepoint: 6208 ns, Cleanup: 12125 ns, At safepoint: 4709 ns, Total: 23042 ns
[2025-03-14T05:26:43.316+0000][1287][safepoint   ] Safepoint "Cleanup", Time since last: 1000096636 ns, Reaching safepoint: 20917 ns, Cleanup: 20333 ns, At safepoint: 6250 ns, Total: 47500 ns
[2025-03-14T05:26:44.316+0000][1287][safepoint   ] Safepoint "Cleanup", Time since last: 1000136917 ns, Reaching safepoint: 7958 ns, Cleanup: 14208 ns, At safepoint: 4917 ns, Total: 27083 ns
[2025-03-14T05:26:46.316+0000][1287][safepoint   ] Safepoint "Cleanup", Time since last: 2000147064 ns, Reaching safepoint: 5666 ns, Cleanup: 8209 ns, At safepoint: 3083 ns, Total: 16958 ns
[2025-03-14T05:26:49.317+0000][1287][safepoint   ] Safepoint "Cleanup", Time since last: 3000197032 ns, Reaching safepoint: 6000 ns, Cleanup: 18208 ns, At safepoint: 5958 ns, Total: 30166 ns
[2025-03-14T05:26:51.317+0000][1287][safepoint   ] Safepoint "Cleanup", Time since last: 2000120819 ns, Reaching safepoint: 5250 ns, Cleanup: 9000 ns, At safepoint: 2916 ns, Total: 17166 ns
[2025-03-14T05:26:54.319+0000][1287][safepoint   ] Safepoint "Cleanup", Time since last: 3001337260 ns, Reaching safepoint: 553855 ns, Cleanup: 39457 ns, At safepoint: 11124 ns, Total: 604436 ns
[2025-03-14T05:26:56.321+0000][1287][safepoint   ] Safepoint "Cleanup", Time since last: 2002508630 ns, Reaching safepoint: 21291 ns, Cleanup: 32790 ns, At safepoint: 6916 ns, Total: 60997 ns
[2025-03-14T05:26:59.324+0000][1287][safepoint   ] Safepoint "Cleanup", Time since last: 3002472058 ns, Reaching safepoint: 7750 ns, Cleanup: 10624 ns, At safepoint: 4833 ns, Total: 23207 ns
[2025-03-14T05:27:00.324+0000][1287][safepoint   ] Safepoint "Cleanup", Time since last: 1000086539 ns, Reaching safepoint: 8875 ns, Cleanup: 12332 ns, At safepoint: 4917 ns, Total: 26124 ns
[2025-03-14T05:27:06.324+0000][1287][safepoint   ] Safepoint "Cleanup", Time since last: 6000378546 ns, Reaching safepoint: 9916 ns, Cleanup: 11083 ns, At safepoint: 5000 ns, Total: 25999 ns
[2025-03-14T05:27:11.326+0000][1287][safepoint   ] Safepoint "Cleanup", Time since last: 5001394367 ns, Reaching safepoint: 17915 ns, Cleanup: 14790 ns, At safepoint: 8041 ns, Total: 40746 ns
[2025-03-14T05:27:13.327+0000][1287][safepoint   ] Safepoint "Cleanup", Time since last: 2001178427 ns, Reaching safepoint: 33413 ns, Cleanup: 63453 ns, At safepoint: 11582 ns, Total: 108448 ns
[2025-03-14T05:27:14.328+0000][1287][safepoint   ] Safepoint "Cleanup", Time since last: 1000546707 ns, Reaching safepoint: 13582 ns, Cleanup: 21956 ns, At safepoint: 9124 ns, Total: 44662 ns
[2025-03-14T05:27:29.594+0000][1287][safepoint   ] Safepoint "Cleanup", Time since last: 15265921689 ns, Reaching safepoint: 47745 ns, Cleanup: 51952 ns, At safepoint: 17664 ns, Total: 117361 ns
[2025-03-14T05:27:30.595+0000][1287][safepoint   ] Safepoint "Cleanup", Time since last: 1001133594 ns, Reaching safepoint: 14332 ns, Cleanup: 18872 ns, At safepoint: 4875 ns, Total: 38079 ns
[2025-03-14T05:27:31.596+0000][1287][safepoint   ] Safepoint "Cleanup", Time since last: 1000854880 ns, Reaching safepoint: 17082 ns, Cleanup: 11290 ns, At safepoint: 3333 ns, Total: 31705 ns
[2025-03-14T05:27:32.596+0000][1287][safepoint   ] Safepoint "Cleanup", Time since last: 1000524018 ns, Reaching safepoint: 13915 ns, Cleanup: 12749 ns, At safepoint: 2916 ns, Total: 29580 ns
[2025-03-14T05:27:42.598+0000][1287][safepoint   ] Safepoint "Cleanup", Time since last: 10001791253 ns, Reaching safepoint: 6124 ns, Cleanup: 11915 ns, At safepoint: 4375 ns, Total: 22414 ns
[2025-03-14T05:27:43.598+0000][1287][safepoint   ] Safepoint "Cleanup", Time since last: 1000087304 ns, Reaching safepoint: 5916 ns, Cleanup: 9874 ns, At safepoint: 4124 ns, Total: 19914 ns
[2025-03-14T05:27:44.598+0000][1287][safepoint   ] Safepoint "Cleanup", Time since last: 1000085703 ns, Reaching safepoint: 6666 ns, Cleanup: 9332 ns, At safepoint: 4624 ns, Total: 20622 ns
[2025-03-14T05:27:49.600+0000][1287][safepoint   ] Safepoint "Cleanup", Time since last: 5002081626 ns, Reaching safepoint: 15706 ns, Cleanup: 76780 ns, At safepoint: 10290 ns, Total: 102776 ns
[2025-03-14T05:28:03.603+0000][1287][safepoint   ] Safepoint "Cleanup", Time since last: 14002945644 ns, Reaching safepoint: 55990 ns, Cleanup: 14831 ns, At safepoint: 5999 ns, Total: 76820 ns
[2025-03-14T05:28:12.141+0000][1287][gc,start    ] GC(19) Pause Young (Concurrent Start) (Metadata GC Threshold)
[2025-03-14T05:28:12.141+0000][1287][gc,task     ] GC(19) Using 1 workers of 1 for evacuation
[2025-03-14T05:28:12.141+0000][1287][gc,age      ] GC(19) Desired survivor size 14680064 bytes, new threshold 2 (max threshold 15)
[2025-03-14T05:28:12.213+0000][1287][gc,phases   ] GC(19)   Pre Evacuate Collection Set: 0.57ms
[2025-03-14T05:28:12.213+0000][1287][gc,phases   ] GC(19)   Merge Heap Roots: 0.18ms
[2025-03-14T05:28:12.213+0000][1287][gc,phases   ] GC(19)   Evacuate Collection Set: 69.07ms
[2025-03-14T05:28:12.213+0000][1287][gc,phases   ] GC(19)   Post Evacuate Collection Set: 2.82ms
[2025-03-14T05:28:12.213+0000][1287][gc,phases   ] GC(19)   Other: 0.13ms
[2025-03-14T05:28:12.213+0000][1287][gc,age      ] GC(19) Age table with threshold 2 (max threshold 15)
[2025-03-14T05:28:12.213+0000][1287][gc,age      ] GC(19) - age   1:    1845992 bytes,    1845992 total
[2025-03-14T05:28:12.213+0000][1287][gc,age      ] GC(19) - age   2:    9076744 bytes,   10922736 total
[2025-03-14T05:28:12.213+0000][1287][gc,heap     ] GC(19) Eden regions: 35->0(147)
[2025-03-14T05:28:12.214+0000][1287][gc,heap     ] GC(19) Survivor regions: 7->3(7)
[2025-03-14T05:28:12.214+0000][1287][gc,heap     ] GC(19) Old regions: 15->18
[2025-03-14T05:28:12.214+0000][1287][gc,heap     ] GC(19) Humongous regions: 5->5
[2025-03-14T05:28:12.214+0000][1287][gc,metaspace] GC(19) Metaspace: 104851K(107520K)->104851K(107520K) NonClass: 89902K(91328K)->89902K(91328K) Class: 14949K(16192K)->14949K(16192K)
[2025-03-14T05:28:12.214+0000][1287][gc          ] GC(19) Pause Young (Concurrent Start) (Metadata GC Threshold) 242M->103M(1952M) 72.935ms
[2025-03-14T05:28:12.214+0000][1287][gc,cpu      ] GC(19) User=0.08s Sys=0.00s Real=0.07s
[2025-03-14T05:28:12.214+0000][1287][gc          ] GC(20) Concurrent Mark Cycle
[2025-03-14T05:28:12.214+0000][1287][gc,marking  ] GC(20) Concurrent Scan Root Regions
[2025-03-14T05:28:12.214+0000][1287][safepoint   ] Safepoint "CollectForMetadataAllocation", Time since last: 8537025506 ns, Reaching safepoint: 72946 ns, Cleanup: 1916 ns, At safepoint: 73197889 ns, Total: 73272751 ns
[2025-03-14T05:28:12.235+0000][1287][gc,marking  ] GC(20) Concurrent Scan Root Regions 21.424ms
[2025-03-14T05:28:12.235+0000][1287][gc,marking  ] GC(20) Concurrent Mark
[2025-03-14T05:28:12.235+0000][1287][gc,marking  ] GC(20) Concurrent Mark From Roots
[2025-03-14T05:28:12.235+0000][1287][gc,task     ] GC(20) Using 1 workers of 1 for marking
[2025-03-14T05:28:12.292+0000][1287][gc,marking  ] GC(20) Concurrent Mark From Roots 57.032ms
[2025-03-14T05:28:12.292+0000][1287][gc,marking  ] GC(20) Concurrent Preclean
[2025-03-14T05:28:12.292+0000][1287][gc,marking  ] GC(20) Concurrent Preclean 0.058ms
[2025-03-14T05:28:12.292+0000][1287][gc,start    ] GC(20) Pause Remark
[2025-03-14T05:28:12.323+0000][1287][gc          ] GC(20) Pause Remark 104M->104M(1952M) 30.666ms
[2025-03-14T05:28:12.323+0000][1287][gc,cpu      ] GC(20) User=0.03s Sys=0.00s Real=0.03s
[2025-03-14T05:28:12.323+0000][1287][safepoint   ] Safepoint "G1PauseRemark", Time since last: 78475435 ns, Reaching safepoint: 39285 ns, Cleanup: 9040 ns, At safepoint: 30768598 ns, Total: 30816923 ns
[2025-03-14T05:28:12.323+0000][1287][gc,marking  ] GC(20) Concurrent Mark 87.966ms
[2025-03-14T05:28:12.323+0000][1287][gc,marking  ] GC(20) Concurrent Rebuild Remembered Sets and Scrub Regions
[2025-03-14T05:28:12.348+0000][1287][gc,marking  ] GC(20) Concurrent Rebuild Remembered Sets and Scrub Regions 24.435ms
[2025-03-14T05:28:12.348+0000][1287][gc,start    ] GC(20) Pause Cleanup
[2025-03-14T05:28:12.348+0000][1287][gc          ] GC(20) Pause Cleanup 104M->104M(1952M) 0.082ms
[2025-03-14T05:28:12.348+0000][1287][gc,cpu      ] GC(20) User=0.00s Sys=0.00s Real=0.00s
[2025-03-14T05:28:12.348+0000][1287][safepoint   ] Safepoint "G1PauseCleanup", Time since last: 24488601 ns, Reaching safepoint: 8082 ns, Cleanup: 6499 ns, At safepoint: 101107 ns, Total: 115688 ns
[2025-03-14T05:28:12.348+0000][1287][gc,marking  ] GC(20) Concurrent Clear Claimed Marks
[2025-03-14T05:28:12.348+0000][1287][gc,marking  ] GC(20) Concurrent Clear Claimed Marks 0.162ms
[2025-03-14T05:28:12.348+0000][1287][gc,marking  ] GC(20) Concurrent Cleanup for Next Mark
[2025-03-14T05:28:12.366+0000][1287][gc,marking  ] GC(20) Concurrent Cleanup for Next Mark 17.700ms
[2025-03-14T05:28:12.366+0000][1287][gc          ] GC(20) Concurrent Mark Cycle 151.890ms
[2025-03-14T05:28:13.348+0000][1287][safepoint   ] Safepoint "Cleanup", Time since last: 1000063995 ns, Reaching safepoint: 6040 ns, Cleanup: 10790 ns, At safepoint: 4999 ns, Total: 21829 ns
[2025-03-14T05:28:14.350+0000][1287][safepoint   ] Safepoint "Cleanup", Time since last: 1002068191 ns, Reaching safepoint: 12539 ns, Cleanup: 30162 ns, At safepoint: 4041 ns, Total: 46742 ns
[2025-03-14T05:28:16.350+0000][1287][safepoint   ] Safepoint "Cleanup", Time since last: 2000400575 ns, Reaching safepoint: 6500 ns, Cleanup: 10124 ns, At safepoint: 5291 ns, Total: 21915 ns
[2025-03-14T05:28:19.351+0000][1287][safepoint   ] Safepoint "Cleanup", Time since last: 3000217087 ns, Reaching safepoint: 13624 ns, Cleanup: 14874 ns, At safepoint: 6291 ns, Total: 34789 ns
[2025-03-14T05:28:21.351+0000][1287][safepoint   ] Safepoint "Cleanup", Time since last: 2000150047 ns, Reaching safepoint: 4958 ns, Cleanup: 4791 ns, At safepoint: 5083 ns, Total: 14832 ns
[2025-03-14T05:28:23.351+0000][1287][safepoint   ] Safepoint "Cleanup", Time since last: 2000173765 ns, Reaching safepoint: 47663 ns, Cleanup: 25498 ns, At safepoint: 12332 ns, Total: 85493 ns
[2025-03-14T05:28:41.357+0000][1287][safepoint   ] Safepoint "Cleanup", Time since last: 18005366191 ns, Reaching safepoint: 158443 ns, Cleanup: 24123 ns, At safepoint: 5958 ns, Total: 188524 ns
[2025-03-14T05:28:42.357+0000][1287][safepoint   ] Safepoint "Cleanup", Time since last: 1000856470 ns, Reaching safepoint: 5375 ns, Cleanup: 11166 ns, At safepoint: 11082 ns, Total: 27623 ns
[2025-03-14T05:28:44.638+0000][1287][safepoint   ] Safepoint "Cleanup", Time since last: 2280578046 ns, Reaching safepoint: 2041 ns, Cleanup: 28414 ns, At safepoint: 1209 ns, Total: 31664 ns
[2025-03-14T05:28:44.845+0000][1287][safepoint   ] Safepoint "ICBufferFull", Time since last: 207154192 ns, Reaching safepoint: 3375 ns, Cleanup: 56369 ns, At safepoint: 4292 ns, Total: 64036 ns
[2025-03-14T05:28:44.936+0000][1287][safepoint   ] Safepoint "ICBufferFull", Time since last: 90557895 ns, Reaching safepoint: 3417 ns, Cleanup: 60036 ns, At safepoint: 4291 ns, Total: 67744 ns
[2025-03-14T05:28:45.033+0000][1287][safepoint   ] Safepoint "ICBufferFull", Time since last: 97301279 ns, Reaching safepoint: 3583 ns, Cleanup: 67910 ns, At safepoint: 4750 ns, Total: 76243 ns
[2025-03-14T05:28:45.103+0000][1287][safepoint   ] Safepoint "ICBufferFull", Time since last: 69397286 ns, Reaching safepoint: 3708 ns, Cleanup: 57161 ns, At safepoint: 4292 ns, Total: 65161 ns
[2025-03-14T05:28:45.259+0000][1287][safepoint   ] Safepoint "ICBufferFull", Time since last: 155977889 ns, Reaching safepoint: 211354 ns, Cleanup: 89367 ns, At safepoint: 5916 ns, Total: 306637 ns
[2025-03-14T05:28:45.423+0000][1287][safepoint   ] Safepoint "ICBufferFull", Time since last: 163745772 ns, Reaching safepoint: 3875 ns, Cleanup: 74909 ns, At safepoint: 4250 ns, Total: 83034 ns
[2025-03-14T05:28:45.554+0000][1287][safepoint   ] Safepoint "ICBufferFull", Time since last: 131354033 ns, Reaching safepoint: 3958 ns, Cleanup: 51412 ns, At safepoint: 3916 ns, Total: 59286 ns
[2025-03-14T05:28:45.599+0000][1287][safepoint   ] Safepoint "ICBufferFull", Time since last: 44988452 ns, Reaching safepoint: 3458 ns, Cleanup: 45954 ns, At safepoint: 3416 ns, Total: 52828 ns
[2025-03-14T05:28:46.599+0000][1287][safepoint   ] Safepoint "Cleanup", Time since last: 1000078554 ns, Reaching safepoint: 10457 ns, Cleanup: 71035 ns, At safepoint: 8416 ns, Total: 89908 ns
[2025-03-14T05:28:46.938+0000][1287][safepoint   ] Safepoint "ICBufferFull", Time since last: 333734398 ns, Reaching safepoint: 4632639 ns, Cleanup: 62285 ns, At safepoint: 15290 ns, Total: 4710214 ns
[2025-03-14T05:28:47.088+0000][1287][safepoint   ] Safepoint "ICBufferFull", Time since last: 149790316 ns, Reaching safepoint: 53079 ns, Cleanup: 68035 ns, At safepoint: 5291 ns, Total: 126405 ns
[2025-03-14T05:28:47.174+0000][1287][safepoint   ] Safepoint "ICBufferFull", Time since last: 82674307 ns, Reaching safepoint: 3855628 ns, Cleanup: 70660 ns, At safepoint: 6249 ns, Total: 3932537 ns
[2025-03-14T05:28:47.334+0000][1287][safepoint   ] Safepoint "ICBufferFull", Time since last: 158725087 ns, Reaching safepoint: 424793 ns, Cleanup: 58078 ns, At safepoint: 3916 ns, Total: 486787 ns
[2025-03-14T05:28:47.493+0000][1287][safepoint   ] Safepoint "ICBufferFull", Time since last: 158808871 ns, Reaching safepoint: 5124 ns, Cleanup: 99449 ns, At safepoint: 5333 ns, Total: 109906 ns
[2025-03-14T05:28:47.500+0000][1287][safepoint   ] Safepoint "ICBufferFull", Time since last: 3355884 ns, Reaching safepoint: 4255506 ns, Cleanup: 14873 ns, At safepoint: 13582 ns, Total: 4283961 ns
[2025-03-14T05:28:47.502+0000][1287][safepoint   ] Safepoint "ICBufferFull", Time since last: 1423113 ns, Reaching safepoint: 77493 ns, Cleanup: 3291 ns, At safepoint: 2666 ns, Total: 83450 ns
[2025-03-14T05:28:47.735+0000][1287][safepoint   ] Safepoint "ICBufferFull", Time since last: 233414375 ns, Reaching safepoint: 3874 ns, Cleanup: 83909 ns, At safepoint: 7749 ns, Total: 95532 ns
[2025-03-14T05:28:47.735+0000][1287][safepoint   ] Safepoint "ICBufferFull", Time since last: 16457 ns, Reaching safepoint: 708 ns, Cleanup: 292 ns, At safepoint: 833 ns, Total: 1833 ns
[2025-03-14T05:28:47.926+0000][1287][safepoint   ] Safepoint "ICBufferFull", Time since last: 188689027 ns, Reaching safepoint: 2121295 ns, Cleanup: 61286 ns, At safepoint: 5416 ns, Total: 2187997 ns
[2025-03-14T05:28:47.928+0000][1287][safepoint   ] Safepoint "ICBufferFull", Time since last: 1641216 ns, Reaching safepoint: 332343 ns, Cleanup: 5541 ns, At safepoint: 4167 ns, Total: 342051 ns
[2025-03-14T05:28:48.133+0000][1287][safepoint   ] Safepoint "ICBufferFull", Time since last: 205350642 ns, Reaching safepoint: 3958 ns, Cleanup: 52329 ns, At safepoint: 3916 ns, Total: 60203 ns
[2025-03-14T05:28:48.279+0000][1287][safepoint   ] Safepoint "ICBufferFull", Time since last: 145688190 ns, Reaching safepoint: 4499 ns, Cleanup: 48162 ns, At safepoint: 4541 ns, Total: 57202 ns
[2025-03-14T05:28:48.281+0000][1287][safepoint   ] Safepoint "ICBufferFull", Time since last: 1485106 ns, Reaching safepoint: 1667 ns, Cleanup: 1833 ns, At safepoint: 1625 ns, Total: 5125 ns
[2025-03-14T05:28:48.339+0000][1287][safepoint   ] Safepoint "ICBufferFull", Time since last: 58459866 ns, Reaching safepoint: 4416 ns, Cleanup: 93866 ns, At safepoint: 5166 ns, Total: 103448 ns
[2025-03-14T05:28:48.553+0000][1287][safepoint   ] Safepoint "ICBufferFull", Time since last: 213600180 ns, Reaching safepoint: 4500 ns, Cleanup: 53578 ns, At safepoint: 5041 ns, Total: 63119 ns
[2025-03-14T05:28:49.554+0000][1287][safepoint   ] Safepoint "Cleanup", Time since last: 1000794942 ns, Reaching safepoint: 49162 ns, Cleanup: 117113 ns, At safepoint: 17040 ns, Total: 183315 ns
[2025-03-14T05:28:49.874+0000][1287][safepoint   ] Safepoint "ICBufferFull", Time since last: 319977153 ns, Reaching safepoint: 3374 ns, Cleanup: 70369 ns, At safepoint: 4457 ns, Total: 78200 ns
[2025-03-14T05:28:50.034+0000][1287][safepoint   ] Safepoint "ICBufferFull", Time since last: 159912921 ns, Reaching safepoint: 3667 ns, Cleanup: 74534 ns, At safepoint: 6874 ns, Total: 85075 ns
[2025-03-14T05:28:51.035+0000][1287][safepoint   ] Safepoint "Cleanup", Time since last: 1000726095 ns, Reaching safepoint: 51745 ns, Cleanup: 116156 ns, At safepoint: 9165 ns, Total: 177066 ns
[2025-03-14T05:28:53.036+0000][1287][safepoint   ] Safepoint "Cleanup", Time since last: 2000742867 ns, Reaching safepoint: 5000 ns, Cleanup: 65868 ns, At safepoint: 4333 ns, Total: 75201 ns
[2025-03-14T05:28:54.037+0000][1287][safepoint   ] Safepoint "Cleanup", Time since last: 1001386442 ns, Reaching safepoint: 84199 ns, Cleanup: 17040 ns, At safepoint: 9999 ns, Total: 111238 ns
[2025-03-14T05:28:55.038+0000][1287][safepoint   ] Safepoint "Cleanup", Time since last: 1000265636 ns, Reaching safepoint: 18290 ns, Cleanup: 142152 ns, At safepoint: 12165 ns, Total: 172607 ns
[2025-03-14T05:28:55.842+0000][1287][safepoint   ] Safepoint "ICBufferFull", Time since last: 804428153 ns, Reaching safepoint: 8666 ns, Cleanup: 120446 ns, At safepoint: 6999 ns, Total: 136111 ns
[2025-03-14T05:28:56.842+0000][1287][safepoint   ] Safepoint "Cleanup", Time since last: 1000104758 ns, Reaching safepoint: 7791 ns, Cleanup: 107281 ns, At safepoint: 6457 ns, Total: 121529 ns
[2025-03-14T05:28:57.843+0000][1287][safepoint   ] Safepoint "Cleanup", Time since last: 1000312714 ns, Reaching safepoint: 7250 ns, Cleanup: 35246 ns, At safepoint: 5666 ns, Total: 48162 ns
[2025-03-14T05:28:58.843+0000][1287][safepoint   ] Safepoint "Cleanup", Time since last: 1000083722 ns, Reaching safepoint: 4999 ns, Cleanup: 15290 ns, At safepoint: 3750 ns, Total: 24039 ns
[2025-03-14T05:28:59.843+0000][1287][safepoint   ] Safepoint "Cleanup", Time since last: 1000084837 ns, Reaching safepoint: 6500 ns, Cleanup: 13040 ns, At safepoint: 3541 ns, Total: 23081 ns
[2025-03-14T05:29:00.843+0000][1287][safepoint   ] Safepoint "Cleanup", Time since last: 1000285106 ns, Reaching safepoint: 56245 ns, Cleanup: 31705 ns, At safepoint: 8666 ns, Total: 96616 ns
[2025-03-14T05:29:01.845+0000][1287][safepoint   ] Safepoint "Cleanup", Time since last: 1001347917 ns, Reaching safepoint: 4041 ns, Cleanup: 23915 ns, At safepoint: 4874 ns, Total: 32830 ns
[2025-03-14T05:29:02.846+0000][1287][safepoint   ] Safepoint "Cleanup", Time since last: 1000972008 ns, Reaching safepoint: 19582 ns, Cleanup: 53536 ns, At safepoint: 4666 ns, Total: 77784 ns
[2025-03-14T05:29:03.846+0000][1287][safepoint   ] Safepoint "Cleanup", Time since last: 1000098907 ns, Reaching safepoint: 11999 ns, Cleanup: 10541 ns, At safepoint: 5249 ns, Total: 27789 ns
[2025-03-14T05:29:04.846+0000][1287][safepoint   ] Safepoint "Cleanup", Time since last: 1000083265 ns, Reaching safepoint: 20748 ns, Cleanup: 28997 ns, At safepoint: 4250 ns, Total: 53995 ns
[2025-03-14T05:29:07.846+0000][1287][safepoint   ] Safepoint "Cleanup", Time since last: 3000197795 ns, Reaching safepoint: 4000 ns, Cleanup: 43537 ns, At safepoint: 3958 ns, Total: 51495 ns
[2025-03-14T05:29:08.846+0000][1287][safepoint   ] Safepoint "Cleanup", Time since last: 1000087086 ns, Reaching safepoint: 12915 ns, Cleanup: 33288 ns, At safepoint: 5999 ns, Total: 52202 ns
[2025-03-14T05:29:09.847+0000][1287][safepoint   ] Safepoint "Cleanup", Time since last: 1000519719 ns, Reaching safepoint: 11957 ns, Cleanup: 23914 ns, At safepoint: 4666 ns, Total: 40537 ns
[2025-03-14T05:29:10.848+0000][1287][safepoint   ] Safepoint "Cleanup", Time since last: 1000940525 ns, Reaching safepoint: 8666 ns, Cleanup: 35579 ns, At safepoint: 4083 ns, Total: 48328 ns
[2025-03-14T05:29:12.849+0000][1287][safepoint   ] Safepoint "Cleanup", Time since last: 2000881853 ns, Reaching safepoint: 36329 ns, Cleanup: 115530 ns, At safepoint: 11957 ns, Total: 163816 ns
[2025-03-14T05:29:13.850+0000][1287][safepoint   ] Safepoint "Cleanup", Time since last: 1000904405 ns, Reaching safepoint: 9624 ns, Cleanup: 49578 ns, At safepoint: 4208 ns, Total: 63410 ns
[2025-03-14T05:29:14.851+0000][1287][safepoint   ] Safepoint "Cleanup", Time since last: 1000528232 ns, Reaching safepoint: 21664 ns, Cleanup: 87699 ns, At safepoint: 14124 ns, Total: 123487 ns
[2025-03-14T05:29:16.851+0000][1287][safepoint   ] Safepoint "Cleanup", Time since last: 2000116078 ns, Reaching safepoint: 5875 ns, Cleanup: 16498 ns, At safepoint: 4374 ns, Total: 26747 ns
[2025-03-14T05:29:17.852+0000][1287][safepoint   ] Safepoint "Cleanup", Time since last: 1000916088 ns, Reaching safepoint: 12832 ns, Cleanup: 25622 ns, At safepoint: 5583 ns, Total: 44037 ns
[2025-03-14T05:29:18.852+0000][1287][safepoint   ] Safepoint "Cleanup", Time since last: 1000095028 ns, Reaching safepoint: 7041 ns, Cleanup: 9457 ns, At safepoint: 4666 ns, Total: 21164 ns
[2025-03-14T05:29:19.853+0000][1287][safepoint   ] Safepoint "Cleanup", Time since last: 1000082219 ns, Reaching safepoint: 792705 ns, Cleanup: 51619 ns, At safepoint: 6416 ns, Total: 850740 ns
[2025-03-14T05:29:19.861+0000][1287][gc,start    ] GC(21) Pause Young (Prepare Mixed) (G1 Evacuation Pause)
[2025-03-14T05:29:19.861+0000][1287][gc,task     ] GC(21) Using 1 workers of 1 for evacuation
[2025-03-14T05:29:19.861+0000][1287][gc,age      ] GC(21) Desired survivor size 33554432 bytes, new threshold 15 (max threshold 15)
[2025-03-14T05:29:19.942+0000][1287][gc,phases   ] GC(21)   Pre Evacuate Collection Set: 0.47ms
[2025-03-14T05:29:19.942+0000][1287][gc,phases   ] GC(21)   Merge Heap Roots: 0.14ms
[2025-03-14T05:29:19.942+0000][1287][gc,phases   ] GC(21)   Evacuate Collection Set: 78.21ms
[2025-03-14T05:29:19.942+0000][1287][gc,phases   ] GC(21)   Post Evacuate Collection Set: 2.15ms
[2025-03-14T05:29:19.942+0000][1287][gc,phases   ] GC(21)   Other: 0.10ms
[2025-03-14T05:29:19.942+0000][1287][gc,age      ] GC(21) Age table with threshold 15 (max threshold 15)
[2025-03-14T05:29:19.942+0000][1287][gc,age      ] GC(21) - age   1:   10541800 bytes,   10541800 total
[2025-03-14T05:29:19.942+0000][1287][gc,age      ] GC(21) - age   2:    1765680 bytes,   12307480 total
[2025-03-14T05:29:19.942+0000][1287][gc,age      ] GC(21) - age   3:    7966240 bytes,   20273720 total
[2025-03-14T05:29:19.942+0000][1287][gc,heap     ] GC(21) Eden regions: 120->0(108)
[2025-03-14T05:29:19.942+0000][1287][gc,heap     ] GC(21) Survivor regions: 3->5(16)
[2025-03-14T05:29:19.942+0000][1287][gc,heap     ] GC(21) Old regions: 18->18
[2025-03-14T05:29:19.942+0000][1287][gc,heap     ] GC(21) Humongous regions: 5->5
[2025-03-14T05:29:19.942+0000][1287][gc,metaspace] GC(21) Metaspace: 112693K(115648K)->112693K(115648K) NonClass: 96783K(98368K)->96783K(98368K) Class: 15909K(17280K)->15909K(17280K)
[2025-03-14T05:29:19.942+0000][1287][gc          ] GC(21) Pause Young (Prepare Mixed) (G1 Evacuation Pause) 583M->111M(1952M) 81.193ms
[2025-03-14T05:29:19.942+0000][1287][gc,cpu      ] GC(21) User=0.08s Sys=0.00s Real=0.08s
[2025-03-14T05:29:19.946+0000][1287][safepoint   ] Safepoint "G1CollectForAllocation", Time since last: 8226142 ns, Reaching safepoint: 3041 ns, Cleanup: 12332 ns, At safepoint: 84949627 ns, Total: 84965000 ns
[2025-03-14T05:29:20.946+0000][1287][safepoint   ] Safepoint "Cleanup", Time since last: 1000081259 ns, Reaching safepoint: 6874 ns, Cleanup: 38871 ns, At safepoint: 5125 ns, Total: 50870 ns
[2025-03-14T05:29:21.946+0000][1287][safepoint   ] Safepoint "Cleanup", Time since last: 1000101040 ns, Reaching safepoint: 143151 ns, Cleanup: 21706 ns, At safepoint: 5624 ns, Total: 170481 ns
[2025-03-14T05:29:22.948+0000][1287][safepoint   ] Safepoint "Cleanup", Time since last: 1001306737 ns, Reaching safepoint: 5416 ns, Cleanup: 26872 ns, At safepoint: 6416 ns, Total: 38704 ns
[2025-03-14T05:29:26.705+0000][1287][safepoint   ] Safepoint "Cleanup", Time since last: 3757627197 ns, Reaching safepoint: 11166 ns, Cleanup: 55119 ns, At safepoint: 6291 ns, Total: 72576 ns
[2025-03-14T05:29:27.706+0000][1287][safepoint   ] Safepoint "Cleanup", Time since last: 1000106649 ns, Reaching safepoint: 7166 ns, Cleanup: 9457 ns, At safepoint: 4708 ns, Total: 21331 ns
[2025-03-14T05:29:29.707+0000][1287][safepoint   ] Safepoint "Cleanup", Time since last: 2000919330 ns, Reaching safepoint: 33787 ns, Cleanup: 67826 ns, At safepoint: 15915 ns, Total: 117528 ns
[2025-03-14T05:29:32.709+0000][1287][safepoint   ] Safepoint "Cleanup", Time since last: 3002280566 ns, Reaching safepoint: 50577 ns, Cleanup: 270511 ns, At safepoint: 15999 ns, Total: 337087 ns
[2025-03-14T05:29:34.710+0000][1287][safepoint   ] Safepoint "Cleanup", Time since last: 2000996137 ns, Reaching safepoint: 5375 ns, Cleanup: 6582 ns, At safepoint: 4417 ns, Total: 16374 ns
[2025-03-14T05:29:35.710+0000][1287][safepoint   ] Safepoint "Cleanup", Time since last: 1000084564 ns, Reaching safepoint: 19831 ns, Cleanup: 22206 ns, At safepoint: 3999 ns, Total: 46036 ns
[2025-03-14T05:29:37.711+0000][1287][safepoint   ] Safepoint "Cleanup", Time since last: 2000139794 ns, Reaching safepoint: 7249 ns, Cleanup: 41995 ns, At safepoint: 6375 ns, Total: 55619 ns
[2025-03-14T05:29:38.711+0000][1287][safepoint   ] Safepoint "Cleanup", Time since last: 1000117606 ns, Reaching safepoint: 19331 ns, Cleanup: 71117 ns, At safepoint: 3708 ns, Total: 94156 ns
[2025-03-14T05:29:39.712+0000][1287][safepoint   ] Safepoint "Cleanup", Time since last: 1000932035 ns, Reaching safepoint: 8166 ns, Cleanup: 29830 ns, At safepoint: 4750 ns, Total: 42746 ns
[2025-03-14T05:29:40.712+0000][1287][safepoint   ] Safepoint "Cleanup", Time since last: 1000098491 ns, Reaching safepoint: 7207 ns, Cleanup: 12040 ns, At safepoint: 4583 ns, Total: 23830 ns
[2025-03-14T05:29:41.712+0000][1287][safepoint   ] Safepoint "Cleanup", Time since last: 1000091813 ns, Reaching safepoint: 6791 ns, Cleanup: 21581 ns, At safepoint: 4875 ns, Total: 33247 ns
[2025-03-14T05:29:42.712+0000][1287][safepoint   ] Safepoint "Cleanup", Time since last: 1000093471 ns, Reaching safepoint: 6791 ns, Cleanup: 12999 ns, At safepoint: 4249 ns, Total: 24039 ns
[2025-03-14T05:29:43.712+0000][1287][safepoint   ] Safepoint "Cleanup", Time since last: 1000093758 ns, Reaching safepoint: 51619 ns, Cleanup: 17707 ns, At safepoint: 6832 ns, Total: 76158 ns
[2025-03-14T05:29:44.713+0000][1287][safepoint   ] Safepoint "Cleanup", Time since last: 1000111755 ns, Reaching safepoint: 6916 ns, Cleanup: 75949 ns, At safepoint: 5875 ns, Total: 88740 ns
[2025-03-14T05:29:45.713+0000][1287][safepoint   ] Safepoint "Cleanup", Time since last: 1000097258 ns, Reaching safepoint: 5124 ns, Cleanup: 32871 ns, At safepoint: 7624 ns, Total: 45619 ns
[2025-03-14T05:29:46.713+0000][1287][safepoint   ] Safepoint "Cleanup", Time since last: 1000076807 ns, Reaching safepoint: 7083 ns, Cleanup: 12248 ns, At safepoint: 4083 ns, Total: 23414 ns
[2025-03-14T05:29:47.713+0000][1287][safepoint   ] Safepoint "Cleanup", Time since last: 1000101646 ns, Reaching safepoint: 8665 ns, Cleanup: 66659 ns, At safepoint: 5416 ns, Total: 80740 ns
[2025-03-14T05:29:49.714+0000][1287][safepoint   ] Safepoint "Cleanup", Time since last: 2000567202 ns, Reaching safepoint: 12374 ns, Cleanup: 30621 ns, At safepoint: 7416 ns, Total: 50411 ns
[2025-03-14T05:29:50.714+0000][1287][safepoint   ] Safepoint "Cleanup", Time since last: 1000278043 ns, Reaching safepoint: 37954 ns, Cleanup: 342501 ns, At safepoint: 28414 ns, Total: 408869 ns
[2025-03-14T05:29:52.716+0000][1287][safepoint   ] Safepoint "Cleanup", Time since last: 2001535369 ns, Reaching safepoint: 52286 ns, Cleanup: 123194 ns, At safepoint: 20039 ns, Total: 195519 ns
[2025-03-14T05:29:53.717+0000][1287][safepoint   ] Safepoint "Cleanup", Time since last: 1000537207 ns, Reaching safepoint: 66451 ns, Cleanup: 357666 ns, At safepoint: 27705 ns, Total: 451822 ns
[2025-03-14T05:29:56.719+0000][1287][safepoint   ] Safepoint "Cleanup", Time since last: 3001668381 ns, Reaching safepoint: 7082 ns, Cleanup: 38662 ns, At safepoint: 5083 ns, Total: 50827 ns
[2025-03-14T05:29:57.719+0000][1287][safepoint   ] Safepoint "Cleanup", Time since last: 1000050896 ns, Reaching safepoint: 7583 ns, Cleanup: 9207 ns, At safepoint: 4958 ns, Total: 21748 ns
[2025-03-14T05:29:59.719+0000][1287][safepoint   ] Safepoint "Cleanup", Time since last: 2000142285 ns, Reaching safepoint: 7957 ns, Cleanup: 26164 ns, At safepoint: 5458 ns, Total: 39579 ns
[2025-03-14T05:30:02.719+0000][1287][safepoint   ] Safepoint "Cleanup", Time since last: 3000217187 ns, Reaching safepoint: 9461 ns, Cleanup: 68019 ns, At safepoint: 4042 ns, Total: 81522 ns
[2025-03-14T05:30:04.719+0000][1287][safepoint   ] Safepoint "Cleanup", Time since last: 2000153533 ns, Reaching safepoint: 10878 ns, Cleanup: 13545 ns, At safepoint: 4334 ns, Total: 28757 ns
[2025-03-14T05:30:05.720+0000][1287][safepoint   ] Safepoint "Cleanup", Time since last: 1000089623 ns, Reaching safepoint: 7377 ns, Cleanup: 14254 ns, At safepoint: 4668 ns, Total: 26299 ns
[2025-03-14T05:30:07.720+0000][1287][safepoint   ] Safepoint "Cleanup", Time since last: 2000494343 ns, Reaching safepoint: 124407 ns, Cleanup: 35676 ns, At safepoint: 11377 ns, Total: 171460 ns
[2025-03-14T05:30:08.722+0000][1287][safepoint   ] Safepoint "Cleanup", Time since last: 1001122939 ns, Reaching safepoint: 70560 ns, Cleanup: 369968 ns, At safepoint: 30258 ns, Total: 470786 ns
[2025-03-14T05:30:09.723+0000][1287][safepoint   ] Safepoint "Cleanup", Time since last: 1000975598 ns, Reaching safepoint: 80104 ns, Cleanup: 38259 ns, At safepoint: 14629 ns, Total: 132992 ns
[2025-03-14T05:30:10.856+0000][1287][safepoint   ] Safepoint "Cleanup", Time since last: 1133003836 ns, Reaching safepoint: 4834 ns, Cleanup: 10961 ns, At safepoint: 2834 ns, Total: 18629 ns
[2025-03-14T05:30:11.857+0000][1287][safepoint   ] Safepoint "Cleanup", Time since last: 1000809593 ns, Reaching safepoint: 11211 ns, Cleanup: 25048 ns, At safepoint: 8794 ns, Total: 45053 ns
[2025-03-14T05:30:12.858+0000][1287][safepoint   ] Safepoint "Cleanup", Time since last: 1000952476 ns, Reaching safepoint: 5585 ns, Cleanup: 25006 ns, At safepoint: 2667 ns, Total: 33258 ns
[2025-03-14T05:30:13.858+0000][1287][safepoint   ] Safepoint "Cleanup", Time since last: 1000180352 ns, Reaching safepoint: 4459 ns, Cleanup: 29049 ns, At safepoint: 3292 ns, Total: 36800 ns
[2025-03-14T05:30:14.859+0000][1287][safepoint   ] Safepoint "Cleanup", Time since last: 1000749207 ns, Reaching safepoint: 6043 ns, Cleanup: 35300 ns, At safepoint: 4168 ns, Total: 45511 ns
[2025-03-14T05:30:16.859+0000][1287][safepoint   ] Safepoint "Cleanup", Time since last: 2000189132 ns, Reaching safepoint: 7877 ns, Cleanup: 8710 ns, At safepoint: 5085 ns, Total: 21672 ns
[2025-03-14T05:30:17.859+0000][1287][safepoint   ] Safepoint "Cleanup", Time since last: 1000089121 ns, Reaching safepoint: 7419 ns, Cleanup: 10752 ns, At safepoint: 4668 ns, Total: 22839 ns
[2025-03-14T05:30:18.859+0000][1287][safepoint   ] Safepoint "Cleanup", Time since last: 1000087920 ns, Reaching safepoint: 6168 ns, Cleanup: 10461 ns, At safepoint: 3209 ns, Total: 19838 ns
[2025-03-14T05:30:19.860+0000][1287][safepoint   ] Safepoint "Cleanup", Time since last: 1000086489 ns, Reaching safepoint: 428554 ns, Cleanup: 19421 ns, At safepoint: 6126 ns, Total: 454101 ns
[2025-03-14T05:30:20.860+0000][1287][safepoint   ] Safepoint "Cleanup", Time since last: 1000085072 ns, Reaching safepoint: 11961 ns, Cleanup: 13837 ns, At safepoint: 4959 ns, Total: 30757 ns
[2025-03-14T05:30:21.860+0000][1287][safepoint   ] Safepoint "Cleanup", Time since last: 1000099934 ns, Reaching safepoint: 15045 ns, Cleanup: 13294 ns, At safepoint: 4043 ns, Total: 32382 ns
[2025-03-14T05:30:22.860+0000][1287][safepoint   ] Safepoint "Cleanup", Time since last: 1000098141 ns, Reaching safepoint: 6502 ns, Cleanup: 14670 ns, At safepoint: 5126 ns, Total: 26298 ns
[2025-03-14T05:30:24.760+0000][1287][safepoint   ] Safepoint "Cleanup", Time since last: 1900353792 ns, Reaching safepoint: 12252 ns, Cleanup: 9336 ns, At safepoint: 5668 ns, Total: 27256 ns
[2025-03-14T05:30:26.761+0000][1287][safepoint   ] Safepoint "Cleanup", Time since last: 2000377197 ns, Reaching safepoint: 24130 ns, Cleanup: 127235 ns, At safepoint: 13961 ns, Total: 165326 ns
[2025-03-14T05:30:27.761+0000][1287][safepoint   ] Safepoint "Cleanup", Time since last: 1000275679 ns, Reaching safepoint: 14461 ns, Cleanup: 97687 ns, At safepoint: 7335 ns, Total: 119483 ns
[2025-03-14T05:30:29.762+0000][1287][safepoint   ] Safepoint "Cleanup", Time since last: 2000542458 ns, Reaching safepoint: 39341 ns, Cleanup: 200040 ns, At safepoint: 12920 ns, Total: 252301 ns
[2025-03-14T05:30:31.809+0000][1287][safepoint   ] Safepoint "ICBufferFull", Time since last: 2046443995 ns, Reaching safepoint: 3501 ns, Cleanup: 69263 ns, At safepoint: 3584 ns, Total: 76348 ns
[2025-03-14T05:30:32.382+0000][1287][safepoint   ] Safepoint "ICBufferFull", Time since last: 573450610 ns, Reaching safepoint: 3334 ns, Cleanup: 74806 ns, At safepoint: 3876 ns, Total: 82016 ns
[2025-03-14T05:30:33.384+0000][1287][safepoint   ] Safepoint "Cleanup", Time since last: 1000159552 ns, Reaching safepoint: 71972 ns, Cleanup: 50052 ns, At safepoint: 1583387 ns, Total: 1705411 ns
[2025-03-14T05:30:34.385+0000][1287][safepoint   ] Safepoint "Cleanup", Time since last: 1000579874 ns, Reaching safepoint: 6418 ns, Cleanup: 11044 ns, At safepoint: 3209 ns, Total: 20671 ns
[2025-03-14T05:30:35.386+0000][1287][safepoint   ] Safepoint "Cleanup", Time since last: 1000907695 ns, Reaching safepoint: 6376 ns, Cleanup: 43634 ns, At safepoint: 5167 ns, Total: 55177 ns
[2025-03-14T05:30:37.387+0000][1287][safepoint   ] Safepoint "Cleanup", Time since last: 2001073981 ns, Reaching safepoint: 10502 ns, Cleanup: 10752 ns, At safepoint: 3959 ns, Total: 25213 ns
[2025-03-14T05:30:37.840+0000][1287][safepoint   ] Safepoint "ICBufferFull", Time since last: 453003906 ns, Reaching safepoint: 459668 ns, Cleanup: 59469 ns, At safepoint: 5292 ns, Total: 524429 ns
[2025-03-14T05:30:38.390+0000][1287][safepoint   ] Safepoint "ICBufferFull", Time since last: 549601856 ns, Reaching safepoint: 4668 ns, Cleanup: 82807 ns, At safepoint: 5167 ns, Total: 92642 ns
[2025-03-14T05:30:39.390+0000][1287][safepoint   ] Safepoint "Cleanup", Time since last: 1000080087 ns, Reaching safepoint: 11168 ns, Cleanup: 23713 ns, At safepoint: 5668 ns, Total: 40549 ns
[2025-03-14T05:30:40.390+0000][1287][safepoint   ] Safepoint "Cleanup", Time since last: 1000094808 ns, Reaching safepoint: 6918 ns, Cleanup: 24379 ns, At safepoint: 4042 ns, Total: 35339 ns
[2025-03-14T05:30:42.390+0000][1287][safepoint   ] Safepoint "Cleanup", Time since last: 2000143384 ns, Reaching safepoint: 7959 ns, Cleanup: 18337 ns, At safepoint: 3875 ns, Total: 30171 ns
[2025-03-14T05:30:43.391+0000][1287][safepoint   ] Safepoint "Cleanup", Time since last: 1000084570 ns, Reaching safepoint: 6876 ns, Cleanup: 12877 ns, At safepoint: 4709 ns, Total: 24462 ns
[2025-03-14T05:30:44.391+0000][1287][safepoint   ] Safepoint "Cleanup", Time since last: 1000713014 ns, Reaching safepoint: 33255 ns, Cleanup: 105518 ns, At safepoint: 12794 ns, Total: 151567 ns
[2025-03-14T05:30:45.392+0000][1287][safepoint   ] Safepoint "Cleanup", Time since last: 1000474347 ns, Reaching safepoint: 37548 ns, Cleanup: 70887 ns, At safepoint: 14419 ns, Total: 122854 ns
[2025-03-14T05:30:46.863+0000][1287][safepoint   ] Safepoint "ICBufferFull", Time since last: 1470642019 ns, Reaching safepoint: 4543 ns, Cleanup: 95015 ns, At safepoint: 4959 ns, Total: 104517 ns
[2025-03-14T05:30:47.864+0000][1287][safepoint   ] Safepoint "Cleanup", Time since last: 1001129388 ns, Reaching safepoint: 37090 ns, Cleanup: 196407 ns, At safepoint: 13544 ns, Total: 247041 ns
[2025-03-14T05:30:49.866+0000][1287][safepoint   ] Safepoint "Cleanup", Time since last: 2001572702 ns, Reaching safepoint: 4334 ns, Cleanup: 11794 ns, At safepoint: 4042 ns, Total: 20170 ns
[2025-03-14T05:30:50.866+0000][1287][safepoint   ] Safepoint "Cleanup", Time since last: 1000081737 ns, Reaching safepoint: 6626 ns, Cleanup: 14336 ns, At safepoint: 4334 ns, Total: 25296 ns
[2025-03-14T05:30:51.866+0000][1287][safepoint   ] Safepoint "Cleanup", Time since last: 1000096097 ns, Reaching safepoint: 11252 ns, Cleanup: 18752 ns, At safepoint: 7627 ns, Total: 37631 ns
[2025-03-14T05:30:52.866+0000][1287][safepoint   ] Safepoint "Cleanup", Time since last: 1000109886 ns, Reaching safepoint: 71220 ns, Cleanup: 50007 ns, At safepoint: 3334 ns, Total: 124561 ns
[2025-03-14T05:30:53.866+0000][1287][safepoint   ] Safepoint "Cleanup", Time since last: 1000081103 ns, Reaching safepoint: 8959 ns, Cleanup: 34131 ns, At safepoint: 9834 ns, Total: 52924 ns
[2025-03-14T05:30:54.867+0000][1287][safepoint   ] Safepoint "Cleanup", Time since last: 1000369508 ns, Reaching safepoint: 4543 ns, Cleanup: 20086 ns, At safepoint: 4667 ns, Total: 29296 ns
[2025-03-14T05:30:55.867+0000][1287][safepoint   ] Safepoint "Cleanup", Time since last: 1000086256 ns, Reaching safepoint: 5668 ns, Cleanup: 17961 ns, At safepoint: 4626 ns, Total: 28255 ns
[2025-03-14T05:30:56.867+0000][1287][safepoint   ] Safepoint "Cleanup", Time since last: 1000069767 ns, Reaching safepoint: 75636 ns, Cleanup: 25546 ns, At safepoint: 6167 ns, Total: 107349 ns
[2025-03-14T05:30:57.867+0000][1287][safepoint   ] Safepoint "Cleanup", Time since last: 1000100550 ns, Reaching safepoint: 6751 ns, Cleanup: 19920 ns, At safepoint: 5251 ns, Total: 31922 ns
[2025-03-14T05:30:58.867+0000][1287][safepoint   ] Safepoint "Cleanup", Time since last: 1000081839 ns, Reaching safepoint: 4293 ns, Cleanup: 23878 ns, At safepoint: 3542 ns, Total: 31713 ns
[2025-03-14T05:30:59.867+0000][1287][safepoint   ] Safepoint "Cleanup", Time since last: 1000085770 ns, Reaching safepoint: 5542 ns, Cleanup: 11294 ns, At safepoint: 2792 ns, Total: 19628 ns
[2025-03-14T05:31:01.868+0000][1287][safepoint   ] Safepoint "Cleanup", Time since last: 2000146555 ns, Reaching safepoint: 4917 ns, Cleanup: 32880 ns, At safepoint: 4375 ns, Total: 42172 ns
[2025-03-14T05:31:02.868+0000][1287][safepoint   ] Safepoint "Cleanup", Time since last: 1000252379 ns, Reaching safepoint: 42839 ns, Cleanup: 57925 ns, At safepoint: 11251 ns, Total: 112015 ns
[2025-03-14T05:31:03.868+0000][1287][safepoint   ] Safepoint "Cleanup", Time since last: 1000226236 ns, Reaching safepoint: 9751 ns, Cleanup: 10627 ns, At safepoint: 4959 ns, Total: 25337 ns
[2025-03-14T05:31:04.868+0000][1287][safepoint   ] Safepoint "Cleanup", Time since last: 1000092927 ns, Reaching safepoint: 4084 ns, Cleanup: 22086 ns, At safepoint: 3500 ns, Total: 29670 ns
[2025-03-14T05:31:05.565+0000][1287][gc,start    ] GC(22) Pause Young (Mixed) (G1 Evacuation Pause)
[2025-03-14T05:31:05.565+0000][1287][gc,task     ] GC(22) Using 1 workers of 1 for evacuation
[2025-03-14T05:31:05.565+0000][1287][gc,age      ] GC(22) Desired survivor size 27262976 bytes, new threshold 15 (max threshold 15)
[2025-03-14T05:31:05.645+0000][1287][gc,phases   ] GC(22)   Pre Evacuate Collection Set: 0.83ms
[2025-03-14T05:31:05.645+0000][1287][gc,phases   ] GC(22)   Merge Heap Roots: 0.29ms
[2025-03-14T05:31:05.645+0000][1287][gc,phases   ] GC(22)   Evacuate Collection Set: 76.84ms
[2025-03-14T05:31:05.645+0000][1287][gc,phases   ] GC(22)   Post Evacuate Collection Set: 2.38ms
[2025-03-14T05:31:05.645+0000][1287][gc,phases   ] GC(22)   Other: 0.14ms
[2025-03-14T05:31:05.645+0000][1287][gc,age      ] GC(22) Age table with threshold 15 (max threshold 15)
[2025-03-14T05:31:05.645+0000][1287][gc,age      ] GC(22) - age   1:    1847640 bytes,    1847640 total
[2025-03-14T05:31:05.645+0000][1287][gc,age      ] GC(22) - age   2:    8808440 bytes,   10656080 total
[2025-03-14T05:31:05.645+0000][1287][gc,age      ] GC(22) - age   3:    1765432 bytes,   12421512 total
[2025-03-14T05:31:05.645+0000][1287][gc,age      ] GC(22) - age   4:    7966216 bytes,   20387728 total
[2025-03-14T05:31:05.645+0000][1287][gc,heap     ] GC(22) Eden regions: 98->0(143)
[2025-03-14T05:31:05.645+0000][1287][gc,heap     ] GC(22) Survivor regions: 5->5(13)
[2025-03-14T05:31:05.645+0000][1287][gc,heap     ] GC(22) Old regions: 18->18
[2025-03-14T05:31:05.645+0000][1287][gc,heap     ] GC(22) Humongous regions: 5->5
[2025-03-14T05:31:05.645+0000][1287][gc,metaspace] GC(22) Metaspace: 114100K(116992K)->114100K(116992K) NonClass: 98184K(99712K)->98184K(99712K) Class: 15915K(17280K)->15915K(17280K)
[2025-03-14T05:31:05.645+0000][1287][gc          ] GC(22) Pause Young (Mixed) (G1 Evacuation Pause) 503M->110M(1952M) 80.750ms
[2025-03-14T05:31:05.645+0000][1287][gc,cpu      ] GC(22) User=0.08s Sys=0.00s Real=0.08s
[2025-03-14T05:31:05.647+0000][1287][safepoint   ] Safepoint "G1CollectForAllocation", Time since last: 696189066 ns, Reaching safepoint: 8376 ns, Cleanup: 59257 ns, At safepoint: 82161111 ns, Total: 82228744 ns
[2025-03-14T05:31:06.647+0000][1287][safepoint   ] Safepoint "Cleanup", Time since last: 1000076548 ns, Reaching safepoint: 14377 ns, Cleanup: 48006 ns, At safepoint: 6917 ns, Total: 69300 ns
[2025-03-14T05:31:07.647+0000][1287][safepoint   ] Safepoint "Cleanup", Time since last: 1000154005 ns, Reaching safepoint: 11751 ns, Cleanup: 10543 ns, At safepoint: 3667 ns, Total: 25961 ns
[2025-03-14T05:31:11.649+0000][1287][safepoint   ] Safepoint "Cleanup", Time since last: 4001662231 ns, Reaching safepoint: 7209 ns, Cleanup: 32045 ns, At safepoint: 5876 ns, Total: 45130 ns
[2025-03-14T05:31:12.649+0000][1287][safepoint   ] Safepoint "Cleanup", Time since last: 1000093122 ns, Reaching safepoint: 4750 ns, Cleanup: 18586 ns, At safepoint: 5251 ns, Total: 28587 ns
[2025-03-14T05:31:13.649+0000][1287][safepoint   ] Safepoint "Cleanup", Time since last: 1000081316 ns, Reaching safepoint: 9418 ns, Cleanup: 11668 ns, At safepoint: 5668 ns, Total: 26754 ns
[2025-03-14T05:31:14.649+0000][1287][safepoint   ] Safepoint "Cleanup", Time since last: 1000141069 ns, Reaching safepoint: 109835 ns, Cleanup: 63793 ns, At safepoint: 9833 ns, Total: 183461 ns
[2025-03-14T05:31:17.650+0000][1287][safepoint   ] Safepoint "Cleanup", Time since last: 3000318964 ns, Reaching safepoint: 88126 ns, Cleanup: 33584 ns, At safepoint: 5458 ns, Total: 127168 ns
[2025-03-14T05:31:19.650+0000][1287][safepoint   ] Safepoint "Cleanup", Time since last: 2000216368 ns, Reaching safepoint: 6042 ns, Cleanup: 8667 ns, At safepoint: 3875 ns, Total: 18584 ns
[2025-03-14T05:31:20.650+0000][1287][safepoint   ] Safepoint "Cleanup", Time since last: 1000094371 ns, Reaching safepoint: 7417 ns, Cleanup: 9458 ns, At safepoint: 4542 ns, Total: 21417 ns
[2025-03-14T05:31:22.651+0000][1287][safepoint   ] Safepoint "Cleanup", Time since last: 2000663676 ns, Reaching safepoint: 16209 ns, Cleanup: 59250 ns, At safepoint: 34125 ns, Total: 109584 ns
[2025-03-14T05:31:23.651+0000][1287][safepoint   ] Safepoint "Cleanup", Time since last: 1000545536 ns, Reaching safepoint: 8833 ns, Cleanup: 28584 ns, At safepoint: 5417 ns, Total: 42834 ns
[2025-03-14T05:31:24.812+0000][1287][safepoint   ] Safepoint "Cleanup", Time since last: 1160023173 ns, Reaching safepoint: 13250 ns, Cleanup: 48792 ns, At safepoint: 6834 ns, Total: 68876 ns
[2025-03-14T05:31:26.788+0000][1287][safepoint   ] Safepoint "ICBufferFull", Time since last: 1976368716 ns, Reaching safepoint: 7958 ns, Cleanup: 109000 ns, At safepoint: 6208 ns, Total: 123166 ns
[2025-03-14T05:31:27.790+0000][1287][safepoint   ] Safepoint "Cleanup", Time since last: 1000674135 ns, Reaching safepoint: 976164 ns, Cleanup: 81708 ns, At safepoint: 9291 ns, Total: 1067163 ns
[2025-03-14T05:31:28.794+0000][1287][safepoint   ] Safepoint "Cleanup", Time since last: 1000919048 ns, Reaching safepoint: 3003527 ns, Cleanup: 70999 ns, At safepoint: 10542 ns, Total: 3085068 ns
[2025-03-14T05:31:29.796+0000][1287][safepoint   ] Safepoint "Cleanup", Time since last: 1000849135 ns, Reaching safepoint: 176416 ns, Cleanup: 718912 ns, At safepoint: 125749 ns, Total: 1021077 ns
[2025-03-14T05:31:30.796+0000][1287][safepoint   ] Safepoint "Cleanup", Time since last: 1000341408 ns, Reaching safepoint: 39166 ns, Cleanup: 50708 ns, At safepoint: 7917 ns, Total: 97791 ns
[2025-03-14T05:31:32.405+0000][1287][safepoint   ] Safepoint "Cleanup", Time since last: 1609022694 ns, Reaching safepoint: 4750 ns, Cleanup: 59000 ns, At safepoint: 3958 ns, Total: 67708 ns
[2025-03-14T05:31:33.407+0000][1287][safepoint   ] Safepoint "Cleanup", Time since last: 1001971008 ns, Reaching safepoint: 31916 ns, Cleanup: 53791 ns, At safepoint: 7709 ns, Total: 93416 ns
[2025-03-14T05:31:34.408+0000][1287][safepoint   ] Safepoint "Cleanup", Time since last: 1000156920 ns, Reaching safepoint: 95541 ns, Cleanup: 27125 ns, At safepoint: 6416 ns, Total: 129082 ns
[2025-03-14T05:31:35.408+0000][1287][safepoint   ] Safepoint "Cleanup", Time since last: 1000126451 ns, Reaching safepoint: 19083 ns, Cleanup: 80374 ns, At safepoint: 6583 ns, Total: 106040 ns
[2025-03-14T05:31:36.408+0000][1287][safepoint   ] Safepoint "Cleanup", Time since last: 1000122824 ns, Reaching safepoint: 16250 ns, Cleanup: 18416 ns, At safepoint: 11000 ns, Total: 45666 ns
[2025-03-14T05:31:37.408+0000][1287][safepoint   ] Safepoint "Cleanup", Time since last: 1000110667 ns, Reaching safepoint: 18083 ns, Cleanup: 83790 ns, At safepoint: 8167 ns, Total: 110040 ns
[2025-03-14T05:31:38.408+0000][1287][safepoint   ] Safepoint "Cleanup", Time since last: 1000106519 ns, Reaching safepoint: 23874 ns, Cleanup: 104499 ns, At safepoint: 21624 ns, Total: 149997 ns
[2025-03-14T05:31:39.409+0000][1287][safepoint   ] Safepoint "Cleanup", Time since last: 1000080966 ns, Reaching safepoint: 13541 ns, Cleanup: 23333 ns, At safepoint: 5459 ns, Total: 42333 ns
[2025-03-14T05:31:40.409+0000][1287][safepoint   ] Safepoint "Cleanup", Time since last: 1000128254 ns, Reaching safepoint: 99457 ns, Cleanup: 23499 ns, At safepoint: 5125 ns, Total: 128081 ns
[2025-03-14T05:31:41.409+0000][1287][safepoint   ] Safepoint "Cleanup", Time since last: 1000127181 ns, Reaching safepoint: 20499 ns, Cleanup: 19750 ns, At safepoint: 6500 ns, Total: 46749 ns
[2025-03-14T05:31:42.409+0000][1287][safepoint   ] Safepoint "Cleanup", Time since last: 1000183656 ns, Reaching safepoint: 5500 ns, Cleanup: 38249 ns, At safepoint: 4416 ns, Total: 48165 ns
[2025-03-14T05:31:43.409+0000][1287][safepoint   ] Safepoint "Cleanup", Time since last: 1000092686 ns, Reaching safepoint: 9875 ns, Cleanup: 17166 ns, At safepoint: 5417 ns, Total: 32458 ns
[2025-03-14T05:31:45.410+0000][1287][safepoint   ] Safepoint "Cleanup", Time since last: 2000175622 ns, Reaching safepoint: 32624 ns, Cleanup: 160745 ns, At safepoint: 14958 ns, Total: 208327 ns
[2025-03-14T05:31:46.410+0000][1287][safepoint   ] Safepoint "Cleanup", Time since last: 1000127787 ns, Reaching safepoint: 12167 ns, Cleanup: 63123 ns, At safepoint: 5666 ns, Total: 80956 ns
[2025-03-14T05:31:47.410+0000][1287][safepoint   ] Safepoint "Cleanup", Time since last: 1000089022 ns, Reaching safepoint: 7208 ns, Cleanup: 69998 ns, At safepoint: 6292 ns, Total: 83498 ns
[2025-03-14T05:31:48.411+0000][1287][safepoint   ] Safepoint "Cleanup", Time since last: 1000640168 ns, Reaching safepoint: 68581 ns, Cleanup: 73956 ns, At safepoint: 17917 ns, Total: 160454 ns
[2025-03-14T05:31:49.412+0000][1287][safepoint   ] Safepoint "Cleanup", Time since last: 1000734788 ns, Reaching safepoint: 156912 ns, Cleanup: 21582 ns, At safepoint: 7333 ns, Total: 185827 ns
[2025-03-14T05:31:50.413+0000][1287][safepoint   ] Safepoint "Cleanup", Time since last: 1000397563 ns, Reaching safepoint: 85164 ns, Cleanup: 204285 ns, At safepoint: 35041 ns, Total: 324490 ns
[2025-03-14T05:31:51.252+0000][1287][safepoint   ] Safepoint "ICBufferFull", Time since last: 839875699 ns, Reaching safepoint: 2708 ns, Cleanup: 58207 ns, At safepoint: 2375 ns, Total: 63290 ns
[2025-03-14T05:31:51.322+0000][1287][safepoint   ] Safepoint "ICBufferFull", Time since last: 68337727 ns, Reaching safepoint: 729683 ns, Cleanup: 105663 ns, At safepoint: 7458 ns, Total: 842804 ns
[2025-03-14T05:31:51.367+0000][1287][safepoint   ] Safepoint "ICBufferFull", Time since last: 45512140 ns, Reaching safepoint: 4000 ns, Cleanup: 102121 ns, At safepoint: 5083 ns, Total: 111204 ns
[2025-03-14T05:31:51.999+0000][1287][safepoint   ] Safepoint "ICBufferFull", Time since last: 631427565 ns, Reaching safepoint: 144329 ns, Cleanup: 100163 ns, At safepoint: 7749 ns, Total: 252241 ns
[2025-03-14T05:31:52.283+0000][1287][safepoint   ] Safepoint "ICBufferFull", Time since last: 283817385 ns, Reaching safepoint: 4209 ns, Cleanup: 85913 ns, At safepoint: 4750 ns, Total: 94872 ns
[2025-03-14T05:31:52.994+0000][1287][safepoint   ] Safepoint "ICBufferFull", Time since last: 710831620 ns, Reaching safepoint: 7041 ns, Cleanup: 79622 ns, At safepoint: 9708 ns, Total: 96371 ns
[2025-03-14T05:31:53.994+0000][1287][safepoint   ] Safepoint "Cleanup", Time since last: 1000145402 ns, Reaching safepoint: 7542 ns, Cleanup: 47123 ns, At safepoint: 7250 ns, Total: 61915 ns
[2025-03-14T05:31:54.364+0000][1287][safepoint   ] Safepoint "ICBufferFull", Time since last: 364912071 ns, Reaching safepoint: 4775569 ns, Cleanup: 64247 ns, At safepoint: 6708 ns, Total: 4846524 ns
[2025-03-14T05:31:54.506+0000][1287][safepoint   ] Safepoint "ICBufferFull", Time since last: 142312431 ns, Reaching safepoint: 4458 ns, Cleanup: 155578 ns, At safepoint: 5000 ns, Total: 165036 ns
[2025-03-14T05:31:54.575+0000][1287][gc,start    ] GC(23) Pause Young (Normal) (G1 Evacuation Pause)
[2025-03-14T05:31:54.575+0000][1287][gc,task     ] GC(23) Using 1 workers of 1 for evacuation
[2025-03-14T05:31:54.575+0000][1287][gc,age      ] GC(23) Desired survivor size 37748736 bytes, new threshold 15 (max threshold 15)
[2025-03-14T05:31:54.644+0000][1287][gc,phases   ] GC(23)   Pre Evacuate Collection Set: 0.45ms
[2025-03-14T05:31:54.644+0000][1287][gc,phases   ] GC(23)   Merge Heap Roots: 0.11ms
[2025-03-14T05:31:54.644+0000][1287][gc,phases   ] GC(23)   Evacuate Collection Set: 64.80ms
[2025-03-14T05:31:54.644+0000][1287][gc,phases   ] GC(23)   Post Evacuate Collection Set: 3.41ms
[2025-03-14T05:31:54.644+0000][1287][gc,phases   ] GC(23)   Other: 0.09ms
[2025-03-14T05:31:54.644+0000][1287][gc,age      ] GC(23) Age table with threshold 15 (max threshold 15)
[2025-03-14T05:31:54.644+0000][1287][gc,age      ] GC(23) - age   1:    6136680 bytes,    6136680 total
[2025-03-14T05:31:54.644+0000][1287][gc,age      ] GC(23) - age   2:     120696 bytes,    6257376 total
[2025-03-14T05:31:54.644+0000][1287][gc,age      ] GC(23) - age   3:    8634808 bytes,   14892184 total
[2025-03-14T05:31:54.644+0000][1287][gc,age      ] GC(23) - age   4:    1765112 bytes,   16657296 total
[2025-03-14T05:31:54.644+0000][1287][gc,age      ] GC(23) - age   5:    7484176 bytes,   24141472 total
[2025-03-14T05:31:54.644+0000][1287][gc,heap     ] GC(23) Eden regions: 137->0(168)
[2025-03-14T05:31:54.644+0000][1287][gc,heap     ] GC(23) Survivor regions: 5->6(18)
[2025-03-14T05:31:54.644+0000][1287][gc,heap     ] GC(23) Old regions: 18->18
[2025-03-14T05:31:54.644+0000][1287][gc,heap     ] GC(23) Humongous regions: 5->5
[2025-03-14T05:31:54.644+0000][1287][gc,metaspace] GC(23) Metaspace: 115727K(118656K)->115727K(118656K) NonClass: 99647K(101184K)->99647K(101184K) Class: 16080K(17472K)->16080K(17472K)
[2025-03-14T05:31:54.644+0000][1287][gc          ] GC(23) Pause Young (Normal) (G1 Evacuation Pause) 658M->114M(1952M) 69.008ms
[2025-03-14T05:31:54.644+0000][1287][gc,cpu      ] GC(23) User=0.07s Sys=0.00s Real=0.07s
[2025-03-14T05:31:54.644+0000][1287][safepoint   ] Safepoint "G1CollectForAllocation", Time since last: 68632769 ns, Reaching safepoint: 224867 ns, Cleanup: 30248 ns, At safepoint: 69093669 ns, Total: 69348784 ns
[2025-03-14T05:31:54.828+0000][1287][gc,start    ] GC(24) Pause Young (Concurrent Start) (CodeCache GC Threshold)
[2025-03-14T05:31:54.828+0000][1287][gc,task     ] GC(24) Using 1 workers of 1 for evacuation
[2025-03-14T05:31:54.828+0000][1287][gc,age      ] GC(24) Desired survivor size 46137344 bytes, new threshold 15 (max threshold 15)
[2025-03-14T05:31:54.869+0000][1287][gc,phases   ] GC(24)   Pre Evacuate Collection Set: 0.13ms
[2025-03-14T05:31:54.869+0000][1287][gc,phases   ] GC(24)   Merge Heap Roots: 0.05ms
[2025-03-14T05:31:54.869+0000][1287][gc,phases   ] GC(24)   Evacuate Collection Set: 40.26ms
[2025-03-14T05:31:54.869+0000][1287][gc,phases   ] GC(24)   Post Evacuate Collection Set: 1.01ms
[2025-03-14T05:31:54.869+0000][1287][gc,phases   ] GC(24)   Other: 0.07ms
[2025-03-14T05:31:54.869+0000][1287][gc,age      ] GC(24) Age table with threshold 15 (max threshold 15)
[2025-03-14T05:31:54.869+0000][1287][gc,age      ] GC(24) - age   1:    1038064 bytes,    1038064 total
[2025-03-14T05:31:54.869+0000][1287][gc,age      ] GC(24) - age   2:    5135000 bytes,    6173064 total
[2025-03-14T05:31:54.869+0000][1287][gc,age      ] GC(24) - age   3:     120696 bytes,    6293760 total
[2025-03-14T05:31:54.869+0000][1287][gc,age      ] GC(24) - age   4:    8634200 bytes,   14927960 total
[2025-03-14T05:31:54.869+0000][1287][gc,age      ] GC(24) - age   5:    1765112 bytes,   16693072 total
[2025-03-14T05:31:54.869+0000][1287][gc,age      ] GC(24) - age   6:    7483040 bytes,   24176112 total
[2025-03-14T05:31:54.869+0000][1287][gc,heap     ] GC(24) Eden regions: 14->0(259)
[2025-03-14T05:31:54.869+0000][1287][gc,heap     ] GC(24) Survivor regions: 6->7(22)
[2025-03-14T05:31:54.869+0000][1287][gc,heap     ] GC(24) Old regions: 18->18
[2025-03-14T05:31:54.869+0000][1287][gc,heap     ] GC(24) Humongous regions: 5->5
[2025-03-14T05:31:54.869+0000][1287][gc,metaspace] GC(24) Metaspace: 115770K(118720K)->115770K(118720K) NonClass: 99689K(101248K)->99689K(101248K) Class: 16080K(17472K)->16080K(17472K)
[2025-03-14T05:31:54.869+0000][1287][gc          ] GC(24) Pause Young (Concurrent Start) (CodeCache GC Threshold) 170M->116M(1952M) 41.629ms
[2025-03-14T05:31:54.869+0000][1287][gc          ] GC(25) Concurrent Mark Cycle
[2025-03-14T05:31:54.869+0000][1287][gc,marking  ] GC(25) Concurrent Scan Root Regions
[2025-03-14T05:31:54.873+0000][1287][gc,cpu      ] GC(24) User=0.04s Sys=0.00s Real=0.05s
[2025-03-14T05:31:54.874+0000][1287][safepoint   ] Safepoint "G1TryInitiateConcMark", Time since last: 183516950 ns, Reaching safepoint: 7750 ns, Cleanup: 40207 ns, At safepoint: 45906715 ns, Total: 45954672 ns
[2025-03-14T05:31:54.886+0000][1287][gc,marking  ] GC(25) Concurrent Scan Root Regions 16.341ms
[2025-03-14T05:31:54.886+0000][1287][gc,marking  ] GC(25) Concurrent Mark
[2025-03-14T05:31:54.886+0000][1287][gc,marking  ] GC(25) Concurrent Mark From Roots
[2025-03-14T05:31:54.886+0000][1287][gc,task     ] GC(25) Using 1 workers of 1 for marking
[2025-03-14T05:31:54.978+0000][1287][gc,marking  ] GC(25) Concurrent Mark From Roots 92.056ms
[2025-03-14T05:31:54.978+0000][1287][gc,marking  ] GC(25) Concurrent Preclean
[2025-03-14T05:31:54.978+0000][1287][gc,marking  ] GC(25) Concurrent Preclean 0.095ms
[2025-03-14T05:31:54.978+0000][1287][gc,start    ] GC(25) Pause Remark
[2025-03-14T05:31:55.013+0000][1287][gc          ] GC(25) Pause Remark 118M->118M(1952M) 35.417ms
[2025-03-14T05:31:55.014+0000][1287][gc,cpu      ] GC(25) User=0.03s Sys=0.00s Real=0.04s
[2025-03-14T05:31:55.016+0000][1287][safepoint   ] Safepoint "G1PauseRemark", Time since last: 104303249 ns, Reaching safepoint: 4791 ns, Cleanup: 6250 ns, At safepoint: 37865212 ns, Total: 37876253 ns
[2025-03-14T05:31:55.016+0000][1287][gc,marking  ] GC(25) Concurrent Mark 130.095ms
[2025-03-14T05:31:55.016+0000][1287][gc,marking  ] GC(25) Concurrent Rebuild Remembered Sets and Scrub Regions
[2025-03-14T05:31:55.144+0000][1287][gc,marking  ] GC(25) Concurrent Rebuild Remembered Sets and Scrub Regions 128.138ms
[2025-03-14T05:31:55.146+0000][1287][gc,start    ] GC(25) Pause Cleanup
[2025-03-14T05:31:55.146+0000][1287][gc          ] GC(25) Pause Cleanup 138M->138M(1952M) 0.080ms
[2025-03-14T05:31:55.146+0000][1287][gc,cpu      ] GC(25) User=0.00s Sys=0.00s Real=0.00s
[2025-03-14T05:31:55.146+0000][1287][safepoint   ] Safepoint "G1PauseCleanup", Time since last: 129825548 ns, Reaching safepoint: 9583 ns, Cleanup: 106162 ns, At safepoint: 115413 ns, Total: 231158 ns
[2025-03-14T05:31:55.146+0000][1287][gc,marking  ] GC(25) Concurrent Clear Claimed Marks
[2025-03-14T05:31:55.146+0000][1287][gc,marking  ] GC(25) Concurrent Clear Claimed Marks 0.280ms
[2025-03-14T05:31:55.146+0000][1287][gc,marking  ] GC(25) Concurrent Cleanup for Next Mark
[2025-03-14T05:31:55.187+0000][1287][gc,marking  ] GC(25) Concurrent Cleanup for Next Mark 40.487ms
[2025-03-14T05:31:55.187+0000][1287][gc          ] GC(25) Concurrent Mark Cycle 317.309ms
[2025-03-14T05:31:56.147+0000][1287][safepoint   ] Safepoint "Cleanup", Time since last: 1001194471 ns, Reaching safepoint: 48707 ns, Cleanup: 51539 ns, At safepoint: 17791 ns, Total: 118037 ns
[2025-03-14T05:31:56.828+0000][1287][safepoint   ] Safepoint "ICBufferFull", Time since last: 676182289 ns, Reaching safepoint: 4267912 ns, Cleanup: 69705 ns, At safepoint: 7417 ns, Total: 4345034 ns
[2025-03-14T05:31:57.074+0000][1287][safepoint   ] Safepoint "ICBufferFull", Time since last: 246080389 ns, Reaching safepoint: 70539 ns, Cleanup: 71164 ns, At safepoint: 4583 ns, Total: 146286 ns
[2025-03-14T05:31:57.342+0000][1287][safepoint   ] Safepoint "ICBufferFull", Time since last: 267699426 ns, Reaching safepoint: 72705 ns, Cleanup: 64997 ns, At safepoint: 5125 ns, Total: 142827 ns
[2025-03-14T05:31:57.774+0000][1287][safepoint   ] Safepoint "ICBufferFull", Time since last: 431857301 ns, Reaching safepoint: 3875 ns, Cleanup: 65122 ns, At safepoint: 9167 ns, Total: 78164 ns
[2025-03-14T05:31:57.778+0000][1287][safepoint   ] Safepoint "ICBufferFull", Time since last: 3929920 ns, Reaching safepoint: 2709 ns, Cleanup: 47831 ns, At safepoint: 2125 ns, Total: 52665 ns
[2025-03-14T05:31:57.998+0000][1287][safepoint   ] Safepoint "ICBufferFull", Time since last: 219939735 ns, Reaching safepoint: 4083 ns, Cleanup: 54414 ns, At safepoint: 2333 ns, Total: 60830 ns
[2025-03-14T05:31:58.093+0000][1287][safepoint   ] Safepoint "ICBufferFull", Time since last: 95343453 ns, Reaching safepoint: 4291 ns, Cleanup: 56831 ns, At safepoint: 4333 ns, Total: 65455 ns
[2025-03-14T05:31:58.485+0000][1287][safepoint   ] Safepoint "ICBufferFull", Time since last: 391509366 ns, Reaching safepoint: 22333 ns, Cleanup: 84996 ns, At safepoint: 7833 ns, Total: 115162 ns
[2025-03-14T05:31:58.897+0000][1287][safepoint   ] Safepoint "ICBufferFull", Time since last: 406824132 ns, Reaching safepoint: 4179073 ns, Cleanup: 80746 ns, At safepoint: 864380 ns, Total: 5124199 ns
[2025-03-14T05:31:59.099+0000][1287][safepoint   ] Safepoint "ICBufferFull", Time since last: 202291505 ns, Reaching safepoint: 9708 ns, Cleanup: 127786 ns, At safepoint: 6874 ns, Total: 144368 ns
[2025-03-14T05:31:59.174+0000][1287][safepoint   ] Safepoint "ICBufferFull", Time since last: 74526043 ns, Reaching safepoint: 19749 ns, Cleanup: 82913 ns, At safepoint: 7792 ns, Total: 110454 ns
[2025-03-14T05:31:59.303+0000][1287][safepoint   ] Safepoint "ICBufferFull", Time since last: 126266787 ns, Reaching safepoint: 679553 ns, Cleanup: 54748 ns, At safepoint: 1885334 ns, Total: 2619635 ns
[2025-03-14T05:31:59.509+0000][1287][safepoint   ] Safepoint "ICBufferFull", Time since last: 205721573 ns, Reaching safepoint: 21166 ns, Cleanup: 447647 ns, At safepoint: 59956 ns, Total: 528769 ns
[2025-03-14T05:31:59.829+0000][1287][safepoint   ] Safepoint "ICBufferFull", Time since last: 315611699 ns, Reaching safepoint: 3982576 ns, Cleanup: 83580 ns, At safepoint: 7750 ns, Total: 4073906 ns
[2025-03-14T05:32:00.052+0000][1287][safepoint   ] Safepoint "ICBufferFull", Time since last: 221983184 ns, Reaching safepoint: 1000997 ns, Cleanup: 97412 ns, At safepoint: 12416 ns, Total: 1110825 ns
[2025-03-14T05:32:00.224+0000][1287][gc,start    ] GC(26) Pause Young (Prepare Mixed) (G1 Evacuation Pause)
[2025-03-14T05:32:00.224+0000][1287][gc,task     ] GC(26) Using 1 workers of 1 for evacuation
[2025-03-14T05:32:00.224+0000][1287][gc,age      ] GC(26) Desired survivor size 60817408 bytes, new threshold 15 (max threshold 15)
[2025-03-14T05:32:00.320+0000][1287][gc,phases   ] GC(26)   Pre Evacuate Collection Set: 0.39ms
[2025-03-14T05:32:00.320+0000][1287][gc,phases   ] GC(26)   Merge Heap Roots: 0.16ms
[2025-03-14T05:32:00.320+0000][1287][gc,phases   ] GC(26)   Evacuate Collection Set: 92.41ms
[2025-03-14T05:32:00.320+0000][1287][gc,phases   ] GC(26)   Post Evacuate Collection Set: 2.78ms
[2025-03-14T05:32:00.320+0000][1287][gc,phases   ] GC(26)   Other: 0.12ms
[2025-03-14T05:32:00.320+0000][1287][gc,age      ] GC(26) Age table with threshold 15 (max threshold 15)
[2025-03-14T05:32:00.320+0000][1287][gc,age      ] GC(26) - age   1:    7675384 bytes,    7675384 total
[2025-03-14T05:32:00.320+0000][1287][gc,age      ] GC(26) - age   2:     509760 bytes,    8185144 total
[2025-03-14T05:32:00.320+0000][1287][gc,age      ] GC(26) - age   3:    3936032 bytes,   12121176 total
[2025-03-14T05:32:00.320+0000][1287][gc,age      ] GC(26) - age   4:     119792 bytes,   12240968 total
[2025-03-14T05:32:00.320+0000][1287][gc,age      ] GC(26) - age   5:    8602536 bytes,   20843504 total
[2025-03-14T05:32:00.320+0000][1287][gc,age      ] GC(26) - age   6:    1765096 bytes,   22608600 total
[2025-03-14T05:32:00.320+0000][1287][gc,age      ] GC(26) - age   7:    7479456 bytes,   30088056 total
[2025-03-14T05:32:00.320+0000][1287][gc,heap     ] GC(26) Eden regions: 221->0(259)
[2025-03-14T05:32:00.320+0000][1287][gc,heap     ] GC(26) Survivor regions: 7->8(29)
[2025-03-14T05:32:00.320+0000][1287][gc,heap     ] GC(26) Old regions: 18->18
[2025-03-14T05:32:00.320+0000][1287][gc,heap     ] GC(26) Humongous regions: 5->5
[2025-03-14T05:32:00.320+0000][1287][gc,metaspace] GC(26) Metaspace: 118125K(121280K)->118125K(121280K) NonClass: 101914K(103616K)->101914K(103616K) Class: 16210K(17664K)->16210K(17664K)
[2025-03-14T05:32:00.320+0000][1287][gc          ] GC(26) Pause Young (Prepare Mixed) (G1 Evacuation Pause) 1000M->120M(1952M) 96.083ms
[2025-03-14T05:32:00.320+0000][1287][gc,cpu      ] GC(26) User=0.09s Sys=0.00s Real=0.10s
[2025-03-14T05:32:00.326+0000][1287][safepoint   ] Safepoint "G1CollectForAllocation", Time since last: 170985941 ns, Reaching safepoint: 1043412 ns, Cleanup: 46373 ns, At safepoint: 101885446 ns, Total: 102975231 ns
[2025-03-14T05:32:00.956+0000][1287][safepoint   ] Safepoint "ICBufferFull", Time since last: 630009133 ns, Reaching safepoint: 6291 ns, Cleanup: 71455 ns, At safepoint: 5125 ns, Total: 82871 ns
[2025-03-14T05:32:01.119+0000][1287][safepoint   ] Safepoint "ICBufferFull", Time since last: 162955629 ns, Reaching safepoint: 5333 ns, Cleanup: 97288 ns, At safepoint: 5041 ns, Total: 107662 ns
[2025-03-14T05:32:01.455+0000][1287][safepoint   ] Safepoint "ICBufferFull", Time since last: 335892162 ns, Reaching safepoint: 74913 ns, Cleanup: 110787 ns, At safepoint: 6708 ns, Total: 192408 ns
[2025-03-14T05:32:01.869+0000][1287][safepoint   ] Safepoint "ICBufferFull", Time since last: 413771429 ns, Reaching safepoint: 11499 ns, Cleanup: 100829 ns, At safepoint: 7208 ns, Total: 119536 ns
[2025-03-14T05:32:02.690+0000][1287][safepoint   ] Safepoint "ICBufferFull", Time since last: 821112323 ns, Reaching safepoint: 11958 ns, Cleanup: 98287 ns, At safepoint: 5541 ns, Total: 115786 ns
[2025-03-14T05:32:03.321+0000][1287][safepoint   ] Safepoint "ICBufferFull", Time since last: 630645556 ns, Reaching safepoint: 87412 ns, Cleanup: 57206 ns, At safepoint: 5249 ns, Total: 149867 ns
[2025-03-14T05:32:03.857+0000][1287][safepoint   ] Safepoint "ICBufferFull", Time since last: 535839517 ns, Reaching safepoint: 10666 ns, Cleanup: 61956 ns, At safepoint: 4375 ns, Total: 76997 ns
[2025-03-14T05:32:04.169+0000][1287][safepoint   ] Safepoint "ICBufferFull", Time since last: 311719165 ns, Reaching safepoint: 10625 ns, Cleanup: 42248 ns, At safepoint: 4125 ns, Total: 56998 ns
[2025-03-14T05:32:04.177+0000][1287][gc,start    ] GC(27) Pause Young (Mixed) (G1 Evacuation Pause)
[2025-03-14T05:32:04.177+0000][1287][gc,task     ] GC(27) Using 1 workers of 1 for evacuation
[2025-03-14T05:32:04.177+0000][1287][gc,age      ] GC(27) Desired survivor size 67108864 bytes, new threshold 15 (max threshold 15)
[2025-03-14T05:32:04.263+0000][1287][gc,phases   ] GC(27)   Pre Evacuate Collection Set: 1.71ms
[2025-03-14T05:32:04.263+0000][1287][gc,phases   ] GC(27)   Merge Heap Roots: 0.18ms
[2025-03-14T05:32:04.263+0000][1287][gc,phases   ] GC(27)   Evacuate Collection Set: 80.05ms
[2025-03-14T05:32:04.263+0000][1287][gc,phases   ] GC(27)   Post Evacuate Collection Set: 3.29ms
[2025-03-14T05:32:04.263+0000][1287][gc,phases   ] GC(27)   Other: 0.15ms
[2025-03-14T05:32:04.263+0000][1287][gc,age      ] GC(27) Age table with threshold 15 (max threshold 15)
[2025-03-14T05:32:04.263+0000][1287][gc,age      ] GC(27) - age   1:    3344520 bytes,    3344520 total
[2025-03-14T05:32:04.263+0000][1287][gc,age      ] GC(27) - age   2:    3694664 bytes,    7039184 total
[2025-03-14T05:32:04.263+0000][1287][gc,age      ] GC(27) - age   3:     492600 bytes,    7531784 total
[2025-03-14T05:32:04.263+0000][1287][gc,age      ] GC(27) - age   4:    2678040 bytes,   10209824 total
[2025-03-14T05:32:04.263+0000][1287][gc,age      ] GC(27) - age   5:      43824 bytes,   10253648 total
[2025-03-14T05:32:04.263+0000][1287][gc,age      ] GC(27) - age   6:    8601080 bytes,   18854728 total
[2025-03-14T05:32:04.263+0000][1287][gc,age      ] GC(27) - age   7:    1765096 bytes,   20619824 total
[2025-03-14T05:32:04.263+0000][1287][gc,age      ] GC(27) - age   8:    7479104 bytes,   28098928 total
[2025-03-14T05:32:04.263+0000][1287][gc,heap     ] GC(27) Eden regions: 244->0(285)
[2025-03-14T05:32:04.263+0000][1287][gc,heap     ] GC(27) Survivor regions: 8->7(32)
[2025-03-14T05:32:04.263+0000][1287][gc,heap     ] GC(27) Old regions: 18->18
[2025-03-14T05:32:04.263+0000][1287][gc,heap     ] GC(27) Humongous regions: 5->5
[2025-03-14T05:32:04.263+0000][1287][gc,metaspace] GC(27) Metaspace: 118672K(121856K)->118672K(121856K) NonClass: 102456K(104192K)->102456K(104192K) Class: 16216K(17664K)->16216K(17664K)
[2025-03-14T05:32:04.263+0000][1287][gc          ] GC(27) Pause Young (Mixed) (G1 Evacuation Pause) 1096M->117M(1952M) 85.640ms
[2025-03-14T05:32:04.263+0000][1287][gc,cpu      ] GC(27) User=0.08s Sys=0.00s Real=0.09s
[2025-03-14T05:32:04.265+0000][1287][safepoint   ] Safepoint "G1CollectForAllocation", Time since last: 8171766 ns, Reaching safepoint: 15416 ns, Cleanup: 33915 ns, At safepoint: 87944023 ns, Total: 87993354 ns
[2025-03-14T05:32:04.741+0000][1287][safepoint   ] Safepoint "ICBufferFull", Time since last: 476247199 ns, Reaching safepoint: 14708 ns, Cleanup: 72955 ns, At safepoint: 5999 ns, Total: 93662 ns
[2025-03-14T05:32:04.910+0000][1287][safepoint   ] Safepoint "ICBufferFull", Time since last: 168955886 ns, Reaching safepoint: 8708 ns, Cleanup: 99287 ns, At safepoint: 6583 ns, Total: 114578 ns
[2025-03-14T05:32:04.912+0000][1287][safepoint   ] Safepoint "ICBufferFull", Time since last: 1583797 ns, Reaching safepoint: 2792 ns, Cleanup: 2500 ns, At safepoint: 2124 ns, Total: 7416 ns
[2025-03-14T05:32:05.056+0000][1287][safepoint   ] Safepoint "ICBufferFull", Time since last: 144267203 ns, Reaching safepoint: 71080 ns, Cleanup: 54289 ns, At safepoint: 5250 ns, Total: 130619 ns
[2025-03-14T05:32:05.907+0000][1287][safepoint   ] Safepoint "ICBufferFull", Time since last: 850966891 ns, Reaching safepoint: 27749 ns, Cleanup: 97203 ns, At safepoint: 9333 ns, Total: 134285 ns
[2025-03-14T05:32:06.907+0000][1287][safepoint   ] Safepoint "Cleanup", Time since last: 1000102930 ns, Reaching safepoint: 12124 ns, Cleanup: 58164 ns, At safepoint: 6000 ns, Total: 76288 ns
[2025-03-14T05:32:07.908+0000][1287][safepoint   ] Safepoint "Cleanup", Time since last: 1000095512 ns, Reaching safepoint: 11208 ns, Cleanup: 48164 ns, At safepoint: 5083 ns, Total: 64455 ns
[2025-03-14T05:32:08.766+0000][1287][safepoint   ] Safepoint "ICBufferFull", Time since last: 856416789 ns, Reaching safepoint: 1734824 ns, Cleanup: 90329 ns, At safepoint: 7124 ns, Total: 1832277 ns
[2025-03-14T05:32:09.766+0000][1287][safepoint   ] Safepoint "Cleanup", Time since last: 1000092557 ns, Reaching safepoint: 9833 ns, Cleanup: 33498 ns, At safepoint: 5249 ns, Total: 48580 ns
[2025-03-14T05:32:10.767+0000][1287][safepoint   ] Safepoint "Cleanup", Time since last: 1000622258 ns, Reaching safepoint: 57955 ns, Cleanup: 62080 ns, At safepoint: 21499 ns, Total: 141534 ns
[2025-03-14T05:32:11.767+0000][1287][safepoint   ] Safepoint "Cleanup", Time since last: 1000110857 ns, Reaching safepoint: 36873 ns, Cleanup: 30540 ns, At safepoint: 7916 ns, Total: 75329 ns
[2025-03-14T05:32:12.767+0000][1287][safepoint   ] Safepoint "Cleanup", Time since last: 1000101521 ns, Reaching safepoint: 4124 ns, Cleanup: 93662 ns, At safepoint: 3874 ns, Total: 101660 ns
[2025-03-14T05:32:13.767+0000][1287][safepoint   ] Safepoint "Cleanup", Time since last: 1000094067 ns, Reaching safepoint: 6666 ns, Cleanup: 81871 ns, At safepoint: 5416 ns, Total: 93953 ns
[2025-03-14T05:32:14.767+0000][1287][safepoint   ] Safepoint "Cleanup", Time since last: 1000093912 ns, Reaching safepoint: 7250 ns, Cleanup: 36789 ns, At safepoint: 4125 ns, Total: 48164 ns
[2025-03-14T05:32:15.768+0000][1287][safepoint   ] Safepoint "Cleanup", Time since last: 1000082682 ns, Reaching safepoint: 9958 ns, Cleanup: 37539 ns, At safepoint: 5708 ns, Total: 53205 ns
[2025-03-14T05:32:16.768+0000][1287][safepoint   ] Safepoint "Cleanup", Time since last: 1000106125 ns, Reaching safepoint: 13916 ns, Cleanup: 76745 ns, At safepoint: 8125 ns, Total: 98786 ns
[2025-03-14T05:32:17.768+0000][1287][safepoint   ] Safepoint "Cleanup", Time since last: 1000106701 ns, Reaching safepoint: 104077 ns, Cleanup: 77287 ns, At safepoint: 7041 ns, Total: 188405 ns
[2025-03-14T05:32:18.768+0000][1287][safepoint   ] Safepoint "Cleanup", Time since last: 1000124243 ns, Reaching safepoint: 16124 ns, Cleanup: 23248 ns, At safepoint: 5208 ns, Total: 44580 ns
[2025-03-14T05:32:20.768+0000][1287][safepoint   ] Safepoint "Cleanup", Time since last: 2000191063 ns, Reaching safepoint: 27123 ns, Cleanup: 15291 ns, At safepoint: 6041 ns, Total: 48455 ns
[2025-03-14T05:32:23.770+0000][1287][safepoint   ] Safepoint "Cleanup", Time since last: 3000819559 ns, Reaching safepoint: 81494 ns, Cleanup: 105160 ns, At safepoint: 20748 ns, Total: 207402 ns
[2025-03-14T05:32:24.872+0000][1287][safepoint   ] Safepoint "Cleanup", Time since last: 1102515620 ns, Reaching safepoint: 70745 ns, Cleanup: 82078 ns, At safepoint: 12583 ns, Total: 165406 ns
[2025-03-14T05:32:25.873+0000][1287][safepoint   ] Safepoint "Cleanup", Time since last: 1000381428 ns, Reaching safepoint: 10833 ns, Cleanup: 18040 ns, At safepoint: 7583 ns, Total: 36456 ns
[2025-03-14T05:32:26.873+0000][1287][safepoint   ] Safepoint "Cleanup", Time since last: 1000091715 ns, Reaching safepoint: 14708 ns, Cleanup: 38455 ns, At safepoint: 5292 ns, Total: 58455 ns
[2025-03-14T05:32:27.873+0000][1287][safepoint   ] Safepoint "Cleanup", Time since last: 1000218272 ns, Reaching safepoint: 7750 ns, Cleanup: 24123 ns, At safepoint: 4208 ns, Total: 36081 ns
[2025-03-14T05:32:28.874+0000][1287][safepoint   ] Safepoint "Cleanup", Time since last: 1000708977 ns, Reaching safepoint: 21040 ns, Cleanup: 13707 ns, At safepoint: 3792 ns, Total: 38539 ns
[2025-03-14T05:32:29.875+0000][1287][safepoint   ] Safepoint "Cleanup", Time since last: 1000962037 ns, Reaching safepoint: 6750 ns, Cleanup: 34456 ns, At safepoint: 3916 ns, Total: 45122 ns
[2025-03-14T05:32:30.875+0000][1287][safepoint   ] Safepoint "Cleanup", Time since last: 1000094647 ns, Reaching safepoint: 10124 ns, Cleanup: 20998 ns, At safepoint: 6833 ns, Total: 37955 ns
[2025-03-14T05:32:31.875+0000][1287][safepoint   ] Safepoint "Cleanup", Time since last: 1000098157 ns, Reaching safepoint: 8208 ns, Cleanup: 8916 ns, At safepoint: 4708 ns, Total: 21832 ns
[2025-03-14T05:32:34.875+0000][1287][safepoint   ] Safepoint "Cleanup", Time since last: 3000202570 ns, Reaching safepoint: 5875 ns, Cleanup: 12290 ns, At safepoint: 2833 ns, Total: 20998 ns
[2025-03-14T05:32:35.875+0000][1287][safepoint   ] Safepoint "Cleanup", Time since last: 1000101851 ns, Reaching safepoint: 8874 ns, Cleanup: 12416 ns, At safepoint: 7499 ns, Total: 28789 ns
[2025-03-14T05:32:37.876+0000][1287][safepoint   ] Safepoint "Cleanup", Time since last: 2000157386 ns, Reaching safepoint: 4458 ns, Cleanup: 8874 ns, At safepoint: 3583 ns, Total: 16915 ns
[2025-03-14T05:32:38.876+0000][1287][safepoint   ] Safepoint "Cleanup", Time since last: 1000086796 ns, Reaching safepoint: 23832 ns, Cleanup: 12040 ns, At safepoint: 4375 ns, Total: 40247 ns
[2025-03-14T05:32:40.876+0000][1287][safepoint   ] Safepoint "Cleanup", Time since last: 2000242742 ns, Reaching safepoint: 10374 ns, Cleanup: 13999 ns, At safepoint: 9499 ns, Total: 33872 ns
[2025-03-14T05:32:41.877+0000][1287][safepoint   ] Safepoint "Cleanup", Time since last: 1000886731 ns, Reaching safepoint: 88618 ns, Cleanup: 98742 ns, At safepoint: 17873 ns, Total: 205233 ns
[2025-03-14T05:32:42.878+0000][1287][safepoint   ] Safepoint "Cleanup", Time since last: 1000415814 ns, Reaching safepoint: 57578 ns, Cleanup: 77827 ns, At safepoint: 15374 ns, Total: 150779 ns
[2025-03-14T05:32:44.879+0000][1287][safepoint   ] Safepoint "Cleanup", Time since last: 2001293600 ns, Reaching safepoint: 118240 ns, Cleanup: 88617 ns, At safepoint: 21707 ns, Total: 228564 ns
[2025-03-14T05:32:46.882+0000][1287][safepoint   ] Safepoint "Cleanup", Time since last: 2002596600 ns, Reaching safepoint: 15415 ns, Cleanup: 32706 ns, At safepoint: 3874 ns, Total: 51995 ns
[2025-03-14T05:32:47.882+0000][1287][safepoint   ] Safepoint "Cleanup", Time since last: 1000105336 ns, Reaching safepoint: 95659 ns, Cleanup: 56120 ns, At safepoint: 7374 ns, Total: 159153 ns
[2025-03-14T05:32:49.853+0000][1287][gc,start    ] GC(28) Pause Young (Normal) (G1 Evacuation Pause)
[2025-03-14T05:32:49.854+0000][1287][gc,task     ] GC(28) Using 1 workers of 1 for evacuation
[2025-03-14T05:32:49.854+0000][1287][gc,age      ] GC(28) Desired survivor size 77594624 bytes, new threshold 15 (max threshold 15)
[2025-03-14T05:32:49.944+0000][1287][gc,phases   ] GC(28)   Pre Evacuate Collection Set: 0.48ms
[2025-03-14T05:32:49.944+0000][1287][gc,phases   ] GC(28)   Merge Heap Roots: 0.17ms
[2025-03-14T05:32:49.944+0000][1287][gc,phases   ] GC(28)   Evacuate Collection Set: 84.02ms
[2025-03-14T05:32:49.944+0000][1287][gc,phases   ] GC(28)   Post Evacuate Collection Set: 5.68ms
[2025-03-14T05:32:49.944+0000][1287][gc,phases   ] GC(28)   Other: 0.17ms
[2025-03-14T05:32:49.944+0000][1287][gc,age      ] GC(28) Age table with threshold 15 (max threshold 15)
[2025-03-14T05:32:49.944+0000][1287][gc,age      ] GC(28) - age   1:    4280448 bytes,    4280448 total
[2025-03-14T05:32:49.944+0000][1287][gc,age      ] GC(28) - age   2:    1358464 bytes,    5638912 total
[2025-03-14T05:32:49.944+0000][1287][gc,age      ] GC(28) - age   3:    3657816 bytes,    9296728 total
[2025-03-14T05:32:49.944+0000][1287][gc,age      ] GC(28) - age   4:       9504 bytes,    9306232 total
[2025-03-14T05:32:49.944+0000][1287][gc,age      ] GC(28) - age   5:    2527480 bytes,   11833712 total
[2025-03-14T05:32:49.944+0000][1287][gc,age      ] GC(28) - age   6:      43608 bytes,   11877320 total
[2025-03-14T05:32:49.944+0000][1287][gc,age      ] GC(28) - age   7:    8570656 bytes,   20447976 total
[2025-03-14T05:32:49.944+0000][1287][gc,age      ] GC(28) - age   8:    1765096 bytes,   22213072 total
[2025-03-14T05:32:49.944+0000][1287][gc,age      ] GC(28) - age   9:    7478608 bytes,   29691680 total
[2025-03-14T05:32:49.944+0000][1287][gc,heap     ] GC(28) Eden regions: 285->0(284)
[2025-03-14T05:32:49.944+0000][1287][gc,heap     ] GC(28) Survivor regions: 7->8(37)
[2025-03-14T05:32:49.944+0000][1287][gc,heap     ] GC(28) Old regions: 18->18
[2025-03-14T05:32:49.944+0000][1287][gc,heap     ] GC(28) Humongous regions: 5->5
[2025-03-14T05:32:49.944+0000][1287][gc,metaspace] GC(28) Metaspace: 119468K(122688K)->119468K(122688K) NonClass: 103199K(104960K)->103199K(104960K) Class: 16268K(17728K)->16268K(17728K)
[2025-03-14T05:32:49.944+0000][1287][gc          ] GC(28) Pause Young (Normal) (G1 Evacuation Pause) 1257M->119M(1952M) 90.780ms
[2025-03-14T05:32:49.944+0000][1287][gc,cpu      ] GC(28) User=0.08s Sys=0.00s Real=0.09s
[2025-03-14T05:32:49.947+0000][1287][safepoint   ] Safepoint "G1CollectForAllocation", Time since last: 1971277326 ns, Reaching safepoint: 11499 ns, Cleanup: 8374 ns, At safepoint: 93376996 ns, Total: 93396869 ns
[2025-03-14T05:32:50.947+0000][1287][safepoint   ] Safepoint "Cleanup", Time since last: 1000106580 ns, Reaching safepoint: 48412 ns, Cleanup: 71327 ns, At safepoint: 4333 ns, Total: 124072 ns
[2025-03-14T05:32:51.947+0000][1287][safepoint   ] Safepoint "Cleanup", Time since last: 1000135755 ns, Reaching safepoint: 23248 ns, Cleanup: 8749 ns, At safepoint: 4042 ns, Total: 36039 ns
[2025-03-14T05:32:52.948+0000][1287][safepoint   ] Safepoint "Cleanup", Time since last: 1000595397 ns, Reaching safepoint: 20832 ns, Cleanup: 11332 ns, At safepoint: 4916 ns, Total: 37080 ns
[2025-03-14T05:32:53.948+0000][1287][safepoint   ] Safepoint "Cleanup", Time since last: 1000101341 ns, Reaching safepoint: 5999 ns, Cleanup: 11458 ns, At safepoint: 4957 ns, Total: 22414 ns
[2025-03-14T05:32:55.948+0000][1287][safepoint   ] Safepoint "Cleanup", Time since last: 2000163320 ns, Reaching safepoint: 9666 ns, Cleanup: 10915 ns, At safepoint: 5125 ns, Total: 25706 ns
[2025-03-14T05:32:58.949+0000][1287][safepoint   ] Safepoint "Cleanup", Time since last: 3000229858 ns, Reaching safepoint: 55369 ns, Cleanup: 38705 ns, At safepoint: 126238 ns, Total: 220312 ns
[2025-03-14T05:32:59.952+0000][1287][safepoint   ] Safepoint "Cleanup", Time since last: 1003747454 ns, Reaching safepoint: 23831 ns, Cleanup: 36872 ns, At safepoint: 9624 ns, Total: 70327 ns
[2025-03-14T05:33:00.953+0000][1287][safepoint   ] Safepoint "Cleanup", Time since last: 1000140404 ns, Reaching safepoint: 20873 ns, Cleanup: 11582 ns, At safepoint: 5833 ns, Total: 38288 ns
[2025-03-14T05:33:01.953+0000][1287][safepoint   ] Safepoint "Cleanup", Time since last: 1000320579 ns, Reaching safepoint: 11499 ns, Cleanup: 26122 ns, At safepoint: 4375 ns, Total: 41996 ns
[2025-03-14T05:33:02.953+0000][1287][safepoint   ] Safepoint "Cleanup", Time since last: 1000359314 ns, Reaching safepoint: 64327 ns, Cleanup: 41246 ns, At safepoint: 51078 ns, Total: 156651 ns
[2025-03-14T05:33:04.966+0000][1287][safepoint   ] Safepoint "Cleanup", Time since last: 2003470221 ns, Reaching safepoint: 2203446 ns, Cleanup: 26498 ns, At safepoint: 6641128 ns, Total: 8871072 ns
[2025-03-14T05:33:05.967+0000][1287][safepoint   ] Safepoint "Cleanup", Time since last: 1000732477 ns, Reaching safepoint: 39704 ns, Cleanup: 75659 ns, At safepoint: 15832 ns, Total: 131195 ns
[2025-03-14T05:33:07.968+0000][1287][safepoint   ] Safepoint "Cleanup", Time since last: 2001532318 ns, Reaching safepoint: 16165 ns, Cleanup: 8124 ns, At safepoint: 4416 ns, Total: 28705 ns
[2025-03-14T05:33:10.968+0000][1287][safepoint   ] Safepoint "Cleanup", Time since last: 3000201056 ns, Reaching safepoint: 20665 ns, Cleanup: 7207 ns, At safepoint: 4667 ns, Total: 32539 ns
[2025-03-14T05:33:11.969+0000][1287][safepoint   ] Safepoint "Cleanup", Time since last: 1000093637 ns, Reaching safepoint: 39371 ns, Cleanup: 12790 ns, At safepoint: 7582 ns, Total: 59743 ns
[2025-03-14T05:33:12.969+0000][1287][safepoint   ] Safepoint "Cleanup", Time since last: 1000253620 ns, Reaching safepoint: 5916 ns, Cleanup: 7541 ns, At safepoint: 4416 ns, Total: 17873 ns
[2025-03-14T05:33:13.969+0000][1287][safepoint   ] Safepoint "Cleanup", Time since last: 1000087099 ns, Reaching safepoint: 7916 ns, Cleanup: 18331 ns, At safepoint: 3916 ns, Total: 30163 ns
[2025-03-14T05:33:16.969+0000][1287][safepoint   ] Safepoint "Cleanup", Time since last: 3000299132 ns, Reaching safepoint: 158041 ns, Cleanup: 22833 ns, At safepoint: 13417 ns, Total: 194291 ns
[2025-03-14T05:33:17.970+0000][1287][safepoint   ] Safepoint "Cleanup", Time since last: 1000176807 ns, Reaching safepoint: 18375 ns, Cleanup: 15250 ns, At safepoint: 5708 ns, Total: 39333 ns
[2025-03-14T05:33:20.971+0000][1287][safepoint   ] Safepoint "Cleanup", Time since last: 3001104310 ns, Reaching safepoint: 139165 ns, Cleanup: 31667 ns, At safepoint: 11208 ns, Total: 182040 ns
[2025-03-14T05:33:22.971+0000][1287][safepoint   ] Safepoint "Cleanup", Time since last: 2000215523 ns, Reaching safepoint: 30999 ns, Cleanup: 56500 ns, At safepoint: 6500 ns, Total: 93999 ns
[2025-03-14T05:33:24.943+0000][1287][safepoint   ] Safepoint "Cleanup", Time since last: 1971767988 ns, Reaching safepoint: 77707 ns, Cleanup: 148915 ns, At safepoint: 22333 ns, Total: 248955 ns
[2025-03-14T05:33:25.944+0000][1287][safepoint   ] Safepoint "Cleanup", Time since last: 1000645340 ns, Reaching safepoint: 5875 ns, Cleanup: 15042 ns, At safepoint: 4166 ns, Total: 25083 ns
[2025-03-14T05:33:26.944+0000][1287][safepoint   ] Safepoint "Cleanup", Time since last: 1000221446 ns, Reaching safepoint: 51041 ns, Cleanup: 81666 ns, At safepoint: 24374 ns, Total: 157081 ns
[2025-03-14T05:33:27.945+0000][1287][safepoint   ] Safepoint "Cleanup", Time since last: 1000517135 ns, Reaching safepoint: 54499 ns, Cleanup: 66749 ns, At safepoint: 39749 ns, Total: 160997 ns
[2025-03-14T05:33:28.975+0000][1287][safepoint   ] Safepoint "Cleanup", Time since last: 1029733080 ns, Reaching safepoint: 116623 ns, Cleanup: 12541 ns, At safepoint: 646949 ns, Total: 776113 ns
[2025-03-14T05:33:29.976+0000][1287][safepoint   ] Safepoint "Cleanup", Time since last: 1000110607 ns, Reaching safepoint: 125082 ns, Cleanup: 14833 ns, At safepoint: 9750 ns, Total: 149665 ns
[2025-03-14T05:33:30.984+0000][1287][safepoint   ] Safepoint "Cleanup", Time since last: 1007730445 ns, Reaching safepoint: 14083 ns, Cleanup: 16000 ns, At safepoint: 11500 ns, Total: 41583 ns
[2025-03-14T05:33:34.984+0000][1287][safepoint   ] Safepoint "Cleanup", Time since last: 4000267182 ns, Reaching safepoint: 12709 ns, Cleanup: 20916 ns, At safepoint: 6291 ns, Total: 39916 ns
[2025-03-14T05:33:37.984+0000][1287][safepoint   ] Safepoint "Cleanup", Time since last: 3000237125 ns, Reaching safepoint: 87165 ns, Cleanup: 55040 ns, At safepoint: 7292 ns, Total: 149497 ns
[2025-03-14T05:33:39.985+0000][1287][safepoint   ] Safepoint "Cleanup", Time since last: 2000486634 ns, Reaching safepoint: 30791 ns, Cleanup: 21916 ns, At safepoint: 4750 ns, Total: 57457 ns
[2025-03-14T05:33:40.985+0000][1287][safepoint   ] Safepoint "Cleanup", Time since last: 1000463595 ns, Reaching safepoint: 19250 ns, Cleanup: 12166 ns, At safepoint: 7000 ns, Total: 38416 ns
[2025-03-14T05:33:41.985+0000][1287][safepoint   ] Safepoint "Cleanup", Time since last: 1000100562 ns, Reaching safepoint: 29000 ns, Cleanup: 12166 ns, At safepoint: 6958 ns, Total: 48124 ns
[2025-03-14T05:33:42.986+0000][1287][safepoint   ] Safepoint "Cleanup", Time since last: 1000092485 ns, Reaching safepoint: 12167 ns, Cleanup: 16166 ns, At safepoint: 5291 ns, Total: 33624 ns
[2025-03-14T05:33:43.986+0000][1287][safepoint   ] Safepoint "Cleanup", Time since last: 1000103994 ns, Reaching safepoint: 13625 ns, Cleanup: 13249 ns, At safepoint: 5084 ns, Total: 31958 ns
[2025-03-14T05:33:44.986+0000][1287][safepoint   ] Safepoint "Cleanup", Time since last: 1000331668 ns, Reaching safepoint: 52165 ns, Cleanup: 73457 ns, At safepoint: 15125 ns, Total: 140747 ns
[2025-03-14T05:33:46.989+0000][1287][safepoint   ] Safepoint "Cleanup", Time since last: 2002300440 ns, Reaching safepoint: 115247 ns, Cleanup: 35791 ns, At safepoint: 231786 ns, Total: 382824 ns
[2025-03-14T05:33:47.151+0000][1287][safepoint   ] Safepoint "ICBufferFull", Time since last: 162403473 ns, Reaching safepoint: 3750 ns, Cleanup: 77873 ns, At safepoint: 5624 ns, Total: 87247 ns
[2025-03-14T05:33:47.517+0000][1287][safepoint   ] Safepoint "ICBufferFull", Time since last: 365395792 ns, Reaching safepoint: 4542 ns, Cleanup: 94498 ns, At safepoint: 6791 ns, Total: 105831 ns
[2025-03-14T05:33:47.819+0000][1287][safepoint   ] Safepoint "ICBufferFull", Time since last: 301390915 ns, Reaching safepoint: 1124390 ns, Cleanup: 64248 ns, At safepoint: 6833 ns, Total: 1195471 ns
[2025-03-14T05:33:48.342+0000][1287][safepoint   ] Safepoint "ICBufferFull", Time since last: 522468060 ns, Reaching safepoint: 10750 ns, Cleanup: 149329 ns, At safepoint: 8417 ns, Total: 168496 ns
[2025-03-14T05:33:49.344+0000][1287][safepoint   ] Safepoint "Cleanup", Time since last: 1001131281 ns, Reaching safepoint: 213661 ns, Cleanup: 135788 ns, At safepoint: 26375 ns, Total: 375824 ns
[2025-03-14T05:33:50.986+0000][1287][safepoint   ] Safepoint "Cleanup", Time since last: 1642110906 ns, Reaching safepoint: 8167 ns, Cleanup: 71915 ns, At safepoint: 5958 ns, Total: 86040 ns
[2025-03-14T05:33:52.986+0000][1287][safepoint   ] Safepoint "Cleanup", Time since last: 2000154661 ns, Reaching safepoint: 5250 ns, Cleanup: 16499 ns, At safepoint: 4083 ns, Total: 25832 ns
[2025-03-14T05:33:53.986+0000][1287][safepoint   ] Safepoint "Cleanup", Time since last: 1000114085 ns, Reaching safepoint: 90664 ns, Cleanup: 30708 ns, At safepoint: 7083 ns, Total: 128455 ns
[2025-03-14T05:33:55.987+0000][1287][safepoint   ] Safepoint "Cleanup", Time since last: 2000510189 ns, Reaching safepoint: 10208 ns, Cleanup: 60124 ns, At safepoint: 3833 ns, Total: 74165 ns
[2025-03-14T05:33:57.987+0000][1287][safepoint   ] Safepoint "Cleanup", Time since last: 2000171551 ns, Reaching safepoint: 31249 ns, Cleanup: 44498 ns, At safepoint: 4875 ns, Total: 80622 ns
[2025-03-14T05:33:58.987+0000][1287][safepoint   ] Safepoint "Cleanup", Time since last: 1000206866 ns, Reaching safepoint: 6417 ns, Cleanup: 18582 ns, At safepoint: 4250 ns, Total: 29249 ns
[2025-03-14T05:33:59.987+0000][1287][safepoint   ] Safepoint "Cleanup", Time since last: 1000090145 ns, Reaching safepoint: 18624 ns, Cleanup: 37957 ns, At safepoint: 4917 ns, Total: 61498 ns
[2025-03-14T05:34:00.988+0000][1287][safepoint   ] Safepoint "Cleanup", Time since last: 1000120298 ns, Reaching safepoint: 72081 ns, Cleanup: 36374 ns, At safepoint: 11374 ns, Total: 119829 ns
[2025-03-14T05:34:01.988+0000][1287][safepoint   ] Safepoint "Cleanup", Time since last: 1000085123 ns, Reaching safepoint: 19832 ns, Cleanup: 34624 ns, At safepoint: 6042 ns, Total: 60498 ns
[2025-03-14T05:34:02.988+0000][1287][safepoint   ] Safepoint "Cleanup", Time since last: 1000095616 ns, Reaching safepoint: 12499 ns, Cleanup: 12708 ns, At safepoint: 4959 ns, Total: 30166 ns
[2025-03-14T05:34:04.988+0000][1287][safepoint   ] Safepoint "Cleanup", Time since last: 2000148728 ns, Reaching safepoint: 73831 ns, Cleanup: 15083 ns, At safepoint: 5749 ns, Total: 94663 ns
[2025-03-14T05:34:05.989+0000][1287][safepoint   ] Safepoint "Cleanup", Time since last: 1000285737 ns, Reaching safepoint: 52831 ns, Cleanup: 34957 ns, At safepoint: 13792 ns, Total: 101580 ns
[2025-03-14T05:34:07.989+0000][1287][safepoint   ] Safepoint "Cleanup", Time since last: 2000569083 ns, Reaching safepoint: 45707 ns, Cleanup: 84788 ns, At safepoint: 17792 ns, Total: 148287 ns
[2025-03-14T05:34:10.990+0000][1287][safepoint   ] Safepoint "Cleanup", Time since last: 3000536073 ns, Reaching safepoint: 74039 ns, Cleanup: 16624 ns, At safepoint: 10417 ns, Total: 101080 ns
[2025-03-14T05:34:12.991+0000][1287][safepoint   ] Safepoint "Cleanup", Time since last: 2001212194 ns, Reaching safepoint: 29499 ns, Cleanup: 12166 ns, At safepoint: 4208 ns, Total: 45873 ns
[2025-03-14T05:34:13.991+0000][1287][safepoint   ] Safepoint "Cleanup", Time since last: 1000084178 ns, Reaching safepoint: 11624 ns, Cleanup: 10875 ns, At safepoint: 5916 ns, Total: 28415 ns
[2025-03-14T05:34:16.992+0000][1287][safepoint   ] Safepoint "Cleanup", Time since last: 3000457311 ns, Reaching safepoint: 9125 ns, Cleanup: 23707 ns, At safepoint: 5500 ns, Total: 38332 ns
[2025-03-14T05:34:17.992+0000][1287][safepoint   ] Safepoint "Cleanup", Time since last: 1000102530 ns, Reaching safepoint: 22999 ns, Cleanup: 17999 ns, At safepoint: 5375 ns, Total: 46373 ns
[2025-03-14T05:34:22.993+0000][1287][safepoint   ] Safepoint "Cleanup", Time since last: 5000948682 ns, Reaching safepoint: 121204 ns, Cleanup: 21041 ns, At safepoint: 6791 ns, Total: 149036 ns
[2025-03-14T05:34:25.058+0000][1287][safepoint   ] Safepoint "Cleanup", Time since last: 2064740223 ns, Reaching safepoint: 74288 ns, Cleanup: 81580 ns, At safepoint: 44207 ns, Total: 200075 ns
[2025-03-14T05:34:26.059+0000][1287][safepoint   ] Safepoint "Cleanup", Time since last: 1000868157 ns, Reaching safepoint: 12708 ns, Cleanup: 12416 ns, At safepoint: 8792 ns, Total: 33916 ns
[2025-03-14T05:34:27.060+0000][1287][safepoint   ] Safepoint "Cleanup", Time since last: 1000594277 ns, Reaching safepoint: 34040 ns, Cleanup: 19166 ns, At safepoint: 10791 ns, Total: 63997 ns
[2025-03-14T05:34:29.060+0000][1287][safepoint   ] Safepoint "Cleanup", Time since last: 2000438004 ns, Reaching safepoint: 33123 ns, Cleanup: 18666 ns, At safepoint: 6625 ns, Total: 58414 ns
[2025-03-14T05:34:30.061+0000][1287][safepoint   ] Safepoint "Cleanup", Time since last: 1000717195 ns, Reaching safepoint: 5333 ns, Cleanup: 23041 ns, At safepoint: 6208 ns, Total: 34582 ns
[2025-03-14T05:34:32.061+0000][1287][safepoint   ] Safepoint "Cleanup", Time since last: 2000188842 ns, Reaching safepoint: 44414 ns, Cleanup: 10958 ns, At safepoint: 5125 ns, Total: 60497 ns
[2025-03-14T05:34:33.062+0000][1287][safepoint   ] Safepoint "Cleanup", Time since last: 1000712351 ns, Reaching safepoint: 8833 ns, Cleanup: 17583 ns, At safepoint: 4958 ns, Total: 31374 ns
[2025-03-14T05:34:35.063+0000][1287][safepoint   ] Safepoint "Cleanup", Time since last: 2001041309 ns, Reaching safepoint: 12874 ns, Cleanup: 36832 ns, At safepoint: 6416 ns, Total: 56122 ns
[2025-03-14T05:34:36.066+0000][1287][safepoint   ] Safepoint "Cleanup", Time since last: 1002888853 ns, Reaching safepoint: 35207 ns, Cleanup: 27082 ns, At safepoint: 7249 ns, Total: 69538 ns
[2025-03-14T05:34:37.066+0000][1287][safepoint   ] Safepoint "Cleanup", Time since last: 1000119482 ns, Reaching safepoint: 17832 ns, Cleanup: 10625 ns, At safepoint: 5333 ns, Total: 33790 ns
[2025-03-14T05:34:38.066+0000][1287][safepoint   ] Safepoint "Cleanup", Time since last: 1000172283 ns, Reaching safepoint: 11791 ns, Cleanup: 35165 ns, At safepoint: 5542 ns, Total: 52498 ns
[2025-03-14T05:34:39.066+0000][1287][safepoint   ] Safepoint "Cleanup", Time since last: 1000087842 ns, Reaching safepoint: 6125 ns, Cleanup: 9416 ns, At safepoint: 11667 ns, Total: 27208 ns
[2025-03-14T05:34:41.066+0000][1287][safepoint   ] Safepoint "Cleanup", Time since last: 2000156073 ns, Reaching safepoint: 11333 ns, Cleanup: 18208 ns, At safepoint: 6416 ns, Total: 35957 ns
[2025-03-14T05:34:42.067+0000][1287][safepoint   ] Safepoint "Cleanup", Time since last: 1000099485 ns, Reaching safepoint: 15791 ns, Cleanup: 16457 ns, At safepoint: 4250 ns, Total: 36498 ns
[2025-03-14T05:34:43.067+0000][1287][safepoint   ] Safepoint "Cleanup", Time since last: 1000098426 ns, Reaching safepoint: 14041 ns, Cleanup: 27082 ns, At safepoint: 7833 ns, Total: 48956 ns
[2025-03-14T05:34:44.067+0000][1287][safepoint   ] Safepoint "Cleanup", Time since last: 1000108119 ns, Reaching safepoint: 20082 ns, Cleanup: 44248 ns, At safepoint: 9458 ns, Total: 73788 ns
[2025-03-14T05:34:47.069+0000][1287][safepoint   ] Safepoint "Cleanup", Time since last: 3001884222 ns, Reaching safepoint: 33290 ns, Cleanup: 38623 ns, At safepoint: 6875 ns, Total: 78788 ns
[2025-03-14T05:34:48.070+0000][1287][safepoint   ] Safepoint "Cleanup", Time since last: 1000880590 ns, Reaching safepoint: 40664 ns, Cleanup: 58789 ns, At safepoint: 15624 ns, Total: 115077 ns
[2025-03-14T05:34:50.071+0000][1287][safepoint   ] Safepoint "Cleanup", Time since last: 2000687058 ns, Reaching safepoint: 6791 ns, Cleanup: 24457 ns, At safepoint: 5375 ns, Total: 36623 ns
[2025-03-14T05:34:51.071+0000][1287][safepoint   ] Safepoint "Cleanup", Time since last: 1000214910 ns, Reaching safepoint: 19624 ns, Cleanup: 10791 ns, At safepoint: 3500 ns, Total: 33915 ns
[2025-03-14T05:34:53.071+0000][1287][safepoint   ] Safepoint "Cleanup", Time since last: 2000155639 ns, Reaching safepoint: 7083 ns, Cleanup: 62038 ns, At safepoint: 4125 ns, Total: 73246 ns
[2025-03-14T05:34:54.071+0000][1287][safepoint   ] Safepoint "Cleanup", Time since last: 1000109267 ns, Reaching safepoint: 20166 ns, Cleanup: 8999 ns, At safepoint: 12333 ns, Total: 41498 ns
[2025-03-14T05:35:01.073+0000][1287][safepoint   ] Safepoint "Cleanup", Time since last: 7001575997 ns, Reaching safepoint: 93287 ns, Cleanup: 13166 ns, At safepoint: 5999 ns, Total: 112452 ns
[2025-03-14T05:35:03.073+0000][1287][safepoint   ] Safepoint "Cleanup", Time since last: 2000224394 ns, Reaching safepoint: 12791 ns, Cleanup: 11291 ns, At safepoint: 5375 ns, Total: 29457 ns
[2025-03-14T05:35:07.074+0000][1287][safepoint   ] Safepoint "Cleanup", Time since last: 4001223000 ns, Reaching safepoint: 15833 ns, Cleanup: 24957 ns, At safepoint: 7708 ns, Total: 48498 ns
[2025-03-14T05:35:08.075+0000][1287][safepoint   ] Safepoint "Cleanup", Time since last: 1000292891 ns, Reaching safepoint: 9000 ns, Cleanup: 25582 ns, At safepoint: 6666 ns, Total: 41248 ns
[2025-03-14T05:35:09.075+0000][1287][safepoint   ] Safepoint "Cleanup", Time since last: 1000093858 ns, Reaching safepoint: 5667 ns, Cleanup: 22790 ns, At safepoint: 3000 ns, Total: 31457 ns
[2025-03-14T05:35:11.075+0000][1287][safepoint   ] Safepoint "Cleanup", Time since last: 2000220344 ns, Reaching safepoint: 9666 ns, Cleanup: 20499 ns, At safepoint: 10541 ns, Total: 40706 ns
[2025-03-14T05:35:12.076+0000][1287][safepoint   ] Safepoint "Cleanup", Time since last: 1000712040 ns, Reaching safepoint: 6000 ns, Cleanup: 12208 ns, At safepoint: 2375 ns, Total: 20583 ns
[2025-03-14T05:35:13.076+0000][1287][safepoint   ] Safepoint "Cleanup", Time since last: 1000088079 ns, Reaching safepoint: 7874 ns, Cleanup: 8250 ns, At safepoint: 4875 ns, Total: 20999 ns
[2025-03-14T05:35:23.078+0000][1287][safepoint   ] Safepoint "Cleanup", Time since last: 10002007011 ns, Reaching safepoint: 35164 ns, Cleanup: 19041 ns, At safepoint: 7000 ns, Total: 61205 ns
[2025-03-14T05:35:26.126+0000][1287][safepoint   ] Safepoint "Cleanup", Time since last: 3047893816 ns, Reaching safepoint: 15833 ns, Cleanup: 74746 ns, At safepoint: 12957 ns, Total: 103536 ns
[2025-03-14T05:35:29.128+0000][1287][safepoint   ] Safepoint "Cleanup", Time since last: 3001498195 ns, Reaching safepoint: 6625 ns, Cleanup: 10749 ns, At safepoint: 4500 ns, Total: 21874 ns
[2025-03-14T05:35:35.128+0000][1287][safepoint   ] Safepoint "Cleanup", Time since last: 6000392816 ns, Reaching safepoint: 19374 ns, Cleanup: 14874 ns, At safepoint: 5625 ns, Total: 39873 ns
[2025-03-14T05:35:37.130+0000][1287][safepoint   ] Safepoint "Cleanup", Time since last: 2001659077 ns, Reaching safepoint: 7041 ns, Cleanup: 9542 ns, At safepoint: 3499 ns, Total: 20082 ns
[2025-03-14T05:35:38.130+0000][1287][safepoint   ] Safepoint "Cleanup", Time since last: 1000087760 ns, Reaching safepoint: 10749 ns, Cleanup: 18499 ns, At safepoint: 8458 ns, Total: 37706 ns
[2025-03-14T05:35:39.130+0000][1287][safepoint   ] Safepoint "Cleanup", Time since last: 1000094727 ns, Reaching safepoint: 7416 ns, Cleanup: 14374 ns, At safepoint: 5375 ns, Total: 27165 ns
[2025-03-14T05:35:41.131+0000][1287][safepoint   ] Safepoint "Cleanup", Time since last: 2000985566 ns, Reaching safepoint: 10083 ns, Cleanup: 14457 ns, At safepoint: 4250 ns, Total: 28790 ns
[2025-03-14T05:35:42.132+0000][1287][safepoint   ] Safepoint "Cleanup", Time since last: 1000692272 ns, Reaching safepoint: 72454 ns, Cleanup: 46747 ns, At safepoint: 20707 ns, Total: 139908 ns
[2025-03-14T05:35:43.132+0000][1287][safepoint   ] Safepoint "Cleanup", Time since last: 1000250188 ns, Reaching safepoint: 48455 ns, Cleanup: 29623 ns, At safepoint: 14791 ns, Total: 92869 ns
[2025-03-14T05:35:44.133+0000][1287][safepoint   ] Safepoint "Cleanup", Time since last: 1000447568 ns, Reaching safepoint: 129367 ns, Cleanup: 35789 ns, At safepoint: 16166 ns, Total: 181322 ns
[2025-03-14T05:35:47.134+0000][1287][safepoint   ] Safepoint "Cleanup", Time since last: 3001335321 ns, Reaching safepoint: 6500 ns, Cleanup: 79078 ns, At safepoint: 5292 ns, Total: 90870 ns
[2025-03-14T05:35:50.136+0000][1287][safepoint   ] Safepoint "Cleanup", Time since last: 3001679670 ns, Reaching safepoint: 9374 ns, Cleanup: 12833 ns, At safepoint: 5708 ns, Total: 27915 ns
[2025-03-14T05:35:53.136+0000][1287][safepoint   ] Safepoint "Cleanup", Time since last: 3000217213 ns, Reaching safepoint: 8250 ns, Cleanup: 18790 ns, At safepoint: 6083 ns, Total: 33123 ns
[2025-03-14T05:35:54.136+0000][1287][safepoint   ] Safepoint "Cleanup", Time since last: 1000101589 ns, Reaching safepoint: 11999 ns, Cleanup: 10499 ns, At safepoint: 5333 ns, Total: 27831 ns
[2025-03-14T05:35:56.137+0000][1287][safepoint   ] Safepoint "Cleanup", Time since last: 2000154030 ns, Reaching safepoint: 8083 ns, Cleanup: 17291 ns, At safepoint: 4666 ns, Total: 30040 ns
[2025-03-14T05:35:58.137+0000][1287][safepoint   ] Safepoint "Cleanup", Time since last: 2000148424 ns, Reaching safepoint: 7374 ns, Cleanup: 18457 ns, At safepoint: 4792 ns, Total: 30623 ns
[2025-03-14T05:35:59.137+0000][1287][safepoint   ] Safepoint "Cleanup", Time since last: 1000370583 ns, Reaching safepoint: 7250 ns, Cleanup: 10624 ns, At safepoint: 4083 ns, Total: 21957 ns
[2025-03-14T05:36:02.138+0000][1287][safepoint   ] Safepoint "Cleanup", Time since last: 3001006542 ns, Reaching safepoint: 16416 ns, Cleanup: 17165 ns, At safepoint: 9791 ns, Total: 43372 ns
[2025-03-14T05:36:05.140+0000][1287][safepoint   ] Safepoint "Cleanup", Time since last: 3002246562 ns, Reaching safepoint: 16166 ns, Cleanup: 20790 ns, At safepoint: 6125 ns, Total: 43081 ns
[2025-03-14T05:36:08.142+0000][1287][safepoint   ] Safepoint "Cleanup", Time since last: 3001249341 ns, Reaching safepoint: 6833 ns, Cleanup: 11958 ns, At safepoint: 6374 ns, Total: 25165 ns
[2025-03-14T05:36:11.143+0000][1287][safepoint   ] Safepoint "Cleanup", Time since last: 3001391666 ns, Reaching safepoint: 16083 ns, Cleanup: 11874 ns, At safepoint: 5541 ns, Total: 33498 ns
[2025-03-14T05:36:13.143+0000][1287][safepoint   ] Safepoint "Cleanup", Time since last: 2000151405 ns, Reaching safepoint: 34206 ns, Cleanup: 8042 ns, At safepoint: 3208 ns, Total: 45456 ns
[2025-03-14T05:36:14.143+0000][1287][safepoint   ] Safepoint "Cleanup", Time since last: 1000100328 ns, Reaching safepoint: 8499 ns, Cleanup: 20624 ns, At safepoint: 5083 ns, Total: 34206 ns
[2025-03-14T05:36:15.145+0000][1287][safepoint   ] Safepoint "Cleanup", Time since last: 1001282725 ns, Reaching safepoint: 24873 ns, Cleanup: 9166 ns, At safepoint: 5375 ns, Total: 39414 ns
[2025-03-14T05:36:17.146+0000][1287][safepoint   ] Safepoint "Cleanup", Time since last: 2000955027 ns, Reaching safepoint: 7125 ns, Cleanup: 10333 ns, At safepoint: 4458 ns, Total: 21916 ns
[2025-03-14T05:36:19.146+0000][1287][safepoint   ] Safepoint "Cleanup", Time since last: 2000466432 ns, Reaching safepoint: 45705 ns, Cleanup: 39331 ns, At safepoint: 17582 ns, Total: 102618 ns
[2025-03-14T05:36:23.148+0000][1287][safepoint   ] Safepoint "Cleanup", Time since last: 4001606098 ns, Reaching safepoint: 11957 ns, Cleanup: 22874 ns, At safepoint: 5541 ns, Total: 40372 ns
[2025-03-14T05:36:24.149+0000][1287][safepoint   ] Safepoint "Cleanup", Time since last: 1000589972 ns, Reaching safepoint: 15415 ns, Cleanup: 19791 ns, At safepoint: 7249 ns, Total: 42455 ns
[2025-03-14T05:36:26.182+0000][1287][safepoint   ] Safepoint "Cleanup", Time since last: 2033129134 ns, Reaching safepoint: 6167 ns, Cleanup: 17457 ns, At safepoint: 4999 ns, Total: 28623 ns
[2025-03-14T05:36:29.183+0000][1287][safepoint   ] Safepoint "Cleanup", Time since last: 3001135175 ns, Reaching safepoint: 26540 ns, Cleanup: 12208 ns, At safepoint: 3916 ns, Total: 42664 ns
[2025-03-14T05:36:30.183+0000][1287][safepoint   ] Safepoint "Cleanup", Time since last: 1000077894 ns, Reaching safepoint: 6041 ns, Cleanup: 8666 ns, At safepoint: 3042 ns, Total: 17749 ns
[2025-03-14T05:36:34.889+0000][1287][gc,start    ] GC(29) Pause Young (Concurrent Start) (CodeCache GC Threshold)
[2025-03-14T05:36:34.889+0000][1287][gc,task     ] GC(29) Using 1 workers of 1 for evacuation
[2025-03-14T05:36:34.889+0000][1287][gc,age      ] GC(29) Desired survivor size 77594624 bytes, new threshold 15 (max threshold 15)
[2025-03-14T05:36:34.997+0000][1287][gc,phases   ] GC(29)   Pre Evacuate Collection Set: 0.42ms
[2025-03-14T05:36:34.997+0000][1287][gc,phases   ] GC(29)   Merge Heap Roots: 0.14ms
[2025-03-14T05:36:34.997+0000][1287][gc,phases   ] GC(29)   Evacuate Collection Set: 103.25ms
[2025-03-14T05:36:34.997+0000][1287][gc,phases   ] GC(29)   Post Evacuate Collection Set: 3.51ms
[2025-03-14T05:36:34.997+0000][1287][gc,phases   ] GC(29)   Other: 0.12ms
[2025-03-14T05:36:34.997+0000][1287][gc,age      ] GC(29) Age table with threshold 15 (max threshold 15)
[2025-03-14T05:36:34.997+0000][1287][gc,age      ] GC(29) - age   1:    3537600 bytes,    3537600 total
[2025-03-14T05:36:34.997+0000][1287][gc,age      ] GC(29) - age   2:    1702016 bytes,    5239616 total
[2025-03-14T05:36:34.997+0000][1287][gc,age      ] GC(29) - age   3:    1296048 bytes,    6535664 total
[2025-03-14T05:36:34.997+0000][1287][gc,age      ] GC(29) - age   4:    3643584 bytes,   10179248 total
[2025-03-14T05:36:34.997+0000][1287][gc,age      ] GC(29) - age   5:       9504 bytes,   10188752 total
[2025-03-14T05:36:34.997+0000][1287][gc,age      ] GC(29) - age   6:    2490840 bytes,   12679592 total
[2025-03-14T05:36:34.997+0000][1287][gc,age      ] GC(29) - age   7:      42520 bytes,   12722112 total
[2025-03-14T05:36:34.997+0000][1287][gc,age      ] GC(29) - age   8:    7869144 bytes,   20591256 total
[2025-03-14T05:36:34.997+0000][1287][gc,age      ] GC(29) - age   9:    1763808 bytes,   22355064 total
[2025-03-14T05:36:34.997+0000][1287][gc,age      ] GC(29) - age  10:    7408440 bytes,   29763504 total
[2025-03-14T05:36:34.997+0000][1287][gc,heap     ] GC(29) Eden regions: 279->0(284)
[2025-03-14T05:36:34.997+0000][1287][gc,heap     ] GC(29) Survivor regions: 8->8(37)
[2025-03-14T05:36:34.997+0000][1287][gc,heap     ] GC(29) Old regions: 18->18
[2025-03-14T05:36:34.997+0000][1287][gc,heap     ] GC(29) Humongous regions: 5->5
[2025-03-14T05:36:34.997+0000][1287][gc,metaspace] GC(29) Metaspace: 122248K(125440K)->122248K(125440K) NonClass: 105647K(107392K)->105647K(107392K) Class: 16601K(18048K)->16601K(18048K)
[2025-03-14T05:36:34.997+0000][1287][gc          ] GC(29) Pause Young (Concurrent Start) (CodeCache GC Threshold) 1233M->119M(1952M) 107.603ms
[2025-03-14T05:36:34.997+0000][1287][gc,cpu      ] GC(29) User=0.11s Sys=0.00s Real=0.10s
[2025-03-14T05:36:34.997+0000][1287][gc          ] GC(30) Concurrent Mark Cycle
[2025-03-14T05:36:34.997+0000][1287][gc,marking  ] GC(30) Concurrent Scan Root Regions
[2025-03-14T05:36:34.997+0000][1287][safepoint   ] Safepoint "G1TryInitiateConcMark", Time since last: 4706206868 ns, Reaching safepoint: 81536 ns, Cleanup: 8666 ns, At safepoint: 107883023 ns, Total: 107973225 ns
[2025-03-14T05:36:35.021+0000][1287][gc,marking  ] GC(30) Concurrent Scan Root Regions 24.129ms
[2025-03-14T05:36:35.021+0000][1287][gc,marking  ] GC(30) Concurrent Mark
[2025-03-14T05:36:35.021+0000][1287][gc,marking  ] GC(30) Concurrent Mark From Roots
[2025-03-14T05:36:35.021+0000][1287][gc,task     ] GC(30) Using 1 workers of 1 for marking
[2025-03-14T05:36:35.106+0000][1287][gc,marking  ] GC(30) Concurrent Mark From Roots 84.500ms
[2025-03-14T05:36:35.106+0000][1287][gc,marking  ] GC(30) Concurrent Preclean
[2025-03-14T05:36:35.106+0000][1287][gc,marking  ] GC(30) Concurrent Preclean 0.114ms
[2025-03-14T05:36:35.106+0000][1287][gc,start    ] GC(30) Pause Remark
[2025-03-14T05:36:35.156+0000][1287][gc          ] GC(30) Pause Remark 127M->127M(1952M) 49.816ms
[2025-03-14T05:36:35.156+0000][1287][gc,cpu      ] GC(30) User=0.05s Sys=0.00s Real=0.05s
[2025-03-14T05:36:35.159+0000][1287][safepoint   ] Safepoint "G1PauseRemark", Time since last: 108786365 ns, Reaching safepoint: 14458 ns, Cleanup: 2291 ns, At safepoint: 53039171 ns, Total: 53055920 ns
[2025-03-14T05:36:35.159+0000][1287][gc,marking  ] GC(30) Concurrent Mark 137.729ms
[2025-03-14T05:36:35.159+0000][1287][gc,marking  ] GC(30) Concurrent Rebuild Remembered Sets and Scrub Regions
[2025-03-14T05:36:35.187+0000][1287][gc,marking  ] GC(30) Concurrent Rebuild Remembered Sets and Scrub Regions 28.048ms
[2025-03-14T05:36:35.187+0000][1287][gc,start    ] GC(30) Pause Cleanup
[2025-03-14T05:36:35.187+0000][1287][gc          ] GC(30) Pause Cleanup 127M->127M(1952M) 0.032ms
[2025-03-14T05:36:35.187+0000][1287][gc,cpu      ] GC(30) User=0.00s Sys=0.00s Real=0.00s
[2025-03-14T05:36:35.187+0000][1287][safepoint   ] Safepoint "G1PauseCleanup", Time since last: 28088916 ns, Reaching safepoint: 3708 ns, Cleanup: 46705 ns, At safepoint: 51413 ns, Total: 101826 ns
[2025-03-14T05:36:35.187+0000][1287][gc,marking  ] GC(30) Concurrent Clear Claimed Marks
[2025-03-14T05:36:35.187+0000][1287][gc,marking  ] GC(30) Concurrent Clear Claimed Marks 0.195ms
[2025-03-14T05:36:35.187+0000][1287][gc,marking  ] GC(30) Concurrent Cleanup for Next Mark
[2025-03-14T05:36:35.206+0000][1287][gc,marking  ] GC(30) Concurrent Cleanup for Next Mark 18.122ms
[2025-03-14T05:36:35.206+0000][1287][gc          ] GC(30) Concurrent Mark Cycle 208.407ms
[2025-03-14T05:36:38.188+0000][1287][safepoint   ] Safepoint "Cleanup", Time since last: 3000230719 ns, Reaching safepoint: 35247 ns, Cleanup: 48622 ns, At safepoint: 8958 ns, Total: 92827 ns
[2025-03-14T05:36:41.189+0000][1287][safepoint   ] Safepoint "Cleanup", Time since last: 3001129247 ns, Reaching safepoint: 15457 ns, Cleanup: 51080 ns, At safepoint: 11208 ns, Total: 77745 ns
[2025-03-14T05:36:43.190+0000][1287][safepoint   ] Safepoint "Cleanup", Time since last: 2001154348 ns, Reaching safepoint: 10541 ns, Cleanup: 23665 ns, At safepoint: 9458 ns, Total: 43664 ns
[2025-03-14T05:36:47.191+0000][1287][safepoint   ] Safepoint "Cleanup", Time since last: 4000637843 ns, Reaching safepoint: 20332 ns, Cleanup: 29748 ns, At safepoint: 5458 ns, Total: 55538 ns
[2025-03-14T05:36:48.191+0000][1287][safepoint   ] Safepoint "Cleanup", Time since last: 1000065416 ns, Reaching safepoint: 9332 ns, Cleanup: 10416 ns, At safepoint: 3458 ns, Total: 23206 ns
[2025-03-14T05:36:50.192+0000][1287][safepoint   ] Safepoint "Cleanup", Time since last: 2001029175 ns, Reaching safepoint: 6958 ns, Cleanup: 11749 ns, At safepoint: 5166 ns, Total: 23873 ns
[2025-03-14T05:36:53.192+0000][1287][safepoint   ] Safepoint "Cleanup", Time since last: 3000210635 ns, Reaching safepoint: 5708 ns, Cleanup: 26539 ns, At safepoint: 8541 ns, Total: 40788 ns
[2025-03-14T05:36:59.193+0000][1287][safepoint   ] Safepoint "Cleanup", Time since last: 6000849782 ns, Reaching safepoint: 123783 ns, Cleanup: 28789 ns, At safepoint: 16082 ns, Total: 168654 ns
[2025-03-14T05:37:01.195+0000][1287][safepoint   ] Safepoint "Cleanup", Time since last: 2001256174 ns, Reaching safepoint: 174571 ns, Cleanup: 26998 ns, At safepoint: 8249 ns, Total: 209818 ns
[2025-03-14T05:37:08.195+0000][1287][safepoint   ] Safepoint "Cleanup", Time since last: 7000896003 ns, Reaching safepoint: 6833 ns, Cleanup: 19957 ns, At safepoint: 6833 ns, Total: 33623 ns
[2025-03-14T05:37:11.196+0000][1287][safepoint   ] Safepoint "Cleanup", Time since last: 3000222507 ns, Reaching safepoint: 5624 ns, Cleanup: 28206 ns, At safepoint: 5458 ns, Total: 39288 ns
[2025-03-14T05:37:12.196+0000][1287][safepoint   ] Safepoint "Cleanup", Time since last: 1000093309 ns, Reaching safepoint: 7249 ns, Cleanup: 8916 ns, At safepoint: 3875 ns, Total: 20040 ns
[2025-03-14T05:37:13.196+0000][1287][safepoint   ] Safepoint "Cleanup", Time since last: 1000092463 ns, Reaching safepoint: 6750 ns, Cleanup: 10707 ns, At safepoint: 5583 ns, Total: 23040 ns
[2025-03-14T05:37:14.197+0000][1287][safepoint   ] Safepoint "Cleanup", Time since last: 1000655953 ns, Reaching safepoint: 12374 ns, Cleanup: 20290 ns, At safepoint: 7750 ns, Total: 40414 ns
[2025-03-14T05:37:17.199+0000][1287][safepoint   ] Safepoint "Cleanup", Time since last: 3002113498 ns, Reaching safepoint: 109200 ns, Cleanup: 20040 ns, At safepoint: 16207 ns, Total: 145447 ns
[2025-03-14T05:37:18.199+0000][1287][safepoint   ] Safepoint "Cleanup", Time since last: 1000328566 ns, Reaching safepoint: 11249 ns, Cleanup: 12832 ns, At safepoint: 5458 ns, Total: 29539 ns
[2025-03-14T05:37:20.201+0000][1287][safepoint   ] Safepoint "Cleanup", Time since last: 2001544710 ns, Reaching safepoint: 34665 ns, Cleanup: 40663 ns, At safepoint: 13333 ns, Total: 88661 ns
[2025-03-14T05:37:26.236+0000][1287][safepoint   ] Safepoint "Cleanup", Time since last: 6035229751 ns, Reaching safepoint: 7582 ns, Cleanup: 11333 ns, At safepoint: 5000 ns, Total: 23915 ns
[2025-03-14T05:37:29.236+0000][1287][safepoint   ] Safepoint "Cleanup", Time since last: 3000218237 ns, Reaching safepoint: 7083 ns, Cleanup: 18874 ns, At safepoint: 4958 ns, Total: 30915 ns
[2025-03-14T05:37:31.237+0000][1287][safepoint   ] Safepoint "Cleanup", Time since last: 2000149074 ns, Reaching safepoint: 6625 ns, Cleanup: 19498 ns, At safepoint: 3208 ns, Total: 29331 ns
[2025-03-14T05:37:32.237+0000][1287][safepoint   ] Safepoint "Cleanup", Time since last: 1000088371 ns, Reaching safepoint: 8708 ns, Cleanup: 9791 ns, At safepoint: 4916 ns, Total: 23415 ns
[2025-03-14T05:37:35.238+0000][1287][safepoint   ] Safepoint "Cleanup", Time since last: 3001435792 ns, Reaching safepoint: 12791 ns, Cleanup: 37830 ns, At safepoint: 12624 ns, Total: 63245 ns
[2025-03-14T05:37:38.240+0000][1287][safepoint   ] Safepoint "Cleanup", Time since last: 3001898877 ns, Reaching safepoint: 12499 ns, Cleanup: 25457 ns, At safepoint: 9332 ns, Total: 47288 ns
[2025-03-14T05:37:41.240+0000][1287][safepoint   ] Safepoint "Cleanup", Time since last: 3000275799 ns, Reaching safepoint: 9791 ns, Cleanup: 13790 ns, At safepoint: 4417 ns, Total: 27998 ns
[2025-03-14T05:37:43.243+0000][1287][safepoint   ] Safepoint "Cleanup", Time since last: 2002274857 ns, Reaching safepoint: 26331 ns, Cleanup: 16540 ns, At safepoint: 4667 ns, Total: 47538 ns
[2025-03-14T05:37:44.243+0000][1287][safepoint   ] Safepoint "Cleanup", Time since last: 1000078728 ns, Reaching safepoint: 6292 ns, Cleanup: 12082 ns, At safepoint: 4541 ns, Total: 22915 ns
[2025-03-14T05:37:47.244+0000][1287][safepoint   ] Safepoint "Cleanup", Time since last: 3001145843 ns, Reaching safepoint: 6500 ns, Cleanup: 36497 ns, At safepoint: 4875 ns, Total: 47872 ns
[2025-03-14T05:37:50.244+0000][1287][safepoint   ] Safepoint "Cleanup", Time since last: 3000228470 ns, Reaching safepoint: 7707 ns, Cleanup: 9541 ns, At safepoint: 5958 ns, Total: 23206 ns
[2025-03-14T05:37:53.245+0000][1287][safepoint   ] Safepoint "Cleanup", Time since last: 3001089603 ns, Reaching safepoint: 11291 ns, Cleanup: 25457 ns, At safepoint: 6541 ns, Total: 43289 ns
[2025-03-14T05:37:59.250+0000][1287][safepoint   ] Safepoint "Cleanup", Time since last: 6002300516 ns, Reaching safepoint: 123116 ns, Cleanup: 24415 ns, At safepoint: 1820986 ns, Total: 1968517 ns
[2025-03-14T05:38:02.252+0000][1287][safepoint   ] Safepoint "Cleanup", Time since last: 3002116247 ns, Reaching safepoint: 151488 ns, Cleanup: 37289 ns, At safepoint: 14749 ns, Total: 203526 ns
[2025-03-14T05:38:03.252+0000][1287][safepoint   ] Safepoint "Cleanup", Time since last: 1000148912 ns, Reaching safepoint: 90326 ns, Cleanup: 116700 ns, At safepoint: 8832 ns, Total: 215858 ns
[2025-03-14T05:38:04.253+0000][1287][safepoint   ] Safepoint "Cleanup", Time since last: 1000166014 ns, Reaching safepoint: 133990 ns, Cleanup: 147905 ns, At safepoint: 10666 ns, Total: 292561 ns
[2025-03-14T05:38:05.253+0000][1287][safepoint   ] Safepoint "Cleanup", Time since last: 1000178158 ns, Reaching safepoint: 10041 ns, Cleanup: 55537 ns, At safepoint: 6416 ns, Total: 71994 ns
[2025-03-14T05:38:08.254+0000][1287][safepoint   ] Safepoint "Cleanup", Time since last: 3000253704 ns, Reaching safepoint: 145322 ns, Cleanup: 49371 ns, At safepoint: 12124 ns, Total: 206817 ns
[2025-03-14T05:38:11.254+0000][1287][safepoint   ] Safepoint "Cleanup", Time since last: 3000277484 ns, Reaching safepoint: 31664 ns, Cleanup: 12249 ns, At safepoint: 3833 ns, Total: 47746 ns
[2025-03-14T05:38:12.254+0000][1287][safepoint   ] Safepoint "Cleanup", Time since last: 1000162480 ns, Reaching safepoint: 114200 ns, Cleanup: 41788 ns, At safepoint: 12249 ns, Total: 168237 ns
[2025-03-14T05:38:14.255+0000][1287][safepoint   ] Safepoint "Cleanup", Time since last: 2000212416 ns, Reaching safepoint: 54954 ns, Cleanup: 42455 ns, At safepoint: 6250 ns, Total: 103659 ns
[2025-03-14T05:38:17.256+0000][1287][safepoint   ] Safepoint "Cleanup", Time since last: 3001657854 ns, Reaching safepoint: 90502 ns, Cleanup: 36917 ns, At safepoint: 18667 ns, Total: 146086 ns
[2025-03-14T05:38:19.258+0000][1287][safepoint   ] Safepoint "Cleanup", Time since last: 2001374271 ns, Reaching safepoint: 12959 ns, Cleanup: 12625 ns, At safepoint: 7001 ns, Total: 32585 ns
[2025-03-14T05:38:21.258+0000][1287][safepoint   ] Safepoint "Cleanup", Time since last: 2000506318 ns, Reaching safepoint: 60876 ns, Cleanup: 47793 ns, At safepoint: 10459 ns, Total: 119128 ns
[2025-03-14T05:38:22.259+0000][1287][safepoint   ] Safepoint "Cleanup", Time since last: 1000166636 ns, Reaching safepoint: 74585 ns, Cleanup: 108461 ns, At safepoint: 37792 ns, Total: 220838 ns
[2025-03-14T05:38:23.259+0000][1287][safepoint   ] Safepoint "Cleanup", Time since last: 1000113081 ns, Reaching safepoint: 28334 ns, Cleanup: 26292 ns, At safepoint: 6458 ns, Total: 61084 ns
[2025-03-14T05:38:24.260+0000][1287][safepoint   ] Safepoint "Cleanup", Time since last: 1000781625 ns, Reaching safepoint: 8916 ns, Cleanup: 16459 ns, At safepoint: 6542 ns, Total: 31917 ns
[2025-03-14T05:38:25.338+0000][1287][safepoint   ] Safepoint "Cleanup", Time since last: 1077965465 ns, Reaching safepoint: 527553 ns, Cleanup: 8792 ns, At safepoint: 9250 ns, Total: 545595 ns
[2025-03-14T05:38:26.338+0000][1287][safepoint   ] Safepoint "Cleanup", Time since last: 1000091997 ns, Reaching safepoint: 12792 ns, Cleanup: 62501 ns, At safepoint: 6667 ns, Total: 81960 ns
[2025-03-14T05:38:27.339+0000][1287][safepoint   ] Safepoint "Cleanup", Time since last: 1000105361 ns, Reaching safepoint: 64751 ns, Cleanup: 54877 ns, At safepoint: 7041 ns, Total: 126669 ns
[2025-03-14T05:38:29.340+0000][1287][safepoint   ] Safepoint "Cleanup", Time since last: 2001130584 ns, Reaching safepoint: 32168 ns, Cleanup: 21083 ns, At safepoint: 9834 ns, Total: 63085 ns
[2025-03-14T05:38:32.340+0000][1287][safepoint   ] Safepoint "Cleanup", Time since last: 3000236580 ns, Reaching safepoint: 30042 ns, Cleanup: 16750 ns, At safepoint: 6501 ns, Total: 53293 ns
[2025-03-14T05:38:35.341+0000][1287][safepoint   ] Safepoint "Cleanup", Time since last: 3000837471 ns, Reaching safepoint: 67243 ns, Cleanup: 26639 ns, At safepoint: 12589 ns, Total: 106471 ns
[2025-03-14T05:38:36.342+0000][1287][safepoint   ] Safepoint "Cleanup", Time since last: 1000931234 ns, Reaching safepoint: 15800 ns, Cleanup: 29557 ns, At safepoint: 33017 ns, Total: 78374 ns
[2025-03-14T05:38:41.344+0000][1287][safepoint   ] Safepoint "Cleanup", Time since last: 5001638644 ns, Reaching safepoint: 18801 ns, Cleanup: 12298 ns, At safepoint: 5836 ns, Total: 36935 ns
[2025-03-14T05:38:43.345+0000][1287][safepoint   ] Safepoint "Cleanup", Time since last: 2000998403 ns, Reaching safepoint: 14590 ns, Cleanup: 13340 ns, At safepoint: 5628 ns, Total: 33558 ns
[2025-03-14T05:38:44.345+0000][1287][safepoint   ] Safepoint "Cleanup", Time since last: 1000103452 ns, Reaching safepoint: 7129 ns, Cleanup: 9588 ns, At safepoint: 4752 ns, Total: 21469 ns
[2025-03-14T05:38:47.346+0000][1287][safepoint   ] Safepoint "Cleanup", Time since last: 3000941257 ns, Reaching safepoint: 98631 ns, Cleanup: 38560 ns, At safepoint: 10505 ns, Total: 147696 ns
[2025-03-14T05:38:52.346+0000][1287][safepoint   ] Safepoint "Cleanup", Time since last: 5000388693 ns, Reaching safepoint: 34600 ns, Cleanup: 21843 ns, At safepoint: 5920 ns, Total: 62363 ns
[2025-03-14T05:38:53.347+0000][1287][safepoint   ] Safepoint "Cleanup", Time since last: 1000083258 ns, Reaching safepoint: 7045 ns, Cleanup: 16257 ns, At safepoint: 5044 ns, Total: 28346 ns
[2025-03-14T05:38:54.347+0000][1287][safepoint   ] Safepoint "Cleanup", Time since last: 1000092054 ns, Reaching safepoint: 14882 ns, Cleanup: 56817 ns, At safepoint: 3835 ns, Total: 75534 ns
[2025-03-14T05:38:56.349+0000][1287][safepoint   ] Safepoint "Cleanup", Time since last: 2001681306 ns, Reaching safepoint: 18967 ns, Cleanup: 45228 ns, At safepoint: 8671 ns, Total: 72866 ns
[2025-03-14T05:38:57.349+0000][1287][safepoint   ] Safepoint "Cleanup", Time since last: 1000356359 ns, Reaching safepoint: 53816 ns, Cleanup: 68281 ns, At safepoint: 20968 ns, Total: 143065 ns
[2025-03-14T05:38:59.350+0000][1287][safepoint   ] Safepoint "Cleanup", Time since last: 2001145490 ns, Reaching safepoint: 60735 ns, Cleanup: 50522 ns, At safepoint: 29472 ns, Total: 140729 ns
[2025-03-14T05:39:02.352+0000][1287][safepoint   ] Safepoint "Cleanup", Time since last: 3001498617 ns, Reaching safepoint: 12547 ns, Cleanup: 21092 ns, At safepoint: 6211 ns, Total: 39850 ns
[2025-03-14T05:39:03.352+0000][1287][safepoint   ] Safepoint "Cleanup", Time since last: 1000092090 ns, Reaching safepoint: 14589 ns, Cleanup: 17716 ns, At safepoint: 5503 ns, Total: 37808 ns
[2025-03-14T05:39:05.353+0000][1287][safepoint   ] Safepoint "Cleanup", Time since last: 2000760758 ns, Reaching safepoint: 13673 ns, Cleanup: 31430 ns, At safepoint: 6669 ns, Total: 51772 ns
[2025-03-14T05:39:06.353+0000][1287][safepoint   ] Safepoint "Cleanup", Time since last: 1000141488 ns, Reaching safepoint: 172614 ns, Cleanup: 62735 ns, At safepoint: 10338 ns, Total: 245687 ns
[2025-03-14T05:39:07.354+0000][1287][safepoint   ] Safepoint "Cleanup", Time since last: 1000361040 ns, Reaching safepoint: 55523 ns, Cleanup: 27428 ns, At safepoint: 6545 ns, Total: 89496 ns
[2025-03-14T05:39:08.354+0000][1287][safepoint   ] Safepoint "Cleanup", Time since last: 1000113374 ns, Reaching safepoint: 19550 ns, Cleanup: 29887 ns, At safepoint: 7712 ns, Total: 57149 ns
[2025-03-14T05:39:11.355+0000][1287][safepoint   ] Safepoint "Cleanup", Time since last: 3000431609 ns, Reaching safepoint: 288035 ns, Cleanup: 73780 ns, At safepoint: 13547 ns, Total: 375362 ns
[2025-03-14T05:39:13.355+0000][1287][safepoint   ] Safepoint "Cleanup", Time since last: 2000376557 ns, Reaching safepoint: 13338 ns, Cleanup: 19091 ns, At safepoint: 6128 ns, Total: 38557 ns
[2025-03-14T05:39:14.355+0000][1287][safepoint   ] Safepoint "Cleanup", Time since last: 1000105627 ns, Reaching safepoint: 9420 ns, Cleanup: 42392 ns, At safepoint: 5627 ns, Total: 57439 ns
[2025-03-14T05:39:15.355+0000][1287][safepoint   ] Safepoint "Cleanup", Time since last: 1000098747 ns, Reaching safepoint: 7668 ns, Cleanup: 10710 ns, At safepoint: 4043 ns, Total: 22421 ns
[2025-03-14T05:39:18.357+0000][1287][safepoint   ] Safepoint "Cleanup", Time since last: 3001693376 ns, Reaching safepoint: 142318 ns, Cleanup: 71097 ns, At safepoint: 33465 ns, Total: 246880 ns
[2025-03-14T05:39:20.358+0000][1287][safepoint   ] Safepoint "Cleanup", Time since last: 2000754222 ns, Reaching safepoint: 9169 ns, Cleanup: 11002 ns, At safepoint: 5292 ns, Total: 25463 ns
[2025-03-14T05:39:23.360+0000][1287][safepoint   ] Safepoint "Cleanup", Time since last: 3001766746 ns, Reaching safepoint: 14961 ns, Cleanup: 17753 ns, At safepoint: 5459 ns, Total: 38173 ns
[2025-03-14T05:39:26.399+0000][1287][safepoint   ] Safepoint "Cleanup", Time since last: 3039394284 ns, Reaching safepoint: 7710 ns, Cleanup: 10293 ns, At safepoint: 4876 ns, Total: 22879 ns
[2025-03-14T05:39:27.399+0000][1287][safepoint   ] Safepoint "Cleanup", Time since last: 1000100141 ns, Reaching safepoint: 8043 ns, Cleanup: 10294 ns, At safepoint: 5251 ns, Total: 23588 ns
[2025-03-14T05:39:29.400+0000][1287][safepoint   ] Safepoint "Cleanup", Time since last: 2000160850 ns, Reaching safepoint: 23379 ns, Cleanup: 14419 ns, At safepoint: 5834 ns, Total: 43632 ns
[2025-03-14T05:39:35.401+0000][1287][safepoint   ] Safepoint "Cleanup", Time since last: 6000592040 ns, Reaching safepoint: 95473 ns, Cleanup: 199697 ns, At safepoint: 150439 ns, Total: 445609 ns
[2025-03-14T05:39:38.403+0000][1287][safepoint   ] Safepoint "Cleanup", Time since last: 3002294806 ns, Reaching safepoint: 82970 ns, Cleanup: 96389 ns, At safepoint: 29088 ns, Total: 208447 ns
[2025-03-14T05:39:47.405+0000][1287][safepoint   ] Safepoint "Cleanup", Time since last: 9001908159 ns, Reaching safepoint: 5751 ns, Cleanup: 26254 ns, At safepoint: 5167 ns, Total: 37172 ns
[2025-03-14T05:39:48.405+0000][1287][safepoint   ] Safepoint "Cleanup", Time since last: 1000096508 ns, Reaching safepoint: 33254 ns, Cleanup: 9251 ns, At safepoint: 4043 ns, Total: 46548 ns
[2025-03-14T05:39:50.406+0000][1287][safepoint   ] Safepoint "Cleanup", Time since last: 2000301828 ns, Reaching safepoint: 95845 ns, Cleanup: 61966 ns, At safepoint: 17627 ns, Total: 175438 ns
[2025-03-14T05:39:51.406+0000][1287][safepoint   ] Safepoint "Cleanup", Time since last: 1000270481 ns, Reaching safepoint: 50923 ns, Cleanup: 16460 ns, At safepoint: 6126 ns, Total: 73509 ns
[2025-03-14T05:39:56.407+0000][1287][safepoint   ] Safepoint "Cleanup", Time since last: 5001099462 ns, Reaching safepoint: 104678 ns, Cleanup: 80925 ns, At safepoint: 19586 ns, Total: 205189 ns
[2025-03-14T05:40:08.424+0000][1287][safepoint   ] Safepoint "Cleanup", Time since last: 12016746721 ns, Reaching safepoint: 110843 ns, Cleanup: 24752 ns, At safepoint: 8918 ns, Total: 144513 ns
[2025-03-14T05:40:08.715+0000][1287][gc,start    ] GC(31) Pause Young (Prepare Mixed) (G1 Evacuation Pause)
[2025-03-14T05:40:08.715+0000][1287][gc,task     ] GC(31) Using 1 workers of 1 for evacuation
[2025-03-14T05:40:08.715+0000][1287][gc,age      ] GC(31) Desired survivor size 77594624 bytes, new threshold 15 (max threshold 15)
[2025-03-14T05:40:08.829+0000][1287][gc,phases   ] GC(31)   Pre Evacuate Collection Set: 0.60ms
[2025-03-14T05:40:08.829+0000][1287][gc,phases   ] GC(31)   Merge Heap Roots: 0.33ms
[2025-03-14T05:40:08.829+0000][1287][gc,phases   ] GC(31)   Evacuate Collection Set: 106.99ms
[2025-03-14T05:40:08.829+0000][1287][gc,phases   ] GC(31)   Post Evacuate Collection Set: 6.19ms
[2025-03-14T05:40:08.829+0000][1287][gc,phases   ] GC(31)   Other: 0.11ms
[2025-03-14T05:40:08.829+0000][1287][gc,age      ] GC(31) Age table with threshold 15 (max threshold 15)
[2025-03-14T05:40:08.829+0000][1287][gc,age      ] GC(31) - age   1:    2875144 bytes,    2875144 total
[2025-03-14T05:40:08.829+0000][1287][gc,age      ] GC(31) - age   2:    1140800 bytes,    4015944 total
[2025-03-14T05:40:08.829+0000][1287][gc,age      ] GC(31) - age   3:    1671328 bytes,    5687272 total
[2025-03-14T05:40:08.829+0000][1287][gc,age      ] GC(31) - age   4:    1276600 bytes,    6963872 total
[2025-03-14T05:40:08.829+0000][1287][gc,age      ] GC(31) - age   5:    3599232 bytes,   10563104 total
[2025-03-14T05:40:08.829+0000][1287][gc,age      ] GC(31) - age   6:       9504 bytes,   10572608 total
[2025-03-14T05:40:08.829+0000][1287][gc,age      ] GC(31) - age   7:    2490360 bytes,   13062968 total
[2025-03-14T05:40:08.829+0000][1287][gc,age      ] GC(31) - age   8:      42520 bytes,   13105488 total
[2025-03-14T05:40:08.829+0000][1287][gc,age      ] GC(31) - age   9:    7867168 bytes,   20972656 total
[2025-03-14T05:40:08.829+0000][1287][gc,age      ] GC(31) - age  10:    1763744 bytes,   22736400 total
[2025-03-14T05:40:08.829+0000][1287][gc,age      ] GC(31) - age  11:    7338024 bytes,   30074424 total
[2025-03-14T05:40:08.829+0000][1287][gc,heap     ] GC(31) Eden regions: 284->0(99)
[2025-03-14T05:40:08.829+0000][1287][gc,heap     ] GC(31) Survivor regions: 8->8(37)
[2025-03-14T05:40:08.829+0000][1287][gc,heap     ] GC(31) Old regions: 18->18
[2025-03-14T05:40:08.829+0000][1287][gc,heap     ] GC(31) Humongous regions: 5->5
[2025-03-14T05:40:08.829+0000][1287][gc,metaspace] GC(31) Metaspace: 122753K(125888K)->122753K(125888K) NonClass: 106138K(107840K)->106138K(107840K) Class: 16615K(18048K)->16615K(18048K)
[2025-03-14T05:40:08.829+0000][1287][gc          ] GC(31) Pause Young (Prepare Mixed) (G1 Evacuation Pause) 1255M->119M(1952M) 114.404ms
[2025-03-14T05:40:08.829+0000][1287][gc,cpu      ] GC(31) User=0.11s Sys=0.01s Real=0.12s
[2025-03-14T05:40:08.831+0000][1287][safepoint   ] Safepoint "G1CollectForAllocation", Time since last: 290717890 ns, Reaching safepoint: 10000 ns, Cleanup: 10126 ns, At safepoint: 115767086 ns, Total: 115787212 ns
[2025-03-14T05:40:12.833+0000][1287][safepoint   ] Safepoint "Cleanup", Time since last: 4002025733 ns, Reaching safepoint: 54588 ns, Cleanup: 20751 ns, At safepoint: 8209 ns, Total: 83548 ns
[2025-03-14T05:40:14.833+0000][1287][safepoint   ] Safepoint "Cleanup", Time since last: 2000198850 ns, Reaching safepoint: 19750 ns, Cleanup: 10708 ns, At safepoint: 6000 ns, Total: 36458 ns
[2025-03-14T05:40:20.835+0000][1287][safepoint   ] Safepoint "Cleanup", Time since last: 6001700967 ns, Reaching safepoint: 113496 ns, Cleanup: 34541 ns, At safepoint: 20041 ns, Total: 168078 ns
[2025-03-14T05:40:37.469+0000][1287][safepoint   ] Safepoint "Cleanup", Time since last: 16634333778 ns, Reaching safepoint: 122785 ns, Cleanup: 33998 ns, At safepoint: 7125 ns, Total: 163908 ns
[2025-03-14T05:40:38.472+0000][1287][safepoint   ] Safepoint "Cleanup", Time since last: 1002720120 ns, Reaching safepoint: 49913 ns, Cleanup: 60455 ns, At safepoint: 18958 ns, Total: 129326 ns
[2025-03-14T05:40:41.474+0000][1287][safepoint   ] Safepoint "Cleanup", Time since last: 3001493898 ns, Reaching safepoint: 74620 ns, Cleanup: 304523 ns, At safepoint: 21999 ns, Total: 401142 ns
[2025-03-14T05:40:44.474+0000][1287][safepoint   ] Safepoint "Cleanup", Time since last: 3000242006 ns, Reaching safepoint: 10041 ns, Cleanup: 16166 ns, At safepoint: 7874 ns, Total: 34081 ns
[2025-03-14T05:40:47.475+0000][1287][safepoint   ] Safepoint "Cleanup", Time since last: 3000266376 ns, Reaching safepoint: 8583 ns, Cleanup: 13749 ns, At safepoint: 5583 ns, Total: 27915 ns
[2025-03-14T05:40:52.476+0000][1287][safepoint   ] Safepoint "Cleanup", Time since last: 5001326815 ns, Reaching safepoint: 175153 ns, Cleanup: 29290 ns, At safepoint: 10999 ns, Total: 215442 ns
[2025-03-14T05:40:53.476+0000][1287][safepoint   ] Safepoint "Cleanup", Time since last: 1000157084 ns, Reaching safepoint: 9666 ns, Cleanup: 19665 ns, At safepoint: 5958 ns, Total: 35289 ns
[2025-03-14T05:40:56.477+0000][1287][safepoint   ] Safepoint "Cleanup", Time since last: 3000242310 ns, Reaching safepoint: 19832 ns, Cleanup: 17290 ns, At safepoint: 5917 ns, Total: 43039 ns
[2025-03-14T05:40:57.478+0000][1287][safepoint   ] Safepoint "Cleanup", Time since last: 1001182683 ns, Reaching safepoint: 97117 ns, Cleanup: 36622 ns, At safepoint: 16540 ns, Total: 150279 ns
[2025-03-14T05:41:02.482+0000][1287][safepoint   ] Safepoint "Cleanup", Time since last: 5002308635 ns, Reaching safepoint: 361260 ns, Cleanup: 354470 ns, At safepoint: 599448 ns, Total: 1315178 ns
[2025-03-14T05:41:08.483+0000][1287][safepoint   ] Safepoint "Cleanup", Time since last: 6001176234 ns, Reaching safepoint: 110573 ns, Cleanup: 44788 ns, At safepoint: 12207 ns, Total: 167568 ns
[2025-03-14T05:41:12.484+0000][1287][safepoint   ] Safepoint "Cleanup", Time since last: 4000730554 ns, Reaching safepoint: 25040 ns, Cleanup: 29955 ns, At safepoint: 6583 ns, Total: 61578 ns
[2025-03-14T05:41:14.484+0000][1287][safepoint   ] Safepoint "Cleanup", Time since last: 2000177918 ns, Reaching safepoint: 20375 ns, Cleanup: 15458 ns, At safepoint: 7375 ns, Total: 43208 ns
[2025-03-14T05:41:17.485+0000][1287][safepoint   ] Safepoint "Cleanup", Time since last: 3000532552 ns, Reaching safepoint: 50292 ns, Cleanup: 93791 ns, At safepoint: 15792 ns, Total: 159875 ns
[2025-03-14T05:41:20.487+0000][1287][safepoint   ] Safepoint "Cleanup", Time since last: 3001977785 ns, Reaching safepoint: 32833 ns, Cleanup: 41833 ns, At safepoint: 13000 ns, Total: 87666 ns
[2025-03-14T05:41:21.488+0000][1287][safepoint   ] Safepoint "Cleanup", Time since last: 1001289226 ns, Reaching safepoint: 53625 ns, Cleanup: 41416 ns, At safepoint: 19333 ns, Total: 114374 ns
[2025-03-14T05:41:23.489+0000][1287][safepoint   ] Safepoint "Cleanup", Time since last: 2000540948 ns, Reaching safepoint: 22750 ns, Cleanup: 10000 ns, At safepoint: 4000 ns, Total: 36750 ns
[2025-03-14T05:41:27.652+0000][1287][safepoint   ] Safepoint "Cleanup", Time since last: 4162804387 ns, Reaching safepoint: 11333 ns, Cleanup: 10542 ns, At safepoint: 5333 ns, Total: 27208 ns
[2025-03-14T05:41:32.652+0000][1287][safepoint   ] Safepoint "Cleanup", Time since last: 5000327922 ns, Reaching safepoint: 57124 ns, Cleanup: 16958 ns, At safepoint: 7750 ns, Total: 81832 ns
[2025-03-14T05:41:35.652+0000][1287][safepoint   ] Safepoint "Cleanup", Time since last: 3000275824 ns, Reaching safepoint: 48832 ns, Cleanup: 12250 ns, At safepoint: 5833 ns, Total: 66915 ns
[2025-03-14T05:41:38.655+0000][1287][safepoint   ] Safepoint "Cleanup", Time since last: 3002003031 ns, Reaching safepoint: 142164 ns, Cleanup: 65332 ns, At safepoint: 22416 ns, Total: 229912 ns
[2025-03-14T05:41:42.657+0000][1287][safepoint   ] Safepoint "Cleanup", Time since last: 4001665463 ns, Reaching safepoint: 53999 ns, Cleanup: 67623 ns, At safepoint: 155455 ns, Total: 277077 ns
[2025-03-14T05:41:44.657+0000][1287][safepoint   ] Safepoint "Cleanup", Time since last: 2000174540 ns, Reaching safepoint: 108622 ns, Cleanup: 34999 ns, At safepoint: 15542 ns, Total: 159163 ns
[2025-03-14T05:41:47.658+0000][1287][safepoint   ] Safepoint "Cleanup", Time since last: 3000655919 ns, Reaching safepoint: 16583 ns, Cleanup: 23166 ns, At safepoint: 6083 ns, Total: 45832 ns
[2025-03-14T05:41:50.659+0000][1287][safepoint   ] Safepoint "Cleanup", Time since last: 3001182793 ns, Reaching safepoint: 42082 ns, Cleanup: 25791 ns, At safepoint: 4375 ns, Total: 72248 ns
[2025-03-14T05:41:55.660+0000][1287][safepoint   ] Safepoint "Cleanup", Time since last: 5000458246 ns, Reaching safepoint: 186868 ns, Cleanup: 19500 ns, At safepoint: 11916 ns, Total: 218284 ns
[2025-03-14T05:41:56.660+0000][1287][safepoint   ] Safepoint "Cleanup", Time since last: 1000253334 ns, Reaching safepoint: 81705 ns, Cleanup: 62832 ns, At safepoint: 7291 ns, Total: 151828 ns
[2025-03-14T05:41:58.661+0000][1287][safepoint   ] Safepoint "Cleanup", Time since last: 2001241517 ns, Reaching safepoint: 74748 ns, Cleanup: 76164 ns, At safepoint: 33498 ns, Total: 184410 ns
[2025-03-14T05:42:01.664+0000][1287][safepoint   ] Safepoint "Cleanup", Time since last: 3002580822 ns, Reaching safepoint: 207159 ns, Cleanup: 124870 ns, At safepoint: 28041 ns, Total: 360070 ns
[2025-03-14T05:42:02.668+0000][1287][safepoint   ] Safepoint "Cleanup", Time since last: 1004091178 ns, Reaching safepoint: 17041 ns, Cleanup: 25166 ns, At safepoint: 8749 ns, Total: 50956 ns
[2025-03-14T05:42:03.669+0000][1287][safepoint   ] Safepoint "Cleanup", Time since last: 1000278342 ns, Reaching safepoint: 79997 ns, Cleanup: 30790 ns, At safepoint: 7625 ns, Total: 118412 ns
[2025-03-14T05:42:05.726+0000][1287][safepoint   ] Safepoint "Cleanup", Time since last: 2056542628 ns, Reaching safepoint: 57623 ns, Cleanup: 45581 ns, At safepoint: 33666 ns, Total: 136870 ns
[2025-03-14T05:42:08.726+0000][1287][safepoint   ] Safepoint "Cleanup", Time since last: 3000200285 ns, Reaching safepoint: 15749 ns, Cleanup: 19874 ns, At safepoint: 5875 ns, Total: 41498 ns
[2025-03-14T05:42:10.726+0000][1287][safepoint   ] Safepoint "Cleanup", Time since last: 2000173502 ns, Reaching safepoint: 8291 ns, Cleanup: 8791 ns, At safepoint: 4958 ns, Total: 22040 ns
[2025-03-14T05:42:11.726+0000][1287][safepoint   ] Safepoint "Cleanup", Time since last: 1000092527 ns, Reaching safepoint: 12250 ns, Cleanup: 12791 ns, At safepoint: 4916 ns, Total: 29957 ns
[2025-03-14T05:42:12.726+0000][1287][safepoint   ] Safepoint "Cleanup", Time since last: 1000094218 ns, Reaching safepoint: 20166 ns, Cleanup: 41289 ns, At safepoint: 6458 ns, Total: 67913 ns
[2025-03-14T05:42:26.761+0000][1287][safepoint   ] Safepoint "Cleanup", Time since last: 14034605644 ns, Reaching safepoint: 20790 ns, Cleanup: 21666 ns, At safepoint: 4374 ns, Total: 46830 ns
[2025-03-14T05:42:29.171+0000][1287][gc,start    ] GC(32) Pause Young (Mixed) (G1 Evacuation Pause)
[2025-03-14T05:42:29.171+0000][1287][gc,task     ] GC(32) Using 1 workers of 1 for evacuation
[2025-03-14T05:42:29.171+0000][1287][gc,age      ] GC(32) Desired survivor size 35651584 bytes, new threshold 15 (max threshold 15)
[2025-03-14T05:42:29.353+0000][1287][gc,phases   ] GC(32)   Pre Evacuate Collection Set: 0.58ms
[2025-03-14T05:42:29.353+0000][1287][gc,phases   ] GC(32)   Merge Heap Roots: 0.28ms
[2025-03-14T05:42:29.353+0000][1287][gc,phases   ] GC(32)   Evacuate Collection Set: 125.36ms
[2025-03-14T05:42:29.353+0000][1287][gc,phases   ] GC(32)   Post Evacuate Collection Set: 55.78ms
[2025-03-14T05:42:29.354+0000][1287][gc,phases   ] GC(32)   Other: 0.13ms
[2025-03-14T05:42:29.354+0000][1287][gc,age      ] GC(32) Age table with threshold 15 (max threshold 15)
[2025-03-14T05:42:29.354+0000][1287][gc,age      ] GC(32) - age   1:     965344 bytes,     965344 total
[2025-03-14T05:42:29.354+0000][1287][gc,age      ] GC(32) - age   2:    1204792 bytes,    2170136 total
[2025-03-14T05:42:29.354+0000][1287][gc,age      ] GC(32) - age   3:    1139440 bytes,    3309576 total
[2025-03-14T05:42:29.354+0000][1287][gc,age      ] GC(32) - age   4:    1670616 bytes,    4980192 total
[2025-03-14T05:42:29.354+0000][1287][gc,age      ] GC(32) - age   5:    1276480 bytes,    6256672 total
[2025-03-14T05:42:29.354+0000][1287][gc,age      ] GC(32) - age   6:    3599152 bytes,    9855824 total
[2025-03-14T05:42:29.354+0000][1287][gc,age      ] GC(32) - age   7:       9504 bytes,    9865328 total
[2025-03-14T05:42:29.354+0000][1287][gc,age      ] GC(32) - age   8:    2488312 bytes,   12353640 total
[2025-03-14T05:42:29.354+0000][1287][gc,age      ] GC(32) - age   9:      42496 bytes,   12396136 total
[2025-03-14T05:42:29.354+0000][1287][gc,age      ] GC(32) - age  10:    7867168 bytes,   20263304 total
[2025-03-14T05:42:29.354+0000][1287][gc,age      ] GC(32) - age  11:    1763664 bytes,   22026968 total
[2025-03-14T05:42:29.354+0000][1287][gc,age      ] GC(32) - age  12:    7338024 bytes,   29364992 total
[2025-03-14T05:42:29.354+0000][1287][gc,heap     ] GC(32) Eden regions: 122->0(284)
[2025-03-14T05:42:29.354+0000][1287][gc,heap     ] GC(32) Survivor regions: 8->8(17)
[2025-03-14T05:42:29.354+0000][1287][gc,heap     ] GC(32) Old regions: 18->18
[2025-03-14T05:42:29.354+0000][1287][gc,heap     ] GC(32) Humongous regions: 5->5
[2025-03-14T05:42:29.354+0000][1287][gc,metaspace] GC(32) Metaspace: 122873K(126080K)->122873K(126080K) NonClass: 106257K(108032K)->106257K(108032K) Class: 16615K(18048K)->16615K(18048K)
[2025-03-14T05:42:29.354+0000][1287][gc          ] GC(32) Pause Young (Mixed) (G1 Evacuation Pause) 607M->119M(1952M) 182.528ms
[2025-03-14T05:42:29.354+0000][1287][gc,cpu      ] GC(32) User=0.17s Sys=0.00s Real=0.18s
[2025-03-14T05:42:29.356+0000][1287][safepoint   ] Safepoint "G1CollectForAllocation", Time since last: 2410131556 ns, Reaching safepoint: 5291 ns, Cleanup: 2417 ns, At safepoint: 184664227 ns, Total: 184671935 ns
[2025-03-14T05:42:44.362+0000][1287][safepoint   ] Safepoint "Cleanup", Time since last: 15006102885 ns, Reaching safepoint: 67787 ns, Cleanup: 35498 ns, At safepoint: 12541 ns, Total: 115826 ns
[2025-03-14T05:42:47.362+0000][1287][safepoint   ] Safepoint "Cleanup", Time since last: 3000264616 ns, Reaching safepoint: 11458 ns, Cleanup: 15624 ns, At safepoint: 5875 ns, Total: 32957 ns
[2025-03-14T05:42:50.362+0000][1287][safepoint   ] Safepoint "Cleanup", Time since last: 3000210914 ns, Reaching safepoint: 13583 ns, Cleanup: 20457 ns, At safepoint: 6416 ns, Total: 40456 ns
[2025-03-14T05:42:56.364+0000][1287][safepoint   ] Safepoint "Cleanup", Time since last: 6000923915 ns, Reaching safepoint: 60413 ns, Cleanup: 54954 ns, At safepoint: 34456 ns, Total: 149823 ns
[2025-03-14T05:42:59.365+0000][1287][safepoint   ] Safepoint "Cleanup", Time since last: 3000908813 ns, Reaching safepoint: 44997 ns, Cleanup: 52080 ns, At safepoint: 20873 ns, Total: 117950 ns
[2025-03-14T05:43:02.365+0000][1287][safepoint   ] Safepoint "Cleanup", Time since last: 3000410783 ns, Reaching safepoint: 68329 ns, Cleanup: 20040 ns, At safepoint: 9999 ns, Total: 98368 ns
[2025-03-14T05:43:05.365+0000][1287][safepoint   ] Safepoint "Cleanup", Time since last: 3000293817 ns, Reaching safepoint: 29081 ns, Cleanup: 19749 ns, At safepoint: 5916 ns, Total: 54746 ns
[2025-03-14T05:43:08.366+0000][1287][safepoint   ] Safepoint "Cleanup", Time since last: 3000231732 ns, Reaching safepoint: 11000 ns, Cleanup: 14040 ns, At safepoint: 5250 ns, Total: 30290 ns
[2025-03-14T05:43:09.366+0000][1287][safepoint   ] Safepoint "Cleanup", Time since last: 1000102789 ns, Reaching safepoint: 20873 ns, Cleanup: 12666 ns, At safepoint: 3874 ns, Total: 37413 ns
[2025-03-14T05:43:13.366+0000][1287][safepoint   ] Safepoint "Cleanup", Time since last: 4000372146 ns, Reaching safepoint: 53579 ns, Cleanup: 37705 ns, At safepoint: 13249 ns, Total: 104533 ns
[2025-03-14T05:43:14.367+0000][1287][safepoint   ] Safepoint "Cleanup", Time since last: 1000873468 ns, Reaching safepoint: 67078 ns, Cleanup: 47996 ns, At safepoint: 19498 ns, Total: 134572 ns
[2025-03-14T05:43:18.371+0000][1287][safepoint   ] Safepoint "Cleanup", Time since last: 4003442888 ns, Reaching safepoint: 18582 ns, Cleanup: 24207 ns, At safepoint: 10415 ns, Total: 53204 ns
[2025-03-14T05:43:20.372+0000][1287][safepoint   ] Safepoint "Cleanup", Time since last: 2000904497 ns, Reaching safepoint: 7666 ns, Cleanup: 11916 ns, At safepoint: 5374 ns, Total: 24956 ns
[2025-03-14T05:43:26.818+0000][1287][safepoint   ] Safepoint "Cleanup", Time since last: 6446694869 ns, Reaching safepoint: 7625 ns, Cleanup: 26581 ns, At safepoint: 6124 ns, Total: 40330 ns
[2025-03-14T05:43:29.819+0000][1287][safepoint   ] Safepoint "Cleanup", Time since last: 3000237166 ns, Reaching safepoint: 14665 ns, Cleanup: 18582 ns, At safepoint: 6041 ns, Total: 39288 ns
[2025-03-14T05:43:32.820+0000][1287][safepoint   ] Safepoint "Cleanup", Time since last: 3000874519 ns, Reaching safepoint: 45121 ns, Cleanup: 83785 ns, At safepoint: 11499 ns, Total: 140405 ns
[2025-03-14T05:43:42.823+0000][1287][safepoint   ] Safepoint "Cleanup", Time since last: 10003273799 ns, Reaching safepoint: 33872 ns, Cleanup: 13665 ns, At safepoint: 6541 ns, Total: 54078 ns
[2025-03-14T05:43:46.823+0000][1287][safepoint   ] Safepoint "Cleanup", Time since last: 4000265037 ns, Reaching safepoint: 6124 ns, Cleanup: 9833 ns, At safepoint: 5416 ns, Total: 21373 ns
[2025-03-14T05:43:56.828+0000][1287][safepoint   ] Safepoint "Cleanup", Time since last: 10004360650 ns, Reaching safepoint: 64161 ns, Cleanup: 24039 ns, At safepoint: 12749 ns, Total: 100949 ns
[2025-03-14T05:43:59.828+0000][1287][safepoint   ] Safepoint "Cleanup", Time since last: 3000263028 ns, Reaching safepoint: 8499 ns, Cleanup: 9707 ns, At safepoint: 4708 ns, Total: 22914 ns
[2025-03-14T05:44:00.828+0000][1287][safepoint   ] Safepoint "Cleanup", Time since last: 1000178489 ns, Reaching safepoint: 69411 ns, Cleanup: 44787 ns, At safepoint: 8583 ns, Total: 122781 ns
[2025-03-14T05:44:02.829+0000][1287][safepoint   ] Safepoint "Cleanup", Time since last: 2000201842 ns, Reaching safepoint: 50537 ns, Cleanup: 11915 ns, At safepoint: 13374 ns, Total: 75826 ns
[2025-03-14T05:44:03.829+0000][1287][safepoint   ] Safepoint "Cleanup", Time since last: 1000124598 ns, Reaching safepoint: 28248 ns, Cleanup: 35330 ns, At safepoint: 9040 ns, Total: 72618 ns
[2025-03-14T05:44:14.832+0000][1287][safepoint   ] Safepoint "Cleanup", Time since last: 11002801642 ns, Reaching safepoint: 89762 ns, Cleanup: 25700 ns, At safepoint: 10163 ns, Total: 125625 ns
[2025-03-14T05:44:17.833+0000][1287][safepoint   ] Safepoint "Cleanup", Time since last: 3001016451 ns, Reaching safepoint: 28198 ns, Cleanup: 10038 ns, At safepoint: 5498 ns, Total: 43734 ns
[2025-03-14T05:44:23.833+0000][1287][safepoint   ] Safepoint "Cleanup", Time since last: 6000389446 ns, Reaching safepoint: 94966 ns, Cleanup: 28823 ns, At safepoint: 8538 ns, Total: 132327 ns
[2025-03-14T05:44:28.873+0000][1287][safepoint   ] Safepoint "Cleanup", Time since last: 5039527695 ns, Reaching safepoint: 69100 ns, Cleanup: 48191 ns, At safepoint: 26491 ns, Total: 143782 ns
[2025-03-14T05:44:29.874+0000][1287][safepoint   ] Safepoint "Cleanup", Time since last: 1000652995 ns, Reaching safepoint: 86802 ns, Cleanup: 48607 ns, At safepoint: 39111 ns, Total: 174520 ns
[2025-03-14T05:44:37.876+0000][1287][safepoint   ] Safepoint "Cleanup", Time since last: 8001698169 ns, Reaching safepoint: 32780 ns, Cleanup: 14911 ns, At safepoint: 6081 ns, Total: 53772 ns
[2025-03-14T05:44:38.877+0000][1287][safepoint   ] Safepoint "Cleanup", Time since last: 1001049064 ns, Reaching safepoint: 8747 ns, Cleanup: 29323 ns, At safepoint: 6289 ns, Total: 44359 ns
[2025-03-14T05:44:41.878+0000][1287][safepoint   ] Safepoint "Cleanup", Time since last: 3001080540 ns, Reaching safepoint: 16286 ns, Cleanup: 19243 ns, At safepoint: 7456 ns, Total: 42985 ns
[2025-03-14T05:44:45.878+0000][1287][safepoint   ] Safepoint "Cleanup", Time since last: 4000293625 ns, Reaching safepoint: 41361 ns, Cleanup: 39027 ns, At safepoint: 6248 ns, Total: 86636 ns
[2025-03-14T05:44:46.879+0000][1287][safepoint   ] Safepoint "Cleanup", Time since last: 1000345206 ns, Reaching safepoint: 10996 ns, Cleanup: 57562 ns, At safepoint: 8705 ns, Total: 77263 ns
[2025-03-14T05:44:47.880+0000][1287][safepoint   ] Safepoint "Cleanup", Time since last: 1001176407 ns, Reaching safepoint: 22617 ns, Cleanup: 19951 ns, At safepoint: 8455 ns, Total: 51023 ns
[2025-03-14T05:44:48.881+0000][1287][safepoint   ] Safepoint "Cleanup", Time since last: 1001032000 ns, Reaching safepoint: 55813 ns, Cleanup: 52190 ns, At safepoint: 25407 ns, Total: 133410 ns
[2025-03-14T05:44:50.883+0000][1287][safepoint   ] Safepoint "Cleanup", Time since last: 2001412445 ns, Reaching safepoint: 45192 ns, Cleanup: 68434 ns, At safepoint: 29114 ns, Total: 142740 ns
[2025-03-14T05:44:51.883+0000][1287][safepoint   ] Safepoint "Cleanup", Time since last: 1000376904 ns, Reaching safepoint: 12329 ns, Cleanup: 10663 ns, At safepoint: 4956 ns, Total: 27948 ns
[2025-03-14T05:45:02.886+0000][1287][safepoint   ] Safepoint "Cleanup", Time since last: 11002261249 ns, Reaching safepoint: 157277 ns, Cleanup: 53647 ns, At safepoint: 23950 ns, Total: 234874 ns
[2025-03-14T05:45:05.886+0000][1287][safepoint   ] Safepoint "Cleanup", Time since last: 3000340956 ns, Reaching safepoint: 95299 ns, Cleanup: 30197 ns, At safepoint: 19410 ns, Total: 144906 ns
[2025-03-14T05:45:11.890+0000][1287][safepoint   ] Safepoint "Cleanup", Time since last: 6003242862 ns, Reaching safepoint: 387818 ns, Cleanup: 93675 ns, At safepoint: 17452 ns, Total: 498945 ns
[2025-03-14T05:45:12.891+0000][1287][safepoint   ] Safepoint "Cleanup", Time since last: 1001004219 ns, Reaching safepoint: 41277 ns, Cleanup: 16952 ns, At safepoint: 7914 ns, Total: 66143 ns
[2025-03-14T05:45:14.892+0000][1287][safepoint   ] Safepoint "Cleanup", Time since last: 2000911297 ns, Reaching safepoint: 48024 ns, Cleanup: 33738 ns, At safepoint: 8913 ns, Total: 90675 ns
[2025-03-14T05:45:18.892+0000][1287][safepoint   ] Safepoint "Cleanup", Time since last: 4000331966 ns, Reaching safepoint: 61727 ns, Cleanup: 19368 ns, At safepoint: 7747 ns, Total: 88842 ns
[2025-03-14T05:45:26.919+0000][1287][safepoint   ] Safepoint "Cleanup", Time since last: 8026185919 ns, Reaching safepoint: 165482 ns, Cleanup: 34113 ns, At safepoint: 9080 ns, Total: 208675 ns
[2025-03-14T05:45:28.919+0000][1287][safepoint   ] Safepoint "Cleanup", Time since last: 2000212010 ns, Reaching safepoint: 6290 ns, Cleanup: 62227 ns, At safepoint: 4374 ns, Total: 72891 ns
[2025-03-14T05:45:29.920+0000][1287][safepoint   ] Safepoint "Cleanup", Time since last: 1000532920 ns, Reaching safepoint: 14328 ns, Cleanup: 98548 ns, At safepoint: 12079 ns, Total: 124955 ns
[2025-03-14T05:45:37.923+0000][1287][safepoint   ] Safepoint "Cleanup", Time since last: 8003504508 ns, Reaching safepoint: 115625 ns, Cleanup: 11121 ns, At safepoint: 8206 ns, Total: 134952 ns
[2025-03-14T05:45:41.929+0000][1287][safepoint   ] Safepoint "Cleanup", Time since last: 4005481589 ns, Reaching safepoint: 11246 ns, Cleanup: 12079 ns, At safepoint: 5623 ns, Total: 28948 ns
[2025-03-14T05:45:42.929+0000][1287][safepoint   ] Safepoint "Cleanup", Time since last: 1000078085 ns, Reaching safepoint: 8955 ns, Cleanup: 10455 ns, At safepoint: 5164 ns, Total: 24574 ns
[2025-03-14T05:45:46.930+0000][1287][safepoint   ] Safepoint "Cleanup", Time since last: 4000869270 ns, Reaching safepoint: 79013 ns, Cleanup: 21326 ns, At safepoint: 10913 ns, Total: 111252 ns
[2025-03-14T05:45:51.932+0000][1287][safepoint   ] Safepoint "Cleanup", Time since last: 5002443027 ns, Reaching safepoint: 106962 ns, Cleanup: 33029 ns, At safepoint: 17619 ns, Total: 157610 ns
[2025-03-14T05:45:52.933+0000][1287][safepoint   ] Safepoint "Cleanup", Time since last: 1000154810 ns, Reaching safepoint: 5123 ns, Cleanup: 5581 ns, At safepoint: 4540 ns, Total: 15244 ns
[2025-03-14T05:45:54.934+0000][1287][safepoint   ] Safepoint "Cleanup", Time since last: 2001117869 ns, Reaching safepoint: 12704 ns, Cleanup: 36112 ns, At safepoint: 6497 ns, Total: 55313 ns
[2025-03-14T05:45:58.935+0000][1287][safepoint   ] Safepoint "Cleanup", Time since last: 4000284111 ns, Reaching safepoint: 75639 ns, Cleanup: 8997 ns, At safepoint: 624482 ns, Total: 709118 ns
[2025-03-14T05:45:59.936+0000][1287][safepoint   ] Safepoint "Cleanup", Time since last: 1000952938 ns, Reaching safepoint: 20201 ns, Cleanup: 9622 ns, At safepoint: 6164 ns, Total: 35987 ns
[2025-03-14T05:46:05.936+0000][1287][safepoint   ] Safepoint "Cleanup", Time since last: 6000512051 ns, Reaching safepoint: 32072 ns, Cleanup: 15536 ns, At safepoint: 6415 ns, Total: 54023 ns
[2025-03-14T05:46:06.936+0000][1287][safepoint   ] Safepoint "Cleanup", Time since last: 1000114449 ns, Reaching safepoint: 18202 ns, Cleanup: 18368 ns, At safepoint: 7372 ns, Total: 43942 ns
[2025-03-14T05:46:13.939+0000][1287][safepoint   ] Safepoint "Cleanup", Time since last: 7002241834 ns, Reaching safepoint: 15619 ns, Cleanup: 9497 ns, At safepoint: 5539 ns, Total: 30655 ns
[2025-03-14T05:46:14.940+0000][1287][safepoint   ] Safepoint "Cleanup", Time since last: 1000990660 ns, Reaching safepoint: 33821 ns, Cleanup: 28073 ns, At safepoint: 7039 ns, Total: 68933 ns
[2025-03-14T05:46:25.984+0000][1287][safepoint   ] Safepoint "Cleanup", Time since last: 11044501643 ns, Reaching safepoint: 81471 ns, Cleanup: 21325 ns, At safepoint: 5082 ns, Total: 107878 ns
[2025-03-14T05:46:26.985+0000][1287][safepoint   ] Safepoint "Cleanup", Time since last: 1000486269 ns, Reaching safepoint: 41859 ns, Cleanup: 36696 ns, At safepoint: 16369 ns, Total: 94924 ns
[2025-03-14T05:46:28.986+0000][1287][safepoint   ] Safepoint "Cleanup", Time since last: 2001011843 ns, Reaching safepoint: 12704 ns, Cleanup: 25907 ns, At safepoint: 9663 ns, Total: 48274 ns
[2025-03-14T05:46:34.987+0000][1287][safepoint   ] Safepoint "Cleanup", Time since last: 6001288860 ns, Reaching safepoint: 7289 ns, Cleanup: 10829 ns, At safepoint: 4707 ns, Total: 22825 ns
[2025-03-14T05:46:35.989+0000][1287][safepoint   ] Safepoint "Cleanup", Time since last: 1001180416 ns, Reaching safepoint: 8664 ns, Cleanup: 12662 ns, At safepoint: 4665 ns, Total: 25991 ns
[2025-03-14T05:46:37.989+0000][1287][safepoint   ] Safepoint "Cleanup", Time since last: 2000136426 ns, Reaching safepoint: 4832 ns, Cleanup: 11746 ns, At safepoint: 4332 ns, Total: 20910 ns
[2025-03-14T05:46:40.991+0000][1287][safepoint   ] Safepoint "Cleanup", Time since last: 3000857965 ns, Reaching safepoint: 71932 ns, Cleanup: 8580 ns, At safepoint: 1098354 ns, Total: 1178866 ns
[2025-03-14T05:46:41.992+0000][1287][safepoint   ] Safepoint "Cleanup", Time since last: 1000939377 ns, Reaching safepoint: 8038 ns, Cleanup: 9455 ns, At safepoint: 4665 ns, Total: 22158 ns
[2025-03-14T05:46:46.994+0000][1287][safepoint   ] Safepoint "Cleanup", Time since last: 5002175296 ns, Reaching safepoint: 6415 ns, Cleanup: 21575 ns, At safepoint: 6748 ns, Total: 34738 ns
[2025-03-14T05:46:52.995+0000][1287][safepoint   ] Safepoint "Cleanup", Time since last: 6001356974 ns, Reaching safepoint: 11079 ns, Cleanup: 16827 ns, At safepoint: 5915 ns, Total: 33821 ns
[2025-03-14T05:46:53.995+0000][1287][safepoint   ] Safepoint "Cleanup", Time since last: 1000086935 ns, Reaching safepoint: 9829 ns, Cleanup: 8914 ns, At safepoint: 4998 ns, Total: 23741 ns
[2025-03-14T05:46:58.996+0000][1287][safepoint   ] Safepoint "Cleanup", Time since last: 5000321632 ns, Reaching safepoint: 8080 ns, Cleanup: 6915 ns, At safepoint: 4331 ns, Total: 19326 ns
[2025-03-14T05:47:00.996+0000][1287][safepoint   ] Safepoint "Cleanup", Time since last: 2000145297 ns, Reaching safepoint: 48191 ns, Cleanup: 17452 ns, At safepoint: 8247 ns, Total: 73890 ns
[2025-03-14T05:47:02.996+0000][1287][safepoint   ] Safepoint "Cleanup", Time since last: 2000151586 ns, Reaching safepoint: 6914 ns, Cleanup: 8830 ns, At safepoint: 3957 ns, Total: 19701 ns
[2025-03-14T05:47:05.997+0000][1287][safepoint   ] Safepoint "Cleanup", Time since last: 3000780314 ns, Reaching safepoint: 14079 ns, Cleanup: 31531 ns, At safepoint: 7122 ns, Total: 52732 ns
[2025-03-14T05:47:10.934+0000][1287][gc,start    ] GC(33) Pause Young (Normal) (G1 Evacuation Pause)
[2025-03-14T05:47:10.934+0000][1287][gc,task     ] GC(33) Using 1 workers of 1 for evacuation
[2025-03-14T05:47:10.934+0000][1287][gc,age      ] GC(33) Desired survivor size 77594624 bytes, new threshold 15 (max threshold 15)
[2025-03-14T05:47:11.013+0000][1287][gc,phases   ] GC(33)   Pre Evacuate Collection Set: 0.38ms
[2025-03-14T05:47:11.013+0000][1287][gc,phases   ] GC(33)   Merge Heap Roots: 0.16ms
[2025-03-14T05:47:11.013+0000][1287][gc,phases   ] GC(33)   Evacuate Collection Set: 74.31ms
[2025-03-14T05:47:11.013+0000][1287][gc,phases   ] GC(33)   Post Evacuate Collection Set: 3.61ms
[2025-03-14T05:47:11.013+0000][1287][gc,phases   ] GC(33)   Other: 0.09ms
[2025-03-14T05:47:11.013+0000][1287][gc,age      ] GC(33) Age table with threshold 15 (max threshold 15)
[2025-03-14T05:47:11.013+0000][1287][gc,age      ] GC(33) - age   1:    1059216 bytes,    1059216 total
[2025-03-14T05:47:11.013+0000][1287][gc,age      ] GC(33) - age   2:      11480 bytes,    1070696 total
[2025-03-14T05:47:11.013+0000][1287][gc,age      ] GC(33) - age   3:    1123976 bytes,    2194672 total
[2025-03-14T05:47:11.013+0000][1287][gc,age      ] GC(33) - age   4:    1139440 bytes,    3334112 total
[2025-03-14T05:47:11.013+0000][1287][gc,age      ] GC(33) - age   5:    1670616 bytes,    5004728 total
[2025-03-14T05:47:11.013+0000][1287][gc,age      ] GC(33) - age   6:    1276480 bytes,    6281208 total
[2025-03-14T05:47:11.013+0000][1287][gc,age      ] GC(33) - age   7:    3599152 bytes,    9880360 total
[2025-03-14T05:47:11.013+0000][1287][gc,age      ] GC(33) - age   8:       9504 bytes,    9889864 total
[2025-03-14T05:47:11.013+0000][1287][gc,age      ] GC(33) - age   9:    2488296 bytes,   12378160 total
[2025-03-14T05:47:11.013+0000][1287][gc,age      ] GC(33) - age  10:      42496 bytes,   12420656 total
[2025-03-14T05:47:11.013+0000][1287][gc,age      ] GC(33) - age  11:    7867168 bytes,   20287824 total
[2025-03-14T05:47:11.013+0000][1287][gc,age      ] GC(33) - age  12:    1763016 bytes,   22050840 total
[2025-03-14T05:47:11.013+0000][1287][gc,age      ] GC(33) - age  13:    7321712 bytes,   29372552 total
[2025-03-14T05:47:11.013+0000][1287][gc,heap     ] GC(33) Eden regions: 284->0(284)
[2025-03-14T05:47:11.013+0000][1287][gc,heap     ] GC(33) Survivor regions: 8->8(37)
[2025-03-14T05:47:11.013+0000][1287][gc,heap     ] GC(33) Old regions: 18->18
[2025-03-14T05:47:11.013+0000][1287][gc,heap     ] GC(33) Humongous regions: 5->5
[2025-03-14T05:47:11.013+0000][1287][gc,metaspace] GC(33) Metaspace: 123065K(126272K)->123065K(126272K) NonClass: 106449K(108224K)->106449K(108224K) Class: 16616K(18048K)->16616K(18048K)
[2025-03-14T05:47:11.013+0000][1287][gc          ] GC(33) Pause Young (Normal) (G1 Evacuation Pause) 1255M->119M(1952M) 78.714ms
[2025-03-14T05:47:11.013+0000][1287][gc,cpu      ] GC(33) User=0.07s Sys=0.00s Real=0.08s
[2025-03-14T05:47:11.015+0000][1287][safepoint   ] Safepoint "G1CollectForAllocation", Time since last: 4937182502 ns, Reaching safepoint: 4044 ns, Cleanup: 1918 ns, At safepoint: 80510083 ns, Total: 80516045 ns
[2025-03-14T05:47:13.016+0000][1287][safepoint   ] Safepoint "Cleanup", Time since last: 2001004802 ns, Reaching safepoint: 7212 ns, Cleanup: 10296 ns, At safepoint: 5336 ns, Total: 22844 ns
[2025-03-14T05:47:14.016+0000][1287][safepoint   ] Safepoint "Cleanup", Time since last: 1000085747 ns, Reaching safepoint: 5877 ns, Cleanup: 7837 ns, At safepoint: 4753 ns, Total: 18467 ns
[2025-03-14T05:47:17.016+0000][1287][safepoint   ] Safepoint "Cleanup", Time since last: 3000210221 ns, Reaching safepoint: 7706 ns, Cleanup: 13078 ns, At safepoint: 5124 ns, Total: 25908 ns
[2025-03-14T05:47:18.016+0000][1287][safepoint   ] Safepoint "Cleanup", Time since last: 1000076333 ns, Reaching safepoint: 9246 ns, Cleanup: 11080 ns, At safepoint: 5665 ns, Total: 25991 ns
[2025-03-14T05:47:23.017+0000][1287][safepoint   ] Safepoint "Cleanup", Time since last: 5000532017 ns, Reaching safepoint: 39986 ns, Cleanup: 26200 ns, At safepoint: 9538 ns, Total: 75724 ns
[2025-03-14T05:47:24.017+0000][1287][safepoint   ] Safepoint "Cleanup", Time since last: 1000242796 ns, Reaching safepoint: 156239 ns, Cleanup: 66019 ns, At safepoint: 17036 ns, Total: 239294 ns
[2025-03-14T05:47:26.047+0000][1287][safepoint   ] Safepoint "Cleanup", Time since last: 2030136920 ns, Reaching safepoint: 9705 ns, Cleanup: 9788 ns, At safepoint: 8789 ns, Total: 28282 ns
[2025-03-14T05:47:38.053+0000][1287][safepoint   ] Safepoint "Cleanup", Time since last: 12005085166 ns, Reaching safepoint: 80390 ns, Cleanup: 26699 ns, At safepoint: 17786 ns, Total: 124875 ns
[2025-03-14T05:47:39.053+0000][1287][safepoint   ] Safepoint "Cleanup", Time since last: 1000104423 ns, Reaching safepoint: 76807 ns, Cleanup: 24575 ns, At safepoint: 7247 ns, Total: 108629 ns
[2025-03-14T05:47:41.053+0000][1287][safepoint   ] Safepoint "Cleanup", Time since last: 2000369913 ns, Reaching safepoint: 8747 ns, Cleanup: 5706 ns, At safepoint: 5457 ns, Total: 19910 ns
[2025-03-14T05:47:42.054+0000][1287][safepoint   ] Safepoint "Cleanup", Time since last: 1000125579 ns, Reaching safepoint: 92844 ns, Cleanup: 45942 ns, At safepoint: 9039 ns, Total: 147825 ns
[2025-03-14T05:47:44.054+0000][1287][safepoint   ] Safepoint "Cleanup", Time since last: 2000408979 ns, Reaching safepoint: 8080 ns, Cleanup: 11121 ns, At safepoint: 7415 ns, Total: 26616 ns
[2025-03-14T05:47:47.057+0000][1287][safepoint   ] Safepoint "Cleanup", Time since last: 3002783457 ns, Reaching safepoint: 21618 ns, Cleanup: 33697 ns, At safepoint: 9955 ns, Total: 65270 ns
[2025-03-14T05:47:48.058+0000][1287][safepoint   ] Safepoint "Cleanup", Time since last: 1000784312 ns, Reaching safepoint: 10329 ns, Cleanup: 17536 ns, At safepoint: 13079 ns, Total: 40944 ns
[2025-03-14T05:47:50.059+0000][1287][safepoint   ] Safepoint "Cleanup", Time since last: 2001080207 ns, Reaching safepoint: 9371 ns, Cleanup: 8706 ns, At safepoint: 4290 ns, Total: 22367 ns
[2025-03-14T05:47:51.060+0000][1287][safepoint   ] Safepoint "Cleanup", Time since last: 1001217873 ns, Reaching safepoint: 8664 ns, Cleanup: 12245 ns, At safepoint: 6623 ns, Total: 27532 ns
[2025-03-14T05:48:00.062+0000][1287][safepoint   ] Safepoint "Cleanup", Time since last: 9001539349 ns, Reaching safepoint: 102465 ns, Cleanup: 30406 ns, At safepoint: 10039 ns, Total: 142910 ns
[2025-03-14T05:48:05.063+0000][1287][safepoint   ] Safepoint "Cleanup", Time since last: 5001371050 ns, Reaching safepoint: 13621 ns, Cleanup: 21825 ns, At safepoint: 10872 ns, Total: 46318 ns
[2025-03-14T05:48:11.066+0000][1287][safepoint   ] Safepoint "Cleanup", Time since last: 6003362327 ns, Reaching safepoint: 5414 ns, Cleanup: 11996 ns, At safepoint: 4332 ns, Total: 21742 ns
[2025-03-14T05:48:14.067+0000][1287][safepoint   ] Safepoint "Cleanup", Time since last: 3000217411 ns, Reaching safepoint: 13787 ns, Cleanup: 16328 ns, At safepoint: 6581 ns, Total: 36696 ns
[2025-03-14T05:48:23.069+0000][1287][safepoint   ] Safepoint "Cleanup", Time since last: 9002617316 ns, Reaching safepoint: 56981 ns, Cleanup: 11746 ns, At safepoint: 13454 ns, Total: 82181 ns
[2025-03-14T05:48:27.117+0000][1287][safepoint   ] Safepoint "Cleanup", Time since last: 4047320537 ns, Reaching safepoint: 25658 ns, Cleanup: 13537 ns, At safepoint: 13537 ns, Total: 52732 ns
[2025-03-14T05:48:36.119+0000][1287][safepoint   ] Safepoint "Cleanup", Time since last: 9001991111 ns, Reaching safepoint: 7456 ns, Cleanup: 9705 ns, At safepoint: 3790 ns, Total: 20951 ns
[2025-03-14T05:48:44.121+0000][1287][safepoint   ] Safepoint "Cleanup", Time since last: 8002350261 ns, Reaching safepoint: 11788 ns, Cleanup: 11162 ns, At safepoint: 5957 ns, Total: 28907 ns
[2025-03-14T05:48:47.122+0000][1287][safepoint   ] Safepoint "Cleanup", Time since last: 3000592642 ns, Reaching safepoint: 6248 ns, Cleanup: 16911 ns, At safepoint: 4831 ns, Total: 27990 ns
[2025-03-14T05:48:50.122+0000][1287][safepoint   ] Safepoint "Cleanup", Time since last: 3000486509 ns, Reaching safepoint: 6165 ns, Cleanup: 9871 ns, At safepoint: 5498 ns, Total: 21534 ns
[2025-03-14T05:48:59.125+0000][1287][safepoint   ] Safepoint "Cleanup", Time since last: 9002709140 ns, Reaching safepoint: 39778 ns, Cleanup: 14579 ns, At safepoint: 7539 ns, Total: 61896 ns
[2025-03-14T05:49:00.126+0000][1287][safepoint   ] Safepoint "Cleanup", Time since last: 1000719202 ns, Reaching safepoint: 49067 ns, Cleanup: 29532 ns, At safepoint: 28282 ns, Total: 106881 ns
[2025-03-14T05:49:01.127+0000][1287][safepoint   ] Safepoint "Cleanup", Time since last: 1001163760 ns, Reaching safepoint: 55939 ns, Cleanup: 68310 ns, At safepoint: 29115 ns, Total: 153364 ns
[2025-03-14T05:49:17.132+0000][1287][safepoint   ] Safepoint "Cleanup", Time since last: 16005033474 ns, Reaching safepoint: 26449 ns, Cleanup: 14912 ns, At safepoint: 10830 ns, Total: 52191 ns
[2025-03-14T05:49:23.136+0000][1287][safepoint   ] Safepoint "Cleanup", Time since last: 6003514507 ns, Reaching safepoint: 21951 ns, Cleanup: 15037 ns, At safepoint: 7581 ns, Total: 44569 ns
[2025-03-14T05:49:29.177+0000][1287][safepoint   ] Safepoint "Cleanup", Time since last: 6040971242 ns, Reaching safepoint: 16994 ns, Cleanup: 10788 ns, At safepoint: 6290 ns, Total: 34072 ns
[2025-03-14T05:49:47.183+0000][1287][safepoint   ] Safepoint "Cleanup", Time since last: 18005898021 ns, Reaching safepoint: 65436 ns, Cleanup: 26616 ns, At safepoint: 12538 ns, Total: 104590 ns
[2025-03-14T05:49:50.183+0000][1287][safepoint   ] Safepoint "Cleanup", Time since last: 3000265339 ns, Reaching safepoint: 7831 ns, Cleanup: 13662 ns, At safepoint: 5040 ns, Total: 26533 ns
[2025-03-14T05:49:53.183+0000][1287][safepoint   ] Safepoint "Cleanup", Time since last: 3000222103 ns, Reaching safepoint: 13370 ns, Cleanup: 9330 ns, At safepoint: 5415 ns, Total: 28115 ns
[2025-03-14T05:49:59.186+0000][1287][safepoint   ] Safepoint "Cleanup", Time since last: 6002582524 ns, Reaching safepoint: 6623 ns, Cleanup: 9955 ns, At safepoint: 3165 ns, Total: 19743 ns
[2025-03-14T05:50:05.187+0000][1287][safepoint   ] Safepoint "Cleanup", Time since last: 6000624184 ns, Reaching safepoint: 9080 ns, Cleanup: 20160 ns, At safepoint: 24658 ns, Total: 53898 ns
[2025-03-14T05:50:07.187+0000][1287][safepoint   ] Safepoint "Cleanup", Time since last: 2000152039 ns, Reaching safepoint: 13870 ns, Cleanup: 16994 ns, At safepoint: 4540 ns, Total: 35404 ns
[2025-03-14T05:50:12.189+0000][1287][safepoint   ] Safepoint "Cleanup", Time since last: 5001528292 ns, Reaching safepoint: 69560 ns, Cleanup: 47151 ns, At safepoint: 14787 ns, Total: 131498 ns
[2025-03-14T05:50:14.190+0000][1287][safepoint   ] Safepoint "Cleanup", Time since last: 2001105925 ns, Reaching safepoint: 77265 ns, Cleanup: 26325 ns, At safepoint: 20409 ns, Total: 123999 ns
[2025-03-14T05:50:17.192+0000][1287][safepoint   ] Safepoint "Cleanup", Time since last: 3001669099 ns, Reaching safepoint: 34134 ns, Cleanup: 30466 ns, At safepoint: 10128 ns, Total: 74728 ns
[2025-03-14T05:50:30.231+0000][1287][safepoint   ] Safepoint "Cleanup", Time since last: 13039930365 ns, Reaching safepoint: 6710 ns, Cleanup: 11170 ns, At safepoint: 4376 ns, Total: 22256 ns
[2025-03-14T05:50:32.233+0000][1287][safepoint   ] Safepoint "Cleanup", Time since last: 2001151231 ns, Reaching safepoint: 73645 ns, Cleanup: 77061 ns, At safepoint: 23132 ns, Total: 173838 ns
[2025-03-14T05:50:35.235+0000][1287][safepoint   ] Safepoint "Cleanup", Time since last: 3001942903 ns, Reaching safepoint: 7669 ns, Cleanup: 13795 ns, At safepoint: 6377 ns, Total: 27841 ns
[2025-03-14T05:50:38.235+0000][1287][safepoint   ] Safepoint "Cleanup", Time since last: 3000537284 ns, Reaching safepoint: 7127 ns, Cleanup: 9878 ns, At safepoint: 3959 ns, Total: 20964 ns
[2025-03-14T05:50:41.236+0000][1287][safepoint   ] Safepoint "Cleanup", Time since last: 3000217117 ns, Reaching safepoint: 6835 ns, Cleanup: 14212 ns, At safepoint: 3334 ns, Total: 24381 ns
[2025-03-14T05:50:42.236+0000][1287][safepoint   ] Safepoint "Cleanup", Time since last: 1000095282 ns, Reaching safepoint: 7460 ns, Cleanup: 9419 ns, At safepoint: 4876 ns, Total: 21755 ns
[2025-03-14T05:50:43.236+0000][1287][safepoint   ] Safepoint "Cleanup", Time since last: 1000092364 ns, Reaching safepoint: 7127 ns, Cleanup: 10711 ns, At safepoint: 5085 ns, Total: 22923 ns
[2025-03-14T05:50:44.236+0000][1287][safepoint   ] Safepoint "Cleanup", Time since last: 1000630505 ns, Reaching safepoint: 6751 ns, Cleanup: 15755 ns, At safepoint: 5543 ns, Total: 28049 ns
[2025-03-14T05:50:47.238+0000][1287][safepoint   ] Safepoint "Cleanup", Time since last: 3001134441 ns, Reaching safepoint: 6752 ns, Cleanup: 24256 ns, At safepoint: 4710 ns, Total: 35718 ns
[2025-03-14T05:50:48.238+0000][1287][safepoint   ] Safepoint "Cleanup", Time since last: 1000088321 ns, Reaching safepoint: 6918 ns, Cleanup: 9669 ns, At safepoint: 5168 ns, Total: 21755 ns
[2025-03-14T05:50:50.239+0000][1287][safepoint   ] Safepoint "Cleanup", Time since last: 2001332696 ns, Reaching safepoint: 42261 ns, Cleanup: 38552 ns, At safepoint: 22881 ns, Total: 103694 ns
[2025-03-14T05:50:59.242+0000][1287][safepoint   ] Safepoint "Cleanup", Time since last: 9003014555 ns, Reaching safepoint: 25715 ns, Cleanup: 30175 ns, At safepoint: 6251 ns, Total: 62141 ns
[2025-03-14T05:51:01.242+0000][1287][safepoint   ] Safepoint "Cleanup", Time since last: 2000170099 ns, Reaching safepoint: 10044 ns, Cleanup: 12545 ns, At safepoint: 6418 ns, Total: 29007 ns
[2025-03-14T05:51:02.243+0000][1287][safepoint   ] Safepoint "Cleanup", Time since last: 1000141377 ns, Reaching safepoint: 13170 ns, Cleanup: 13712 ns, At safepoint: 3918 ns, Total: 30800 ns
[2025-03-14T05:51:05.243+0000][1287][safepoint   ] Safepoint "Cleanup", Time since last: 3000211407 ns, Reaching safepoint: 7585 ns, Cleanup: 14212 ns, At safepoint: 7669 ns, Total: 29466 ns
[2025-03-14T05:51:13.246+0000][1287][safepoint   ] Safepoint "Cleanup", Time since last: 8002655079 ns, Reaching safepoint: 33426 ns, Cleanup: 43178 ns, At safepoint: 12753 ns, Total: 89357 ns
[2025-03-14T05:51:14.247+0000][1287][safepoint   ] Safepoint "Cleanup", Time since last: 1001114716 ns, Reaching safepoint: 8294 ns, Cleanup: 11586 ns, At safepoint: 4209 ns, Total: 24089 ns
[2025-03-14T05:51:15.247+0000][1287][safepoint   ] Safepoint "Cleanup", Time since last: 1000087835 ns, Reaching safepoint: 8922 ns, Cleanup: 15717 ns, At safepoint: 4461 ns, Total: 29100 ns
[2025-03-14T05:51:18.247+0000][1287][safepoint   ] Safepoint "Cleanup", Time since last: 3000208768 ns, Reaching safepoint: 10506 ns, Cleanup: 11047 ns, At safepoint: 5879 ns, Total: 27432 ns
[2025-03-14T05:51:20.247+0000][1287][safepoint   ] Safepoint "Cleanup", Time since last: 2000148183 ns, Reaching safepoint: 7171 ns, Cleanup: 12882 ns, At safepoint: 4128 ns, Total: 24181 ns
[2025-03-14T05:51:21.247+0000][1287][safepoint   ] Safepoint "Cleanup", Time since last: 1000088975 ns, Reaching safepoint: 33894 ns, Cleanup: 15425 ns, At safepoint: 7755 ns, Total: 57074 ns
[2025-03-14T05:51:23.248+0000][1287][safepoint   ] Safepoint "Cleanup", Time since last: 2000157605 ns, Reaching safepoint: 10214 ns, Cleanup: 15467 ns, At safepoint: 4419 ns, Total: 30100 ns
[2025-03-14T05:51:24.248+0000][1287][safepoint   ] Safepoint "Cleanup", Time since last: 1000089809 ns, Reaching safepoint: 14759 ns, Cleanup: 12590 ns, At safepoint: 3460 ns, Total: 30809 ns
[2025-03-14T05:51:25.248+0000][1287][safepoint   ] Safepoint "Cleanup", Time since last: 1000109362 ns, Reaching safepoint: 6671 ns, Cleanup: 10255 ns, At safepoint: 3294 ns, Total: 20220 ns
[2025-03-14T05:51:26.282+0000][1287][safepoint   ] Safepoint "Cleanup", Time since last: 1034263826 ns, Reaching safepoint: 79253 ns, Cleanup: 47402 ns, At safepoint: 14633 ns, Total: 141288 ns
[2025-03-14T05:51:29.014+0000][1287][gc,start    ] GC(34) Pause Young (Normal) (G1 Evacuation Pause)
[2025-03-14T05:51:29.014+0000][1287][gc,task     ] GC(34) Using 1 workers of 1 for evacuation
[2025-03-14T05:51:29.014+0000][1287][gc,age      ] GC(34) Desired survivor size 77594624 bytes, new threshold 15 (max threshold 15)
[2025-03-14T05:51:29.100+0000][1287][gc,phases   ] GC(34)   Pre Evacuate Collection Set: 0.51ms
[2025-03-14T05:51:29.101+0000][1287][gc,phases   ] GC(34)   Merge Heap Roots: 0.22ms
[2025-03-14T05:51:29.101+0000][1287][gc,phases   ] GC(34)   Evacuate Collection Set: 81.77ms
[2025-03-14T05:51:29.101+0000][1287][gc,phases   ] GC(34)   Post Evacuate Collection Set: 4.03ms
[2025-03-14T05:51:29.101+0000][1287][gc,phases   ] GC(34)   Other: 0.14ms
[2025-03-14T05:51:29.101+0000][1287][gc,age      ] GC(34) Age table with threshold 15 (max threshold 15)
[2025-03-14T05:51:29.101+0000][1287][gc,age      ] GC(34) - age   1:    1004928 bytes,    1004928 total
[2025-03-14T05:51:29.101+0000][1287][gc,age      ] GC(34) - age   2:     144256 bytes,    1149184 total
[2025-03-14T05:51:29.101+0000][1287][gc,age      ] GC(34) - age   3:      10848 bytes,    1160032 total
[2025-03-14T05:51:29.101+0000][1287][gc,age      ] GC(34) - age   4:    1123720 bytes,    2283752 total
[2025-03-14T05:51:29.101+0000][1287][gc,age      ] GC(34) - age   5:    1139440 bytes,    3423192 total
[2025-03-14T05:51:29.101+0000][1287][gc,age      ] GC(34) - age   6:    1670616 bytes,    5093808 total
[2025-03-14T05:51:29.101+0000][1287][gc,age      ] GC(34) - age   7:    1276480 bytes,    6370288 total
[2025-03-14T05:51:29.101+0000][1287][gc,age      ] GC(34) - age   8:    3599152 bytes,    9969440 total
[2025-03-14T05:51:29.101+0000][1287][gc,age      ] GC(34) - age   9:       9504 bytes,    9978944 total
[2025-03-14T05:51:29.101+0000][1287][gc,age      ] GC(34) - age  10:    2488296 bytes,   12467240 total
[2025-03-14T05:51:29.101+0000][1287][gc,age      ] GC(34) - age  11:      42496 bytes,   12509736 total
[2025-03-14T05:51:29.101+0000][1287][gc,age      ] GC(34) - age  12:    7867168 bytes,   20376904 total
[2025-03-14T05:51:29.101+0000][1287][gc,age      ] GC(34) - age  13:    1763016 bytes,   22139920 total
[2025-03-14T05:51:29.101+0000][1287][gc,age      ] GC(34) - age  14:    7321712 bytes,   29461632 total
[2025-03-14T05:51:29.101+0000][1287][gc,heap     ] GC(34) Eden regions: 284->0(284)
[2025-03-14T05:51:29.101+0000][1287][gc,heap     ] GC(34) Survivor regions: 8->8(37)
[2025-03-14T05:51:29.101+0000][1287][gc,heap     ] GC(34) Old regions: 18->18
[2025-03-14T05:51:29.101+0000][1287][gc,heap     ] GC(34) Humongous regions: 5->5
[2025-03-14T05:51:29.101+0000][1287][gc,metaspace] GC(34) Metaspace: 123179K(126336K)->123179K(126336K) NonClass: 106562K(108288K)->106562K(108288K) Class: 16617K(18048K)->16617K(18048K)
[2025-03-14T05:51:29.101+0000][1287][gc          ] GC(34) Pause Young (Normal) (G1 Evacuation Pause) 1255M->119M(1952M) 86.922ms
[2025-03-14T05:51:29.101+0000][1287][gc,cpu      ] GC(34) User=0.09s Sys=0.00s Real=0.09s
[2025-03-14T05:51:29.101+0000][1287][safepoint   ] Safepoint "G1CollectForAllocation", Time since last: 2731335919 ns, Reaching safepoint: 8547 ns, Cleanup: 3251 ns, At safepoint: 87053935 ns, Total: 87065733 ns
[2025-03-14T05:51:31.101+0000][1287][safepoint   ] Safepoint "Cleanup", Time since last: 2000121668 ns, Reaching safepoint: 13550 ns, Cleanup: 16134 ns, At safepoint: 5961 ns, Total: 35645 ns
[2025-03-14T05:51:39.104+0000][1287][safepoint   ] Safepoint "Cleanup", Time since last: 8002953896 ns, Reaching safepoint: 8047 ns, Cleanup: 13674 ns, At safepoint: 4794 ns, Total: 26515 ns
[2025-03-14T05:51:43.104+0000][1287][safepoint   ] Safepoint "Cleanup", Time since last: 4000272021 ns, Reaching safepoint: 6253 ns, Cleanup: 8755 ns, At safepoint: 27557 ns, Total: 42565 ns
[2025-03-14T05:51:44.104+0000][1287][safepoint   ] Safepoint "Cleanup", Time since last: 1000086099 ns, Reaching safepoint: 7129 ns, Cleanup: 12090 ns, At safepoint: 3210 ns, Total: 22429 ns
[2025-03-14T05:51:47.106+0000][1287][safepoint   ] Safepoint "Cleanup", Time since last: 3001437876 ns, Reaching safepoint: 10006 ns, Cleanup: 35478 ns, At safepoint: 8671 ns, Total: 54155 ns
[2025-03-14T05:51:59.108+0000][1287][safepoint   ] Safepoint "Cleanup", Time since last: 12002060261 ns, Reaching safepoint: 6087 ns, Cleanup: 10047 ns, At safepoint: 6045 ns, Total: 22179 ns
[2025-03-14T05:52:01.109+0000][1287][safepoint   ] Safepoint "Cleanup", Time since last: 2000987406 ns, Reaching safepoint: 35562 ns, Cleanup: 47651 ns, At safepoint: 6546 ns, Total: 89759 ns
[2025-03-14T05:52:02.110+0000][1287][safepoint   ] Safepoint "Cleanup", Time since last: 1000957088 ns, Reaching safepoint: 10381 ns, Cleanup: 10756 ns, At safepoint: 9881 ns, Total: 31018 ns
[2025-03-14T05:52:03.110+0000][1287][safepoint   ] Safepoint "Cleanup", Time since last: 1000411865 ns, Reaching safepoint: 50904 ns, Cleanup: 40731 ns, At safepoint: 23638 ns, Total: 115273 ns
[2025-03-14T05:52:05.112+0000][1287][safepoint   ] Safepoint "Cleanup", Time since last: 2001326472 ns, Reaching safepoint: 19552 ns, Cleanup: 11590 ns, At safepoint: 7046 ns, Total: 38188 ns
[2025-03-14T05:52:17.114+0000][1287][safepoint   ] Safepoint "Cleanup", Time since last: 12002096549 ns, Reaching safepoint: 75569 ns, Cleanup: 22342 ns, At safepoint: 10045 ns, Total: 107956 ns
[2025-03-14T05:52:18.114+0000][1287][safepoint   ] Safepoint "Cleanup", Time since last: 1000141495 ns, Reaching safepoint: 7461 ns, Cleanup: 10254 ns, At safepoint: 5543 ns, Total: 23258 ns
[2025-03-14T05:52:21.115+0000][1287][safepoint   ] Safepoint "Cleanup", Time since last: 3000541944 ns, Reaching safepoint: 16423 ns, Cleanup: 35429 ns, At safepoint: 7795 ns, Total: 59647 ns
[2025-03-14T05:52:23.116+0000][1287][safepoint   ] Safepoint "Cleanup", Time since last: 2000915260 ns, Reaching safepoint: 22217 ns, Cleanup: 17506 ns, At safepoint: 12505 ns, Total: 52228 ns
[2025-03-14T05:52:26.347+0000][1287][safepoint   ] Safepoint "Cleanup", Time since last: 3231399318 ns, Reaching safepoint: 7544 ns, Cleanup: 10546 ns, At safepoint: 3251 ns, Total: 21341 ns
[2025-03-14T05:52:29.347+0000][1287][safepoint   ] Safepoint "Cleanup", Time since last: 3000208364 ns, Reaching safepoint: 12088 ns, Cleanup: 13047 ns, At safepoint: 4668 ns, Total: 29803 ns
[2025-03-14T05:52:35.348+0000][1287][safepoint   ] Safepoint "Cleanup", Time since last: 6000420939 ns, Reaching safepoint: 17089 ns, Cleanup: 14005 ns, At safepoint: 5836 ns, Total: 36930 ns
[2025-03-14T05:52:41.350+0000][1287][safepoint   ] Safepoint "Cleanup", Time since last: 6002173157 ns, Reaching safepoint: 51352 ns, Cleanup: 75194 ns, At safepoint: 17757 ns, Total: 144303 ns
[2025-03-14T05:52:47.353+0000][1287][safepoint   ] Safepoint "Cleanup", Time since last: 6003245588 ns, Reaching safepoint: 26176 ns, Cleanup: 18298 ns, At safepoint: 7461 ns, Total: 51935 ns
[2025-03-14T05:52:59.356+0000][1287][safepoint   ] Safepoint "Cleanup", Time since last: 12002721976 ns, Reaching safepoint: 47351 ns, Cleanup: 72068 ns, At safepoint: 21966 ns, Total: 141385 ns
[2025-03-14T05:53:01.357+0000][1287][safepoint   ] Safepoint "Cleanup", Time since last: 2000641620 ns, Reaching safepoint: 95534 ns, Cleanup: 89700 ns, At safepoint: 18173 ns, Total: 203407 ns
[2025-03-14T05:53:02.358+0000][1287][safepoint   ] Safepoint "Cleanup", Time since last: 1001018938 ns, Reaching safepoint: 44308 ns, Cleanup: 39514 ns, At safepoint: 12796 ns, Total: 96618 ns
[2025-03-14T05:53:05.360+0000][1287][safepoint   ] Safepoint "Cleanup", Time since last: 3001703574 ns, Reaching safepoint: 7086 ns, Cleanup: 10670 ns, At safepoint: 3752 ns, Total: 21508 ns
[2025-03-14T05:53:15.361+0000][1287][safepoint   ] Safepoint "Cleanup", Time since last: 10000642811 ns, Reaching safepoint: 13043 ns, Cleanup: 14044 ns, At safepoint: 6418 ns, Total: 33505 ns
[2025-03-14T05:53:17.361+0000][1287][safepoint   ] Safepoint "Cleanup", Time since last: 2000625199 ns, Reaching safepoint: 69845 ns, Cleanup: 57634 ns, At safepoint: 16836 ns, Total: 144315 ns
[2025-03-14T05:53:23.363+0000][1287][safepoint   ] Safepoint "Cleanup", Time since last: 6001452612 ns, Reaching safepoint: 18628 ns, Cleanup: 20378 ns, At safepoint: 4584 ns, Total: 43590 ns
[2025-03-14T05:53:35.404+0000][1287][safepoint   ] Safepoint "Cleanup", Time since last: 12041190585 ns, Reaching safepoint: 44257 ns, Cleanup: 59343 ns, At safepoint: 19253 ns, Total: 122853 ns
[2025-03-14T05:53:38.406+0000][1287][safepoint   ] Safepoint "Cleanup", Time since last: 3001350782 ns, Reaching safepoint: 11669 ns, Cleanup: 23254 ns, At safepoint: 7584 ns, Total: 42507 ns
[2025-03-14T05:53:43.407+0000][1287][safepoint   ] Safepoint "Cleanup", Time since last: 5001501530 ns, Reaching safepoint: 6834 ns, Cleanup: 8960 ns, At safepoint: 4626 ns, Total: 20420 ns
[2025-03-14T05:53:47.407+0000][1287][safepoint   ] Safepoint "Cleanup", Time since last: 4000281115 ns, Reaching safepoint: 7334 ns, Cleanup: 15503 ns, At safepoint: 4501 ns, Total: 27338 ns
[2025-03-14T05:53:50.408+0000][1287][safepoint   ] Safepoint "Cleanup", Time since last: 3000205887 ns, Reaching safepoint: 7335 ns, Cleanup: 10668 ns, At safepoint: 5251 ns, Total: 23254 ns
[2025-03-14T05:54:02.414+0000][1287][safepoint   ] Safepoint "Cleanup", Time since last: 12006306277 ns, Reaching safepoint: 69637 ns, Cleanup: 32296 ns, At safepoint: 14211 ns, Total: 116144 ns
[2025-03-14T05:54:07.415+0000][1287][safepoint   ] Safepoint "Cleanup", Time since last: 5000386806 ns, Reaching safepoint: 16336 ns, Cleanup: 16253 ns, At safepoint: 8043 ns, Total: 40632 ns
[2025-03-14T05:54:11.416+0000][1287][safepoint   ] Safepoint "Cleanup", Time since last: 4000957475 ns, Reaching safepoint: 16753 ns, Cleanup: 18753 ns, At safepoint: 7459 ns, Total: 42965 ns
[2025-03-14T05:54:13.416+0000][1287][safepoint   ] Safepoint "Cleanup", Time since last: 2000424292 ns, Reaching safepoint: 35714 ns, Cleanup: 29296 ns, At safepoint: 21921 ns, Total: 86931 ns
[2025-03-14T05:54:15.417+0000][1287][safepoint   ] Safepoint "Cleanup", Time since last: 2000872953 ns, Reaching safepoint: 45378 ns, Cleanup: 46128 ns, At safepoint: 12667 ns, Total: 104173 ns
[2025-03-14T05:54:17.417+0000][1287][safepoint   ] Safepoint "Cleanup", Time since last: 2000260034 ns, Reaching safepoint: 8626 ns, Cleanup: 12000 ns, At safepoint: 4084 ns, Total: 24710 ns
[2025-03-14T05:54:26.452+0000][1287][safepoint   ] Safepoint "Cleanup", Time since last: 9034724867 ns, Reaching safepoint: 22418 ns, Cleanup: 18751 ns, At safepoint: 13626 ns, Total: 54795 ns
[2025-03-14T05:54:29.452+0000][1287][safepoint   ] Safepoint "Cleanup", Time since last: 3000217185 ns, Reaching safepoint: 89881 ns, Cleanup: 8375 ns, At safepoint: 10668 ns, Total: 108924 ns
[2025-03-14T05:54:30.453+0000][1287][safepoint   ] Safepoint "Cleanup", Time since last: 1000524812 ns, Reaching safepoint: 122508 ns, Cleanup: 67504 ns, At safepoint: 32877 ns, Total: 222889 ns
[2025-03-14T05:54:39.458+0000][1287][safepoint   ] Safepoint "Cleanup", Time since last: 9004565012 ns, Reaching safepoint: 54378 ns, Cleanup: 18459 ns, At safepoint: 8251 ns, Total: 81088 ns
[2025-03-14T05:54:41.458+0000][1287][safepoint   ] Safepoint "Cleanup", Time since last: 2000186821 ns, Reaching safepoint: 15084 ns, Cleanup: 10042 ns, At safepoint: 5626 ns, Total: 30752 ns
[2025-03-14T05:54:47.458+0000][1287][safepoint   ] Safepoint "Cleanup", Time since last: 6000404286 ns, Reaching safepoint: 7750 ns, Cleanup: 15793 ns, At safepoint: 5125 ns, Total: 28668 ns
[2025-03-14T05:54:53.462+0000][1287][safepoint   ] Safepoint "Cleanup", Time since last: 6003274133 ns, Reaching safepoint: 18668 ns, Cleanup: 21835 ns, At safepoint: 8417 ns, Total: 48920 ns
[2025-03-14T05:55:05.464+0000][1287][safepoint   ] Safepoint "Cleanup", Time since last: 12002243120 ns, Reaching safepoint: 32586 ns, Cleanup: 13500 ns, At safepoint: 8459 ns, Total: 54545 ns
[2025-03-14T05:55:06.464+0000][1287][safepoint   ] Safepoint "Cleanup", Time since last: 1000098161 ns, Reaching safepoint: 7125 ns, Cleanup: 8834 ns, At safepoint: 5001 ns, Total: 20960 ns
[2025-03-14T05:55:08.466+0000][1287][safepoint   ] Safepoint "Cleanup", Time since last: 2001081710 ns, Reaching safepoint: 104923 ns, Cleanup: 65338 ns, At safepoint: 25251 ns, Total: 195512 ns
[2025-03-14T05:55:14.468+0000][1287][safepoint   ] Safepoint "Cleanup", Time since last: 6002609633 ns, Reaching safepoint: 7792 ns, Cleanup: 11418 ns, At safepoint: 5458 ns, Total: 24668 ns
[2025-03-14T05:55:17.468+0000][1287][safepoint   ] Safepoint "Cleanup", Time since last: 3000213436 ns, Reaching safepoint: 10292 ns, Cleanup: 19168 ns, At safepoint: 6500 ns, Total: 35960 ns
[2025-03-14T05:55:18.468+0000][1287][safepoint   ] Safepoint "Cleanup", Time since last: 1000092952 ns, Reaching safepoint: 8543 ns, Cleanup: 10584 ns, At safepoint: 5375 ns, Total: 24502 ns
[2025-03-14T05:55:35.514+0000][1287][safepoint   ] Safepoint "Cleanup", Time since last: 17045302060 ns, Reaching safepoint: 10000 ns, Cleanup: 9751 ns, At safepoint: 4667 ns, Total: 24418 ns
[2025-03-14T05:55:41.514+0000][1287][safepoint   ] Safepoint "Cleanup", Time since last: 6000406325 ns, Reaching safepoint: 7714 ns, Cleanup: 14636 ns, At safepoint: 5337 ns, Total: 27687 ns
[2025-03-14T05:55:44.516+0000][1287][safepoint   ] Safepoint "Cleanup", Time since last: 3001021788 ns, Reaching safepoint: 80309 ns, Cleanup: 142395 ns, At safepoint: 24768 ns, Total: 247472 ns
[2025-03-14T05:55:47.002+0000][1287][gc,start    ] GC(35) Pause Young (Normal) (G1 Evacuation Pause)
[2025-03-14T05:55:47.002+0000][1287][gc,task     ] GC(35) Using 1 workers of 1 for evacuation
[2025-03-14T05:55:47.002+0000][1287][gc,age      ] GC(35) Desired survivor size 77594624 bytes, new threshold 15 (max threshold 15)
[2025-03-14T05:55:47.124+0000][1287][gc,phases   ] GC(35)   Pre Evacuate Collection Set: 0.57ms
[2025-03-14T05:55:47.124+0000][1287][gc,phases   ] GC(35)   Merge Heap Roots: 0.82ms
[2025-03-14T05:55:47.124+0000][1287][gc,phases   ] GC(35)   Evacuate Collection Set: 114.40ms
[2025-03-14T05:55:47.124+0000][1287][gc,phases   ] GC(35)   Post Evacuate Collection Set: 5.61ms
[2025-03-14T05:55:47.124+0000][1287][gc,phases   ] GC(35)   Other: 0.16ms
[2025-03-14T05:55:47.124+0000][1287][gc,age      ] GC(35) Age table with threshold 15 (max threshold 15)
[2025-03-14T05:55:47.124+0000][1287][gc,age      ] GC(35) - age   1:    1074008 bytes,    1074008 total
[2025-03-14T05:55:47.124+0000][1287][gc,age      ] GC(35) - age   2:      20736 bytes,    1094744 total
[2025-03-14T05:55:47.124+0000][1287][gc,age      ] GC(35) - age   3:     143840 bytes,    1238584 total
[2025-03-14T05:55:47.124+0000][1287][gc,age      ] GC(35) - age   4:       8264 bytes,    1246848 total
[2025-03-14T05:55:47.124+0000][1287][gc,age      ] GC(35) - age   5:    1123112 bytes,    2369960 total
[2025-03-14T05:55:47.124+0000][1287][gc,age      ] GC(35) - age   6:    1139440 bytes,    3509400 total
[2025-03-14T05:55:47.124+0000][1287][gc,age      ] GC(35) - age   7:    1670616 bytes,    5180016 total
[2025-03-14T05:55:47.124+0000][1287][gc,age      ] GC(35) - age   8:    1276480 bytes,    6456496 total
[2025-03-14T05:55:47.124+0000][1287][gc,age      ] GC(35) - age   9:    3599152 bytes,   10055648 total
[2025-03-14T05:55:47.124+0000][1287][gc,age      ] GC(35) - age  10:       9504 bytes,   10065152 total
[2025-03-14T05:55:47.124+0000][1287][gc,age      ] GC(35) - age  11:    2488296 bytes,   12553448 total
[2025-03-14T05:55:47.124+0000][1287][gc,age      ] GC(35) - age  12:      42496 bytes,   12595944 total
[2025-03-14T05:55:47.124+0000][1287][gc,age      ] GC(35) - age  13:    7867064 bytes,   20463008 total
[2025-03-14T05:55:47.124+0000][1287][gc,age      ] GC(35) - age  14:    1763016 bytes,   22226024 total
[2025-03-14T05:55:47.124+0000][1287][gc,age      ] GC(35) - age  15:    7321712 bytes,   29547736 total
[2025-03-14T05:55:47.124+0000][1287][gc,heap     ] GC(35) Eden regions: 284->0(284)
[2025-03-14T05:55:47.124+0000][1287][gc,heap     ] GC(35) Survivor regions: 8->8(37)
[2025-03-14T05:55:47.124+0000][1287][gc,heap     ] GC(35) Old regions: 18->18
[2025-03-14T05:55:47.124+0000][1287][gc,heap     ] GC(35) Humongous regions: 5->5
[2025-03-14T05:55:47.124+0000][1287][gc,metaspace] GC(35) Metaspace: 123257K(126400K)->123257K(126400K) NonClass: 106637K(108352K)->106637K(108352K) Class: 16619K(18048K)->16619K(18048K)
[2025-03-14T05:55:47.124+0000][1287][gc          ] GC(35) Pause Young (Normal) (G1 Evacuation Pause) 1255M->119M(1952M) 121.786ms
[2025-03-14T05:55:47.124+0000][1287][gc,cpu      ] GC(35) User=0.12s Sys=0.00s Real=0.12s
[2025-03-14T05:55:47.124+0000][1287][safepoint   ] Safepoint "G1CollectForAllocation", Time since last: 2486397874 ns, Reaching safepoint: 103282 ns, Cleanup: 28354 ns, At safepoint: 121890958 ns, Total: 122022594 ns
[2025-03-14T05:55:50.125+0000][1287][safepoint   ] Safepoint "Cleanup", Time since last: 3000929506 ns, Reaching safepoint: 13677 ns, Cleanup: 30229 ns, At safepoint: 5921 ns, Total: 49827 ns
[2025-03-14T05:55:54.126+0000][1287][safepoint   ] Safepoint "Cleanup", Time since last: 4000876010 ns, Reaching safepoint: 28394 ns, Cleanup: 9882 ns, At safepoint: 6212 ns, Total: 44488 ns
[2025-03-14T05:56:02.127+0000][1287][safepoint   ] Safepoint "Cleanup", Time since last: 8000647176 ns, Reaching safepoint: 99398 ns, Cleanup: 26183 ns, At safepoint: 9382 ns, Total: 134963 ns
[2025-03-14T05:56:05.128+0000][1287][safepoint   ] Safepoint "Cleanup", Time since last: 3001687286 ns, Reaching safepoint: 17011 ns, Cleanup: 12049 ns, At safepoint: 8631 ns, Total: 37691 ns
[2025-03-14T05:56:09.129+0000][1287][safepoint   ] Safepoint "Cleanup", Time since last: 4000445652 ns, Reaching safepoint: 9631 ns, Cleanup: 30102 ns, At safepoint: 6087 ns, Total: 45820 ns
[2025-03-14T05:56:27.569+0000][1287][safepoint   ] Safepoint "Cleanup", Time since last: 18440234321 ns, Reaching safepoint: 54395 ns, Cleanup: 41806 ns, At safepoint: 8379 ns, Total: 104580 ns
[2025-03-14T05:56:47.575+0000][1287][safepoint   ] Safepoint "Cleanup", Time since last: 20006241330 ns, Reaching safepoint: 12795 ns, Cleanup: 13879 ns, At safepoint: 6419 ns, Total: 33093 ns
[2025-03-14T05:56:48.576+0000][1287][safepoint   ] Safepoint "Cleanup", Time since last: 1000097169 ns, Reaching safepoint: 7794 ns, Cleanup: 8878 ns, At safepoint: 4960 ns, Total: 21632 ns
[2025-03-14T05:56:50.576+0000][1287][safepoint   ] Safepoint "Cleanup", Time since last: 2000152127 ns, Reaching safepoint: 6877 ns, Cleanup: 11045 ns, At safepoint: 4710 ns, Total: 22632 ns
[2025-03-14T05:56:56.578+0000][1287][safepoint   ] Safepoint "Cleanup", Time since last: 6001353624 ns, Reaching safepoint: 733369 ns, Cleanup: 552068 ns, At safepoint: 44679 ns, Total: 1330116 ns
[2025-03-14T05:57:02.580+0000][1287][safepoint   ] Safepoint "Cleanup", Time since last: 6001796546 ns, Reaching safepoint: 30675 ns, Cleanup: 44053 ns, At safepoint: 13837 ns, Total: 88565 ns
[2025-03-14T05:57:05.583+0000][1287][safepoint   ] Safepoint "Cleanup", Time since last: 3002440985 ns, Reaching safepoint: 59682 ns, Cleanup: 21005 ns, At safepoint: 8377 ns, Total: 89064 ns
[2025-03-14T05:57:18.584+0000][1287][safepoint   ] Safepoint "Cleanup", Time since last: 13000862112 ns, Reaching safepoint: 7084 ns, Cleanup: 25500 ns, At safepoint: 6584 ns, Total: 39168 ns
[2025-03-14T05:57:26.628+0000][1287][safepoint   ] Safepoint "Cleanup", Time since last: 8044392024 ns, Reaching safepoint: 11333 ns, Cleanup: 10334 ns, At safepoint: 5625 ns, Total: 27292 ns
[2025-03-14T05:57:27.628+0000][1287][safepoint   ] Safepoint "Cleanup", Time since last: 1000109465 ns, Reaching safepoint: 57583 ns, Cleanup: 19375 ns, At safepoint: 6792 ns, Total: 83750 ns
[2025-03-14T05:57:40.668+0000][1287][safepoint   ] Safepoint "Cleanup", Time since last: 13039655875 ns, Reaching safepoint: 304451 ns, Cleanup: 73999 ns, At safepoint: 39457 ns, Total: 417907 ns
[2025-03-14T05:57:44.671+0000][1287][safepoint   ] Safepoint "Cleanup", Time since last: 4002530181 ns, Reaching safepoint: 7958 ns, Cleanup: 12666 ns, At safepoint: 4458 ns, Total: 25082 ns
[2025-03-14T05:57:47.673+0000][1287][safepoint   ] Safepoint "Cleanup", Time since last: 3001592746 ns, Reaching safepoint: 6792 ns, Cleanup: 16708 ns, At safepoint: 5124 ns, Total: 28624 ns
[2025-03-14T05:57:56.673+0000][1287][safepoint   ] Safepoint "Cleanup", Time since last: 9000647938 ns, Reaching safepoint: 14915 ns, Cleanup: 16250 ns, At safepoint: 5874 ns, Total: 37039 ns
[2025-03-14T05:58:02.675+0000][1287][safepoint   ] Safepoint "Cleanup", Time since last: 6001358979 ns, Reaching safepoint: 112993 ns, Cleanup: 24249 ns, At safepoint: 8041 ns, Total: 145283 ns
[2025-03-14T05:58:17.677+0000][1287][safepoint   ] Safepoint "Cleanup", Time since last: 15002375341 ns, Reaching safepoint: 109033 ns, Cleanup: 38122 ns, At safepoint: 10082 ns, Total: 157237 ns
[2025-03-14T05:58:23.679+0000][1287][safepoint   ] Safepoint "Cleanup", Time since last: 6001415737 ns, Reaching safepoint: 73327 ns, Cleanup: 40121 ns, At safepoint: 17165 ns, Total: 130613 ns
[2025-03-14T05:58:35.754+0000][1287][safepoint   ] Safepoint "Cleanup", Time since last: 12074639484 ns, Reaching safepoint: 64243 ns, Cleanup: 29538 ns, At safepoint: 7791 ns, Total: 101572 ns
[2025-03-14T05:58:47.768+0000][1287][safepoint   ] Safepoint "Cleanup", Time since last: 12014639231 ns, Reaching safepoint: 23955 ns, Cleanup: 32413 ns, At safepoint: 10540 ns, Total: 66908 ns
[2025-03-14T05:58:53.770+0000][1287][safepoint   ] Safepoint "Cleanup", Time since last: 6000716713 ns, Reaching safepoint: 409865 ns, Cleanup: 734908 ns, At safepoint: 61117 ns, Total: 1205890 ns
[2025-03-14T05:58:59.772+0000][1287][safepoint   ] Safepoint "Cleanup", Time since last: 6002023680 ns, Reaching safepoint: 84531 ns, Cleanup: 74032 ns, At safepoint: 34245 ns, Total: 192808 ns
[2025-03-14T05:59:01.775+0000][1287][safepoint   ] Safepoint "Cleanup", Time since last: 2002395132 ns, Reaching safepoint: 148647 ns, Cleanup: 61867 ns, At safepoint: 24288 ns, Total: 234802 ns
[2025-03-14T05:59:02.775+0000][1287][safepoint   ] Safepoint "Cleanup", Time since last: 1000322425 ns, Reaching safepoint: 17581 ns, Cleanup: 20372 ns, At safepoint: 6041 ns, Total: 43994 ns
[2025-03-14T05:59:03.776+0000][1287][safepoint   ] Safepoint "Cleanup", Time since last: 1000830257 ns, Reaching safepoint: 26788 ns, Cleanup: 18164 ns, At safepoint: 7291 ns, Total: 52243 ns
[2025-03-14T05:59:05.777+0000][1287][safepoint   ] Safepoint "Cleanup", Time since last: 2000160556 ns, Reaching safepoint: 22205 ns, Cleanup: 18831 ns, At safepoint: 4624 ns, Total: 45660 ns
[2025-03-14T05:59:08.779+0000][1287][safepoint   ] Safepoint "Cleanup", Time since last: 3002546411 ns, Reaching safepoint: 14790 ns, Cleanup: 12998 ns, At safepoint: 6332 ns, Total: 34120 ns
[2025-03-14T05:59:26.810+0000][1287][safepoint   ] Safepoint "Cleanup", Time since last: 18030863031 ns, Reaching safepoint: 31957 ns, Cleanup: 27832 ns, At safepoint: 5374 ns, Total: 65163 ns
[2025-03-14T05:59:29.810+0000][1287][safepoint   ] Safepoint "Cleanup", Time since last: 3000270194 ns, Reaching safepoint: 7750 ns, Cleanup: 11207 ns, At safepoint: 5500 ns, Total: 24457 ns
[2025-03-14T05:59:46.820+0000][1287][safepoint   ] Safepoint "Cleanup", Time since last: 17006758701 ns, Reaching safepoint: 2956372 ns, Cleanup: 199819 ns, At safepoint: 54288 ns, Total: 3210479 ns
[2025-03-14T05:59:51.557+0000][1287][gc,heap,exit] Heap
[2025-03-14T05:59:51.557+0000][1287][gc,heap,exit]  garbage-first heap   total reserved 1998848K, committed 1998848K, used 1208050K [0x0000000086000000, 0x0000000100000000)
[2025-03-14T05:59:51.557+0000][1287][gc,heap,exit]   region size 4096K, 274 young (1122304K), 8 survivors (32768K)
[2025-03-14T05:59:51.557+0000][1287][gc,heap,exit]  Metaspace       used 123509K, committed 126784K, reserved 1179648K
[2025-03-14T05:59:51.557+0000][1287][gc,heap,exit]   class space    used 16656K, committed 18112K, reserved 1048576K
