[2025-03-14T10:38:57.579+0000][9188][gc,init] CardTable entry size: 512
[2025-03-14T10:38:57.579+0000][9188][gc     ] Using G1
[2025-03-14T10:38:59.333+0000][9188][gc,init] Version: 22.0.2+9-70 (release)
[2025-03-14T10:38:59.333+0000][9188][gc,init] CPUs: 1 total, 1 available
[2025-03-14T10:38:59.333+0000][9188][gc,init] Memory: 3903M
[2025-03-14T10:38:59.333+0000][9188][gc,init] Large Page Support: Disabled
[2025-03-14T10:38:59.333+0000][9188][gc,init] NUMA Support: Disabled
[2025-03-14T10:38:59.333+0000][9188][gc,init] Compressed Oops: Enabled (32-bit)
[2025-03-14T10:38:59.333+0000][9188][gc,init] Heap Region Size: 4M
[2025-03-14T10:38:59.333+0000][9188][gc,init] Heap Min Capacity: 1952M
[2025-03-14T10:38:59.333+0000][9188][gc,init] Heap Initial Capacity: 1952M
[2025-03-14T10:38:59.333+0000][9188][gc,init] Heap Max Capacity: 1952M
[2025-03-14T10:38:59.333+0000][9188][gc,init] Pre-touch: Enabled
[2025-03-14T10:38:59.333+0000][9188][gc,init] Parallel Workers: 1
[2025-03-14T10:38:59.333+0000][9188][gc,init] Concurrent Workers: 1
[2025-03-14T10:38:59.333+0000][9188][gc,init] Concurrent Refinement Workers: 1
[2025-03-14T10:38:59.333+0000][9188][gc,init] Periodic GC: Disabled
[2025-03-14T10:38:59.358+0000][9188][gc,metaspace] CDS archive(s) mapped at: [0x00001ffc00000000-0x00001ffc00c80000-0x00001ffc00c80000), size 13107200, SharedBaseAddress: 0x00001ffc00000000, ArchiveRelocationMode: 1.
[2025-03-14T10:38:59.358+0000][9188][gc,metaspace] Compressed class space mapped at: 0x00001ffc01000000-0x00001ffc41000000, reserved size: 1073741824
[2025-03-14T10:38:59.358+0000][9188][gc,metaspace] Narrow klass base: 0x00001ffc00000000, Narrow klass shift: 0, Narrow klass range: 0x100000000
[2025-03-14T10:38:59.596+0000][9188][safepoint   ] Safepoint "ICBufferFull", Time since last: 234384985 ns, Reaching safepoint: 6084 ns, Cleanup: 48916 ns, At safepoint: 8167 ns, Total: 63167 ns
[2025-03-14T10:38:59.762+0000][9188][safepoint   ] Safepoint "ICBufferFull", Time since last: 165756607 ns, Reaching safepoint: 1542 ns, Cleanup: 57250 ns, At safepoint: 4250 ns, Total: 63042 ns
[2025-03-14T10:39:00.022+0000][9188][safepoint   ] Safepoint "ICBufferFull", Time since last: 258913780 ns, Reaching safepoint: 580913 ns, Cleanup: 63041 ns, At safepoint: 4250 ns, Total: 648204 ns
[2025-03-14T10:39:00.218+0000][9188][safepoint   ] Safepoint "ICBufferFull", Time since last: 195948074 ns, Reaching safepoint: 1375 ns, Cleanup: 48750 ns, At safepoint: 2208 ns, Total: 52333 ns
[2025-03-14T10:39:00.441+0000][9188][safepoint   ] Safepoint "ICBufferFull", Time since last: 223381642 ns, Reaching safepoint: 68875 ns, Cleanup: 46291 ns, At safepoint: 2375 ns, Total: 117541 ns
[2025-03-14T10:39:00.647+0000][9188][safepoint   ] Safepoint "ICBufferFull", Time since last: 205970924 ns, Reaching safepoint: 2000 ns, Cleanup: 58750 ns, At safepoint: 3749 ns, Total: 64499 ns
[2025-03-14T10:39:00.878+0000][9188][gc,start    ] GC(0) Pause Young (Normal) (G1 Evacuation Pause)
[2025-03-14T10:39:00.878+0000][9188][gc,task     ] GC(0) Using 1 workers of 1 for evacuation
[2025-03-14T10:39:00.878+0000][9188][gc,age      ] GC(0) Desired survivor size 6291456 bytes, new threshold 15 (max threshold 15)
[2025-03-14T10:39:00.888+0000][9188][gc,phases   ] GC(0)   Pre Evacuate Collection Set: 0.09ms
[2025-03-14T10:39:00.888+0000][9188][gc,phases   ] GC(0)   Merge Heap Roots: 0.07ms
[2025-03-14T10:39:00.888+0000][9188][gc,phases   ] GC(0)   Evacuate Collection Set: 9.83ms
[2025-03-14T10:39:00.888+0000][9188][gc,phases   ] GC(0)   Post Evacuate Collection Set: 0.31ms
[2025-03-14T10:39:00.888+0000][9188][gc,phases   ] GC(0)   Other: 0.09ms
[2025-03-14T10:39:00.888+0000][9188][gc,age      ] GC(0) Age table with threshold 15 (max threshold 15)
[2025-03-14T10:39:00.888+0000][9188][gc,age      ] GC(0) - age   1:    8229168 bytes,    8229168 total
[2025-03-14T10:39:00.888+0000][9188][gc,heap     ] GC(0) Eden regions: 24->0(22)
[2025-03-14T10:39:00.888+0000][9188][gc,heap     ] GC(0) Survivor regions: 0->2(3)
[2025-03-14T10:39:00.888+0000][9188][gc,heap     ] GC(0) Old regions: 1->1
[2025-03-14T10:39:00.888+0000][9188][gc,heap     ] GC(0) Humongous regions: 0->0
[2025-03-14T10:39:00.888+0000][9188][gc,metaspace] GC(0) Metaspace: 16119K(16448K)->16119K(16448K) NonClass: 14226K(14400K)->14226K(14400K) Class: 1893K(2048K)->1893K(2048K)
[2025-03-14T10:39:00.888+0000][9188][gc          ] GC(0) Pause Young (Normal) (G1 Evacuation Pause) 97M->9M(1952M) 10.536ms
[2025-03-14T10:39:00.888+0000][9188][gc,cpu      ] GC(0) User=0.01s Sys=0.01s Real=0.01s
[2025-03-14T10:39:00.888+0000][9188][safepoint   ] Safepoint "G1CollectForAllocation", Time since last: 230248263 ns, Reaching safepoint: 1834 ns, Cleanup: 47291 ns, At safepoint: 10581638 ns, Total: 10630763 ns
[2025-03-14T10:39:01.187+0000][9188][safepoint   ] Safepoint "ICBufferFull", Time since last: 298901807 ns, Reaching safepoint: 1958 ns, Cleanup: 64292 ns, At safepoint: 4416 ns, Total: 70666 ns
[2025-03-14T10:39:01.236+0000][9188][gc,start    ] GC(1) Pause Young (Normal) (G1 Evacuation Pause)
[2025-03-14T10:39:01.236+0000][9188][gc,task     ] GC(1) Using 1 workers of 1 for evacuation
[2025-03-14T10:39:01.236+0000][9188][gc,age      ] GC(1) Desired survivor size 6291456 bytes, new threshold 1 (max threshold 15)
[2025-03-14T10:39:01.254+0000][9188][gc,phases   ] GC(1)   Pre Evacuate Collection Set: 0.08ms
[2025-03-14T10:39:01.254+0000][9188][gc,phases   ] GC(1)   Merge Heap Roots: 0.01ms
[2025-03-14T10:39:01.254+0000][9188][gc,phases   ] GC(1)   Evacuate Collection Set: 17.30ms
[2025-03-14T10:39:01.254+0000][9188][gc,phases   ] GC(1)   Post Evacuate Collection Set: 0.35ms
[2025-03-14T10:39:01.254+0000][9188][gc,phases   ] GC(1)   Other: 0.05ms
[2025-03-14T10:39:01.254+0000][9188][gc,age      ] GC(1) Age table with threshold 1 (max threshold 15)
[2025-03-14T10:39:01.254+0000][9188][gc,age      ] GC(1) - age   1:    3861168 bytes,    3861168 total
[2025-03-14T10:39:01.254+0000][9188][gc,heap     ] GC(1) Eden regions: 22->0(23)
[2025-03-14T10:39:01.254+0000][9188][gc,heap     ] GC(1) Survivor regions: 2->1(3)
[2025-03-14T10:39:01.254+0000][9188][gc,heap     ] GC(1) Old regions: 1->3
[2025-03-14T10:39:01.254+0000][9188][gc,heap     ] GC(1) Humongous regions: 0->0
[2025-03-14T10:39:01.254+0000][9188][gc,metaspace] GC(1) Metaspace: 18195K(18560K)->18195K(18560K) NonClass: 16053K(16256K)->16053K(16256K) Class: 2142K(2304K)->2142K(2304K)
[2025-03-14T10:39:01.254+0000][9188][gc          ] GC(1) Pause Young (Normal) (G1 Evacuation Pause) 97M->12M(1952M) 17.897ms
[2025-03-14T10:39:01.254+0000][9188][gc,cpu      ] GC(1) User=0.02s Sys=0.00s Real=0.02s
[2025-03-14T10:39:01.254+0000][9188][safepoint   ] Safepoint "G1CollectForAllocation", Time since last: 48932217 ns, Reaching safepoint: 2250 ns, Cleanup: 22541 ns, At safepoint: 17928381 ns, Total: 17953172 ns
[2025-03-14T10:39:01.419+0000][9188][safepoint   ] Safepoint "ICBufferFull", Time since last: 165448777 ns, Reaching safepoint: 1791 ns, Cleanup: 58500 ns, At safepoint: 3042 ns, Total: 63333 ns
[2025-03-14T10:39:01.483+0000][9188][gc,start    ] GC(2) Pause Young (Normal) (G1 Evacuation Pause)
[2025-03-14T10:39:01.483+0000][9188][gc,task     ] GC(2) Using 1 workers of 1 for evacuation
[2025-03-14T10:39:01.483+0000][9188][gc,age      ] GC(2) Desired survivor size 6291456 bytes, new threshold 15 (max threshold 15)
[2025-03-14T10:39:01.488+0000][9188][gc,phases   ] GC(2)   Pre Evacuate Collection Set: 0.07ms
[2025-03-14T10:39:01.488+0000][9188][gc,phases   ] GC(2)   Merge Heap Roots: 0.01ms
[2025-03-14T10:39:01.488+0000][9188][gc,phases   ] GC(2)   Evacuate Collection Set: 4.87ms
[2025-03-14T10:39:01.488+0000][9188][gc,phases   ] GC(2)   Post Evacuate Collection Set: 0.14ms
[2025-03-14T10:39:01.488+0000][9188][gc,phases   ] GC(2)   Other: 0.04ms
[2025-03-14T10:39:01.488+0000][9188][gc,age      ] GC(2) Age table with threshold 15 (max threshold 15)
[2025-03-14T10:39:01.488+0000][9188][gc,age      ] GC(2) - age   1:    2995488 bytes,    2995488 total
[2025-03-14T10:39:01.488+0000][9188][gc,age      ] GC(2) - age   2:    1765032 bytes,    4760520 total
[2025-03-14T10:39:01.488+0000][9188][gc,heap     ] GC(2) Eden regions: 23->0(22)
[2025-03-14T10:39:01.488+0000][9188][gc,heap     ] GC(2) Survivor regions: 1->2(3)
[2025-03-14T10:39:01.488+0000][9188][gc,heap     ] GC(2) Old regions: 3->3
[2025-03-14T10:39:01.488+0000][9188][gc,heap     ] GC(2) Humongous regions: 0->0
[2025-03-14T10:39:01.488+0000][9188][gc,metaspace] GC(2) Metaspace: 18811K(19200K)->18811K(19200K) NonClass: 16560K(16768K)->16560K(16768K) Class: 2251K(2432K)->2251K(2432K)
[2025-03-14T10:39:01.488+0000][9188][gc          ] GC(2) Pause Young (Normal) (G1 Evacuation Pause) 104M->13M(1952M) 5.227ms
[2025-03-14T10:39:01.488+0000][9188][gc,cpu      ] GC(2) User=0.00s Sys=0.00s Real=0.00s
[2025-03-14T10:39:01.489+0000][9188][safepoint   ] Safepoint "G1CollectForAllocation", Time since last: 63296663 ns, Reaching safepoint: 1791 ns, Cleanup: 4792 ns, At safepoint: 6220792 ns, Total: 6227375 ns
[2025-03-14T10:39:01.639+0000][9188][gc,start    ] GC(3) Pause Young (Normal) (G1 Evacuation Pause)
[2025-03-14T10:39:01.639+0000][9188][gc,task     ] GC(3) Using 1 workers of 1 for evacuation
[2025-03-14T10:39:01.639+0000][9188][gc,age      ] GC(3) Desired survivor size 6291456 bytes, new threshold 15 (max threshold 15)
[2025-03-14T10:39:01.642+0000][9188][gc,phases   ] GC(3)   Pre Evacuate Collection Set: 0.07ms
[2025-03-14T10:39:01.642+0000][9188][gc,phases   ] GC(3)   Merge Heap Roots: 0.01ms
[2025-03-14T10:39:01.642+0000][9188][gc,phases   ] GC(3)   Evacuate Collection Set: 2.72ms
[2025-03-14T10:39:01.642+0000][9188][gc,phases   ] GC(3)   Post Evacuate Collection Set: 0.14ms
[2025-03-14T10:39:01.642+0000][9188][gc,phases   ] GC(3)   Other: 0.03ms
[2025-03-14T10:39:01.642+0000][9188][gc,age      ] GC(3) Age table with threshold 15 (max threshold 15)
[2025-03-14T10:39:01.642+0000][9188][gc,age      ] GC(3) - age   1:    1140848 bytes,    1140848 total
[2025-03-14T10:39:01.642+0000][9188][gc,age      ] GC(3) - age   2:    1678600 bytes,    2819448 total
[2025-03-14T10:39:01.642+0000][9188][gc,age      ] GC(3) - age   3:    1763040 bytes,    4582488 total
[2025-03-14T10:39:01.642+0000][9188][gc,heap     ] GC(3) Eden regions: 22->0(22)
[2025-03-14T10:39:01.642+0000][9188][gc,heap     ] GC(3) Survivor regions: 2->2(3)
[2025-03-14T10:39:01.642+0000][9188][gc,heap     ] GC(3) Old regions: 3->3
[2025-03-14T10:39:01.642+0000][9188][gc,heap     ] GC(3) Humongous regions: 0->0
[2025-03-14T10:39:01.642+0000][9188][gc,metaspace] GC(3) Metaspace: 19293K(19776K)->19293K(19776K) NonClass: 16956K(17216K)->16956K(17216K) Class: 2337K(2560K)->2337K(2560K)
[2025-03-14T10:39:01.642+0000][9188][gc          ] GC(3) Pause Young (Normal) (G1 Evacuation Pause) 101M->13M(1952M) 3.035ms
[2025-03-14T10:39:01.642+0000][9188][gc,cpu      ] GC(3) User=0.00s Sys=0.00s Real=0.01s
[2025-03-14T10:39:01.642+0000][9188][safepoint   ] Safepoint "G1CollectForAllocation", Time since last: 150002254 ns, Reaching safepoint: 2042 ns, Cleanup: 17083 ns, At safepoint: 3052563 ns, Total: 3071688 ns
[2025-03-14T10:39:01.804+0000][9188][gc,start    ] GC(4) Pause Young (Normal) (G1 Evacuation Pause)
[2025-03-14T10:39:01.804+0000][9188][gc,task     ] GC(4) Using 1 workers of 1 for evacuation
[2025-03-14T10:39:01.804+0000][9188][gc,age      ] GC(4) Desired survivor size 6291456 bytes, new threshold 15 (max threshold 15)
[2025-03-14T10:39:01.809+0000][9188][gc,phases   ] GC(4)   Pre Evacuate Collection Set: 0.07ms
[2025-03-14T10:39:01.809+0000][9188][gc,phases   ] GC(4)   Merge Heap Roots: 0.01ms
[2025-03-14T10:39:01.809+0000][9188][gc,phases   ] GC(4)   Evacuate Collection Set: 4.81ms
[2025-03-14T10:39:01.809+0000][9188][gc,phases   ] GC(4)   Post Evacuate Collection Set: 0.17ms
[2025-03-14T10:39:01.809+0000][9188][gc,phases   ] GC(4)   Other: 0.03ms
[2025-03-14T10:39:01.809+0000][9188][gc,age      ] GC(4) Age table with threshold 15 (max threshold 15)
[2025-03-14T10:39:01.809+0000][9188][gc,age      ] GC(4) - age   1:    4221096 bytes,    4221096 total
[2025-03-14T10:39:01.809+0000][9188][gc,age      ] GC(4) - age   2:     917960 bytes,    5139056 total
[2025-03-14T10:39:01.809+0000][9188][gc,age      ] GC(4) - age   3:    1678504 bytes,    6817560 total
[2025-03-14T10:39:01.809+0000][9188][gc,age      ] GC(4) - age   4:    1762288 bytes,    8579848 total
[2025-03-14T10:39:01.809+0000][9188][gc,heap     ] GC(4) Eden regions: 22->0(21)
[2025-03-14T10:39:01.809+0000][9188][gc,heap     ] GC(4) Survivor regions: 2->3(3)
[2025-03-14T10:39:01.809+0000][9188][gc,heap     ] GC(4) Old regions: 3->3
[2025-03-14T10:39:01.809+0000][9188][gc,heap     ] GC(4) Humongous regions: 0->0
[2025-03-14T10:39:01.809+0000][9188][gc,metaspace] GC(4) Metaspace: 19581K(20032K)->19581K(20032K) NonClass: 17217K(17472K)->17217K(17472K) Class: 2363K(2560K)->2363K(2560K)
[2025-03-14T10:39:01.809+0000][9188][gc          ] GC(4) Pause Young (Normal) (G1 Evacuation Pause) 101M->18M(1952M) 5.158ms
[2025-03-14T10:39:01.809+0000][9188][gc,cpu      ] GC(4) User=0.00s Sys=0.00s Real=0.00s
[2025-03-14T10:39:01.811+0000][9188][safepoint   ] Safepoint "G1CollectForAllocation", Time since last: 161932300 ns, Reaching safepoint: 5541 ns, Cleanup: 9125 ns, At safepoint: 6980829 ns, Total: 6995495 ns
[2025-03-14T10:39:01.932+0000][9188][gc,start    ] GC(5) Pause Young (Normal) (G1 Evacuation Pause)
[2025-03-14T10:39:01.932+0000][9188][gc,task     ] GC(5) Using 1 workers of 1 for evacuation
[2025-03-14T10:39:01.932+0000][9188][gc,age      ] GC(5) Desired survivor size 6291456 bytes, new threshold 3 (max threshold 15)
[2025-03-14T10:39:01.940+0000][9188][gc,phases   ] GC(5)   Pre Evacuate Collection Set: 0.07ms
[2025-03-14T10:39:01.940+0000][9188][gc,phases   ] GC(5)   Merge Heap Roots: 0.01ms
[2025-03-14T10:39:01.940+0000][9188][gc,phases   ] GC(5)   Evacuate Collection Set: 7.85ms
[2025-03-14T10:39:01.940+0000][9188][gc,phases   ] GC(5)   Post Evacuate Collection Set: 0.18ms
[2025-03-14T10:39:01.940+0000][9188][gc,phases   ] GC(5)   Other: 0.04ms
[2025-03-14T10:39:01.940+0000][9188][gc,age      ] GC(5) Age table with threshold 3 (max threshold 15)
[2025-03-14T10:39:01.940+0000][9188][gc,age      ] GC(5) - age   1:    2453040 bytes,    2453040 total
[2025-03-14T10:39:01.940+0000][9188][gc,age      ] GC(5) - age   2:    1611680 bytes,    4064720 total
[2025-03-14T10:39:01.940+0000][9188][gc,age      ] GC(5) - age   3:     917856 bytes,    4982576 total
[2025-03-14T10:39:01.940+0000][9188][gc,heap     ] GC(5) Eden regions: 21->0(22)
[2025-03-14T10:39:01.940+0000][9188][gc,heap     ] GC(5) Survivor regions: 3->2(3)
[2025-03-14T10:39:01.940+0000][9188][gc,heap     ] GC(5) Old regions: 3->4
[2025-03-14T10:39:01.940+0000][9188][gc,heap     ] GC(5) Humongous regions: 0->0
[2025-03-14T10:39:01.940+0000][9188][gc,metaspace] GC(5) Metaspace: 19725K(20160K)->19725K(20160K) NonClass: 17346K(17600K)->17346K(17600K) Class: 2379K(2560K)->2379K(2560K)
[2025-03-14T10:39:01.940+0000][9188][gc          ] GC(5) Pause Young (Normal) (G1 Evacuation Pause) 102M->17M(1952M) 8.229ms
[2025-03-14T10:39:01.940+0000][9188][gc,cpu      ] GC(5) User=0.01s Sys=0.00s Real=0.01s
[2025-03-14T10:39:01.940+0000][9188][safepoint   ] Safepoint "G1CollectForAllocation", Time since last: 121002947 ns, Reaching safepoint: 2208 ns, Cleanup: 7333 ns, At safepoint: 8249654 ns, Total: 8259195 ns
[2025-03-14T10:39:02.089+0000][9188][gc,start    ] GC(6) Pause Young (Normal) (G1 Evacuation Pause)
[2025-03-14T10:39:02.089+0000][9188][gc,task     ] GC(6) Using 1 workers of 1 for evacuation
[2025-03-14T10:39:02.089+0000][9188][gc,age      ] GC(6) Desired survivor size 6291456 bytes, new threshold 15 (max threshold 15)
[2025-03-14T10:39:02.093+0000][9188][gc,phases   ] GC(6)   Pre Evacuate Collection Set: 0.07ms
[2025-03-14T10:39:02.093+0000][9188][gc,phases   ] GC(6)   Merge Heap Roots: 0.01ms
[2025-03-14T10:39:02.093+0000][9188][gc,phases   ] GC(6)   Evacuate Collection Set: 3.96ms
[2025-03-14T10:39:02.093+0000][9188][gc,phases   ] GC(6)   Post Evacuate Collection Set: 0.18ms
[2025-03-14T10:39:02.093+0000][9188][gc,phases   ] GC(6)   Other: 0.03ms
[2025-03-14T10:39:02.093+0000][9188][gc,age      ] GC(6) Age table with threshold 15 (max threshold 15)
[2025-03-14T10:39:02.093+0000][9188][gc,age      ] GC(6) - age   1:    2107784 bytes,    2107784 total
[2025-03-14T10:39:02.093+0000][9188][gc,age      ] GC(6) - age   2:    1516192 bytes,    3623976 total
[2025-03-14T10:39:02.093+0000][9188][gc,age      ] GC(6) - age   3:    1611288 bytes,    5235264 total
[2025-03-14T10:39:02.093+0000][9188][gc,age      ] GC(6) - age   4:     917824 bytes,    6153088 total
[2025-03-14T10:39:02.093+0000][9188][gc,heap     ] GC(6) Eden regions: 22->0(28)
[2025-03-14T10:39:02.093+0000][9188][gc,heap     ] GC(6) Survivor regions: 2->2(3)
[2025-03-14T10:39:02.093+0000][9188][gc,heap     ] GC(6) Old regions: 4->4
[2025-03-14T10:39:02.093+0000][9188][gc,heap     ] GC(6) Humongous regions: 0->0
[2025-03-14T10:39:02.093+0000][9188][gc,metaspace] GC(6) Metaspace: 20172K(20608K)->20172K(20608K) NonClass: 17733K(17984K)->17733K(17984K) Class: 2439K(2624K)->2439K(2624K)
[2025-03-14T10:39:02.093+0000][9188][gc          ] GC(6) Pause Young (Normal) (G1 Evacuation Pause) 105M->18M(1952M) 4.321ms
[2025-03-14T10:39:02.093+0000][9188][gc,cpu      ] GC(6) User=0.00s Sys=0.00s Real=0.01s
[2025-03-14T10:39:02.094+0000][9188][safepoint   ] Safepoint "G1CollectForAllocation", Time since last: 148737637 ns, Reaching safepoint: 2417 ns, Cleanup: 14458 ns, At safepoint: 5186091 ns, Total: 5202966 ns
[2025-03-14T10:39:02.253+0000][9188][gc,start    ] GC(7) Pause Young (Normal) (G1 Evacuation Pause)
[2025-03-14T10:39:02.253+0000][9188][gc,task     ] GC(7) Using 1 workers of 1 for evacuation
[2025-03-14T10:39:02.253+0000][9188][gc,age      ] GC(7) Desired survivor size 8388608 bytes, new threshold 15 (max threshold 15)
[2025-03-14T10:39:02.257+0000][9188][gc,phases   ] GC(7)   Pre Evacuate Collection Set: 0.06ms
[2025-03-14T10:39:02.257+0000][9188][gc,phases   ] GC(7)   Merge Heap Roots: 0.01ms
[2025-03-14T10:39:02.257+0000][9188][gc,phases   ] GC(7)   Evacuate Collection Set: 4.15ms
[2025-03-14T10:39:02.257+0000][9188][gc,phases   ] GC(7)   Post Evacuate Collection Set: 0.18ms
[2025-03-14T10:39:02.257+0000][9188][gc,phases   ] GC(7)   Other: 0.03ms
[2025-03-14T10:39:02.257+0000][9188][gc,age      ] GC(7) Age table with threshold 15 (max threshold 15)
[2025-03-14T10:39:02.257+0000][9188][gc,age      ] GC(7) - age   1:     928208 bytes,     928208 total
[2025-03-14T10:39:02.257+0000][9188][gc,age      ] GC(7) - age   2:     333720 bytes,    1261928 total
[2025-03-14T10:39:02.257+0000][9188][gc,age      ] GC(7) - age   3:    1516072 bytes,    2778000 total
[2025-03-14T10:39:02.257+0000][9188][gc,age      ] GC(7) - age   4:    1611256 bytes,    4389256 total
[2025-03-14T10:39:02.257+0000][9188][gc,age      ] GC(7) - age   5:     917152 bytes,    5306408 total
[2025-03-14T10:39:02.257+0000][9188][gc,heap     ] GC(7) Eden regions: 28->0(211)
[2025-03-14T10:39:02.257+0000][9188][gc,heap     ] GC(7) Survivor regions: 2->2(4)
[2025-03-14T10:39:02.257+0000][9188][gc,heap     ] GC(7) Old regions: 4->4
[2025-03-14T10:39:02.257+0000][9188][gc,heap     ] GC(7) Humongous regions: 0->0
[2025-03-14T10:39:02.257+0000][9188][gc,metaspace] GC(7) Metaspace: 20479K(20928K)->20479K(20928K) NonClass: 17989K(18240K)->17989K(18240K) Class: 2490K(2688K)->2490K(2688K)
[2025-03-14T10:39:02.257+0000][9188][gc          ] GC(7) Pause Young (Normal) (G1 Evacuation Pause) 130M->18M(1952M) 4.497ms
[2025-03-14T10:39:02.257+0000][9188][gc,cpu      ] GC(7) User=0.00s Sys=0.00s Real=0.00s
[2025-03-14T10:39:02.257+0000][9188][safepoint   ] Safepoint "G1CollectForAllocation", Time since last: 158502447 ns, Reaching safepoint: 2125 ns, Cleanup: 17500 ns, At safepoint: 4514053 ns, Total: 4533678 ns
[2025-03-14T10:39:02.545+0000][9188][gc,start    ] GC(8) Pause Young (Concurrent Start) (Metadata GC Threshold)
[2025-03-14T10:39:02.545+0000][9188][gc,task     ] GC(8) Using 1 workers of 1 for evacuation
[2025-03-14T10:39:02.545+0000][9188][gc,age      ] GC(8) Desired survivor size 54525952 bytes, new threshold 15 (max threshold 15)
[2025-03-14T10:39:02.548+0000][9188][gc,phases   ] GC(8)   Pre Evacuate Collection Set: 0.10ms
[2025-03-14T10:39:02.548+0000][9188][gc,phases   ] GC(8)   Merge Heap Roots: 0.01ms
[2025-03-14T10:39:02.548+0000][9188][gc,phases   ] GC(8)   Evacuate Collection Set: 2.66ms
[2025-03-14T10:39:02.548+0000][9188][gc,phases   ] GC(8)   Post Evacuate Collection Set: 0.17ms
[2025-03-14T10:39:02.548+0000][9188][gc,phases   ] GC(8)   Other: 0.04ms
[2025-03-14T10:39:02.548+0000][9188][gc,age      ] GC(8) Age table with threshold 15 (max threshold 15)
[2025-03-14T10:39:02.548+0000][9188][gc,age      ] GC(8) - age   1:    1594232 bytes,    1594232 total
[2025-03-14T10:39:02.548+0000][9188][gc,age      ] GC(8) - age   2:     261712 bytes,    1855944 total
[2025-03-14T10:39:02.548+0000][9188][gc,age      ] GC(8) - age   3:     333536 bytes,    2189480 total
[2025-03-14T10:39:02.548+0000][9188][gc,age      ] GC(8) - age   4:    1516040 bytes,    3705520 total
[2025-03-14T10:39:02.548+0000][9188][gc,age      ] GC(8) - age   5:    1610216 bytes,    5315736 total
[2025-03-14T10:39:02.548+0000][9188][gc,age      ] GC(8) - age   6:     914240 bytes,    6229976 total
[2025-03-14T10:39:02.548+0000][9188][gc,heap     ] GC(8) Eden regions: 49->0(290)
[2025-03-14T10:39:02.548+0000][9188][gc,heap     ] GC(8) Survivor regions: 2->2(26)
[2025-03-14T10:39:02.548+0000][9188][gc,heap     ] GC(8) Old regions: 4->4
[2025-03-14T10:39:02.548+0000][9188][gc,heap     ] GC(8) Humongous regions: 0->0
[2025-03-14T10:39:02.548+0000][9188][gc,metaspace] GC(8) Metaspace: 20998K(21504K)->20998K(21504K) NonClass: 18430K(18752K)->18430K(18752K) Class: 2567K(2752K)->2567K(2752K)
[2025-03-14T10:39:02.548+0000][9188][gc          ] GC(8) Pause Young (Concurrent Start) (Metadata GC Threshold) 214M->18M(1952M) 3.068ms
[2025-03-14T10:39:02.548+0000][9188][gc,cpu      ] GC(8) User=0.00s Sys=0.00s Real=0.00s
[2025-03-14T10:39:02.548+0000][9188][safepoint   ] Safepoint "CollectForMetadataAllocation", Time since last: 287440883 ns, Reaching safepoint: 1584 ns, Cleanup: 40999 ns, At safepoint: 3131188 ns, Total: 3173771 ns
[2025-03-14T10:39:02.551+0000][9188][gc          ] GC(9) Concurrent Mark Cycle
[2025-03-14T10:39:02.551+0000][9188][gc,marking  ] GC(9) Concurrent Scan Root Regions
[2025-03-14T10:39:02.551+0000][9188][gc,marking  ] GC(9) Concurrent Scan Root Regions 0.530ms
[2025-03-14T10:39:02.551+0000][9188][gc,marking  ] GC(9) Concurrent Mark
[2025-03-14T10:39:02.551+0000][9188][gc,marking  ] GC(9) Concurrent Mark From Roots
[2025-03-14T10:39:02.551+0000][9188][gc,task     ] GC(9) Using 1 workers of 1 for marking
[2025-03-14T10:39:02.571+0000][9188][gc,marking  ] GC(9) Concurrent Mark From Roots 19.815ms
[2025-03-14T10:39:02.571+0000][9188][gc,marking  ] GC(9) Concurrent Preclean
[2025-03-14T10:39:02.571+0000][9188][gc,marking  ] GC(9) Concurrent Preclean 0.025ms
[2025-03-14T10:39:02.572+0000][9188][gc,start    ] GC(9) Pause Remark
[2025-03-14T10:39:02.575+0000][9188][gc          ] GC(9) Pause Remark 20M->20M(1952M) 3.122ms
[2025-03-14T10:39:02.575+0000][9188][gc,cpu      ] GC(9) User=0.00s Sys=0.00s Real=0.00s
[2025-03-14T10:39:02.577+0000][9188][safepoint   ] Safepoint "G1PauseRemark", Time since last: 24315922 ns, Reaching safepoint: 1791 ns, Cleanup: 4584 ns, At safepoint: 4638386 ns, Total: 4644761 ns
[2025-03-14T10:39:02.577+0000][9188][gc,marking  ] GC(9) Concurrent Mark 25.682ms
[2025-03-14T10:39:02.577+0000][9188][gc,marking  ] GC(9) Concurrent Rebuild Remembered Sets and Scrub Regions
[2025-03-14T10:39:02.578+0000][9188][safepoint   ] Safepoint "CollectForMetadataAllocation", Time since last: 1064659 ns, Reaching safepoint: 78041 ns, Cleanup: 750 ns, At safepoint: 48042 ns, Total: 126833 ns
[2025-03-14T10:39:02.586+0000][9188][gc,marking  ] GC(9) Concurrent Rebuild Remembered Sets and Scrub Regions 9.666ms
[2025-03-14T10:39:02.587+0000][9188][gc,start    ] GC(9) Pause Cleanup
[2025-03-14T10:39:02.587+0000][9188][gc          ] GC(9) Pause Cleanup 20M->20M(1952M) 0.046ms
[2025-03-14T10:39:02.587+0000][9188][gc,cpu      ] GC(9) User=0.00s Sys=0.00s Real=0.00s
[2025-03-14T10:39:02.587+0000][9188][safepoint   ] Safepoint "G1PauseCleanup", Time since last: 9362104 ns, Reaching safepoint: 1084 ns, Cleanup: 3666 ns, At safepoint: 55750 ns, Total: 60500 ns
[2025-03-14T10:39:02.587+0000][9188][gc,marking  ] GC(9) Concurrent Clear Claimed Marks
[2025-03-14T10:39:02.587+0000][9188][gc,marking  ] GC(9) Concurrent Clear Claimed Marks 0.023ms
[2025-03-14T10:39:02.587+0000][9188][gc,marking  ] GC(9) Concurrent Cleanup for Next Mark
[2025-03-14T10:39:02.588+0000][9188][gc,marking  ] GC(9) Concurrent Cleanup for Next Mark 0.923ms
[2025-03-14T10:39:02.588+0000][9188][gc          ] GC(9) Concurrent Mark Cycle 37.803ms
[2025-03-14T10:39:02.929+0000][9188][safepoint   ] Safepoint "ICBufferFull", Time since last: 341749731 ns, Reaching safepoint: 2083 ns, Cleanup: 54625 ns, At safepoint: 4000 ns, Total: 60708 ns
[2025-03-14T10:39:03.355+0000][9188][safepoint   ] Safepoint "ICBufferFull", Time since last: 425260176 ns, Reaching safepoint: 1750 ns, Cleanup: 50708 ns, At safepoint: 3666 ns, Total: 56124 ns
[2025-03-14T10:39:03.705+0000][9188][safepoint   ] Safepoint "ICBufferFull", Time since last: 350085301 ns, Reaching safepoint: 1708 ns, Cleanup: 54542 ns, At safepoint: 2541 ns, Total: 58791 ns
[2025-03-14T10:39:04.060+0000][9188][safepoint   ] Safepoint "ICBufferFull", Time since last: 355550723 ns, Reaching safepoint: 2125 ns, Cleanup: 90291 ns, At safepoint: 4625 ns, Total: 97041 ns
[2025-03-14T10:39:04.452+0000][9188][safepoint   ] Safepoint "ICBufferFull", Time since last: 391653649 ns, Reaching safepoint: 2000 ns, Cleanup: 50916 ns, At safepoint: 4125 ns, Total: 57041 ns
[2025-03-14T10:39:05.129+0000][9188][safepoint   ] Safepoint "ICBufferFull", Time since last: 676945964 ns, Reaching safepoint: 3541 ns, Cleanup: 69667 ns, At safepoint: 10666 ns, Total: 83874 ns
[2025-03-14T10:39:05.436+0000][9188][gc,start    ] GC(10) Pause Young (Prepare Mixed) (Metadata GC Threshold)
[2025-03-14T10:39:05.436+0000][9188][gc,task     ] GC(10) Using 1 workers of 1 for evacuation
[2025-03-14T10:39:05.436+0000][9188][gc,age      ] GC(10) Desired survivor size 77594624 bytes, new threshold 15 (max threshold 15)
[2025-03-14T10:39:05.501+0000][9188][gc,phases   ] GC(10)   Pre Evacuate Collection Set: 0.17ms
[2025-03-14T10:39:05.501+0000][9188][gc,phases   ] GC(10)   Merge Heap Roots: 0.03ms
[2025-03-14T10:39:05.501+0000][9188][gc,phases   ] GC(10)   Evacuate Collection Set: 64.53ms
[2025-03-14T10:39:05.501+0000][9188][gc,phases   ] GC(10)   Post Evacuate Collection Set: 0.81ms
[2025-03-14T10:39:05.501+0000][9188][gc,phases   ] GC(10)   Other: 0.05ms
[2025-03-14T10:39:05.501+0000][9188][gc,age      ] GC(10) Age table with threshold 15 (max threshold 15)
[2025-03-14T10:39:05.501+0000][9188][gc,age      ] GC(10) - age   1:   28592712 bytes,   28592712 total
[2025-03-14T10:39:05.501+0000][9188][gc,age      ] GC(10) - age   2:    1579768 bytes,   30172480 total
[2025-03-14T10:39:05.501+0000][9188][gc,age      ] GC(10) - age   3:     259584 bytes,   30432064 total
[2025-03-14T10:39:05.501+0000][9188][gc,age      ] GC(10) - age   4:     332768 bytes,   30764832 total
[2025-03-14T10:39:05.501+0000][9188][gc,age      ] GC(10) - age   5:    1514848 bytes,   32279680 total
[2025-03-14T10:39:05.501+0000][9188][gc,age      ] GC(10) - age   6:    1606728 bytes,   33886408 total
[2025-03-14T10:39:05.501+0000][9188][gc,age      ] GC(10) - age   7:     909808 bytes,   34796216 total
[2025-03-14T10:39:05.501+0000][9188][gc,heap     ] GC(10) Eden regions: 166->0(43)
[2025-03-14T10:39:05.501+0000][9188][gc,heap     ] GC(10) Survivor regions: 2->9(37)
[2025-03-14T10:39:05.501+0000][9188][gc,heap     ] GC(10) Old regions: 4->4
[2025-03-14T10:39:05.501+0000][9188][gc,heap     ] GC(10) Humongous regions: 0->0
[2025-03-14T10:39:05.501+0000][9188][gc,metaspace] GC(10) Metaspace: 35464K(36416K)->35464K(36416K) NonClass: 30774K(31360K)->30774K(31360K) Class: 4690K(5056K)->4690K(5056K)
[2025-03-14T10:39:05.501+0000][9188][gc          ] GC(10) Pause Young (Prepare Mixed) (Metadata GC Threshold) 682M->46M(1952M) 65.729ms
[2025-03-14T10:39:05.501+0000][9188][gc,cpu      ] GC(10) User=0.07s Sys=0.00s Real=0.07s
[2025-03-14T10:39:05.505+0000][9188][safepoint   ] Safepoint "CollectForMetadataAllocation", Time since last: 306511173 ns, Reaching safepoint: 1959 ns, Cleanup: 55666 ns, At safepoint: 69338831 ns, Total: 69396456 ns
[2025-03-14T10:39:05.528+0000][9188][gc,start    ] GC(11) Pause Young (Mixed) (Metadata GC Threshold)
[2025-03-14T10:39:05.528+0000][9188][gc,task     ] GC(11) Using 1 workers of 1 for evacuation
[2025-03-14T10:39:05.528+0000][9188][gc,age      ] GC(11) Desired survivor size 10485760 bytes, new threshold 1 (max threshold 15)
[2025-03-14T10:39:05.576+0000][9188][gc,phases   ] GC(11)   Pre Evacuate Collection Set: 0.08ms
[2025-03-14T10:39:05.576+0000][9188][gc,phases   ] GC(11)   Merge Heap Roots: 0.04ms
[2025-03-14T10:39:05.576+0000][9188][gc,phases   ] GC(11)   Evacuate Collection Set: 47.66ms
[2025-03-14T10:39:05.576+0000][9188][gc,phases   ] GC(11)   Post Evacuate Collection Set: 0.81ms
[2025-03-14T10:39:05.576+0000][9188][gc,phases   ] GC(11)   Other: 0.09ms
[2025-03-14T10:39:05.576+0000][9188][gc,age      ] GC(11) Age table with threshold 1 (max threshold 15)
[2025-03-14T10:39:05.576+0000][9188][gc,age      ] GC(11) - age   1:      49856 bytes,      49856 total
[2025-03-14T10:39:05.576+0000][9188][gc,heap     ] GC(11) Eden regions: 1->0(57)
[2025-03-14T10:39:05.576+0000][9188][gc,heap     ] GC(11) Survivor regions: 9->1(5)
[2025-03-14T10:39:05.576+0000][9188][gc,heap     ] GC(11) Old regions: 4->12
[2025-03-14T10:39:05.576+0000][9188][gc,heap     ] GC(11) Humongous regions: 0->0
[2025-03-14T10:39:05.576+0000][9188][gc,metaspace] GC(11) Metaspace: 35753K(36736K)->35753K(36736K) NonClass: 31040K(31616K)->31040K(31616K) Class: 4713K(5120K)->4713K(5120K)
[2025-03-14T10:39:05.576+0000][9188][gc          ] GC(11) Pause Young (Mixed) (Metadata GC Threshold) 48M->48M(1952M) 48.849ms
[2025-03-14T10:39:05.576+0000][9188][gc,cpu      ] GC(11) User=0.05s Sys=0.00s Real=0.05s
[2025-03-14T10:39:05.580+0000][9188][safepoint   ] Safepoint "CollectForMetadataAllocation", Time since last: 22606267 ns, Reaching safepoint: 5750 ns, Cleanup: 1875 ns, At safepoint: 52408860 ns, Total: 52416485 ns
[2025-03-14T10:39:05.601+0000][9188][gc,start    ] GC(12) Pause Young (Concurrent Start) (Metadata GC Threshold)
[2025-03-14T10:39:05.601+0000][9188][gc,task     ] GC(12) Using 1 workers of 1 for evacuation
[2025-03-14T10:39:05.601+0000][9188][gc,age      ] GC(12) Desired survivor size 16777216 bytes, new threshold 15 (max threshold 15)
[2025-03-14T10:39:05.602+0000][9188][gc,phases   ] GC(12)   Pre Evacuate Collection Set: 0.16ms
[2025-03-14T10:39:05.602+0000][9188][gc,phases   ] GC(12)   Merge Heap Roots: 0.02ms
[2025-03-14T10:39:05.602+0000][9188][gc,phases   ] GC(12)   Evacuate Collection Set: 0.61ms
[2025-03-14T10:39:05.602+0000][9188][gc,phases   ] GC(12)   Post Evacuate Collection Set: 0.16ms
[2025-03-14T10:39:05.602+0000][9188][gc,phases   ] GC(12)   Other: 0.04ms
[2025-03-14T10:39:05.602+0000][9188][gc,age      ] GC(12) Age table with threshold 15 (max threshold 15)
[2025-03-14T10:39:05.602+0000][9188][gc,age      ] GC(12) - age   1:      86384 bytes,      86384 total
[2025-03-14T10:39:05.602+0000][9188][gc,age      ] GC(12) - age   2:      27376 bytes,     113760 total
[2025-03-14T10:39:05.602+0000][9188][gc,heap     ] GC(12) Eden regions: 1->0(160)
[2025-03-14T10:39:05.602+0000][9188][gc,heap     ] GC(12) Survivor regions: 1->1(8)
[2025-03-14T10:39:05.602+0000][9188][gc,heap     ] GC(12) Old regions: 12->12
[2025-03-14T10:39:05.602+0000][9188][gc,heap     ] GC(12) Humongous regions: 0->0
[2025-03-14T10:39:05.602+0000][9188][gc,metaspace] GC(12) Metaspace: 36112K(37056K)->36112K(37056K) NonClass: 31360K(31936K)->31360K(31936K) Class: 4752K(5120K)->4752K(5120K)
[2025-03-14T10:39:05.602+0000][9188][gc          ] GC(12) Pause Young (Concurrent Start) (Metadata GC Threshold) 50M->47M(1952M) 1.046ms
[2025-03-14T10:39:05.602+0000][9188][gc          ] GC(13) Concurrent Mark Cycle
[2025-03-14T10:39:05.602+0000][9188][gc,marking  ] GC(13) Concurrent Scan Root Regions
[2025-03-14T10:39:05.602+0000][9188][gc,cpu      ] GC(12) User=0.00s Sys=0.00s Real=0.00s
[2025-03-14T10:39:05.602+0000][9188][safepoint   ] Safepoint "CollectForMetadataAllocation", Time since last: 21316067 ns, Reaching safepoint: 1666 ns, Cleanup: 8917 ns, At safepoint: 1134576 ns, Total: 1145159 ns
[2025-03-14T10:39:05.603+0000][9188][gc,marking  ] GC(13) Concurrent Scan Root Regions 0.307ms
[2025-03-14T10:39:05.603+0000][9188][gc,marking  ] GC(13) Concurrent Mark
[2025-03-14T10:39:05.603+0000][9188][gc,marking  ] GC(13) Concurrent Mark From Roots
[2025-03-14T10:39:05.603+0000][9188][gc,task     ] GC(13) Using 1 workers of 1 for marking
[2025-03-14T10:39:05.624+0000][9188][safepoint   ] Safepoint "CollectForMetadataAllocation", Time since last: 21819230 ns, Reaching safepoint: 35875 ns, Cleanup: 3583 ns, At safepoint: 40916 ns, Total: 80374 ns
[2025-03-14T10:39:05.651+0000][9188][safepoint   ] Safepoint "CollectForMetadataAllocation", Time since last: 26066619 ns, Reaching safepoint: 563705 ns, Cleanup: 15166 ns, At safepoint: 44167 ns, Total: 623038 ns
[2025-03-14T10:39:05.675+0000][9188][safepoint   ] Safepoint "CollectForMetadataAllocation", Time since last: 23936049 ns, Reaching safepoint: 37916 ns, Cleanup: 3042 ns, At safepoint: 42625 ns, Total: 83583 ns
[2025-03-14T10:39:05.679+0000][9188][gc,marking  ] GC(13) Concurrent Mark From Roots 76.402ms
[2025-03-14T10:39:05.679+0000][9188][gc,marking  ] GC(13) Concurrent Preclean
[2025-03-14T10:39:05.679+0000][9188][gc,marking  ] GC(13) Concurrent Preclean 0.055ms
[2025-03-14T10:39:05.679+0000][9188][gc,start    ] GC(13) Pause Remark
[2025-03-14T10:39:05.684+0000][9188][gc          ] GC(13) Pause Remark 51M->51M(1952M) 4.889ms
[2025-03-14T10:39:05.684+0000][9188][gc,cpu      ] GC(13) User=0.00s Sys=0.00s Real=0.01s
[2025-03-14T10:39:05.685+0000][9188][safepoint   ] Safepoint "G1PauseRemark", Time since last: 4126472 ns, Reaching safepoint: 69417 ns, Cleanup: 1125 ns, At safepoint: 5541213 ns, Total: 5611755 ns
[2025-03-14T10:39:05.685+0000][9188][gc,marking  ] GC(13) Concurrent Mark 82.099ms
[2025-03-14T10:39:05.685+0000][9188][gc,marking  ] GC(13) Concurrent Rebuild Remembered Sets and Scrub Regions
[2025-03-14T10:39:05.726+0000][9188][gc,marking  ] GC(13) Concurrent Rebuild Remembered Sets and Scrub Regions 40.944ms
[2025-03-14T10:39:05.728+0000][9188][gc,start    ] GC(13) Pause Cleanup
[2025-03-14T10:39:05.728+0000][9188][gc          ] GC(13) Pause Cleanup 61M->61M(1952M) 0.030ms
[2025-03-14T10:39:05.728+0000][9188][gc,cpu      ] GC(13) User=0.00s Sys=0.00s Real=0.00s
[2025-03-14T10:39:05.728+0000][9188][safepoint   ] Safepoint "G1PauseCleanup", Time since last: 42174928 ns, Reaching safepoint: 587871 ns, Cleanup: 22958 ns, At safepoint: 43708 ns, Total: 654537 ns
[2025-03-14T10:39:05.728+0000][9188][gc,marking  ] GC(13) Concurrent Clear Claimed Marks
[2025-03-14T10:39:05.728+0000][9188][gc,marking  ] GC(13) Concurrent Clear Claimed Marks 0.053ms
[2025-03-14T10:39:05.728+0000][9188][gc,marking  ] GC(13) Concurrent Cleanup for Next Mark
[2025-03-14T10:39:05.759+0000][9188][gc,marking  ] GC(13) Concurrent Cleanup for Next Mark 31.126ms
[2025-03-14T10:39:05.759+0000][9188][gc          ] GC(13) Concurrent Mark Cycle 156.462ms
[2025-03-14T10:39:05.982+0000][9188][safepoint   ] Safepoint "ICBufferFull", Time since last: 254146938 ns, Reaching safepoint: 1750 ns, Cleanup: 53041 ns, At safepoint: 4250 ns, Total: 59041 ns
[2025-03-14T10:39:06.673+0000][9188][safepoint   ] Safepoint "ICBufferFull", Time since last: 691421076 ns, Reaching safepoint: 1958 ns, Cleanup: 60041 ns, At safepoint: 2792 ns, Total: 64791 ns
[2025-03-14T10:39:07.380+0000][9188][safepoint   ] Safepoint "ICBufferFull", Time since last: 707035555 ns, Reaching safepoint: 2084 ns, Cleanup: 45708 ns, At safepoint: 3041 ns, Total: 50833 ns
[2025-03-14T10:39:07.682+0000][9188][gc,start    ] GC(14) Pause Young (Normal) (G1 Evacuation Pause)
[2025-03-14T10:39:07.682+0000][9188][gc,task     ] GC(14) Using 1 workers of 1 for evacuation
[2025-03-14T10:39:07.682+0000][9188][gc,age      ] GC(14) Desired survivor size 20971520 bytes, new threshold 15 (max threshold 15)
[2025-03-14T10:39:07.693+0000][9188][gc,phases   ] GC(14)   Pre Evacuate Collection Set: 0.10ms
[2025-03-14T10:39:07.693+0000][9188][gc,phases   ] GC(14)   Merge Heap Roots: 0.02ms
[2025-03-14T10:39:07.693+0000][9188][gc,phases   ] GC(14)   Evacuate Collection Set: 10.19ms
[2025-03-14T10:39:07.693+0000][9188][gc,phases   ] GC(14)   Post Evacuate Collection Set: 0.75ms
[2025-03-14T10:39:07.693+0000][9188][gc,phases   ] GC(14)   Other: 0.05ms
[2025-03-14T10:39:07.693+0000][9188][gc,age      ] GC(14) Age table with threshold 15 (max threshold 15)
[2025-03-14T10:39:07.693+0000][9188][gc,age      ] GC(14) - age   1:    6804592 bytes,    6804592 total
[2025-03-14T10:39:07.693+0000][9188][gc,age      ] GC(14) - age   2:      51880 bytes,    6856472 total
[2025-03-14T10:39:07.693+0000][9188][gc,age      ] GC(14) - age   3:      27344 bytes,    6883816 total
[2025-03-14T10:39:07.693+0000][9188][gc,heap     ] GC(14) Eden regions: 77->0(169)
[2025-03-14T10:39:07.693+0000][9188][gc,heap     ] GC(14) Survivor regions: 1->2(10)
[2025-03-14T10:39:07.693+0000][9188][gc,heap     ] GC(14) Old regions: 12->12
[2025-03-14T10:39:07.693+0000][9188][gc,heap     ] GC(14) Humongous regions: 0->0
[2025-03-14T10:39:07.693+0000][9188][gc,metaspace] GC(14) Metaspace: 52636K(53888K)->52636K(53888K) NonClass: 45511K(46272K)->45511K(46272K) Class: 7125K(7616K)->7125K(7616K)
[2025-03-14T10:39:07.693+0000][9188][gc          ] GC(14) Pause Young (Normal) (G1 Evacuation Pause) 355M->52M(1952M) 11.209ms
[2025-03-14T10:39:07.693+0000][9188][gc,cpu      ] GC(14) User=0.01s Sys=0.00s Real=0.01s
[2025-03-14T10:39:07.695+0000][9188][safepoint   ] Safepoint "G1CollectForAllocation", Time since last: 301567540 ns, Reaching safepoint: 2250 ns, Cleanup: 18458 ns, At safepoint: 12986705 ns, Total: 13007413 ns
[2025-03-14T10:39:07.925+0000][9188][safepoint   ] Safepoint "ICBufferFull", Time since last: 230085639 ns, Reaching safepoint: 1625 ns, Cleanup: 62625 ns, At safepoint: 2083 ns, Total: 66333 ns
[2025-03-14T10:39:08.875+0000][9188][safepoint   ] Safepoint "ICBufferFull", Time since last: 949565153 ns, Reaching safepoint: 1875 ns, Cleanup: 81166 ns, At safepoint: 3417 ns, Total: 86458 ns
[2025-03-14T10:39:09.207+0000][9188][safepoint   ] Safepoint "ICBufferFull", Time since last: 332493417 ns, Reaching safepoint: 1792 ns, Cleanup: 99624 ns, At safepoint: 2375 ns, Total: 103791 ns
[2025-03-14T10:39:09.347+0000][9188][gc,start    ] GC(15) Pause Young (Concurrent Start) (Metadata GC Threshold)
[2025-03-14T10:39:09.347+0000][9188][gc,task     ] GC(15) Using 1 workers of 1 for evacuation
[2025-03-14T10:39:09.347+0000][9188][gc,age      ] GC(15) Desired survivor size 41943040 bytes, new threshold 15 (max threshold 15)
[2025-03-14T10:39:09.377+0000][9188][gc,phases   ] GC(15)   Pre Evacuate Collection Set: 0.08ms
[2025-03-14T10:39:09.377+0000][9188][gc,phases   ] GC(15)   Merge Heap Roots: 0.03ms
[2025-03-14T10:39:09.377+0000][9188][gc,phases   ] GC(15)   Evacuate Collection Set: 28.57ms
[2025-03-14T10:39:09.377+0000][9188][gc,phases   ] GC(15)   Post Evacuate Collection Set: 1.49ms
[2025-03-14T10:39:09.377+0000][9188][gc,phases   ] GC(15)   Other: 0.05ms
[2025-03-14T10:39:09.377+0000][9188][gc,age      ] GC(15) Age table with threshold 15 (max threshold 15)
[2025-03-14T10:39:09.377+0000][9188][gc,age      ] GC(15) - age   1:    6874664 bytes,    6874664 total
[2025-03-14T10:39:09.377+0000][9188][gc,age      ] GC(15) - age   2:    5748200 bytes,   12622864 total
[2025-03-14T10:39:09.377+0000][9188][gc,age      ] GC(15) - age   3:      51880 bytes,   12674744 total
[2025-03-14T10:39:09.377+0000][9188][gc,age      ] GC(15) - age   4:      27344 bytes,   12702088 total
[2025-03-14T10:39:09.377+0000][9188][gc,heap     ] GC(15) Eden regions: 41->0(173)
[2025-03-14T10:39:09.377+0000][9188][gc,heap     ] GC(15) Survivor regions: 2->4(20)
[2025-03-14T10:39:09.377+0000][9188][gc,heap     ] GC(15) Old regions: 12->12
[2025-03-14T10:39:09.377+0000][9188][gc,heap     ] GC(15) Humongous regions: 0->0
[2025-03-14T10:39:09.377+0000][9188][gc,metaspace] GC(15) Metaspace: 62390K(63680K)->62390K(63680K) NonClass: 53902K(54656K)->53902K(54656K) Class: 8488K(9024K)->8488K(9024K)
[2025-03-14T10:39:09.377+0000][9188][gc          ] GC(15) Pause Young (Concurrent Start) (Metadata GC Threshold) 214M->60M(1952M) 30.319ms
[2025-03-14T10:39:09.377+0000][9188][gc,cpu      ] GC(15) User=0.03s Sys=0.00s Real=0.03s
[2025-03-14T10:39:09.377+0000][9188][gc          ] GC(16) Concurrent Mark Cycle
[2025-03-14T10:39:09.377+0000][9188][gc,marking  ] GC(16) Concurrent Scan Root Regions
[2025-03-14T10:39:09.381+0000][9188][safepoint   ] Safepoint "CollectForMetadataAllocation", Time since last: 139409533 ns, Reaching safepoint: 1916 ns, Cleanup: 20959 ns, At safepoint: 34154398 ns, Total: 34177273 ns
[2025-03-14T10:39:09.395+0000][9188][gc,marking  ] GC(16) Concurrent Scan Root Regions 17.290ms
[2025-03-14T10:39:09.395+0000][9188][gc,marking  ] GC(16) Concurrent Mark
[2025-03-14T10:39:09.395+0000][9188][gc,marking  ] GC(16) Concurrent Mark From Roots
[2025-03-14T10:39:09.395+0000][9188][gc,task     ] GC(16) Using 1 workers of 1 for marking
[2025-03-14T10:39:09.414+0000][9188][safepoint   ] Safepoint "CollectForMetadataAllocation", Time since last: 33152196 ns, Reaching safepoint: 14459 ns, Cleanup: 4333 ns, At safepoint: 43000 ns, Total: 61792 ns
[2025-03-14T10:39:09.448+0000][9188][safepoint   ] Safepoint "CollectForMetadataAllocation", Time since last: 34187689 ns, Reaching safepoint: 10250 ns, Cleanup: 3292 ns, At safepoint: 38583 ns, Total: 52125 ns
[2025-03-14T10:39:09.486+0000][9188][safepoint   ] Safepoint "CollectForMetadataAllocation", Time since last: 36434925 ns, Reaching safepoint: 1125951 ns, Cleanup: 3125 ns, At safepoint: 44124 ns, Total: 1173200 ns
[2025-03-14T10:39:09.488+0000][9188][gc,marking  ] GC(16) Concurrent Mark From Roots 93.157ms
[2025-03-14T10:39:09.488+0000][9188][gc,marking  ] GC(16) Concurrent Preclean
[2025-03-14T10:39:09.488+0000][9188][gc,marking  ] GC(16) Concurrent Preclean 0.062ms
[2025-03-14T10:39:09.488+0000][9188][gc,start    ] GC(16) Pause Remark
[2025-03-14T10:39:09.494+0000][9188][gc          ] GC(16) Pause Remark 72M->72M(1952M) 6.057ms
[2025-03-14T10:39:09.494+0000][9188][gc,cpu      ] GC(16) User=0.01s Sys=0.00s Real=0.01s
[2025-03-14T10:39:09.495+0000][9188][safepoint   ] Safepoint "G1PauseRemark", Time since last: 1782113 ns, Reaching safepoint: 159458 ns, Cleanup: 1000 ns, At safepoint: 7361284 ns, Total: 7521742 ns
[2025-03-14T10:39:09.495+0000][9188][gc,marking  ] GC(16) Concurrent Mark 100.771ms
[2025-03-14T10:39:09.495+0000][9188][gc,marking  ] GC(16) Concurrent Rebuild Remembered Sets and Scrub Regions
[2025-03-14T10:39:09.537+0000][9188][gc,marking  ] GC(16) Concurrent Rebuild Remembered Sets and Scrub Regions 41.627ms
[2025-03-14T10:39:09.537+0000][9188][gc,start    ] GC(16) Pause Cleanup
[2025-03-14T10:39:09.537+0000][9188][gc          ] GC(16) Pause Cleanup 76M->76M(1952M) 0.282ms
[2025-03-14T10:39:09.537+0000][9188][gc,cpu      ] GC(16) User=0.00s Sys=0.00s Real=0.00s
[2025-03-14T10:39:09.537+0000][9188][safepoint   ] Safepoint "G1PauseCleanup", Time since last: 41661723 ns, Reaching safepoint: 2042 ns, Cleanup: 10667 ns, At safepoint: 296456 ns, Total: 309165 ns
[2025-03-14T10:39:09.537+0000][9188][gc,marking  ] GC(16) Concurrent Clear Claimed Marks
[2025-03-14T10:39:09.537+0000][9188][gc,marking  ] GC(16) Concurrent Clear Claimed Marks 0.058ms
[2025-03-14T10:39:09.537+0000][9188][gc,marking  ] GC(16) Concurrent Cleanup for Next Mark
[2025-03-14T10:39:09.539+0000][9188][gc,marking  ] GC(16) Concurrent Cleanup for Next Mark 1.749ms
[2025-03-14T10:39:09.539+0000][9188][gc          ] GC(16) Concurrent Mark Cycle 161.871ms
[2025-03-14T10:39:10.236+0000][9188][safepoint   ] Safepoint "ICBufferFull", Time since last: 699013317 ns, Reaching safepoint: 2292 ns, Cleanup: 52499 ns, At safepoint: 4417 ns, Total: 59208 ns
[2025-03-14T10:39:10.340+0000][9188][safepoint   ] Safepoint "ICBufferFull", Time since last: 103431105 ns, Reaching safepoint: 1833 ns, Cleanup: 59083 ns, At safepoint: 3417 ns, Total: 64333 ns
[2025-03-14T10:39:10.674+0000][9188][safepoint   ] Safepoint "ICBufferFull", Time since last: 334127239 ns, Reaching safepoint: 72167 ns, Cleanup: 61833 ns, At safepoint: 9083 ns, Total: 143083 ns
[2025-03-14T10:39:10.941+0000][9188][safepoint   ] Safepoint "ICBufferFull", Time since last: 266859436 ns, Reaching safepoint: 1959 ns, Cleanup: 68666 ns, At safepoint: 6875 ns, Total: 77500 ns
[2025-03-14T10:39:11.186+0000][9188][safepoint   ] Safepoint "ICBufferFull", Time since last: 244579667 ns, Reaching safepoint: 2417 ns, Cleanup: 52708 ns, At safepoint: 3000 ns, Total: 58125 ns
[2025-03-14T10:39:11.370+0000][9188][safepoint   ] Safepoint "ICBufferFull", Time since last: 184675024 ns, Reaching safepoint: 2000 ns, Cleanup: 47124 ns, At safepoint: 1334 ns, Total: 50458 ns
[2025-03-14T10:39:11.441+0000][9188][safepoint   ] Safepoint "ICBufferFull", Time since last: 70534323 ns, Reaching safepoint: 2167 ns, Cleanup: 42833 ns, At safepoint: 2583 ns, Total: 47583 ns
[2025-03-14T10:39:11.466+0000][9188][safepoint   ] Safepoint "ICBufferFull", Time since last: 24595670 ns, Reaching safepoint: 2333 ns, Cleanup: 62167 ns, At safepoint: 2458 ns, Total: 66958 ns
[2025-03-14T10:39:11.591+0000][9188][safepoint   ] Safepoint "ICBufferFull", Time since last: 125286710 ns, Reaching safepoint: 2500 ns, Cleanup: 82207 ns, At safepoint: 4000 ns, Total: 88707 ns
[2025-03-14T10:39:11.763+0000][9188][safepoint   ] Safepoint "ICBufferFull", Time since last: 171910776 ns, Reaching safepoint: 3666 ns, Cleanup: 52667 ns, At safepoint: 4916 ns, Total: 61249 ns
[2025-03-14T10:39:11.790+0000][9188][safepoint   ] Safepoint "ICBufferFull", Time since last: 27069195 ns, Reaching safepoint: 73708 ns, Cleanup: 69583 ns, At safepoint: 3000 ns, Total: 146291 ns
[2025-03-14T10:39:12.028+0000][9188][safepoint   ] Safepoint "ICBufferFull", Time since last: 237324424 ns, Reaching safepoint: 70500 ns, Cleanup: 56000 ns, At safepoint: 4208 ns, Total: 130708 ns
[2025-03-14T10:39:12.137+0000][9188][safepoint   ] Safepoint "ICBufferFull", Time since last: 109557772 ns, Reaching safepoint: 3250 ns, Cleanup: 57875 ns, At safepoint: 3042 ns, Total: 64167 ns
[2025-03-14T10:39:12.289+0000][9188][safepoint   ] Safepoint "ICBufferFull", Time since last: 151425661 ns, Reaching safepoint: 4041 ns, Cleanup: 43333 ns, At safepoint: 4917 ns, Total: 52291 ns
[2025-03-14T10:39:12.470+0000][9188][safepoint   ] Safepoint "ICBufferFull", Time since last: 181267546 ns, Reaching safepoint: 4834 ns, Cleanup: 44208 ns, At safepoint: 5958 ns, Total: 55000 ns
[2025-03-14T10:39:12.736+0000][9188][safepoint   ] Safepoint "ICBufferFull", Time since last: 265452446 ns, Reaching safepoint: 4041 ns, Cleanup: 57833 ns, At safepoint: 4917 ns, Total: 66791 ns
[2025-03-14T10:39:13.037+0000][9188][safepoint   ] Safepoint "ICBufferFull", Time since last: 301335666 ns, Reaching safepoint: 8375 ns, Cleanup: 79791 ns, At safepoint: 4417 ns, Total: 92583 ns
[2025-03-14T10:39:13.187+0000][9188][safepoint   ] Safepoint "ICBufferFull", Time since last: 150266960 ns, Reaching safepoint: 3542 ns, Cleanup: 85499 ns, At safepoint: 4375 ns, Total: 93416 ns
[2025-03-14T10:39:13.458+0000][9188][safepoint   ] Safepoint "ICBufferFull", Time since last: 269265337 ns, Reaching safepoint: 848036 ns, Cleanup: 62292 ns, At safepoint: 5291 ns, Total: 915619 ns
[2025-03-14T10:39:13.466+0000][9188][safepoint   ] Safepoint "ICBufferFull", Time since last: 5769004 ns, Reaching safepoint: 2385234 ns, Cleanup: 8041 ns, At safepoint: 5250 ns, Total: 2398525 ns
[2025-03-14T10:39:13.638+0000][9188][safepoint   ] Safepoint "ICBufferFull", Time since last: 172364814 ns, Reaching safepoint: 3500 ns, Cleanup: 50666 ns, At safepoint: 2625 ns, Total: 56791 ns
[2025-03-14T10:39:13.652+0000][9188][gc,start    ] GC(17) Pause Young (Normal) (G1 Evacuation Pause)
[2025-03-14T10:39:13.652+0000][9188][gc,task     ] GC(17) Using 1 workers of 1 for evacuation
[2025-03-14T10:39:13.652+0000][9188][gc,age      ] GC(17) Desired survivor size 33554432 bytes, new threshold 15 (max threshold 15)
[2025-03-14T10:39:13.743+0000][9188][gc,phases   ] GC(17)   Pre Evacuate Collection Set: 0.69ms
[2025-03-14T10:39:13.743+0000][9188][gc,phases   ] GC(17)   Merge Heap Roots: 0.08ms
[2025-03-14T10:39:13.743+0000][9188][gc,phases   ] GC(17)   Evacuate Collection Set: 88.10ms
[2025-03-14T10:39:13.743+0000][9188][gc,phases   ] GC(17)   Post Evacuate Collection Set: 1.69ms
[2025-03-14T10:39:13.743+0000][9188][gc,phases   ] GC(17)   Other: 0.09ms
[2025-03-14T10:39:13.743+0000][9188][gc,age      ] GC(17) Age table with threshold 15 (max threshold 15)
[2025-03-14T10:39:13.743+0000][9188][gc,age      ] GC(17) - age   1:   26771480 bytes,   26771480 total
[2025-03-14T10:39:13.743+0000][9188][gc,age      ] GC(17) - age   2:    6634184 bytes,   33405664 total
[2025-03-14T10:39:13.743+0000][9188][gc,age      ] GC(17) - age   3:    5392240 bytes,   38797904 total
[2025-03-14T10:39:13.743+0000][9188][gc,age      ] GC(17) - age   4:      50232 bytes,   38848136 total
[2025-03-14T10:39:13.743+0000][9188][gc,age      ] GC(17) - age   5:      26944 bytes,   38875080 total
[2025-03-14T10:39:13.743+0000][9188][gc,heap     ] GC(17) Eden regions: 121->0(33)
[2025-03-14T10:39:13.743+0000][9188][gc,heap     ] GC(17) Survivor regions: 4->10(16)
[2025-03-14T10:39:13.743+0000][9188][gc,heap     ] GC(17) Old regions: 12->12
[2025-03-14T10:39:13.743+0000][9188][gc,heap     ] GC(17) Humongous regions: 5->5
[2025-03-14T10:39:13.743+0000][9188][gc,metaspace] GC(17) Metaspace: 104274K(107264K)->104274K(107264K) NonClass: 89437K(91136K)->89437K(91136K) Class: 14836K(16128K)->14836K(16128K)
[2025-03-14T10:39:13.743+0000][9188][gc          ] GC(17) Pause Young (Normal) (G1 Evacuation Pause) 564M->104M(1952M) 90.777ms
[2025-03-14T10:39:13.743+0000][9188][gc,cpu      ] GC(17) User=0.09s Sys=0.00s Real=0.09s
[2025-03-14T10:39:13.746+0000][9188][safepoint   ] Safepoint "G1CollectForAllocation", Time since last: 13899158 ns, Reaching safepoint: 3208 ns, Cleanup: 21459 ns, At safepoint: 93838543 ns, Total: 93863210 ns
[2025-03-14T10:39:13.910+0000][9188][safepoint   ] Safepoint "ICBufferFull", Time since last: 164003203 ns, Reaching safepoint: 130124 ns, Cleanup: 59708 ns, At safepoint: 2917 ns, Total: 192749 ns
[2025-03-14T10:39:14.060+0000][9188][safepoint   ] Safepoint "ICBufferFull", Time since last: 144182834 ns, Reaching safepoint: 695870 ns, Cleanup: 54292 ns, At safepoint: 4875717 ns, Total: 5625879 ns
[2025-03-14T10:39:14.062+0000][9188][safepoint   ] Safepoint "ICBufferFull", Time since last: 1715780 ns, Reaching safepoint: 75708 ns, Cleanup: 4709 ns, At safepoint: 3833 ns, Total: 84250 ns
[2025-03-14T10:39:14.180+0000][9188][gc,start    ] GC(18) Pause Young (Concurrent Start) (Metadata GC Threshold)
[2025-03-14T10:39:14.180+0000][9188][gc,task     ] GC(18) Using 1 workers of 1 for evacuation
[2025-03-14T10:39:14.180+0000][9188][gc,age      ] GC(18) Desired survivor size 10485760 bytes, new threshold 1 (max threshold 15)
[2025-03-14T10:39:14.244+0000][9188][gc,phases   ] GC(18)   Pre Evacuate Collection Set: 0.08ms
[2025-03-14T10:39:14.244+0000][9188][gc,phases   ] GC(18)   Merge Heap Roots: 0.03ms
[2025-03-14T10:39:14.244+0000][9188][gc,phases   ] GC(18)   Evacuate Collection Set: 62.85ms
[2025-03-14T10:39:14.244+0000][9188][gc,phases   ] GC(18)   Post Evacuate Collection Set: 1.06ms
[2025-03-14T10:39:14.244+0000][9188][gc,phases   ] GC(18)   Other: 0.05ms
[2025-03-14T10:39:14.244+0000][9188][gc,age      ] GC(18) Age table with threshold 1 (max threshold 15)
[2025-03-14T10:39:14.244+0000][9188][gc,age      ] GC(18) - age   1:    3721744 bytes,    3721744 total
[2025-03-14T10:39:14.244+0000][9188][gc,heap     ] GC(18) Eden regions: 19->0(233)
[2025-03-14T10:39:14.244+0000][9188][gc,heap     ] GC(18) Survivor regions: 10->1(5)
[2025-03-14T10:39:14.244+0000][9188][gc,heap     ] GC(18) Old regions: 12->21
[2025-03-14T10:39:14.244+0000][9188][gc,heap     ] GC(18) Humongous regions: 5->5
[2025-03-14T10:39:14.244+0000][9188][gc,metaspace] GC(18) Metaspace: 104958K(107840K)->104958K(107840K) NonClass: 90043K(91648K)->90043K(91648K) Class: 14914K(16192K)->14914K(16192K)
[2025-03-14T10:39:14.244+0000][9188][gc          ] GC(18) Pause Young (Concurrent Start) (Metadata GC Threshold) 178M->108M(1952M) 64.141ms
[2025-03-14T10:39:14.244+0000][9188][gc,cpu      ] GC(18) User=0.06s Sys=0.00s Real=0.06s
[2025-03-14T10:39:14.245+0000][9188][gc          ] GC(19) Concurrent Mark Cycle
[2025-03-14T10:39:14.245+0000][9188][gc,marking  ] GC(19) Concurrent Scan Root Regions
[2025-03-14T10:39:14.247+0000][9188][safepoint   ] Safepoint "CollectForMetadataAllocation", Time since last: 118126896 ns, Reaching safepoint: 80124 ns, Cleanup: 47625 ns, At safepoint: 66818213 ns, Total: 66945962 ns
[2025-03-14T10:39:14.255+0000][9188][safepoint   ] Safepoint "CollectForMetadataAllocation", Time since last: 5134927 ns, Reaching safepoint: 2988690 ns, Cleanup: 2083 ns, At safepoint: 6000 ns, Total: 2996773 ns
[2025-03-14T10:39:14.308+0000][9188][safepoint   ] Safepoint "CollectForMetadataAllocation", Time since last: 52043804 ns, Reaching safepoint: 947828 ns, Cleanup: 17125 ns, At safepoint: 47333 ns, Total: 1012286 ns
[2025-03-14T10:39:14.312+0000][9188][safepoint   ] Safepoint "CollectForMetadataAllocation", Time since last: 2953606 ns, Reaching safepoint: 643830 ns, Cleanup: 2208 ns, At safepoint: 75875 ns, Total: 721913 ns
[2025-03-14T10:39:14.342+0000][9188][gc,marking  ] GC(19) Concurrent Scan Root Regions 97.623ms
[2025-03-14T10:39:14.342+0000][9188][gc,marking  ] GC(19) Concurrent Mark
[2025-03-14T10:39:14.342+0000][9188][gc,marking  ] GC(19) Concurrent Mark From Roots
[2025-03-14T10:39:14.342+0000][9188][gc,task     ] GC(19) Using 1 workers of 1 for marking
[2025-03-14T10:39:14.360+0000][9188][safepoint   ] Safepoint "CollectForMetadataAllocation", Time since last: 47810705 ns, Reaching safepoint: 244915 ns, Cleanup: 32583 ns, At safepoint: 54667 ns, Total: 332165 ns
[2025-03-14T10:39:14.400+0000][9188][safepoint   ] Safepoint "CollectForMetadataAllocation", Time since last: 39277008 ns, Reaching safepoint: 855286 ns, Cleanup: 17667 ns, At safepoint: 55791 ns, Total: 928744 ns
[2025-03-14T10:39:14.403+0000][9188][safepoint   ] Safepoint "CollectForMetadataAllocation", Time since last: 1925780 ns, Reaching safepoint: 1077743 ns, Cleanup: 4708 ns, At safepoint: 3167 ns, Total: 1085618 ns
[2025-03-14T10:39:14.408+0000][9188][safepoint   ] Safepoint "CollectForMetadataAllocation", Time since last: 2720108 ns, Reaching safepoint: 2255736 ns, Cleanup: 3167 ns, At safepoint: 2750 ns, Total: 2261653 ns
[2025-03-14T10:39:14.413+0000][9188][safepoint   ] Safepoint "CollectForMetadataAllocation", Time since last: 3917851 ns, Reaching safepoint: 746828 ns, Cleanup: 2334 ns, At safepoint: 4083 ns, Total: 753245 ns
[2025-03-14T10:39:14.535+0000][9188][gc,marking  ] GC(19) Concurrent Mark From Roots 192.521ms
[2025-03-14T10:39:14.535+0000][9188][gc,marking  ] GC(19) Concurrent Preclean
[2025-03-14T10:39:14.535+0000][9188][gc,marking  ] GC(19) Concurrent Preclean 0.087ms
[2025-03-14T10:39:14.536+0000][9188][gc,start    ] GC(19) Pause Remark
[2025-03-14T10:39:14.546+0000][9188][gc          ] GC(19) Pause Remark 158M->158M(1952M) 9.907ms
[2025-03-14T10:39:14.546+0000][9188][gc,cpu      ] GC(19) User=0.01s Sys=0.00s Real=0.01s
[2025-03-14T10:39:14.546+0000][9188][safepoint   ] Safepoint "G1PauseRemark", Time since last: 122684369 ns, Reaching safepoint: 564288 ns, Cleanup: 14708 ns, At safepoint: 9941106 ns, Total: 10520102 ns
[2025-03-14T10:39:14.546+0000][9188][gc,marking  ] GC(19) Concurrent Mark 203.489ms
[2025-03-14T10:39:14.546+0000][9188][gc,marking  ] GC(19) Concurrent Rebuild Remembered Sets and Scrub Regions
[2025-03-14T10:39:14.690+0000][9188][gc,marking  ] GC(19) Concurrent Rebuild Remembered Sets and Scrub Regions 144.102ms
[2025-03-14T10:39:14.694+0000][9188][gc,start    ] GC(19) Pause Cleanup
[2025-03-14T10:39:14.695+0000][9188][gc          ] GC(19) Pause Cleanup 181M->181M(1952M) 0.982ms
[2025-03-14T10:39:14.695+0000][9188][gc,cpu      ] GC(19) User=0.00s Sys=0.00s Real=0.00s
[2025-03-14T10:39:14.695+0000][9188][safepoint   ] Safepoint "G1PauseCleanup", Time since last: 144138653 ns, Reaching safepoint: 3903476 ns, Cleanup: 28125 ns, At safepoint: 1011660 ns, Total: 4943261 ns
[2025-03-14T10:39:14.697+0000][9188][gc,marking  ] GC(19) Concurrent Clear Claimed Marks
[2025-03-14T10:39:14.697+0000][9188][gc,marking  ] GC(19) Concurrent Clear Claimed Marks 0.215ms
[2025-03-14T10:39:14.697+0000][9188][gc,marking  ] GC(19) Concurrent Cleanup for Next Mark
[2025-03-14T10:39:14.775+0000][9188][gc,marking  ] GC(19) Concurrent Cleanup for Next Mark 78.172ms
[2025-03-14T10:39:14.775+0000][9188][gc          ] GC(19) Concurrent Mark Cycle 530.218ms
[2025-03-14T10:39:15.184+0000][9188][safepoint   ] Safepoint "ICBufferFull", Time since last: 488807101 ns, Reaching safepoint: 5833 ns, Cleanup: 58625 ns, At safepoint: 4959 ns, Total: 69417 ns
[2025-03-14T10:39:16.184+0000][9188][safepoint   ] Safepoint "Cleanup", Time since last: 1000125431 ns, Reaching safepoint: 57000 ns, Cleanup: 112166 ns, At safepoint: 10209 ns, Total: 179375 ns
[2025-03-14T10:39:17.184+0000][9188][safepoint   ] Safepoint "Cleanup", Time since last: 1000138730 ns, Reaching safepoint: 11708 ns, Cleanup: 30167 ns, At safepoint: 5375 ns, Total: 47250 ns
[2025-03-14T10:39:17.715+0000][9188][safepoint   ] Safepoint "ICBufferFull", Time since last: 530823366 ns, Reaching safepoint: 7375 ns, Cleanup: 45958 ns, At safepoint: 5667 ns, Total: 59000 ns
[2025-03-14T10:39:17.793+0000][9188][safepoint   ] Safepoint "ICBufferFull", Time since last: 77723562 ns, Reaching safepoint: 69750 ns, Cleanup: 45791 ns, At safepoint: 3542 ns, Total: 119083 ns
[2025-03-14T10:39:17.964+0000][9188][safepoint   ] Safepoint "ICBufferFull", Time since last: 170463898 ns, Reaching safepoint: 3792 ns, Cleanup: 68000 ns, At safepoint: 3541 ns, Total: 75333 ns
[2025-03-14T10:39:18.083+0000][9188][safepoint   ] Safepoint "ICBufferFull", Time since last: 119275227 ns, Reaching safepoint: 3917 ns, Cleanup: 56249 ns, At safepoint: 2667 ns, Total: 62833 ns
[2025-03-14T10:39:18.142+0000][9188][safepoint   ] Safepoint "ICBufferFull", Time since last: 59362563 ns, Reaching safepoint: 3667 ns, Cleanup: 46124 ns, At safepoint: 3417 ns, Total: 53208 ns
[2025-03-14T10:39:18.331+0000][9188][safepoint   ] Safepoint "ICBufferFull", Time since last: 188584224 ns, Reaching safepoint: 10083 ns, Cleanup: 51042 ns, At safepoint: 5458 ns, Total: 66583 ns
[2025-03-14T10:39:19.331+0000][9188][safepoint   ] Safepoint "Cleanup", Time since last: 1000320310 ns, Reaching safepoint: 14584 ns, Cleanup: 47374 ns, At safepoint: 4209 ns, Total: 66167 ns
[2025-03-14T10:39:20.332+0000][9188][safepoint   ] Safepoint "Cleanup", Time since last: 1000097400 ns, Reaching safepoint: 16709 ns, Cleanup: 7666 ns, At safepoint: 5500 ns, Total: 29875 ns
[2025-03-14T10:39:21.332+0000][9188][safepoint   ] Safepoint "Cleanup", Time since last: 1000083333 ns, Reaching safepoint: 5375 ns, Cleanup: 18291 ns, At safepoint: 4542 ns, Total: 28208 ns
[2025-03-14T10:39:22.332+0000][9188][safepoint   ] Safepoint "Cleanup", Time since last: 1000088458 ns, Reaching safepoint: 16458 ns, Cleanup: 18542 ns, At safepoint: 5833 ns, Total: 40833 ns
[2025-03-14T10:39:23.332+0000][9188][safepoint   ] Safepoint "Cleanup", Time since last: 1000123469 ns, Reaching safepoint: 8542 ns, Cleanup: 20083 ns, At safepoint: 5500 ns, Total: 34125 ns
[2025-03-14T10:39:23.795+0000][9188][safepoint   ] Safepoint "ICBufferFull", Time since last: 463443237 ns, Reaching safepoint: 4708 ns, Cleanup: 73625 ns, At safepoint: 4458 ns, Total: 82791 ns
[2025-03-14T10:39:24.796+0000][9188][safepoint   ] Safepoint "Cleanup", Time since last: 1000097308 ns, Reaching safepoint: 15375 ns, Cleanup: 96125 ns, At safepoint: 10416 ns, Total: 121916 ns
[2025-03-14T10:39:25.797+0000][9188][safepoint   ] Safepoint "Cleanup", Time since last: 1001066893 ns, Reaching safepoint: 77625 ns, Cleanup: 595538 ns, At safepoint: 37958 ns, Total: 711121 ns
[2025-03-14T10:39:26.798+0000][9188][safepoint   ] Safepoint "Cleanup", Time since last: 1000850795 ns, Reaching safepoint: 18291 ns, Cleanup: 90833 ns, At safepoint: 8167 ns, Total: 117291 ns
[2025-03-14T10:39:27.800+0000][9188][safepoint   ] Safepoint "Cleanup", Time since last: 1001016042 ns, Reaching safepoint: 17542 ns, Cleanup: 27791 ns, At safepoint: 6834 ns, Total: 52167 ns
[2025-03-14T10:39:29.734+0000][9188][safepoint   ] Safepoint "ICBufferFull", Time since last: 1934241242 ns, Reaching safepoint: 3917 ns, Cleanup: 66208 ns, At safepoint: 4125 ns, Total: 74250 ns
[2025-03-14T10:39:30.735+0000][9188][safepoint   ] Safepoint "Cleanup", Time since last: 1000630096 ns, Reaching safepoint: 16625 ns, Cleanup: 197666 ns, At safepoint: 10416 ns, Total: 224707 ns
[2025-03-14T10:39:31.735+0000][9188][safepoint   ] Safepoint "Cleanup", Time since last: 1000112919 ns, Reaching safepoint: 21084 ns, Cleanup: 35374 ns, At safepoint: 5167 ns, Total: 61625 ns
[2025-03-14T10:39:32.736+0000][9188][safepoint   ] Safepoint "Cleanup", Time since last: 1000669947 ns, Reaching safepoint: 5583 ns, Cleanup: 24708 ns, At safepoint: 4334 ns, Total: 34625 ns
[2025-03-14T10:39:33.736+0000][9188][safepoint   ] Safepoint "Cleanup", Time since last: 1000249441 ns, Reaching safepoint: 36292 ns, Cleanup: 87374 ns, At safepoint: 20750 ns, Total: 144416 ns
[2025-03-14T10:39:34.736+0000][9188][safepoint   ] Safepoint "Cleanup", Time since last: 1000175020 ns, Reaching safepoint: 34124 ns, Cleanup: 29459 ns, At safepoint: 8458 ns, Total: 72041 ns
[2025-03-14T10:39:35.738+0000][9188][safepoint   ] Safepoint "Cleanup", Time since last: 1000120265 ns, Reaching safepoint: 1643824 ns, Cleanup: 41041 ns, At safepoint: 7917 ns, Total: 1692782 ns
[2025-03-14T10:39:36.738+0000][9188][safepoint   ] Safepoint "Cleanup", Time since last: 1000081054 ns, Reaching safepoint: 9375 ns, Cleanup: 63333 ns, At safepoint: 6291 ns, Total: 78999 ns
[2025-03-14T10:39:37.738+0000][9188][safepoint   ] Safepoint "Cleanup", Time since last: 1000093427 ns, Reaching safepoint: 6916 ns, Cleanup: 21250 ns, At safepoint: 4084 ns, Total: 32250 ns
[2025-03-14T10:39:38.738+0000][9188][safepoint   ] Safepoint "Cleanup", Time since last: 1000089091 ns, Reaching safepoint: 12333 ns, Cleanup: 45083 ns, At safepoint: 5209 ns, Total: 62625 ns
[2025-03-14T10:39:39.739+0000][9188][safepoint   ] Safepoint "Cleanup", Time since last: 1000092923 ns, Reaching safepoint: 35500 ns, Cleanup: 47041 ns, At safepoint: 6708 ns, Total: 89249 ns
[2025-03-14T10:39:41.735+0000][9188][safepoint   ] Safepoint "ICBufferFull", Time since last: 1996630658 ns, Reaching safepoint: 72666 ns, Cleanup: 58375 ns, At safepoint: 5875 ns, Total: 136916 ns
[2025-03-14T10:39:41.948+0000][9188][safepoint   ] Safepoint "ICBufferFull", Time since last: 212193401 ns, Reaching safepoint: 4708 ns, Cleanup: 79083 ns, At safepoint: 4833 ns, Total: 88624 ns
[2025-03-14T10:39:42.948+0000][9188][safepoint   ] Safepoint "Cleanup", Time since last: 1000417836 ns, Reaching safepoint: 54541 ns, Cleanup: 45000 ns, At safepoint: 7791 ns, Total: 107332 ns
[2025-03-14T10:39:43.949+0000][9188][safepoint   ] Safepoint "Cleanup", Time since last: 1000780166 ns, Reaching safepoint: 13792 ns, Cleanup: 70125 ns, At safepoint: 9041 ns, Total: 92958 ns
[2025-03-14T10:39:44.949+0000][9188][safepoint   ] Safepoint "Cleanup", Time since last: 1000101837 ns, Reaching safepoint: 64958 ns, Cleanup: 37291 ns, At safepoint: 6959 ns, Total: 109208 ns
[2025-03-14T10:39:45.950+0000][9188][safepoint   ] Safepoint "Cleanup", Time since last: 1000145711 ns, Reaching safepoint: 33041 ns, Cleanup: 31083 ns, At safepoint: 13042 ns, Total: 77166 ns
[2025-03-14T10:39:46.950+0000][9188][safepoint   ] Safepoint "Cleanup", Time since last: 1000137294 ns, Reaching safepoint: 38667 ns, Cleanup: 23166 ns, At safepoint: 10292 ns, Total: 72125 ns
[2025-03-14T10:39:47.842+0000][9188][safepoint   ] Safepoint "ICBufferFull", Time since last: 892208918 ns, Reaching safepoint: 8125 ns, Cleanup: 69499 ns, At safepoint: 5042 ns, Total: 82666 ns
[2025-03-14T10:39:48.843+0000][9188][safepoint   ] Safepoint "Cleanup", Time since last: 1000566583 ns, Reaching safepoint: 222249 ns, Cleanup: 288623 ns, At safepoint: 28583 ns, Total: 539455 ns
[2025-03-14T10:39:49.844+0000][9188][safepoint   ] Safepoint "Cleanup", Time since last: 1000415459 ns, Reaching safepoint: 80000 ns, Cleanup: 74166 ns, At safepoint: 34375 ns, Total: 188541 ns
[2025-03-14T10:39:50.845+0000][9188][safepoint   ] Safepoint "Cleanup", Time since last: 1000877789 ns, Reaching safepoint: 48250 ns, Cleanup: 125083 ns, At safepoint: 11291 ns, Total: 184624 ns
[2025-03-14T10:39:51.845+0000][9188][safepoint   ] Safepoint "Cleanup", Time since last: 1000192211 ns, Reaching safepoint: 30458 ns, Cleanup: 30291 ns, At safepoint: 12500 ns, Total: 73249 ns
[2025-03-14T10:39:53.848+0000][9188][safepoint   ] Safepoint "Cleanup", Time since last: 2001481372 ns, Reaching safepoint: 320248 ns, Cleanup: 69208 ns, At safepoint: 1210493 ns, Total: 1599949 ns
[2025-03-14T10:39:54.849+0000][9188][safepoint   ] Safepoint "Cleanup", Time since last: 1000961289 ns, Reaching safepoint: 12500 ns, Cleanup: 23083 ns, At safepoint: 5083 ns, Total: 40666 ns
[2025-03-14T10:39:55.849+0000][9188][safepoint   ] Safepoint "Cleanup", Time since last: 1000107836 ns, Reaching safepoint: 72416 ns, Cleanup: 10375 ns, At safepoint: 5042 ns, Total: 87833 ns
[2025-03-14T10:39:56.850+0000][9188][safepoint   ] Safepoint "Cleanup", Time since last: 1000312418 ns, Reaching safepoint: 5083 ns, Cleanup: 19375 ns, At safepoint: 3208 ns, Total: 27666 ns
[2025-03-14T10:39:58.686+0000][9188][safepoint   ] Safepoint "Cleanup", Time since last: 1836108725 ns, Reaching safepoint: 15541 ns, Cleanup: 17959 ns, At safepoint: 3791 ns, Total: 37291 ns
[2025-03-14T10:39:59.687+0000][9188][safepoint   ] Safepoint "Cleanup", Time since last: 1000092086 ns, Reaching safepoint: 571122 ns, Cleanup: 21250 ns, At safepoint: 5291 ns, Total: 597663 ns
[2025-03-14T10:40:00.687+0000][9188][safepoint   ] Safepoint "Cleanup", Time since last: 1000112961 ns, Reaching safepoint: 12375 ns, Cleanup: 52166 ns, At safepoint: 8208 ns, Total: 72749 ns
[2025-03-14T10:40:01.687+0000][9188][safepoint   ] Safepoint "Cleanup", Time since last: 1000133086 ns, Reaching safepoint: 14250 ns, Cleanup: 61500 ns, At safepoint: 5875 ns, Total: 81625 ns
[2025-03-14T10:40:02.690+0000][9188][safepoint   ] Safepoint "Cleanup", Time since last: 1002845568 ns, Reaching safepoint: 90083 ns, Cleanup: 17000 ns, At safepoint: 9167 ns, Total: 116250 ns
[2025-03-14T10:40:03.695+0000][9188][safepoint   ] Safepoint "Cleanup", Time since last: 1004665724 ns, Reaching safepoint: 73583 ns, Cleanup: 55125 ns, At safepoint: 13333 ns, Total: 142041 ns
[2025-03-14T10:40:05.699+0000][9188][safepoint   ] Safepoint "Cleanup", Time since last: 2000561628 ns, Reaching safepoint: 77207 ns, Cleanup: 12417 ns, At safepoint: 3718394 ns, Total: 3808018 ns
[2025-03-14T10:40:05.793+0000][9188][safepoint   ] Safepoint "ICBufferFull", Time since last: 94203878 ns, Reaching safepoint: 4458 ns, Cleanup: 54041 ns, At safepoint: 4625 ns, Total: 63124 ns
[2025-03-14T10:40:06.794+0000][9188][safepoint   ] Safepoint "Cleanup", Time since last: 1000088169 ns, Reaching safepoint: 24834 ns, Cleanup: 69124 ns, At safepoint: 9125 ns, Total: 103083 ns
[2025-03-14T10:40:08.674+0000][9188][safepoint   ] Safepoint "Cleanup", Time since last: 1880006329 ns, Reaching safepoint: 454206 ns, Cleanup: 35749 ns, At safepoint: 16250 ns, Total: 506205 ns
[2025-03-14T10:40:09.675+0000][9188][safepoint   ] Safepoint "Cleanup", Time since last: 1000488459 ns, Reaching safepoint: 12875 ns, Cleanup: 46999 ns, At safepoint: 6125 ns, Total: 65999 ns
[2025-03-14T10:40:10.675+0000][9188][safepoint   ] Safepoint "Cleanup", Time since last: 1000229252 ns, Reaching safepoint: 40583 ns, Cleanup: 48375 ns, At safepoint: 14375 ns, Total: 103333 ns
[2025-03-14T10:40:11.679+0000][9188][safepoint   ] Safepoint "Cleanup", Time since last: 1003310941 ns, Reaching safepoint: 466830 ns, Cleanup: 32917 ns, At safepoint: 20833 ns, Total: 520580 ns
[2025-03-14T10:40:12.093+0000][9188][safepoint   ] Safepoint "ICBufferFull", Time since last: 414212989 ns, Reaching safepoint: 40958 ns, Cleanup: 139999 ns, At safepoint: 7750 ns, Total: 188707 ns
[2025-03-14T10:40:13.094+0000][9188][safepoint   ] Safepoint "Cleanup", Time since last: 1000298751 ns, Reaching safepoint: 56250 ns, Cleanup: 24791 ns, At safepoint: 11583 ns, Total: 92624 ns
[2025-03-14T10:40:14.094+0000][9188][safepoint   ] Safepoint "Cleanup", Time since last: 1000214015 ns, Reaching safepoint: 16542 ns, Cleanup: 34666 ns, At safepoint: 7958 ns, Total: 59166 ns
[2025-03-14T10:40:15.094+0000][9188][safepoint   ] Safepoint "Cleanup", Time since last: 1000125480 ns, Reaching safepoint: 34583 ns, Cleanup: 27000 ns, At safepoint: 7750 ns, Total: 69333 ns
[2025-03-14T10:40:17.095+0000][9188][safepoint   ] Safepoint "Cleanup", Time since last: 2000613377 ns, Reaching safepoint: 21083 ns, Cleanup: 27833 ns, At safepoint: 5708 ns, Total: 54624 ns
[2025-03-14T10:40:18.095+0000][9188][safepoint   ] Safepoint "Cleanup", Time since last: 1000115797 ns, Reaching safepoint: 9333 ns, Cleanup: 97708 ns, At safepoint: 19417 ns, Total: 126458 ns
[2025-03-14T10:40:19.096+0000][9188][safepoint   ] Safepoint "Cleanup", Time since last: 1000943691 ns, Reaching safepoint: 51458 ns, Cleanup: 95666 ns, At safepoint: 13417 ns, Total: 160541 ns
[2025-03-14T10:40:20.097+0000][9188][safepoint   ] Safepoint "Cleanup", Time since last: 1000958186 ns, Reaching safepoint: 17292 ns, Cleanup: 23083 ns, At safepoint: 5375 ns, Total: 45750 ns
[2025-03-14T10:40:21.097+0000][9188][safepoint   ] Safepoint "Cleanup", Time since last: 1000098375 ns, Reaching safepoint: 13166 ns, Cleanup: 54875 ns, At safepoint: 6125 ns, Total: 74166 ns
[2025-03-14T10:40:22.097+0000][9188][safepoint   ] Safepoint "Cleanup", Time since last: 1000104972 ns, Reaching safepoint: 7333 ns, Cleanup: 32667 ns, At safepoint: 4541 ns, Total: 44541 ns
[2025-03-14T10:40:23.097+0000][9188][safepoint   ] Safepoint "Cleanup", Time since last: 1000089837 ns, Reaching safepoint: 10249 ns, Cleanup: 10125 ns, At safepoint: 8625 ns, Total: 28999 ns
[2025-03-14T10:40:24.098+0000][9188][safepoint   ] Safepoint "Cleanup", Time since last: 1000109787 ns, Reaching safepoint: 10333 ns, Cleanup: 49083 ns, At safepoint: 8209 ns, Total: 67625 ns
[2025-03-14T10:40:25.098+0000][9188][safepoint   ] Safepoint "Cleanup", Time since last: 1000123686 ns, Reaching safepoint: 16500 ns, Cleanup: 98166 ns, At safepoint: 7500 ns, Total: 122166 ns
[2025-03-14T10:40:27.098+0000][9188][safepoint   ] Safepoint "Cleanup", Time since last: 2000553208 ns, Reaching safepoint: 22209 ns, Cleanup: 19499 ns, At safepoint: 6084 ns, Total: 47792 ns
[2025-03-14T10:40:30.099+0000][9188][safepoint   ] Safepoint "Cleanup", Time since last: 3000289872 ns, Reaching safepoint: 92708 ns, Cleanup: 393289 ns, At safepoint: 50166 ns, Total: 536163 ns
[2025-03-14T10:40:31.105+0000][9188][safepoint   ] Safepoint "Cleanup", Time since last: 1005455495 ns, Reaching safepoint: 18125 ns, Cleanup: 29083 ns, At safepoint: 11333 ns, Total: 58541 ns
[2025-03-14T10:40:32.105+0000][9188][safepoint   ] Safepoint "Cleanup", Time since last: 1000166052 ns, Reaching safepoint: 119208 ns, Cleanup: 61416 ns, At safepoint: 6542 ns, Total: 187166 ns
[2025-03-14T10:40:33.106+0000][9188][safepoint   ] Safepoint "Cleanup", Time since last: 1000204167 ns, Reaching safepoint: 36750 ns, Cleanup: 96791 ns, At safepoint: 18167 ns, Total: 151708 ns
[2025-03-14T10:40:34.108+0000][9188][safepoint   ] Safepoint "Cleanup", Time since last: 1002277314 ns, Reaching safepoint: 38750 ns, Cleanup: 54541 ns, At safepoint: 12792 ns, Total: 106083 ns
[2025-03-14T10:40:36.109+0000][9188][safepoint   ] Safepoint "Cleanup", Time since last: 2000973759 ns, Reaching safepoint: 23167 ns, Cleanup: 66333 ns, At safepoint: 6000 ns, Total: 95500 ns
[2025-03-14T10:40:37.110+0000][9188][safepoint   ] Safepoint "Cleanup", Time since last: 1000992392 ns, Reaching safepoint: 53208 ns, Cleanup: 42416 ns, At safepoint: 8542 ns, Total: 104166 ns
[2025-03-14T10:40:38.111+0000][9188][safepoint   ] Safepoint "Cleanup", Time since last: 1000901474 ns, Reaching safepoint: 33374 ns, Cleanup: 53833 ns, At safepoint: 4375 ns, Total: 91582 ns
[2025-03-14T10:40:39.113+0000][9188][safepoint   ] Safepoint "Cleanup", Time since last: 1001363595 ns, Reaching safepoint: 56500 ns, Cleanup: 62957 ns, At safepoint: 11917 ns, Total: 131374 ns
[2025-03-14T10:40:40.113+0000][9188][safepoint   ] Safepoint "Cleanup", Time since last: 1000229850 ns, Reaching safepoint: 7083 ns, Cleanup: 11750 ns, At safepoint: 4750 ns, Total: 23583 ns
[2025-03-14T10:40:42.113+0000][9188][safepoint   ] Safepoint "Cleanup", Time since last: 2000152448 ns, Reaching safepoint: 13541 ns, Cleanup: 81125 ns, At safepoint: 5625 ns, Total: 100291 ns
[2025-03-14T10:40:43.113+0000][9188][safepoint   ] Safepoint "Cleanup", Time since last: 1000122347 ns, Reaching safepoint: 9625 ns, Cleanup: 21417 ns, At safepoint: 5708 ns, Total: 36750 ns
[2025-03-14T10:40:44.113+0000][9188][safepoint   ] Safepoint "Cleanup", Time since last: 1000089806 ns, Reaching safepoint: 13167 ns, Cleanup: 63624 ns, At safepoint: 6375 ns, Total: 83166 ns
[2025-03-14T10:40:45.137+0000][9188][safepoint   ] Safepoint "Cleanup", Time since last: 1023711797 ns, Reaching safepoint: 40625 ns, Cleanup: 53083 ns, At safepoint: 12083 ns, Total: 105791 ns
[2025-03-14T10:40:47.138+0000][9188][safepoint   ] Safepoint "Cleanup", Time since last: 2000232652 ns, Reaching safepoint: 45208 ns, Cleanup: 33458 ns, At safepoint: 9875 ns, Total: 88541 ns
[2025-03-14T10:40:48.138+0000][9188][safepoint   ] Safepoint "Cleanup", Time since last: 1000150138 ns, Reaching safepoint: 26667 ns, Cleanup: 99916 ns, At safepoint: 6708 ns, Total: 133291 ns
[2025-03-14T10:40:49.138+0000][9188][safepoint   ] Safepoint "Cleanup", Time since last: 1000100847 ns, Reaching safepoint: 10458 ns, Cleanup: 25083 ns, At safepoint: 4833 ns, Total: 40374 ns
[2025-03-14T10:40:50.138+0000][9188][safepoint   ] Safepoint "Cleanup", Time since last: 1000114888 ns, Reaching safepoint: 30000 ns, Cleanup: 46625 ns, At safepoint: 5750 ns, Total: 82375 ns
[2025-03-14T10:40:51.138+0000][9188][safepoint   ] Safepoint "Cleanup", Time since last: 1000142138 ns, Reaching safepoint: 15916 ns, Cleanup: 26083 ns, At safepoint: 8500 ns, Total: 50499 ns
[2025-03-14T10:40:53.792+0000][9188][safepoint   ] Safepoint "ICBufferFull", Time since last: 2653542208 ns, Reaching safepoint: 22916 ns, Cleanup: 140166 ns, At safepoint: 5625 ns, Total: 168707 ns
[2025-03-14T10:40:54.793+0000][9188][safepoint   ] Safepoint "Cleanup", Time since last: 1000356345 ns, Reaching safepoint: 105333 ns, Cleanup: 369664 ns, At safepoint: 15667 ns, Total: 490664 ns
[2025-03-14T10:40:55.794+0000][9188][safepoint   ] Safepoint "Cleanup", Time since last: 1000741551 ns, Reaching safepoint: 78916 ns, Cleanup: 104124 ns, At safepoint: 25375 ns, Total: 208415 ns
[2025-03-14T10:40:56.795+0000][9188][safepoint   ] Safepoint "Cleanup", Time since last: 1000594844 ns, Reaching safepoint: 46958 ns, Cleanup: 122166 ns, At safepoint: 24125 ns, Total: 193249 ns
[2025-03-14T10:40:58.751+0000][9188][safepoint   ] Safepoint "Cleanup", Time since last: 1956248982 ns, Reaching safepoint: 105666 ns, Cleanup: 34333 ns, At safepoint: 16584 ns, Total: 156583 ns
[2025-03-14T10:40:59.752+0000][9188][safepoint   ] Safepoint "Cleanup", Time since last: 1000359511 ns, Reaching safepoint: 828620 ns, Cleanup: 41042 ns, At safepoint: 13291 ns, Total: 882953 ns
[2025-03-14T10:41:00.752+0000][9188][safepoint   ] Safepoint "Cleanup", Time since last: 1000091722 ns, Reaching safepoint: 15875 ns, Cleanup: 23583 ns, At safepoint: 5125 ns, Total: 44583 ns
[2025-03-14T10:41:02.753+0000][9188][safepoint   ] Safepoint "Cleanup", Time since last: 2000603315 ns, Reaching safepoint: 19791 ns, Cleanup: 17417 ns, At safepoint: 8042 ns, Total: 45250 ns
[2025-03-14T10:41:03.753+0000][9188][safepoint   ] Safepoint "Cleanup", Time since last: 1000151345 ns, Reaching safepoint: 7000 ns, Cleanup: 14792 ns, At safepoint: 4833 ns, Total: 26625 ns
[2025-03-14T10:41:05.753+0000][9188][safepoint   ] Safepoint "Cleanup", Time since last: 2000151901 ns, Reaching safepoint: 12042 ns, Cleanup: 22833 ns, At safepoint: 11417 ns, Total: 46292 ns
[2025-03-14T10:41:06.754+0000][9188][safepoint   ] Safepoint "Cleanup", Time since last: 1000108138 ns, Reaching safepoint: 27208 ns, Cleanup: 24708 ns, At safepoint: 5375 ns, Total: 57291 ns
[2025-03-14T10:41:07.754+0000][9188][safepoint   ] Safepoint "Cleanup", Time since last: 1000083929 ns, Reaching safepoint: 12750 ns, Cleanup: 54458 ns, At safepoint: 5917 ns, Total: 73125 ns
[2025-03-14T10:41:09.754+0000][9188][safepoint   ] Safepoint "Cleanup", Time since last: 2000167859 ns, Reaching safepoint: 13459 ns, Cleanup: 13583 ns, At safepoint: 5291 ns, Total: 32333 ns
[2025-03-14T10:41:10.754+0000][9188][safepoint   ] Safepoint "Cleanup", Time since last: 1000098097 ns, Reaching safepoint: 6958 ns, Cleanup: 10042 ns, At safepoint: 5208 ns, Total: 22208 ns
[2025-03-14T10:41:11.755+0000][9188][safepoint   ] Safepoint "Cleanup", Time since last: 1000104429 ns, Reaching safepoint: 1020828 ns, Cleanup: 40375 ns, At safepoint: 12166 ns, Total: 1073369 ns
[2025-03-14T10:41:12.756+0000][9188][safepoint   ] Safepoint "Cleanup", Time since last: 1000181429 ns, Reaching safepoint: 7375 ns, Cleanup: 28833 ns, At safepoint: 4667 ns, Total: 40875 ns
[2025-03-14T10:41:14.757+0000][9188][safepoint   ] Safepoint "Cleanup", Time since last: 2001375474 ns, Reaching safepoint: 24375 ns, Cleanup: 58916 ns, At safepoint: 11750 ns, Total: 95041 ns
[2025-03-14T10:41:16.758+0000][9188][safepoint   ] Safepoint "Cleanup", Time since last: 2000709134 ns, Reaching safepoint: 53000 ns, Cleanup: 43000 ns, At safepoint: 20250 ns, Total: 116250 ns
[2025-03-14T10:41:17.761+0000][9188][safepoint   ] Safepoint "Cleanup", Time since last: 1003165694 ns, Reaching safepoint: 72625 ns, Cleanup: 26167 ns, At safepoint: 5250 ns, Total: 104042 ns
[2025-03-14T10:41:18.762+0000][9188][safepoint   ] Safepoint "Cleanup", Time since last: 1000565827 ns, Reaching safepoint: 18500 ns, Cleanup: 156250 ns, At safepoint: 7250 ns, Total: 182000 ns
[2025-03-14T10:41:19.762+0000][9188][safepoint   ] Safepoint "Cleanup", Time since last: 1000471372 ns, Reaching safepoint: 20709 ns, Cleanup: 15291 ns, At safepoint: 3875 ns, Total: 39875 ns
[2025-03-14T10:41:20.762+0000][9188][safepoint   ] Safepoint "Cleanup", Time since last: 1000087170 ns, Reaching safepoint: 5875 ns, Cleanup: 14124 ns, At safepoint: 2084 ns, Total: 22083 ns
[2025-03-14T10:41:21.763+0000][9188][safepoint   ] Safepoint "Cleanup", Time since last: 1000107266 ns, Reaching safepoint: 48541 ns, Cleanup: 61042 ns, At safepoint: 14291 ns, Total: 123874 ns
[2025-03-14T10:41:23.764+0000][9188][safepoint   ] Safepoint "Cleanup", Time since last: 2001401994 ns, Reaching safepoint: 16500 ns, Cleanup: 27791 ns, At safepoint: 5750 ns, Total: 50041 ns
[2025-03-14T10:41:24.764+0000][9188][safepoint   ] Safepoint "Cleanup", Time since last: 1000113992 ns, Reaching safepoint: 16958 ns, Cleanup: 31875 ns, At safepoint: 9333 ns, Total: 58166 ns
[2025-03-14T10:41:26.767+0000][9188][safepoint   ] Safepoint "Cleanup", Time since last: 2002782562 ns, Reaching safepoint: 7458 ns, Cleanup: 11416 ns, At safepoint: 5084 ns, Total: 23958 ns
[2025-03-14T10:41:27.768+0000][9188][safepoint   ] Safepoint "Cleanup", Time since last: 1000877784 ns, Reaching safepoint: 7250 ns, Cleanup: 10041 ns, At safepoint: 4334 ns, Total: 21625 ns
[2025-03-14T10:41:29.770+0000][9188][safepoint   ] Safepoint "Cleanup", Time since last: 2001498341 ns, Reaching safepoint: 79125 ns, Cleanup: 36625 ns, At safepoint: 8291 ns, Total: 124041 ns
[2025-03-14T10:41:30.770+0000][9188][safepoint   ] Safepoint "Cleanup", Time since last: 1000113119 ns, Reaching safepoint: 13458 ns, Cleanup: 52375 ns, At safepoint: 5833 ns, Total: 71666 ns
[2025-03-14T10:41:31.787+0000][9188][safepoint   ] Safepoint "Cleanup", Time since last: 1017562431 ns, Reaching safepoint: 16750 ns, Cleanup: 42500 ns, At safepoint: 8542 ns, Total: 67792 ns
[2025-03-14T10:41:32.788+0000][9188][safepoint   ] Safepoint "Cleanup", Time since last: 1000130591 ns, Reaching safepoint: 56624 ns, Cleanup: 25000 ns, At safepoint: 9834 ns, Total: 91458 ns
[2025-03-14T10:41:33.788+0000][9188][safepoint   ] Safepoint "Cleanup", Time since last: 1000127915 ns, Reaching safepoint: 22833 ns, Cleanup: 58792 ns, At safepoint: 9250 ns, Total: 90875 ns
[2025-03-14T10:41:34.788+0000][9188][safepoint   ] Safepoint "Cleanup", Time since last: 1000098450 ns, Reaching safepoint: 13084 ns, Cleanup: 20416 ns, At safepoint: 6458 ns, Total: 39958 ns
[2025-03-14T10:41:35.788+0000][9188][safepoint   ] Safepoint "Cleanup", Time since last: 1000097488 ns, Reaching safepoint: 4125 ns, Cleanup: 14500 ns, At safepoint: 4291 ns, Total: 22916 ns
[2025-03-14T10:41:37.789+0000][9188][safepoint   ] Safepoint "Cleanup", Time since last: 2000373798 ns, Reaching safepoint: 90458 ns, Cleanup: 83874 ns, At safepoint: 14542 ns, Total: 188874 ns
[2025-03-14T10:41:38.789+0000][9188][safepoint   ] Safepoint "Cleanup", Time since last: 1000298978 ns, Reaching safepoint: 34083 ns, Cleanup: 33791 ns, At safepoint: 18958 ns, Total: 86832 ns
[2025-03-14T10:41:39.789+0000][9188][safepoint   ] Safepoint "Cleanup", Time since last: 1000266227 ns, Reaching safepoint: 30583 ns, Cleanup: 43333 ns, At safepoint: 18500 ns, Total: 92416 ns
[2025-03-14T10:41:41.790+0000][9188][safepoint   ] Safepoint "Cleanup", Time since last: 2000367784 ns, Reaching safepoint: 9125 ns, Cleanup: 35958 ns, At safepoint: 5334 ns, Total: 50417 ns
[2025-03-14T10:41:42.791+0000][9188][safepoint   ] Safepoint "Cleanup", Time since last: 1001105261 ns, Reaching safepoint: 8791 ns, Cleanup: 28584 ns, At safepoint: 6333 ns, Total: 43708 ns
[2025-03-14T10:41:43.791+0000][9188][safepoint   ] Safepoint "Cleanup", Time since last: 1000091766 ns, Reaching safepoint: 10791 ns, Cleanup: 19042 ns, At safepoint: 5458 ns, Total: 35291 ns
[2025-03-14T10:41:44.791+0000][9188][safepoint   ] Safepoint "Cleanup", Time since last: 1000109557 ns, Reaching safepoint: 6584 ns, Cleanup: 16708 ns, At safepoint: 4000 ns, Total: 27292 ns
[2025-03-14T10:41:45.791+0000][9188][safepoint   ] Safepoint "Cleanup", Time since last: 1000101932 ns, Reaching safepoint: 24583 ns, Cleanup: 13292 ns, At safepoint: 6000 ns, Total: 43875 ns
[2025-03-14T10:41:47.789+0000][9188][safepoint   ] Safepoint "ICBufferFull", Time since last: 1996936838 ns, Reaching safepoint: 913828 ns, Cleanup: 83750 ns, At safepoint: 6792 ns, Total: 1004370 ns
[2025-03-14T10:41:47.794+0000][9188][safepoint   ] Safepoint "ICBufferFull", Time since last: 3189150 ns, Reaching safepoint: 70500 ns, Cleanup: 7041 ns, At safepoint: 1328118 ns, Total: 1405659 ns
[2025-03-14T10:41:48.795+0000][9188][safepoint   ] Safepoint "Cleanup", Time since last: 1001011511 ns, Reaching safepoint: 23874 ns, Cleanup: 29875 ns, At safepoint: 5000 ns, Total: 58749 ns
[2025-03-14T10:41:49.795+0000][9188][safepoint   ] Safepoint "Cleanup", Time since last: 1000101015 ns, Reaching safepoint: 8166 ns, Cleanup: 16667 ns, At safepoint: 5750 ns, Total: 30583 ns
[2025-03-14T10:41:50.796+0000][9188][safepoint   ] Safepoint "Cleanup", Time since last: 1000112890 ns, Reaching safepoint: 650663 ns, Cleanup: 38125 ns, At safepoint: 11541 ns, Total: 700329 ns
[2025-03-14T10:41:53.796+0000][9188][safepoint   ] Safepoint "Cleanup", Time since last: 3000277294 ns, Reaching safepoint: 3958 ns, Cleanup: 16958 ns, At safepoint: 2792 ns, Total: 23708 ns
[2025-03-14T10:41:54.797+0000][9188][safepoint   ] Safepoint "Cleanup", Time since last: 1000131389 ns, Reaching safepoint: 78333 ns, Cleanup: 83750 ns, At safepoint: 8833 ns, Total: 170916 ns
[2025-03-14T10:41:56.797+0000][9188][safepoint   ] Safepoint "Cleanup", Time since last: 2000342278 ns, Reaching safepoint: 17667 ns, Cleanup: 32125 ns, At safepoint: 10416 ns, Total: 60208 ns
[2025-03-14T10:41:59.853+0000][9188][safepoint   ] Safepoint "Cleanup", Time since last: 3055668969 ns, Reaching safepoint: 13791 ns, Cleanup: 28584 ns, At safepoint: 7875 ns, Total: 50250 ns
[2025-03-14T10:42:00.853+0000][9188][safepoint   ] Safepoint "Cleanup", Time since last: 1000478470 ns, Reaching safepoint: 68208 ns, Cleanup: 86708 ns, At safepoint: 19083 ns, Total: 173999 ns
[2025-03-14T10:42:02.854+0000][9188][safepoint   ] Safepoint "Cleanup", Time since last: 2000426153 ns, Reaching safepoint: 22167 ns, Cleanup: 20583 ns, At safepoint: 5166 ns, Total: 47916 ns
[2025-03-14T10:42:03.854+0000][9188][safepoint   ] Safepoint "Cleanup", Time since last: 1000120056 ns, Reaching safepoint: 21459 ns, Cleanup: 33166 ns, At safepoint: 6333 ns, Total: 60958 ns
[2025-03-14T10:42:05.855+0000][9188][safepoint   ] Safepoint "Cleanup", Time since last: 2000789401 ns, Reaching safepoint: 13292 ns, Cleanup: 40916 ns, At safepoint: 5292 ns, Total: 59500 ns
[2025-03-14T10:42:06.899+0000][9188][safepoint   ] Safepoint "Cleanup", Time since last: 1043667375 ns, Reaching safepoint: 11250 ns, Cleanup: 68500 ns, At safepoint: 8124 ns, Total: 87874 ns
[2025-03-14T10:42:07.899+0000][9188][safepoint   ] Safepoint "Cleanup", Time since last: 1000138556 ns, Reaching safepoint: 25875 ns, Cleanup: 29625 ns, At safepoint: 5667 ns, Total: 61167 ns
[2025-03-14T10:42:08.899+0000][9188][safepoint   ] Safepoint "Cleanup", Time since last: 1000096014 ns, Reaching safepoint: 23833 ns, Cleanup: 21583 ns, At safepoint: 11209 ns, Total: 56625 ns
[2025-03-14T10:42:09.900+0000][9188][safepoint   ] Safepoint "Cleanup", Time since last: 1001004676 ns, Reaching safepoint: 6333 ns, Cleanup: 17875 ns, At safepoint: 2667 ns, Total: 26875 ns
[2025-03-14T10:42:10.900+0000][9188][safepoint   ] Safepoint "Cleanup", Time since last: 1000084598 ns, Reaching safepoint: 32958 ns, Cleanup: 18542 ns, At safepoint: 5541 ns, Total: 57041 ns
[2025-03-14T10:42:11.900+0000][9188][safepoint   ] Safepoint "Cleanup", Time since last: 1000122389 ns, Reaching safepoint: 9417 ns, Cleanup: 65875 ns, At safepoint: 7791 ns, Total: 83083 ns
[2025-03-14T10:42:12.901+0000][9188][safepoint   ] Safepoint "Cleanup", Time since last: 1000105723 ns, Reaching safepoint: 12583 ns, Cleanup: 94458 ns, At safepoint: 4958 ns, Total: 111999 ns
[2025-03-14T10:42:13.901+0000][9188][safepoint   ] Safepoint "Cleanup", Time since last: 1000155223 ns, Reaching safepoint: 25083 ns, Cleanup: 28333 ns, At safepoint: 5542 ns, Total: 58958 ns
[2025-03-14T10:42:14.901+0000][9188][safepoint   ] Safepoint "Cleanup", Time since last: 1000116119 ns, Reaching safepoint: 8875 ns, Cleanup: 22750 ns, At safepoint: 6833 ns, Total: 38458 ns
[2025-03-14T10:42:17.901+0000][9188][safepoint   ] Safepoint "Cleanup", Time since last: 3000501654 ns, Reaching safepoint: 8583 ns, Cleanup: 52333 ns, At safepoint: 4125 ns, Total: 65041 ns
[2025-03-14T10:42:18.903+0000][9188][safepoint   ] Safepoint "Cleanup", Time since last: 1001492134 ns, Reaching safepoint: 55791 ns, Cleanup: 106583 ns, At safepoint: 21334 ns, Total: 183708 ns
[2025-03-14T10:42:19.904+0000][9188][safepoint   ] Safepoint "Cleanup", Time since last: 1000501550 ns, Reaching safepoint: 45291 ns, Cleanup: 93625 ns, At safepoint: 31417 ns, Total: 170333 ns
[2025-03-14T10:42:20.905+0000][9188][safepoint   ] Safepoint "Cleanup", Time since last: 1000745797 ns, Reaching safepoint: 51042 ns, Cleanup: 33666 ns, At safepoint: 15750 ns, Total: 100458 ns
[2025-03-14T10:42:21.905+0000][9188][safepoint   ] Safepoint "Cleanup", Time since last: 1000207809 ns, Reaching safepoint: 8417 ns, Cleanup: 15250 ns, At safepoint: 4125 ns, Total: 27792 ns
[2025-03-14T10:42:22.905+0000][9188][safepoint   ] Safepoint "Cleanup", Time since last: 1000094765 ns, Reaching safepoint: 90958 ns, Cleanup: 9875 ns, At safepoint: 4666 ns, Total: 105499 ns
[2025-03-14T10:42:23.906+0000][9188][safepoint   ] Safepoint "Cleanup", Time since last: 1000842770 ns, Reaching safepoint: 6500 ns, Cleanup: 39958 ns, At safepoint: 4584 ns, Total: 51042 ns
[2025-03-14T10:42:24.906+0000][9188][safepoint   ] Safepoint "Cleanup", Time since last: 1000101779 ns, Reaching safepoint: 12291 ns, Cleanup: 28250 ns, At safepoint: 6250 ns, Total: 46791 ns
[2025-03-14T10:42:26.906+0000][9188][safepoint   ] Safepoint "Cleanup", Time since last: 2000166522 ns, Reaching safepoint: 9500 ns, Cleanup: 50083 ns, At safepoint: 4750 ns, Total: 64333 ns
[2025-03-14T10:42:27.918+0000][9188][safepoint   ] Safepoint "Cleanup", Time since last: 1011600522 ns, Reaching safepoint: 22084 ns, Cleanup: 50041 ns, At safepoint: 9917 ns, Total: 82042 ns
[2025-03-14T10:42:28.918+0000][9188][safepoint   ] Safepoint "Cleanup", Time since last: 1000123993 ns, Reaching safepoint: 6625 ns, Cleanup: 7958 ns, At safepoint: 4625 ns, Total: 19208 ns
[2025-03-14T10:42:29.918+0000][9188][safepoint   ] Safepoint "Cleanup", Time since last: 1000092591 ns, Reaching safepoint: 11708 ns, Cleanup: 22625 ns, At safepoint: 4708 ns, Total: 39041 ns
[2025-03-14T10:42:30.918+0000][9188][safepoint   ] Safepoint "Cleanup", Time since last: 1000084736 ns, Reaching safepoint: 8792 ns, Cleanup: 11666 ns, At safepoint: 4375 ns, Total: 24833 ns
[2025-03-14T10:42:31.919+0000][9188][safepoint   ] Safepoint "Cleanup", Time since last: 1000109387 ns, Reaching safepoint: 13917 ns, Cleanup: 9875 ns, At safepoint: 5125 ns, Total: 28917 ns
[2025-03-14T10:42:33.919+0000][9188][safepoint   ] Safepoint "Cleanup", Time since last: 2000151824 ns, Reaching safepoint: 17833 ns, Cleanup: 19167 ns, At safepoint: 4125 ns, Total: 41125 ns
[2025-03-14T10:42:35.842+0000][9188][gc,start    ] GC(20) Pause Young (Prepare Mixed) (G1 Evacuation Pause)
[2025-03-14T10:42:35.843+0000][9188][gc,task     ] GC(20) Using 1 workers of 1 for evacuation
[2025-03-14T10:42:35.843+0000][9188][gc,age      ] GC(20) Desired survivor size 58720256 bytes, new threshold 15 (max threshold 15)
[2025-03-14T10:42:35.934+0000][9188][gc,phases   ] GC(20)   Pre Evacuate Collection Set: 3.36ms
[2025-03-14T10:42:35.934+0000][9188][gc,phases   ] GC(20)   Merge Heap Roots: 1.67ms
[2025-03-14T10:42:35.934+0000][9188][gc,phases   ] GC(20)   Evacuate Collection Set: 80.21ms
[2025-03-14T10:42:35.934+0000][9188][gc,phases   ] GC(20)   Post Evacuate Collection Set: 4.88ms
[2025-03-14T10:42:35.934+0000][9188][gc,phases   ] GC(20)   Other: 1.40ms
[2025-03-14T10:42:35.934+0000][9188][gc,age      ] GC(20) Age table with threshold 15 (max threshold 15)
[2025-03-14T10:42:35.934+0000][9188][gc,age      ] GC(20) - age   1:    6464432 bytes,    6464432 total
[2025-03-14T10:42:35.934+0000][9188][gc,age      ] GC(20) - age   2:    2571096 bytes,    9035528 total
[2025-03-14T10:42:35.934+0000][9188][gc,heap     ] GC(20) Eden regions: 223->0(144)
[2025-03-14T10:42:35.934+0000][9188][gc,heap     ] GC(20) Survivor regions: 1->3(28)
[2025-03-14T10:42:35.934+0000][9188][gc,heap     ] GC(20) Old regions: 21->21
[2025-03-14T10:42:35.934+0000][9188][gc,heap     ] GC(20) Humongous regions: 5->5
[2025-03-14T10:42:35.934+0000][9188][gc,metaspace] GC(20) Metaspace: 115045K(118272K)->115045K(118272K) NonClass: 99098K(100864K)->99098K(100864K) Class: 15947K(17408K)->15947K(17408K)
[2025-03-14T10:42:35.934+0000][9188][gc          ] GC(20) Pause Young (Prepare Mixed) (G1 Evacuation Pause) 1000M->114M(1952M) 92.484ms
[2025-03-14T10:42:35.934+0000][9188][gc,cpu      ] GC(20) User=0.07s Sys=0.00s Real=0.09s
[2025-03-14T10:42:35.939+0000][9188][safepoint   ] Safepoint "G1CollectForAllocation", Time since last: 1920975822 ns, Reaching safepoint: 21708 ns, Cleanup: 28833 ns, At safepoint: 99164635 ns, Total: 99215176 ns
[2025-03-14T10:42:36.946+0000][9188][safepoint   ] Safepoint "Cleanup", Time since last: 1007039445 ns, Reaching safepoint: 7124 ns, Cleanup: 35792 ns, At safepoint: 4292 ns, Total: 47208 ns
[2025-03-14T10:42:38.949+0000][9188][safepoint   ] Safepoint "Cleanup", Time since last: 2002838889 ns, Reaching safepoint: 16500 ns, Cleanup: 14125 ns, At safepoint: 6417 ns, Total: 37042 ns
[2025-03-14T10:42:39.950+0000][9188][safepoint   ] Safepoint "Cleanup", Time since last: 1000658967 ns, Reaching safepoint: 141707 ns, Cleanup: 24958 ns, At safepoint: 16167 ns, Total: 182832 ns
[2025-03-14T10:42:40.950+0000][9188][safepoint   ] Safepoint "Cleanup", Time since last: 1000148218 ns, Reaching safepoint: 6125 ns, Cleanup: 19708 ns, At safepoint: 5208 ns, Total: 31041 ns
[2025-03-14T10:42:41.950+0000][9188][safepoint   ] Safepoint "Cleanup", Time since last: 1000104384 ns, Reaching safepoint: 6333 ns, Cleanup: 78042 ns, At safepoint: 7500 ns, Total: 91875 ns
[2025-03-14T10:42:42.954+0000][9188][safepoint   ] Safepoint "Cleanup", Time since last: 1003563200 ns, Reaching safepoint: 28458 ns, Cleanup: 62208 ns, At safepoint: 10667 ns, Total: 101333 ns
[2025-03-14T10:42:43.954+0000][9188][safepoint   ] Safepoint "Cleanup", Time since last: 1000154091 ns, Reaching safepoint: 52458 ns, Cleanup: 36583 ns, At safepoint: 23958 ns, Total: 112999 ns
[2025-03-14T10:42:44.954+0000][9188][safepoint   ] Safepoint "Cleanup", Time since last: 1000120674 ns, Reaching safepoint: 16500 ns, Cleanup: 21416 ns, At safepoint: 6167 ns, Total: 44083 ns
[2025-03-14T10:42:46.956+0000][9188][safepoint   ] Safepoint "Cleanup", Time since last: 2001710840 ns, Reaching safepoint: 10542 ns, Cleanup: 24208 ns, At safepoint: 6875 ns, Total: 41625 ns
[2025-03-14T10:42:47.956+0000][9188][safepoint   ] Safepoint "Cleanup", Time since last: 1000116423 ns, Reaching safepoint: 39333 ns, Cleanup: 30958 ns, At safepoint: 6792 ns, Total: 77083 ns
[2025-03-14T10:42:48.956+0000][9188][safepoint   ] Safepoint "Cleanup", Time since last: 1000210464 ns, Reaching safepoint: 6375 ns, Cleanup: 14084 ns, At safepoint: 6166 ns, Total: 26625 ns
[2025-03-14T10:42:49.957+0000][9188][safepoint   ] Safepoint "Cleanup", Time since last: 1000098798 ns, Reaching safepoint: 6917 ns, Cleanup: 34291 ns, At safepoint: 7417 ns, Total: 48625 ns
[2025-03-14T10:42:50.957+0000][9188][safepoint   ] Safepoint "Cleanup", Time since last: 1000135798 ns, Reaching safepoint: 25708 ns, Cleanup: 28167 ns, At safepoint: 11041 ns, Total: 64916 ns
[2025-03-14T10:42:51.957+0000][9188][safepoint   ] Safepoint "Cleanup", Time since last: 1000172089 ns, Reaching safepoint: 8667 ns, Cleanup: 12042 ns, At safepoint: 6291 ns, Total: 27000 ns
[2025-03-14T10:42:53.958+0000][9188][safepoint   ] Safepoint "Cleanup", Time since last: 2001237966 ns, Reaching safepoint: 31833 ns, Cleanup: 47250 ns, At safepoint: 13833 ns, Total: 92916 ns
[2025-03-14T10:42:56.966+0000][9188][safepoint   ] Safepoint "Cleanup", Time since last: 3007880484 ns, Reaching safepoint: 64625 ns, Cleanup: 42792 ns, At safepoint: 6833 ns, Total: 114250 ns
[2025-03-14T10:42:57.967+0000][9188][safepoint   ] Safepoint "Cleanup", Time since last: 1000159006 ns, Reaching safepoint: 17000 ns, Cleanup: 13666 ns, At safepoint: 7292 ns, Total: 37958 ns
[2025-03-14T10:42:58.967+0000][9188][safepoint   ] Safepoint "Cleanup", Time since last: 1000837878 ns, Reaching safepoint: 32458 ns, Cleanup: 19000 ns, At safepoint: 6625 ns, Total: 58083 ns
[2025-03-14T10:42:59.969+0000][9188][safepoint   ] Safepoint "Cleanup", Time since last: 1001245917 ns, Reaching safepoint: 9209 ns, Cleanup: 40749 ns, At safepoint: 5417 ns, Total: 55375 ns
[2025-03-14T10:43:00.969+0000][9188][safepoint   ] Safepoint "Cleanup", Time since last: 1000520338 ns, Reaching safepoint: 11624 ns, Cleanup: 85250 ns, At safepoint: 7708 ns, Total: 104582 ns
[2025-03-14T10:43:02.970+0000][9188][safepoint   ] Safepoint "Cleanup", Time since last: 2000884759 ns, Reaching safepoint: 48042 ns, Cleanup: 107708 ns, At safepoint: 23625 ns, Total: 179375 ns
[2025-03-14T10:43:03.971+0000][9188][safepoint   ] Safepoint "Cleanup", Time since last: 1000317463 ns, Reaching safepoint: 35792 ns, Cleanup: 49249 ns, At safepoint: 11250 ns, Total: 96291 ns
[2025-03-14T10:43:04.971+0000][9188][safepoint   ] Safepoint "Cleanup", Time since last: 1000265756 ns, Reaching safepoint: 57958 ns, Cleanup: 151332 ns, At safepoint: 39709 ns, Total: 248999 ns
[2025-03-14T10:43:05.973+0000][9188][safepoint   ] Safepoint "Cleanup", Time since last: 1002034538 ns, Reaching safepoint: 16417 ns, Cleanup: 43333 ns, At safepoint: 7167 ns, Total: 66917 ns
[2025-03-14T10:43:06.974+0000][9188][safepoint   ] Safepoint "Cleanup", Time since last: 1000117964 ns, Reaching safepoint: 15000 ns, Cleanup: 32750 ns, At safepoint: 5708 ns, Total: 53458 ns
[2025-03-14T10:43:07.974+0000][9188][safepoint   ] Safepoint "Cleanup", Time since last: 1000375713 ns, Reaching safepoint: 27042 ns, Cleanup: 29208 ns, At safepoint: 8417 ns, Total: 64667 ns
[2025-03-14T10:43:08.975+0000][9188][safepoint   ] Safepoint "Cleanup", Time since last: 1000925210 ns, Reaching safepoint: 7584 ns, Cleanup: 12541 ns, At safepoint: 5167 ns, Total: 25292 ns
[2025-03-14T10:43:10.975+0000][9188][safepoint   ] Safepoint "Cleanup", Time since last: 2000176096 ns, Reaching safepoint: 73791 ns, Cleanup: 12667 ns, At safepoint: 6624 ns, Total: 93082 ns
[2025-03-14T10:43:11.975+0000][9188][safepoint   ] Safepoint "Cleanup", Time since last: 1000085048 ns, Reaching safepoint: 13084 ns, Cleanup: 26624 ns, At safepoint: 5459 ns, Total: 45167 ns
[2025-03-14T10:43:12.976+0000][9188][safepoint   ] Safepoint "Cleanup", Time since last: 1000093881 ns, Reaching safepoint: 12416 ns, Cleanup: 13792 ns, At safepoint: 5792 ns, Total: 32000 ns
[2025-03-14T10:43:14.988+0000][9188][safepoint   ] Safepoint "Cleanup", Time since last: 2012283015 ns, Reaching safepoint: 18291 ns, Cleanup: 24542 ns, At safepoint: 6250 ns, Total: 49083 ns
[2025-03-14T10:43:17.989+0000][9188][safepoint   ] Safepoint "Cleanup", Time since last: 3001469381 ns, Reaching safepoint: 22250 ns, Cleanup: 39125 ns, At safepoint: 8708 ns, Total: 70083 ns
[2025-03-14T10:43:18.990+0000][9188][safepoint   ] Safepoint "Cleanup", Time since last: 1000120455 ns, Reaching safepoint: 34416 ns, Cleanup: 21625 ns, At safepoint: 8000 ns, Total: 64041 ns
[2025-03-14T10:43:19.990+0000][9188][safepoint   ] Safepoint "Cleanup", Time since last: 1000206900 ns, Reaching safepoint: 54625 ns, Cleanup: 13292 ns, At safepoint: 6375 ns, Total: 74292 ns
[2025-03-14T10:43:21.990+0000][9188][safepoint   ] Safepoint "Cleanup", Time since last: 2000203284 ns, Reaching safepoint: 24375 ns, Cleanup: 25333 ns, At safepoint: 12500 ns, Total: 62208 ns
[2025-03-14T10:43:23.993+0000][9188][safepoint   ] Safepoint "Cleanup", Time since last: 2002507268 ns, Reaching safepoint: 69125 ns, Cleanup: 121374 ns, At safepoint: 9542 ns, Total: 200041 ns
[2025-03-14T10:43:24.993+0000][9188][safepoint   ] Safepoint "Cleanup", Time since last: 1000430059 ns, Reaching safepoint: 27625 ns, Cleanup: 29166 ns, At safepoint: 15500 ns, Total: 72291 ns
[2025-03-14T10:43:26.994+0000][9188][safepoint   ] Safepoint "Cleanup", Time since last: 2000776825 ns, Reaching safepoint: 20792 ns, Cleanup: 68666 ns, At safepoint: 277249 ns, Total: 366707 ns
[2025-03-14T10:43:27.996+0000][9188][safepoint   ] Safepoint "Cleanup", Time since last: 1000982305 ns, Reaching safepoint: 130249 ns, Cleanup: 18500 ns, At safepoint: 8125 ns, Total: 156874 ns
[2025-03-14T10:43:28.996+0000][9188][safepoint   ] Safepoint "Cleanup", Time since last: 1000363976 ns, Reaching safepoint: 7167 ns, Cleanup: 18208 ns, At safepoint: 4458 ns, Total: 29833 ns
[2025-03-14T10:43:29.996+0000][9188][safepoint   ] Safepoint "Cleanup", Time since last: 1000163448 ns, Reaching safepoint: 6084 ns, Cleanup: 36708 ns, At safepoint: 3750 ns, Total: 46542 ns
[2025-03-14T10:43:30.996+0000][9188][safepoint   ] Safepoint "Cleanup", Time since last: 1000149093 ns, Reaching safepoint: 5917 ns, Cleanup: 19124 ns, At safepoint: 4042 ns, Total: 29083 ns
[2025-03-14T10:43:32.997+0000][9188][safepoint   ] Safepoint "Cleanup", Time since last: 2000183684 ns, Reaching safepoint: 5708 ns, Cleanup: 25458 ns, At safepoint: 5375 ns, Total: 36541 ns
[2025-03-14T10:43:33.997+0000][9188][safepoint   ] Safepoint "Cleanup", Time since last: 1000087473 ns, Reaching safepoint: 5541 ns, Cleanup: 7959 ns, At safepoint: 2583 ns, Total: 16083 ns
[2025-03-14T10:43:35.998+0000][9188][safepoint   ] Safepoint "Cleanup", Time since last: 2001308797 ns, Reaching safepoint: 16791 ns, Cleanup: 35459 ns, At safepoint: 5625 ns, Total: 57875 ns
[2025-03-14T10:43:36.998+0000][9188][safepoint   ] Safepoint "Cleanup", Time since last: 1000091540 ns, Reaching safepoint: 14499 ns, Cleanup: 16750 ns, At safepoint: 5709 ns, Total: 36958 ns
[2025-03-14T10:43:38.998+0000][9188][safepoint   ] Safepoint "Cleanup", Time since last: 2000155530 ns, Reaching safepoint: 11125 ns, Cleanup: 13417 ns, At safepoint: 5500 ns, Total: 30042 ns
[2025-03-14T10:43:41.999+0000][9188][safepoint   ] Safepoint "Cleanup", Time since last: 3000240930 ns, Reaching safepoint: 41541 ns, Cleanup: 53959 ns, At safepoint: 21041 ns, Total: 116541 ns
[2025-03-14T10:43:42.999+0000][9188][safepoint   ] Safepoint "Cleanup", Time since last: 1000333071 ns, Reaching safepoint: 31625 ns, Cleanup: 62458 ns, At safepoint: 21584 ns, Total: 115667 ns
[2025-03-14T10:43:44.003+0000][9188][safepoint   ] Safepoint "Cleanup", Time since last: 1004005889 ns, Reaching safepoint: 10417 ns, Cleanup: 33041 ns, At safepoint: 9792 ns, Total: 53250 ns
[2025-03-14T10:43:45.004+0000][9188][safepoint   ] Safepoint "Cleanup", Time since last: 1000313029 ns, Reaching safepoint: 40541 ns, Cleanup: 58417 ns, At safepoint: 13833 ns, Total: 112791 ns
[2025-03-14T10:43:47.005+0000][9188][safepoint   ] Safepoint "Cleanup", Time since last: 2000799181 ns, Reaching safepoint: 8292 ns, Cleanup: 18874 ns, At safepoint: 6959 ns, Total: 34125 ns
[2025-03-14T10:43:48.006+0000][9188][safepoint   ] Safepoint "Cleanup", Time since last: 1001447815 ns, Reaching safepoint: 8708 ns, Cleanup: 94292 ns, At safepoint: 11416 ns, Total: 114416 ns
[2025-03-14T10:43:49.007+0000][9188][safepoint   ] Safepoint "Cleanup", Time since last: 1000880776 ns, Reaching safepoint: 16833 ns, Cleanup: 40542 ns, At safepoint: 8458 ns, Total: 65833 ns
[2025-03-14T10:43:50.007+0000][9188][safepoint   ] Safepoint "Cleanup", Time since last: 1000142154 ns, Reaching safepoint: 22416 ns, Cleanup: 28125 ns, At safepoint: 10958 ns, Total: 61499 ns
[2025-03-14T10:43:51.007+0000][9188][safepoint   ] Safepoint "Cleanup", Time since last: 1000148695 ns, Reaching safepoint: 12417 ns, Cleanup: 13750 ns, At safepoint: 6417 ns, Total: 32584 ns
[2025-03-14T10:43:54.008+0000][9188][safepoint   ] Safepoint "Cleanup", Time since last: 3000242877 ns, Reaching safepoint: 19000 ns, Cleanup: 49500 ns, At safepoint: 5667 ns, Total: 74167 ns
[2025-03-14T10:43:57.009+0000][9188][safepoint   ] Safepoint "Cleanup", Time since last: 3000735208 ns, Reaching safepoint: 51625 ns, Cleanup: 88958 ns, At safepoint: 8542 ns, Total: 149125 ns
[2025-03-14T10:43:59.034+0000][9188][safepoint   ] Safepoint "Cleanup", Time since last: 2025175750 ns, Reaching safepoint: 10542 ns, Cleanup: 23125 ns, At safepoint: 5958 ns, Total: 39625 ns
[2025-03-14T10:44:00.034+0000][9188][safepoint   ] Safepoint "Cleanup", Time since last: 1000571527 ns, Reaching safepoint: 15041 ns, Cleanup: 17958 ns, At safepoint: 5334 ns, Total: 38333 ns
[2025-03-14T10:44:06.036+0000][9188][safepoint   ] Safepoint "Cleanup", Time since last: 6001928498 ns, Reaching safepoint: 11792 ns, Cleanup: 41417 ns, At safepoint: 10166 ns, Total: 63375 ns
[2025-03-14T10:44:07.037+0000][9188][safepoint   ] Safepoint "Cleanup", Time since last: 1000186487 ns, Reaching safepoint: 20916 ns, Cleanup: 31125 ns, At safepoint: 13458 ns, Total: 65499 ns
[2025-03-14T10:44:08.038+0000][9188][safepoint   ] Safepoint "Cleanup", Time since last: 1001327732 ns, Reaching safepoint: 78333 ns, Cleanup: 54917 ns, At safepoint: 23750 ns, Total: 157000 ns
[2025-03-14T10:44:09.039+0000][9188][safepoint   ] Safepoint "Cleanup", Time since last: 1000299569 ns, Reaching safepoint: 11625 ns, Cleanup: 60833 ns, At safepoint: 25583 ns, Total: 98041 ns
[2025-03-14T10:44:11.043+0000][9188][safepoint   ] Safepoint "Cleanup", Time since last: 2003782418 ns, Reaching safepoint: 156999 ns, Cleanup: 15959 ns, At safepoint: 9416 ns, Total: 182374 ns
[2025-03-14T10:44:12.043+0000][9188][safepoint   ] Safepoint "Cleanup", Time since last: 1000343195 ns, Reaching safepoint: 6083 ns, Cleanup: 39041 ns, At safepoint: 4667 ns, Total: 49791 ns
[2025-03-14T10:44:14.043+0000][9188][safepoint   ] Safepoint "Cleanup", Time since last: 2000108557 ns, Reaching safepoint: 12208 ns, Cleanup: 17417 ns, At safepoint: 7792 ns, Total: 37417 ns
[2025-03-14T10:44:15.043+0000][9188][safepoint   ] Safepoint "Cleanup", Time since last: 1000107660 ns, Reaching safepoint: 13916 ns, Cleanup: 13250 ns, At safepoint: 4834 ns, Total: 32000 ns
[2025-03-14T10:44:17.044+0000][9188][safepoint   ] Safepoint "Cleanup", Time since last: 2000465332 ns, Reaching safepoint: 12375 ns, Cleanup: 13542 ns, At safepoint: 5958 ns, Total: 31875 ns
[2025-03-14T10:44:18.045+0000][9188][safepoint   ] Safepoint "Cleanup", Time since last: 1000857782 ns, Reaching safepoint: 4917 ns, Cleanup: 14208 ns, At safepoint: 5083 ns, Total: 24208 ns
[2025-03-14T10:44:19.045+0000][9188][safepoint   ] Safepoint "Cleanup", Time since last: 1000090617 ns, Reaching safepoint: 16167 ns, Cleanup: 16167 ns, At safepoint: 6000 ns, Total: 38334 ns
[2025-03-14T10:44:21.045+0000][9188][safepoint   ] Safepoint "Cleanup", Time since last: 2000153818 ns, Reaching safepoint: 6541 ns, Cleanup: 17209 ns, At safepoint: 3541 ns, Total: 27291 ns
[2025-03-14T10:44:24.045+0000][9188][safepoint   ] Safepoint "Cleanup", Time since last: 3000185018 ns, Reaching safepoint: 79375 ns, Cleanup: 17917 ns, At safepoint: 10041 ns, Total: 107333 ns
[2025-03-14T10:44:25.045+0000][9188][safepoint   ] Safepoint "Cleanup", Time since last: 1000106541 ns, Reaching safepoint: 9750 ns, Cleanup: 34083 ns, At safepoint: 6334 ns, Total: 50167 ns
[2025-03-14T10:44:27.046+0000][9188][safepoint   ] Safepoint "Cleanup", Time since last: 2000566904 ns, Reaching safepoint: 17667 ns, Cleanup: 56292 ns, At safepoint: 10791 ns, Total: 84750 ns
[2025-03-14T10:44:29.048+0000][9188][safepoint   ] Safepoint "Cleanup", Time since last: 2001271144 ns, Reaching safepoint: 95709 ns, Cleanup: 101083 ns, At safepoint: 33708 ns, Total: 230500 ns
[2025-03-14T10:44:30.049+0000][9188][safepoint   ] Safepoint "Cleanup", Time since last: 1001928705 ns, Reaching safepoint: 13459 ns, Cleanup: 32500 ns, At safepoint: 6333 ns, Total: 52292 ns
[2025-03-14T10:44:31.050+0000][9188][safepoint   ] Safepoint "Cleanup", Time since last: 1000446896 ns, Reaching safepoint: 27708 ns, Cleanup: 27209 ns, At safepoint: 7750 ns, Total: 62667 ns
[2025-03-14T10:44:33.051+0000][9188][safepoint   ] Safepoint "Cleanup", Time since last: 2000976287 ns, Reaching safepoint: 7000 ns, Cleanup: 34625 ns, At safepoint: 4875 ns, Total: 46500 ns
[2025-03-14T10:44:34.052+0000][9188][safepoint   ] Safepoint "Cleanup", Time since last: 1000892731 ns, Reaching safepoint: 6792 ns, Cleanup: 17417 ns, At safepoint: 4500 ns, Total: 28709 ns
[2025-03-14T10:44:35.055+0000][9188][safepoint   ] Safepoint "Cleanup", Time since last: 1002654509 ns, Reaching safepoint: 16792 ns, Cleanup: 19250 ns, At safepoint: 8000 ns, Total: 44042 ns
[2025-03-14T10:44:36.055+0000][9188][safepoint   ] Safepoint "Cleanup", Time since last: 1000124638 ns, Reaching safepoint: 36250 ns, Cleanup: 19333 ns, At safepoint: 4417 ns, Total: 60000 ns
[2025-03-14T10:44:37.055+0000][9188][safepoint   ] Safepoint "Cleanup", Time since last: 1000098342 ns, Reaching safepoint: 8250 ns, Cleanup: 11250 ns, At safepoint: 5333 ns, Total: 24833 ns
[2025-03-14T10:44:39.055+0000][9188][safepoint   ] Safepoint "Cleanup", Time since last: 2000196801 ns, Reaching safepoint: 21042 ns, Cleanup: 20917 ns, At safepoint: 6250 ns, Total: 48209 ns
[2025-03-14T10:44:42.056+0000][9188][safepoint   ] Safepoint "Cleanup", Time since last: 3001211416 ns, Reaching safepoint: 12250 ns, Cleanup: 40125 ns, At safepoint: 13833 ns, Total: 66208 ns
[2025-03-14T10:44:43.060+0000][9188][safepoint   ] Safepoint "Cleanup", Time since last: 1003145489 ns, Reaching safepoint: 8542 ns, Cleanup: 15083 ns, At safepoint: 5458 ns, Total: 29083 ns
[2025-03-14T10:44:44.060+0000][9188][safepoint   ] Safepoint "Cleanup", Time since last: 1000108832 ns, Reaching safepoint: 17042 ns, Cleanup: 21500 ns, At safepoint: 5583 ns, Total: 44125 ns
[2025-03-14T10:44:47.060+0000][9188][safepoint   ] Safepoint "Cleanup", Time since last: 3000249744 ns, Reaching safepoint: 14833 ns, Cleanup: 21125 ns, At safepoint: 8042 ns, Total: 44000 ns
[2025-03-14T10:44:48.060+0000][9188][safepoint   ] Safepoint "Cleanup", Time since last: 1000102331 ns, Reaching safepoint: 8708 ns, Cleanup: 27500 ns, At safepoint: 3375 ns, Total: 39583 ns
[2025-03-14T10:44:49.061+0000][9188][safepoint   ] Safepoint "Cleanup", Time since last: 1000246372 ns, Reaching safepoint: 28333 ns, Cleanup: 24000 ns, At safepoint: 13292 ns, Total: 65625 ns
[2025-03-14T10:44:51.061+0000][9188][safepoint   ] Safepoint "Cleanup", Time since last: 2000466660 ns, Reaching safepoint: 38750 ns, Cleanup: 87916 ns, At safepoint: 9542 ns, Total: 136208 ns
[2025-03-14T10:44:52.062+0000][9188][safepoint   ] Safepoint "Cleanup", Time since last: 1001130869 ns, Reaching safepoint: 32500 ns, Cleanup: 71458 ns, At safepoint: 12000 ns, Total: 115958 ns
[2025-03-14T10:44:54.063+0000][9188][safepoint   ] Safepoint "Cleanup", Time since last: 2000374660 ns, Reaching safepoint: 12708 ns, Cleanup: 13834 ns, At safepoint: 3333 ns, Total: 29875 ns
[2025-03-14T10:44:55.063+0000][9188][safepoint   ] Safepoint "Cleanup", Time since last: 1000092247 ns, Reaching safepoint: 7417 ns, Cleanup: 17375 ns, At safepoint: 4000 ns, Total: 28792 ns
[2025-03-14T10:44:57.063+0000][9188][safepoint   ] Safepoint "Cleanup", Time since last: 2000110494 ns, Reaching safepoint: 18292 ns, Cleanup: 31583 ns, At safepoint: 4667 ns, Total: 54542 ns
[2025-03-14T10:44:59.732+0000][9188][gc,start    ] GC(21) Pause Young (Mixed) (G1 Evacuation Pause)
[2025-03-14T10:44:59.732+0000][9188][gc,task     ] GC(21) Using 1 workers of 1 for evacuation
[2025-03-14T10:44:59.732+0000][9188][gc,age      ] GC(21) Desired survivor size 35651584 bytes, new threshold 15 (max threshold 15)
[2025-03-14T10:44:59.792+0000][9188][gc,phases   ] GC(21)   Pre Evacuate Collection Set: 0.54ms
[2025-03-14T10:44:59.792+0000][9188][gc,phases   ] GC(21)   Merge Heap Roots: 0.35ms
[2025-03-14T10:44:59.792+0000][9188][gc,phases   ] GC(21)   Evacuate Collection Set: 54.60ms
[2025-03-14T10:44:59.792+0000][9188][gc,phases   ] GC(21)   Post Evacuate Collection Set: 4.18ms
[2025-03-14T10:44:59.792+0000][9188][gc,phases   ] GC(21)   Other: 0.16ms
[2025-03-14T10:44:59.792+0000][9188][gc,age      ] GC(21) Age table with threshold 15 (max threshold 15)
[2025-03-14T10:44:59.792+0000][9188][gc,age      ] GC(21) - age   1:    1081872 bytes,    1081872 total
[2025-03-14T10:44:59.792+0000][9188][gc,age      ] GC(21) - age   2:    4228088 bytes,    5309960 total
[2025-03-14T10:44:59.792+0000][9188][gc,age      ] GC(21) - age   3:    2570768 bytes,    7880728 total
[2025-03-14T10:44:59.792+0000][9188][gc,heap     ] GC(21) Eden regions: 128->0(225)
[2025-03-14T10:44:59.792+0000][9188][gc,heap     ] GC(21) Survivor regions: 3->2(17)
[2025-03-14T10:44:59.792+0000][9188][gc,heap     ] GC(21) Old regions: 21->21
[2025-03-14T10:44:59.792+0000][9188][gc,heap     ] GC(21) Humongous regions: 5->5
[2025-03-14T10:44:59.792+0000][9188][gc,metaspace] GC(21) Metaspace: 116231K(119424K)->116231K(119424K) NonClass: 100280K(102016K)->100280K(102016K) Class: 15950K(17408K)->15950K(17408K)
[2025-03-14T10:44:59.792+0000][9188][gc          ] GC(21) Pause Young (Mixed) (G1 Evacuation Pause) 626M->111M(1952M) 60.031ms
[2025-03-14T10:44:59.792+0000][9188][gc,cpu      ] GC(21) User=0.06s Sys=0.00s Real=0.06s
[2025-03-14T10:44:59.792+0000][9188][safepoint   ] Safepoint "G1CollectForAllocation", Time since last: 2668527667 ns, Reaching safepoint: 3875 ns, Cleanup: 4083 ns, At safepoint: 60233052 ns, Total: 60241010 ns
[2025-03-14T10:45:00.794+0000][9188][safepoint   ] Safepoint "Cleanup", Time since last: 1002187990 ns, Reaching safepoint: 6167 ns, Cleanup: 18208 ns, At safepoint: 5708 ns, Total: 30083 ns
[2025-03-14T10:45:05.795+0000][9188][safepoint   ] Safepoint "Cleanup", Time since last: 5001076983 ns, Reaching safepoint: 203916 ns, Cleanup: 54417 ns, At safepoint: 10208 ns, Total: 268541 ns
[2025-03-14T10:45:06.796+0000][9188][safepoint   ] Safepoint "Cleanup", Time since last: 1000553412 ns, Reaching safepoint: 7167 ns, Cleanup: 12458 ns, At safepoint: 5209 ns, Total: 24834 ns
[2025-03-14T10:45:07.796+0000][9188][safepoint   ] Safepoint "Cleanup", Time since last: 1000102080 ns, Reaching safepoint: 57291 ns, Cleanup: 63875 ns, At safepoint: 6292 ns, Total: 127458 ns
[2025-03-14T10:45:10.797+0000][9188][safepoint   ] Safepoint "Cleanup", Time since last: 3000763364 ns, Reaching safepoint: 53542 ns, Cleanup: 76333 ns, At safepoint: 21000 ns, Total: 150875 ns
[2025-03-14T10:45:11.798+0000][9188][safepoint   ] Safepoint "Cleanup", Time since last: 1000681328 ns, Reaching safepoint: 8459 ns, Cleanup: 20333 ns, At safepoint: 7917 ns, Total: 36709 ns
[2025-03-14T10:45:12.799+0000][9188][safepoint   ] Safepoint "Cleanup", Time since last: 1000375704 ns, Reaching safepoint: 191999 ns, Cleanup: 218041 ns, At safepoint: 131750 ns, Total: 541790 ns
[2025-03-14T10:45:14.801+0000][9188][safepoint   ] Safepoint "Cleanup", Time since last: 2002206472 ns, Reaching safepoint: 7500 ns, Cleanup: 20250 ns, At safepoint: 9250 ns, Total: 37000 ns
[2025-03-14T10:45:17.805+0000][9188][safepoint   ] Safepoint "Cleanup", Time since last: 3001010576 ns, Reaching safepoint: 3313793 ns, Cleanup: 18334 ns, At safepoint: 8833 ns, Total: 3340960 ns
[2025-03-14T10:45:18.806+0000][9188][safepoint   ] Safepoint "Cleanup", Time since last: 1000108171 ns, Reaching safepoint: 28750 ns, Cleanup: 35167 ns, At safepoint: 4875 ns, Total: 68792 ns
[2025-03-14T10:45:20.806+0000][9188][safepoint   ] Safepoint "Cleanup", Time since last: 2000191327 ns, Reaching safepoint: 12541 ns, Cleanup: 14417 ns, At safepoint: 7542 ns, Total: 34500 ns
[2025-03-14T10:45:23.806+0000][9188][safepoint   ] Safepoint "Cleanup", Time since last: 3000252225 ns, Reaching safepoint: 10791 ns, Cleanup: 19792 ns, At safepoint: 5292 ns, Total: 35875 ns
[2025-03-14T10:45:24.806+0000][9188][safepoint   ] Safepoint "Cleanup", Time since last: 1000092710 ns, Reaching safepoint: 17041 ns, Cleanup: 12542 ns, At safepoint: 5542 ns, Total: 35125 ns
[2025-03-14T10:45:26.806+0000][9188][safepoint   ] Safepoint "Cleanup", Time since last: 2000158836 ns, Reaching safepoint: 6125 ns, Cleanup: 12750 ns, At safepoint: 3959 ns, Total: 22834 ns
[2025-03-14T10:45:29.807+0000][9188][safepoint   ] Safepoint "Cleanup", Time since last: 3000279312 ns, Reaching safepoint: 9542 ns, Cleanup: 29250 ns, At safepoint: 9083 ns, Total: 47875 ns
[2025-03-14T10:45:30.807+0000][9188][safepoint   ] Safepoint "Cleanup", Time since last: 1000385944 ns, Reaching safepoint: 41583 ns, Cleanup: 43083 ns, At safepoint: 16833 ns, Total: 101499 ns
[2025-03-14T10:45:32.808+0000][9188][safepoint   ] Safepoint "Cleanup", Time since last: 2000724836 ns, Reaching safepoint: 11250 ns, Cleanup: 14125 ns, At safepoint: 11417 ns, Total: 36792 ns
[2025-03-14T10:45:33.501+0000][9188][gc,start    ] GC(22) Pause Young (Concurrent Start) (CodeCache GC Threshold)
[2025-03-14T10:45:33.501+0000][9188][gc,task     ] GC(22) Using 1 workers of 1 for evacuation
[2025-03-14T10:45:33.501+0000][9188][gc,age      ] GC(22) Desired survivor size 60817408 bytes, new threshold 15 (max threshold 15)
[2025-03-14T10:45:33.568+0000][9188][gc,phases   ] GC(22)   Pre Evacuate Collection Set: 1.69ms
[2025-03-14T10:45:33.568+0000][9188][gc,phases   ] GC(22)   Merge Heap Roots: 0.21ms
[2025-03-14T10:45:33.568+0000][9188][gc,phases   ] GC(22)   Evacuate Collection Set: 61.30ms
[2025-03-14T10:45:33.568+0000][9188][gc,phases   ] GC(22)   Post Evacuate Collection Set: 3.45ms
[2025-03-14T10:45:33.568+0000][9188][gc,phases   ] GC(22)   Other: 0.34ms
[2025-03-14T10:45:33.568+0000][9188][gc,age      ] GC(22) Age table with threshold 15 (max threshold 15)
[2025-03-14T10:45:33.568+0000][9188][gc,age      ] GC(22) - age   1:     656632 bytes,     656632 total
[2025-03-14T10:45:33.568+0000][9188][gc,age      ] GC(22) - age   2:     459680 bytes,    1116312 total
[2025-03-14T10:45:33.568+0000][9188][gc,age      ] GC(22) - age   3:    4227112 bytes,    5343424 total
[2025-03-14T10:45:33.568+0000][9188][gc,age      ] GC(22) - age   4:    2570768 bytes,    7914192 total
[2025-03-14T10:45:33.568+0000][9188][gc,heap     ] GC(22) Eden regions: 28->0(246)
[2025-03-14T10:45:33.568+0000][9188][gc,heap     ] GC(22) Survivor regions: 2->2(29)
[2025-03-14T10:45:33.568+0000][9188][gc,heap     ] GC(22) Old regions: 21->21
[2025-03-14T10:45:33.568+0000][9188][gc,heap     ] GC(22) Humongous regions: 5->5
[2025-03-14T10:45:33.568+0000][9188][gc,metaspace] GC(22) Metaspace: 116347K(119552K)->116347K(119552K) NonClass: 100396K(102144K)->100396K(102144K) Class: 15950K(17408K)->15950K(17408K)
[2025-03-14T10:45:33.568+0000][9188][gc          ] GC(22) Pause Young (Concurrent Start) (CodeCache GC Threshold) 220M->111M(1952M) 67.292ms
[2025-03-14T10:45:33.568+0000][9188][gc          ] GC(23) Concurrent Mark Cycle
[2025-03-14T10:45:33.568+0000][9188][gc,marking  ] GC(23) Concurrent Scan Root Regions
[2025-03-14T10:45:33.570+0000][9188][gc,cpu      ] GC(22) User=0.07s Sys=0.00s Real=0.07s
[2025-03-14T10:45:33.570+0000][9188][safepoint   ] Safepoint "G1TryInitiateConcMark", Time since last: 692422909 ns, Reaching safepoint: 128916 ns, Cleanup: 7375 ns, At safepoint: 69503569 ns, Total: 69639860 ns
[2025-03-14T10:45:33.581+0000][9188][gc,marking  ] GC(23) Concurrent Scan Root Regions 13.149ms
[2025-03-14T10:45:33.581+0000][9188][gc,marking  ] GC(23) Concurrent Mark
[2025-03-14T10:45:33.581+0000][9188][gc,marking  ] GC(23) Concurrent Mark From Roots
[2025-03-14T10:45:33.581+0000][9188][gc,task     ] GC(23) Using 1 workers of 1 for marking
[2025-03-14T10:45:33.678+0000][9188][gc,marking  ] GC(23) Concurrent Mark From Roots 97.117ms
[2025-03-14T10:45:33.679+0000][9188][gc,marking  ] GC(23) Concurrent Preclean
[2025-03-14T10:45:33.679+0000][9188][gc,marking  ] GC(23) Concurrent Preclean 0.088ms
[2025-03-14T10:45:33.679+0000][9188][gc,start    ] GC(23) Pause Remark
[2025-03-14T10:45:33.724+0000][9188][gc          ] GC(23) Pause Remark 114M->114M(1952M) 45.334ms
[2025-03-14T10:45:33.724+0000][9188][gc,cpu      ] GC(23) User=0.04s Sys=0.00s Real=0.05s
[2025-03-14T10:45:33.724+0000][9188][safepoint   ] Safepoint "G1PauseRemark", Time since last: 108612260 ns, Reaching safepoint: 6750 ns, Cleanup: 2916 ns, At safepoint: 45389924 ns, Total: 45399590 ns
[2025-03-14T10:45:33.724+0000][9188][gc,marking  ] GC(23) Concurrent Mark 142.680ms
[2025-03-14T10:45:33.724+0000][9188][gc,marking  ] GC(23) Concurrent Rebuild Remembered Sets and Scrub Regions
[2025-03-14T10:45:33.750+0000][9188][gc,marking  ] GC(23) Concurrent Rebuild Remembered Sets and Scrub Regions 26.099ms
[2025-03-14T10:45:33.750+0000][9188][gc,start    ] GC(23) Pause Cleanup
[2025-03-14T10:45:33.750+0000][9188][gc          ] GC(23) Pause Cleanup 114M->114M(1952M) 0.050ms
[2025-03-14T10:45:33.750+0000][9188][gc,cpu      ] GC(23) User=0.00s Sys=0.00s Real=0.00s
[2025-03-14T10:45:33.750+0000][9188][safepoint   ] Safepoint "G1PauseCleanup", Time since last: 26141099 ns, Reaching safepoint: 3500 ns, Cleanup: 18541 ns, At safepoint: 66667 ns, Total: 88708 ns
[2025-03-14T10:45:33.750+0000][9188][gc,marking  ] GC(23) Concurrent Clear Claimed Marks
[2025-03-14T10:45:33.750+0000][9188][gc,marking  ] GC(23) Concurrent Clear Claimed Marks 0.124ms
[2025-03-14T10:45:33.750+0000][9188][gc,marking  ] GC(23) Concurrent Cleanup for Next Mark
[2025-03-14T10:45:33.768+0000][9188][gc,marking  ] GC(23) Concurrent Cleanup for Next Mark 17.355ms
[2025-03-14T10:45:33.768+0000][9188][gc          ] GC(23) Concurrent Mark Cycle 199.601ms
[2025-03-14T10:45:35.751+0000][9188][safepoint   ] Safepoint "Cleanup", Time since last: 2000109364 ns, Reaching safepoint: 142458 ns, Cleanup: 6083 ns, At safepoint: 4292 ns, Total: 152833 ns
[2025-03-14T10:45:36.751+0000][9188][safepoint   ] Safepoint "Cleanup", Time since last: 1000079840 ns, Reaching safepoint: 8709 ns, Cleanup: 30291 ns, At safepoint: 4292 ns, Total: 43292 ns
[2025-03-14T10:45:37.751+0000][9188][safepoint   ] Safepoint "Cleanup", Time since last: 1000090463 ns, Reaching safepoint: 18333 ns, Cleanup: 20750 ns, At safepoint: 4041 ns, Total: 43124 ns
[2025-03-14T10:45:38.751+0000][9188][safepoint   ] Safepoint "Cleanup", Time since last: 1000087835 ns, Reaching safepoint: 6042 ns, Cleanup: 12042 ns, At safepoint: 5083 ns, Total: 23167 ns
[2025-03-14T10:45:42.751+0000][9188][safepoint   ] Safepoint "Cleanup", Time since last: 4000366366 ns, Reaching safepoint: 11750 ns, Cleanup: 25584 ns, At safepoint: 8791 ns, Total: 46125 ns
[2025-03-14T10:45:43.752+0000][9188][safepoint   ] Safepoint "Cleanup", Time since last: 1000116163 ns, Reaching safepoint: 37166 ns, Cleanup: 50458 ns, At safepoint: 5584 ns, Total: 93208 ns
[2025-03-14T10:45:44.752+0000][9188][safepoint   ] Safepoint "Cleanup", Time since last: 1000096495 ns, Reaching safepoint: 6500 ns, Cleanup: 9958 ns, At safepoint: 4417 ns, Total: 20875 ns
[2025-03-14T10:45:46.752+0000][9188][safepoint   ] Safepoint "Cleanup", Time since last: 2000160948 ns, Reaching safepoint: 12708 ns, Cleanup: 28667 ns, At safepoint: 5916 ns, Total: 47291 ns
[2025-03-14T10:45:47.752+0000][9188][safepoint   ] Safepoint "Cleanup", Time since last: 1000133828 ns, Reaching safepoint: 23333 ns, Cleanup: 24667 ns, At safepoint: 5833 ns, Total: 53833 ns
[2025-03-14T10:45:48.752+0000][9188][safepoint   ] Safepoint "Cleanup", Time since last: 1000101036 ns, Reaching safepoint: 13417 ns, Cleanup: 13083 ns, At safepoint: 5084 ns, Total: 31584 ns
[2025-03-14T10:45:49.753+0000][9188][safepoint   ] Safepoint "Cleanup", Time since last: 1000200494 ns, Reaching safepoint: 88374 ns, Cleanup: 134167 ns, At safepoint: 20375 ns, Total: 242916 ns
[2025-03-14T10:45:53.758+0000][9188][safepoint   ] Safepoint "Cleanup", Time since last: 4004735923 ns, Reaching safepoint: 43000 ns, Cleanup: 98583 ns, At safepoint: 31958 ns, Total: 173541 ns
[2025-03-14T10:45:54.758+0000][9188][safepoint   ] Safepoint "Cleanup", Time since last: 1000389201 ns, Reaching safepoint: 8500 ns, Cleanup: 11334 ns, At safepoint: 4458 ns, Total: 24292 ns
[2025-03-14T10:46:10.204+0000][9188][safepoint   ] Safepoint "Cleanup", Time since last: 15445121575 ns, Reaching safepoint: 948622 ns, Cleanup: 171042 ns, At safepoint: 38749 ns, Total: 1158413 ns
[2025-03-14T10:46:15.206+0000][9188][safepoint   ] Safepoint "Cleanup", Time since last: 5001938216 ns, Reaching safepoint: 14084 ns, Cleanup: 16166 ns, At safepoint: 6167 ns, Total: 36417 ns
[2025-03-14T10:46:20.208+0000][9188][safepoint   ] Safepoint "Cleanup", Time since last: 5001547535 ns, Reaching safepoint: 12167 ns, Cleanup: 17875 ns, At safepoint: 7417 ns, Total: 37459 ns
[2025-03-14T10:46:23.208+0000][9188][safepoint   ] Safepoint "Cleanup", Time since last: 3000218511 ns, Reaching safepoint: 8959 ns, Cleanup: 13000 ns, At safepoint: 4958 ns, Total: 26917 ns
[2025-03-14T10:46:24.208+0000][9188][safepoint   ] Safepoint "Cleanup", Time since last: 1000113042 ns, Reaching safepoint: 58292 ns, Cleanup: 26666 ns, At safepoint: 9167 ns, Total: 94125 ns
[2025-03-14T10:46:27.209+0000][9188][safepoint   ] Safepoint "Cleanup", Time since last: 3000259796 ns, Reaching safepoint: 23625 ns, Cleanup: 15542 ns, At safepoint: 5708 ns, Total: 44875 ns
[2025-03-14T10:46:44.212+0000][9188][safepoint   ] Safepoint "Cleanup", Time since last: 17002964584 ns, Reaching safepoint: 69958 ns, Cleanup: 17917 ns, At safepoint: 8292 ns, Total: 96167 ns
[2025-03-14T10:46:53.215+0000][9188][safepoint   ] Safepoint "Cleanup", Time since last: 9002591244 ns, Reaching safepoint: 44709 ns, Cleanup: 195916 ns, At safepoint: 145166 ns, Total: 385791 ns
[2025-03-14T10:46:59.216+0000][9188][safepoint   ] Safepoint "Cleanup", Time since last: 6001607105 ns, Reaching safepoint: 8417 ns, Cleanup: 10250 ns, At safepoint: 5000 ns, Total: 23667 ns
[2025-03-14T10:47:13.224+0000][9188][safepoint   ] Safepoint "Cleanup", Time since last: 14006986322 ns, Reaching safepoint: 397457 ns, Cleanup: 72917 ns, At safepoint: 33208 ns, Total: 503582 ns
[2025-03-14T10:47:17.225+0000][9188][safepoint   ] Safepoint "Cleanup", Time since last: 4001741753 ns, Reaching safepoint: 6250 ns, Cleanup: 8875 ns, At safepoint: 4208 ns, Total: 19333 ns
[2025-03-14T10:47:19.226+0000][9188][safepoint   ] Safepoint "Cleanup", Time since last: 2000146959 ns, Reaching safepoint: 8084 ns, Cleanup: 9916 ns, At safepoint: 4417 ns, Total: 22417 ns
[2025-03-14T10:47:21.226+0000][9188][safepoint   ] Safepoint "Cleanup", Time since last: 2000385879 ns, Reaching safepoint: 12084 ns, Cleanup: 369750 ns, At safepoint: 6833 ns, Total: 388667 ns
[2025-03-14T10:47:42.232+0000][9188][safepoint   ] Safepoint "Cleanup", Time since last: 21005067336 ns, Reaching safepoint: 152333 ns, Cleanup: 32792 ns, At safepoint: 12041 ns, Total: 197166 ns
[2025-03-14T10:47:46.232+0000][9188][safepoint   ] Safepoint "Cleanup", Time since last: 4000343943 ns, Reaching safepoint: 35875 ns, Cleanup: 25500 ns, At safepoint: 22708 ns, Total: 84083 ns
[2025-03-14T10:47:47.232+0000][9188][safepoint   ] Safepoint "Cleanup", Time since last: 1000155985 ns, Reaching safepoint: 8875 ns, Cleanup: 22875 ns, At safepoint: 6083 ns, Total: 37833 ns
[2025-03-14T10:47:48.232+0000][9188][safepoint   ] Safepoint "Cleanup", Time since last: 1000091818 ns, Reaching safepoint: 7042 ns, Cleanup: 10583 ns, At safepoint: 4333 ns, Total: 21958 ns
[2025-03-14T10:47:55.237+0000][9188][safepoint   ] Safepoint "Cleanup", Time since last: 7004647552 ns, Reaching safepoint: 147708 ns, Cleanup: 29042 ns, At safepoint: 10167 ns, Total: 186917 ns
[2025-03-14T10:47:56.237+0000][9188][safepoint   ] Safepoint "Cleanup", Time since last: 1000171400 ns, Reaching safepoint: 7000 ns, Cleanup: 12875 ns, At safepoint: 2709 ns, Total: 22584 ns
[2025-03-14T10:48:00.238+0000][9188][safepoint   ] Safepoint "Cleanup", Time since last: 4000627644 ns, Reaching safepoint: 7500 ns, Cleanup: 18917 ns, At safepoint: 6708 ns, Total: 33125 ns
[2025-03-14T10:48:01.238+0000][9188][safepoint   ] Safepoint "Cleanup", Time since last: 1000103859 ns, Reaching safepoint: 28542 ns, Cleanup: 13667 ns, At safepoint: 8416 ns, Total: 50625 ns
[2025-03-14T10:48:14.241+0000][9188][safepoint   ] Safepoint "Cleanup", Time since last: 13001958833 ns, Reaching safepoint: 592916 ns, Cleanup: 322667 ns, At safepoint: 64291 ns, Total: 979874 ns
[2025-03-14T10:48:21.244+0000][9188][safepoint   ] Safepoint "Cleanup", Time since last: 7003016903 ns, Reaching safepoint: 7375 ns, Cleanup: 11542 ns, At safepoint: 5791 ns, Total: 24708 ns
[2025-03-14T10:48:22.244+0000][9188][safepoint   ] Safepoint "Cleanup", Time since last: 1000116005 ns, Reaching safepoint: 67000 ns, Cleanup: 19792 ns, At safepoint: 6250 ns, Total: 93042 ns
[2025-03-14T10:48:36.259+0000][9188][safepoint   ] Safepoint "Cleanup", Time since last: 14014741667 ns, Reaching safepoint: 155542 ns, Cleanup: 25166 ns, At safepoint: 8834 ns, Total: 189542 ns
[2025-03-14T10:48:42.260+0000][9188][safepoint   ] Safepoint "Cleanup", Time since last: 6000640886 ns, Reaching safepoint: 25000 ns, Cleanup: 12042 ns, At safepoint: 5625 ns, Total: 42667 ns
[2025-03-14T10:48:44.260+0000][9188][safepoint   ] Safepoint "Cleanup", Time since last: 2000171327 ns, Reaching safepoint: 14916 ns, Cleanup: 10959 ns, At safepoint: 6041 ns, Total: 31916 ns
[2025-03-14T10:48:54.263+0000][9188][safepoint   ] Safepoint "Cleanup", Time since last: 10002177660 ns, Reaching safepoint: 450041 ns, Cleanup: 164708 ns, At safepoint: 34334 ns, Total: 649083 ns
[2025-03-14T10:48:56.264+0000][9188][safepoint   ] Safepoint "Cleanup", Time since last: 2000638364 ns, Reaching safepoint: 27333 ns, Cleanup: 33417 ns, At safepoint: 4250 ns, Total: 65000 ns
[2025-03-14T10:48:58.264+0000][9188][safepoint   ] Safepoint "Cleanup", Time since last: 2000219156 ns, Reaching safepoint: 100667 ns, Cleanup: 62625 ns, At safepoint: 8500 ns, Total: 171792 ns
[2025-03-14T10:49:06.272+0000][9188][safepoint   ] Safepoint "Cleanup", Time since last: 8007310621 ns, Reaching safepoint: 90958 ns, Cleanup: 21417 ns, At safepoint: 8000 ns, Total: 120375 ns
[2025-03-14T10:49:12.279+0000][9188][safepoint   ] Safepoint "Cleanup", Time since last: 6006887631 ns, Reaching safepoint: 225209 ns, Cleanup: 94125 ns, At safepoint: 15583 ns, Total: 334917 ns
[2025-03-14T10:49:13.279+0000][9188][safepoint   ] Safepoint "Cleanup", Time since last: 1000356932 ns, Reaching safepoint: 13208 ns, Cleanup: 41375 ns, At safepoint: 13750 ns, Total: 68333 ns
[2025-03-14T10:49:14.280+0000][9188][safepoint   ] Safepoint "Cleanup", Time since last: 1001145257 ns, Reaching safepoint: 29291 ns, Cleanup: 35625 ns, At safepoint: 15042 ns, Total: 79958 ns
[2025-03-14T10:49:42.289+0000][9188][safepoint   ] Safepoint "Cleanup", Time since last: 28008641446 ns, Reaching safepoint: 191125 ns, Cleanup: 44167 ns, At safepoint: 11042 ns, Total: 246334 ns
[2025-03-14T10:50:02.634+0000][9188][safepoint   ] Safepoint "Cleanup", Time since last: 20344554603 ns, Reaching safepoint: 41417 ns, Cleanup: 32458 ns, At safepoint: 10000 ns, Total: 83875 ns
[2025-03-14T10:50:03.638+0000][9188][safepoint   ] Safepoint "Cleanup", Time since last: 1003635572 ns, Reaching safepoint: 59250 ns, Cleanup: 71917 ns, At safepoint: 7958 ns, Total: 139125 ns
[2025-03-14T10:50:04.638+0000][9188][safepoint   ] Safepoint "Cleanup", Time since last: 1000176779 ns, Reaching safepoint: 38000 ns, Cleanup: 21125 ns, At safepoint: 6625 ns, Total: 65750 ns
[2025-03-14T10:50:12.639+0000][9188][safepoint   ] Safepoint "Cleanup", Time since last: 8001024858 ns, Reaching safepoint: 122292 ns, Cleanup: 31083 ns, At safepoint: 9500 ns, Total: 162875 ns
[2025-03-14T10:50:20.643+0000][9188][safepoint   ] Safepoint "Cleanup", Time since last: 8003792386 ns, Reaching safepoint: 36084 ns, Cleanup: 16625 ns, At safepoint: 4375 ns, Total: 57084 ns
[2025-03-14T10:50:22.643+0000][9188][safepoint   ] Safepoint "Cleanup", Time since last: 2000188526 ns, Reaching safepoint: 19625 ns, Cleanup: 15041 ns, At safepoint: 4792 ns, Total: 39458 ns
[2025-03-14T10:50:24.644+0000][9188][safepoint   ] Safepoint "Cleanup", Time since last: 2000795861 ns, Reaching safepoint: 54500 ns, Cleanup: 38083 ns, At safepoint: 10417 ns, Total: 103000 ns
[2025-03-14T10:50:28.645+0000][9188][safepoint   ] Safepoint "Cleanup", Time since last: 4000316422 ns, Reaching safepoint: 19583 ns, Cleanup: 12000 ns, At safepoint: 3958 ns, Total: 35541 ns
[2025-03-14T10:50:38.648+0000][9188][safepoint   ] Safepoint "Cleanup", Time since last: 10003155866 ns, Reaching safepoint: 81042 ns, Cleanup: 19458 ns, At safepoint: 6084 ns, Total: 106584 ns
[2025-03-14T10:50:43.649+0000][9188][safepoint   ] Safepoint "Cleanup", Time since last: 5001398634 ns, Reaching safepoint: 26542 ns, Cleanup: 58625 ns, At safepoint: 6208 ns, Total: 91375 ns
[2025-03-14T10:50:44.649+0000][9188][safepoint   ] Safepoint "Cleanup", Time since last: 1000106566 ns, Reaching safepoint: 11000 ns, Cleanup: 16875 ns, At safepoint: 4417 ns, Total: 32292 ns
[2025-03-14T10:50:48.650+0000][9188][safepoint   ] Safepoint "Cleanup", Time since last: 4000273093 ns, Reaching safepoint: 7208 ns, Cleanup: 13334 ns, At safepoint: 3333 ns, Total: 23875 ns
[2025-03-14T10:51:00.655+0000][9188][safepoint   ] Safepoint "Cleanup", Time since last: 12005274400 ns, Reaching safepoint: 61917 ns, Cleanup: 28542 ns, At safepoint: 8958 ns, Total: 99417 ns
[2025-03-14T10:51:10.659+0000][9188][safepoint   ] Safepoint "Cleanup", Time since last: 10003122685 ns, Reaching safepoint: 529334 ns, Cleanup: 55458 ns, At safepoint: 8167 ns, Total: 592959 ns
[2025-03-14T10:51:12.659+0000][9188][safepoint   ] Safepoint "Cleanup", Time since last: 2000501712 ns, Reaching safepoint: 9000 ns, Cleanup: 25458 ns, At safepoint: 4625 ns, Total: 39083 ns
[2025-03-14T10:51:18.349+0000][9188][safepoint   ] Safepoint "Cleanup", Time since last: 5689366665 ns, Reaching safepoint: 9209 ns, Cleanup: 69625 ns, At safepoint: 5833 ns, Total: 84667 ns
[2025-03-14T10:51:18.481+0000][9188][safepoint   ] Safepoint "ICBufferFull", Time since last: 132321607 ns, Reaching safepoint: 12584 ns, Cleanup: 82125 ns, At safepoint: 5083 ns, Total: 99792 ns
[2025-03-14T10:51:18.571+0000][9188][safepoint   ] Safepoint "ICBufferFull", Time since last: 89784204 ns, Reaching safepoint: 4375 ns, Cleanup: 70083 ns, At safepoint: 4959 ns, Total: 79417 ns
[2025-03-14T10:51:18.717+0000][9188][safepoint   ] Safepoint "ICBufferFull", Time since last: 143945118 ns, Reaching safepoint: 521503 ns, Cleanup: 74333 ns, At safepoint: 1589424 ns, Total: 2185260 ns
[2025-03-14T10:51:19.132+0000][9188][safepoint   ] Safepoint "ICBufferFull", Time since last: 414492896 ns, Reaching safepoint: 135125 ns, Cleanup: 93417 ns, At safepoint: 6875 ns, Total: 235417 ns
[2025-03-14T10:51:19.203+0000][9188][safepoint   ] Safepoint "ICBufferFull", Time since last: 71054403 ns, Reaching safepoint: 4250 ns, Cleanup: 72542 ns, At safepoint: 5500 ns, Total: 82292 ns
[2025-03-14T10:51:20.082+0000][9188][safepoint   ] Safepoint "ICBufferFull", Time since last: 878633183 ns, Reaching safepoint: 271417 ns, Cleanup: 92126 ns, At safepoint: 9083 ns, Total: 372626 ns
[2025-03-14T10:51:20.646+0000][9188][safepoint   ] Safepoint "ICBufferFull", Time since last: 560315612 ns, Reaching safepoint: 3188552 ns, Cleanup: 73459 ns, At safepoint: 5416 ns, Total: 3267427 ns
[2025-03-14T10:51:20.713+0000][9188][safepoint   ] Safepoint "ICBufferFull", Time since last: 57603571 ns, Reaching safepoint: 9412782 ns, Cleanup: 104751 ns, At safepoint: 9708 ns, Total: 9527241 ns
[2025-03-14T10:51:20.748+0000][9188][safepoint   ] Safepoint "ICBufferFull", Time since last: 32510944 ns, Reaching safepoint: 2733967 ns, Cleanup: 129584 ns, At safepoint: 5708 ns, Total: 2869259 ns
[2025-03-14T10:51:20.823+0000][9188][safepoint   ] Safepoint "ICBufferFull", Time since last: 74767004 ns, Reaching safepoint: 5042 ns, Cleanup: 102792 ns, At safepoint: 6000 ns, Total: 113834 ns
[2025-03-14T10:51:21.022+0000][9188][safepoint   ] Safepoint "ICBufferFull", Time since last: 198545125 ns, Reaching safepoint: 4417 ns, Cleanup: 84125 ns, At safepoint: 4250 ns, Total: 92792 ns
[2025-03-14T10:51:22.023+0000][9188][safepoint   ] Safepoint "Cleanup", Time since last: 1000802220 ns, Reaching safepoint: 45958 ns, Cleanup: 101084 ns, At safepoint: 16791 ns, Total: 163833 ns
[2025-03-14T10:51:23.023+0000][9188][safepoint   ] Safepoint "Cleanup", Time since last: 1000109766 ns, Reaching safepoint: 51667 ns, Cleanup: 38500 ns, At safepoint: 8209 ns, Total: 98376 ns
[2025-03-14T10:51:24.023+0000][9188][safepoint   ] Safepoint "Cleanup", Time since last: 1000119843 ns, Reaching safepoint: 9750 ns, Cleanup: 61334 ns, At safepoint: 5750 ns, Total: 76834 ns
[2025-03-14T10:51:25.023+0000][9188][safepoint   ] Safepoint "Cleanup", Time since last: 1000096142 ns, Reaching safepoint: 12375 ns, Cleanup: 20333 ns, At safepoint: 5958 ns, Total: 38666 ns
[2025-03-14T10:51:26.023+0000][9188][safepoint   ] Safepoint "Cleanup", Time since last: 1000100605 ns, Reaching safepoint: 7125 ns, Cleanup: 12542 ns, At safepoint: 7458 ns, Total: 27125 ns
[2025-03-14T10:51:27.023+0000][9188][safepoint   ] Safepoint "Cleanup", Time since last: 1000093515 ns, Reaching safepoint: 12708 ns, Cleanup: 14958 ns, At safepoint: 6126 ns, Total: 33792 ns
[2025-03-14T10:51:30.024+0000][9188][safepoint   ] Safepoint "Cleanup", Time since last: 3000265243 ns, Reaching safepoint: 98958 ns, Cleanup: 55500 ns, At safepoint: 9834 ns, Total: 164292 ns
[2025-03-14T10:51:31.025+0000][9188][safepoint   ] Safepoint "Cleanup", Time since last: 1000926623 ns, Reaching safepoint: 14500 ns, Cleanup: 19833 ns, At safepoint: 3625 ns, Total: 37958 ns
[2025-03-14T10:51:33.026+0000][9188][safepoint   ] Safepoint "Cleanup", Time since last: 2000178934 ns, Reaching safepoint: 146042 ns, Cleanup: 349334 ns, At safepoint: 186875 ns, Total: 682251 ns
[2025-03-14T10:51:34.026+0000][9188][safepoint   ] Safepoint "Cleanup", Time since last: 1000409364 ns, Reaching safepoint: 21375 ns, Cleanup: 18750 ns, At safepoint: 5709 ns, Total: 45834 ns
[2025-03-14T10:51:35.027+0000][9188][safepoint   ] Safepoint "Cleanup", Time since last: 1000143938 ns, Reaching safepoint: 147125 ns, Cleanup: 154875 ns, At safepoint: 11584 ns, Total: 313584 ns
[2025-03-14T10:51:36.028+0000][9188][safepoint   ] Safepoint "Cleanup", Time since last: 1001384308 ns, Reaching safepoint: 16042 ns, Cleanup: 36875 ns, At safepoint: 9667 ns, Total: 62584 ns
[2025-03-14T10:51:39.029+0000][9188][safepoint   ] Safepoint "Cleanup", Time since last: 3000305184 ns, Reaching safepoint: 143542 ns, Cleanup: 33250 ns, At safepoint: 9708 ns, Total: 186500 ns
[2025-03-14T10:51:41.029+0000][9188][safepoint   ] Safepoint "Cleanup", Time since last: 2000553376 ns, Reaching safepoint: 63416 ns, Cleanup: 60209 ns, At safepoint: 21000 ns, Total: 144625 ns
[2025-03-14T10:51:42.030+0000][9188][safepoint   ] Safepoint "Cleanup", Time since last: 1000251998 ns, Reaching safepoint: 31667 ns, Cleanup: 49916 ns, At safepoint: 15000 ns, Total: 96583 ns
[2025-03-14T10:51:43.030+0000][9188][safepoint   ] Safepoint "Cleanup", Time since last: 1000173289 ns, Reaching safepoint: 40417 ns, Cleanup: 398126 ns, At safepoint: 15041 ns, Total: 453584 ns
[2025-03-14T10:51:44.031+0000][9188][safepoint   ] Safepoint "Cleanup", Time since last: 1000659289 ns, Reaching safepoint: 26084 ns, Cleanup: 43375 ns, At safepoint: 26500 ns, Total: 95959 ns
[2025-03-14T10:51:45.032+0000][9188][safepoint   ] Safepoint "Cleanup", Time since last: 1000348662 ns, Reaching safepoint: 54751 ns, Cleanup: 119583 ns, At safepoint: 19125 ns, Total: 193459 ns
[2025-03-14T10:51:48.032+0000][9188][safepoint   ] Safepoint "Cleanup", Time since last: 3000370277 ns, Reaching safepoint: 104959 ns, Cleanup: 55458 ns, At safepoint: 9958 ns, Total: 170375 ns
[2025-03-14T10:51:49.032+0000][9188][safepoint   ] Safepoint "Cleanup", Time since last: 1000122162 ns, Reaching safepoint: 7125 ns, Cleanup: 33583 ns, At safepoint: 4000 ns, Total: 44708 ns
[2025-03-14T10:51:51.033+0000][9188][safepoint   ] Safepoint "Cleanup", Time since last: 2000200864 ns, Reaching safepoint: 48959 ns, Cleanup: 20125 ns, At safepoint: 6375 ns, Total: 75459 ns
[2025-03-14T10:51:54.050+0000][9188][safepoint   ] Safepoint "Cleanup", Time since last: 3014987052 ns, Reaching safepoint: 1783670 ns, Cleanup: 378959 ns, At safepoint: 19666 ns, Total: 2182295 ns
[2025-03-14T10:51:57.050+0000][9188][safepoint   ] Safepoint "Cleanup", Time since last: 3000449775 ns, Reaching safepoint: 58667 ns, Cleanup: 26916 ns, At safepoint: 8500 ns, Total: 94083 ns
[2025-03-14T10:51:58.050+0000][9188][safepoint   ] Safepoint "Cleanup", Time since last: 1000133203 ns, Reaching safepoint: 11625 ns, Cleanup: 13167 ns, At safepoint: 6375 ns, Total: 31167 ns
[2025-03-14T10:51:59.755+0000][9188][safepoint   ] Safepoint "Cleanup", Time since last: 1704600227 ns, Reaching safepoint: 6292 ns, Cleanup: 16833 ns, At safepoint: 5584 ns, Total: 28709 ns
[2025-03-14T10:52:00.755+0000][9188][safepoint   ] Safepoint "Cleanup", Time since last: 1000078869 ns, Reaching safepoint: 12042 ns, Cleanup: 21916 ns, At safepoint: 5709 ns, Total: 39667 ns
[2025-03-14T10:52:02.755+0000][9188][safepoint   ] Safepoint "Cleanup", Time since last: 2000233155 ns, Reaching safepoint: 64333 ns, Cleanup: 18250 ns, At safepoint: 21834 ns, Total: 104417 ns
[2025-03-14T10:52:05.774+0000][9188][safepoint   ] Safepoint "Cleanup", Time since last: 3016615804 ns, Reaching safepoint: 1653837 ns, Cleanup: 71375 ns, At safepoint: 31333 ns, Total: 1756545 ns
[2025-03-14T10:52:07.776+0000][9188][safepoint   ] Safepoint "Cleanup", Time since last: 2002274742 ns, Reaching safepoint: 68875 ns, Cleanup: 33584 ns, At safepoint: 9625 ns, Total: 112084 ns
[2025-03-14T10:52:08.776+0000][9188][safepoint   ] Safepoint "Cleanup", Time since last: 1000111161 ns, Reaching safepoint: 34375 ns, Cleanup: 17666 ns, At safepoint: 5875 ns, Total: 57916 ns
[2025-03-14T10:52:09.777+0000][9188][safepoint   ] Safepoint "Cleanup", Time since last: 1000586454 ns, Reaching safepoint: 36125 ns, Cleanup: 24375 ns, At safepoint: 8750 ns, Total: 69250 ns
[2025-03-14T10:52:10.777+0000][9188][safepoint   ] Safepoint "Cleanup", Time since last: 1000116578 ns, Reaching safepoint: 9833 ns, Cleanup: 18625 ns, At safepoint: 5708 ns, Total: 34166 ns
[2025-03-14T10:52:11.777+0000][9188][safepoint   ] Safepoint "Cleanup", Time since last: 1000087786 ns, Reaching safepoint: 6125 ns, Cleanup: 36667 ns, At safepoint: 4625 ns, Total: 47417 ns
[2025-03-14T10:52:12.777+0000][9188][safepoint   ] Safepoint "Cleanup", Time since last: 1000094786 ns, Reaching safepoint: 6250 ns, Cleanup: 11333 ns, At safepoint: 4500 ns, Total: 22083 ns
[2025-03-14T10:52:14.778+0000][9188][safepoint   ] Safepoint "Cleanup", Time since last: 2000161776 ns, Reaching safepoint: 28000 ns, Cleanup: 19958 ns, At safepoint: 5834 ns, Total: 53792 ns
[2025-03-14T10:52:17.785+0000][9188][safepoint   ] Safepoint "Cleanup", Time since last: 3007165569 ns, Reaching safepoint: 161209 ns, Cleanup: 43126 ns, At safepoint: 15000 ns, Total: 219335 ns
[2025-03-14T10:52:19.786+0000][9188][safepoint   ] Safepoint "Cleanup", Time since last: 2000336433 ns, Reaching safepoint: 182417 ns, Cleanup: 60334 ns, At safepoint: 11167 ns, Total: 253918 ns
[2025-03-14T10:52:20.786+0000][9188][safepoint   ] Safepoint "Cleanup", Time since last: 1000211410 ns, Reaching safepoint: 24292 ns, Cleanup: 37458 ns, At safepoint: 6459 ns, Total: 68209 ns
[2025-03-14T10:52:21.786+0000][9188][safepoint   ] Safepoint "Cleanup", Time since last: 1000205116 ns, Reaching safepoint: 163500 ns, Cleanup: 76876 ns, At safepoint: 11333 ns, Total: 251709 ns
[2025-03-14T10:52:23.790+0000][9188][safepoint   ] Safepoint "Cleanup", Time since last: 2001609039 ns, Reaching safepoint: 2262883 ns, Cleanup: 64250 ns, At safepoint: 11000 ns, Total: 2338133 ns
[2025-03-14T10:52:25.791+0000][9188][safepoint   ] Safepoint "Cleanup", Time since last: 2000416062 ns, Reaching safepoint: 247668 ns, Cleanup: 40791 ns, At safepoint: 14417 ns, Total: 302876 ns
[2025-03-14T10:52:26.792+0000][9188][safepoint   ] Safepoint "Cleanup", Time since last: 1000348075 ns, Reaching safepoint: 239625 ns, Cleanup: 27334 ns, At safepoint: 13541 ns, Total: 280500 ns
[2025-03-14T10:52:27.792+0000][9188][safepoint   ] Safepoint "Cleanup", Time since last: 1000189125 ns, Reaching safepoint: 226167 ns, Cleanup: 129792 ns, At safepoint: 9750 ns, Total: 365709 ns
[2025-03-14T10:52:28.793+0000][9188][safepoint   ] Safepoint "Cleanup", Time since last: 1000346111 ns, Reaching safepoint: 135125 ns, Cleanup: 88084 ns, At safepoint: 8583 ns, Total: 231792 ns
[2025-03-14T10:52:29.794+0000][9188][safepoint   ] Safepoint "Cleanup", Time since last: 1000167152 ns, Reaching safepoint: 1065336 ns, Cleanup: 32500 ns, At safepoint: 8084 ns, Total: 1105920 ns
[2025-03-14T10:52:30.794+0000][9188][safepoint   ] Safepoint "Cleanup", Time since last: 1000154578 ns, Reaching safepoint: 169626 ns, Cleanup: 49583 ns, At safepoint: 11542 ns, Total: 230751 ns
[2025-03-14T10:52:32.796+0000][9188][safepoint   ] Safepoint "Cleanup", Time since last: 2001499471 ns, Reaching safepoint: 7958 ns, Cleanup: 14458 ns, At safepoint: 3875 ns, Total: 26291 ns
[2025-03-14T10:52:35.797+0000][9188][safepoint   ] Safepoint "Cleanup", Time since last: 3001015380 ns, Reaching safepoint: 139834 ns, Cleanup: 30125 ns, At safepoint: 10792 ns, Total: 180751 ns
[2025-03-14T10:52:36.797+0000][9188][safepoint   ] Safepoint "Cleanup", Time since last: 1000147209 ns, Reaching safepoint: 6625 ns, Cleanup: 23459 ns, At safepoint: 5000 ns, Total: 35084 ns
[2025-03-14T10:52:38.798+0000][9188][safepoint   ] Safepoint "Cleanup", Time since last: 2000148324 ns, Reaching safepoint: 7000 ns, Cleanup: 10958 ns, At safepoint: 4333 ns, Total: 22291 ns
[2025-03-14T10:52:41.799+0000][9188][safepoint   ] Safepoint "Cleanup", Time since last: 3000909221 ns, Reaching safepoint: 76375 ns, Cleanup: 34250 ns, At safepoint: 9001 ns, Total: 119626 ns
[2025-03-14T10:52:44.799+0000][9188][safepoint   ] Safepoint "Cleanup", Time since last: 3000279126 ns, Reaching safepoint: 7083 ns, Cleanup: 15709 ns, At safepoint: 4875 ns, Total: 27667 ns
[2025-03-14T10:52:47.799+0000][9188][safepoint   ] Safepoint "Cleanup", Time since last: 3000458123 ns, Reaching safepoint: 62666 ns, Cleanup: 59417 ns, At safepoint: 10917 ns, Total: 133000 ns
[2025-03-14T10:52:48.800+0000][9188][safepoint   ] Safepoint "Cleanup", Time since last: 1000158318 ns, Reaching safepoint: 8875 ns, Cleanup: 30375 ns, At safepoint: 5459 ns, Total: 44709 ns
[2025-03-14T10:52:51.800+0000][9188][safepoint   ] Safepoint "Cleanup", Time since last: 3000251412 ns, Reaching safepoint: 68125 ns, Cleanup: 20208 ns, At safepoint: 8042 ns, Total: 96375 ns
[2025-03-14T10:52:53.801+0000][9188][safepoint   ] Safepoint "Cleanup", Time since last: 2000531678 ns, Reaching safepoint: 10917 ns, Cleanup: 9667 ns, At safepoint: 7041 ns, Total: 27625 ns
[2025-03-14T10:52:59.860+0000][9188][safepoint   ] Safepoint "Cleanup", Time since last: 6059831982 ns, Reaching safepoint: 27501 ns, Cleanup: 26875 ns, At safepoint: 6166 ns, Total: 60542 ns
[2025-03-14T10:53:03.862+0000][9188][safepoint   ] Safepoint "Cleanup", Time since last: 4001600816 ns, Reaching safepoint: 9792 ns, Cleanup: 10833 ns, At safepoint: 5667 ns, Total: 26292 ns
[2025-03-14T10:53:04.862+0000][9188][safepoint   ] Safepoint "Cleanup", Time since last: 1000108651 ns, Reaching safepoint: 8583 ns, Cleanup: 16458 ns, At safepoint: 4917 ns, Total: 29958 ns
[2025-03-14T10:53:05.862+0000][9188][safepoint   ] Safepoint "Cleanup", Time since last: 1000092484 ns, Reaching safepoint: 7459 ns, Cleanup: 27250 ns, At safepoint: 4458 ns, Total: 39167 ns
[2025-03-14T10:53:06.864+0000][9188][safepoint   ] Safepoint "Cleanup", Time since last: 1001675155 ns, Reaching safepoint: 70084 ns, Cleanup: 116875 ns, At safepoint: 10583 ns, Total: 197542 ns
[2025-03-14T10:53:07.864+0000][9188][safepoint   ] Safepoint "Cleanup", Time since last: 1000168402 ns, Reaching safepoint: 49916 ns, Cleanup: 25917 ns, At safepoint: 7500 ns, Total: 83333 ns
[2025-03-14T10:53:08.865+0000][9188][safepoint   ] Safepoint "Cleanup", Time since last: 1000141151 ns, Reaching safepoint: 7584 ns, Cleanup: 13833 ns, At safepoint: 4375 ns, Total: 25792 ns
[2025-03-14T10:53:10.865+0000][9188][safepoint   ] Safepoint "Cleanup", Time since last: 2000162968 ns, Reaching safepoint: 11459 ns, Cleanup: 10958 ns, At safepoint: 349293 ns, Total: 371710 ns
[2025-03-14T10:53:11.866+0000][9188][safepoint   ] Safepoint "Cleanup", Time since last: 1000359485 ns, Reaching safepoint: 7208 ns, Cleanup: 15542 ns, At safepoint: 5958 ns, Total: 28708 ns
[2025-03-14T10:53:12.866+0000][9188][safepoint   ] Safepoint "Cleanup", Time since last: 1000140235 ns, Reaching safepoint: 80292 ns, Cleanup: 120250 ns, At safepoint: 15417 ns, Total: 215959 ns
[2025-03-14T10:53:13.866+0000][9188][safepoint   ] Safepoint "Cleanup", Time since last: 1000163359 ns, Reaching safepoint: 38750 ns, Cleanup: 15750 ns, At safepoint: 8584 ns, Total: 63084 ns
[2025-03-14T10:53:14.866+0000][9188][safepoint   ] Safepoint "Cleanup", Time since last: 1000119191 ns, Reaching safepoint: 8083 ns, Cleanup: 15500 ns, At safepoint: 5625 ns, Total: 29208 ns
[2025-03-14T10:53:15.867+0000][9188][safepoint   ] Safepoint "Cleanup", Time since last: 1000164025 ns, Reaching safepoint: 21625 ns, Cleanup: 42667 ns, At safepoint: 18709 ns, Total: 83001 ns
[2025-03-14T10:53:17.867+0000][9188][safepoint   ] Safepoint "Cleanup", Time since last: 2000461244 ns, Reaching safepoint: 9708 ns, Cleanup: 17834 ns, At safepoint: 9458 ns, Total: 37000 ns
[2025-03-14T10:53:20.868+0000][9188][safepoint   ] Safepoint "Cleanup", Time since last: 3000910413 ns, Reaching safepoint: 5125 ns, Cleanup: 36167 ns, At safepoint: 4250 ns, Total: 45542 ns
[2025-03-14T10:53:23.869+0000][9188][safepoint   ] Safepoint "Cleanup", Time since last: 3000577113 ns, Reaching safepoint: 8625 ns, Cleanup: 16209 ns, At safepoint: 4833 ns, Total: 29667 ns
[2025-03-14T10:53:29.870+0000][9188][safepoint   ] Safepoint "Cleanup", Time since last: 6001525350 ns, Reaching safepoint: 12501 ns, Cleanup: 23208 ns, At safepoint: 5083 ns, Total: 40792 ns
[2025-03-14T10:53:32.871+0000][9188][safepoint   ] Safepoint "Cleanup", Time since last: 3000232732 ns, Reaching safepoint: 68667 ns, Cleanup: 21834 ns, At safepoint: 9000 ns, Total: 99501 ns
[2025-03-14T10:53:35.871+0000][9188][safepoint   ] Safepoint "Cleanup", Time since last: 3000769109 ns, Reaching safepoint: 14125 ns, Cleanup: 7833 ns, At safepoint: 10250 ns, Total: 32208 ns
[2025-03-14T10:53:37.872+0000][9188][safepoint   ] Safepoint "Cleanup", Time since last: 2000755306 ns, Reaching safepoint: 43416 ns, Cleanup: 79667 ns, At safepoint: 23500 ns, Total: 146583 ns
[2025-03-14T10:53:41.874+0000][9188][safepoint   ] Safepoint "Cleanup", Time since last: 4001879705 ns, Reaching safepoint: 71167 ns, Cleanup: 45083 ns, At safepoint: 8625 ns, Total: 124875 ns
[2025-03-14T10:53:42.875+0000][9188][safepoint   ] Safepoint "Cleanup", Time since last: 1000744080 ns, Reaching safepoint: 8375 ns, Cleanup: 13125 ns, At safepoint: 5125 ns, Total: 26625 ns
[2025-03-14T10:53:44.875+0000][9188][safepoint   ] Safepoint "Cleanup", Time since last: 2000155487 ns, Reaching safepoint: 8083 ns, Cleanup: 10042 ns, At safepoint: 4542 ns, Total: 22667 ns
[2025-03-14T10:53:45.875+0000][9188][safepoint   ] Safepoint "Cleanup", Time since last: 1000085700 ns, Reaching safepoint: 11250 ns, Cleanup: 31501 ns, At safepoint: 4125 ns, Total: 46876 ns
[2025-03-14T10:53:47.876+0000][9188][safepoint   ] Safepoint "Cleanup", Time since last: 2000390401 ns, Reaching safepoint: 21292 ns, Cleanup: 17208 ns, At safepoint: 5875 ns, Total: 44375 ns
[2025-03-14T10:53:50.876+0000][9188][safepoint   ] Safepoint "Cleanup", Time since last: 3000245350 ns, Reaching safepoint: 99709 ns, Cleanup: 38500 ns, At safepoint: 23250 ns, Total: 161459 ns
[2025-03-14T10:53:53.877+0000][9188][safepoint   ] Safepoint "Cleanup", Time since last: 3000483642 ns, Reaching safepoint: 58084 ns, Cleanup: 35041 ns, At safepoint: 16792 ns, Total: 109917 ns
[2025-03-14T10:53:55.877+0000][9188][safepoint   ] Safepoint "Cleanup", Time since last: 2000359650 ns, Reaching safepoint: 83709 ns, Cleanup: 63792 ns, At safepoint: 17666 ns, Total: 165167 ns
[2025-03-14T10:53:56.878+0000][9188][safepoint   ] Safepoint "Cleanup", Time since last: 1000449910 ns, Reaching safepoint: 22166 ns, Cleanup: 29084 ns, At safepoint: 11417 ns, Total: 62667 ns
[2025-03-14T10:54:00.358+0000][9188][gc,start    ] GC(24) Pause Young (Prepare Mixed) (G1 Evacuation Pause)
[2025-03-14T10:54:00.359+0000][9188][gc,task     ] GC(24) Using 1 workers of 1 for evacuation
[2025-03-14T10:54:00.359+0000][9188][gc,age      ] GC(24) Desired survivor size 62914560 bytes, new threshold 15 (max threshold 15)
[2025-03-14T10:54:00.491+0000][9188][gc,phases   ] GC(24)   Pre Evacuate Collection Set: 1.89ms
[2025-03-14T10:54:00.491+0000][9188][gc,phases   ] GC(24)   Merge Heap Roots: 1.02ms
[2025-03-14T10:54:00.491+0000][9188][gc,phases   ] GC(24)   Evacuate Collection Set: 121.33ms
[2025-03-14T10:54:00.491+0000][9188][gc,phases   ] GC(24)   Post Evacuate Collection Set: 5.57ms
[2025-03-14T10:54:00.491+0000][9188][gc,phases   ] GC(24)   Other: 0.72ms
[2025-03-14T10:54:00.491+0000][9188][gc,age      ] GC(24) Age table with threshold 15 (max threshold 15)
[2025-03-14T10:54:00.491+0000][9188][gc,age      ] GC(24) - age   1:   10068344 bytes,   10068344 total
[2025-03-14T10:54:00.491+0000][9188][gc,age      ] GC(24) - age   2:      20216 bytes,   10088560 total
[2025-03-14T10:54:00.491+0000][9188][gc,age      ] GC(24) - age   3:      86728 bytes,   10175288 total
[2025-03-14T10:54:00.491+0000][9188][gc,age      ] GC(24) - age   4:    4085128 bytes,   14260416 total
[2025-03-14T10:54:00.491+0000][9188][gc,age      ] GC(24) - age   5:    2456736 bytes,   16717152 total
[2025-03-14T10:54:00.491+0000][9188][gc,heap     ] GC(24) Eden regions: 235->0(182)
[2025-03-14T10:54:00.491+0000][9188][gc,heap     ] GC(24) Survivor regions: 2->4(30)
[2025-03-14T10:54:00.491+0000][9188][gc,heap     ] GC(24) Old regions: 21->21
[2025-03-14T10:54:00.491+0000][9188][gc,heap     ] GC(24) Humongous regions: 5->5
[2025-03-14T10:54:00.491+0000][9188][gc,metaspace] GC(24) Metaspace: 118814K(122048K)->118814K(122048K) NonClass: 102632K(104384K)->102632K(104384K) Class: 16181K(17664K)->16181K(17664K)
[2025-03-14T10:54:00.491+0000][9188][gc          ] GC(24) Pause Young (Prepare Mixed) (G1 Evacuation Pause) 1051M->119M(1952M) 133.822ms
[2025-03-14T10:54:00.492+0000][9188][gc,cpu      ] GC(24) User=0.13s Sys=0.00s Real=0.14s
[2025-03-14T10:54:00.494+0000][9188][safepoint   ] Safepoint "G1CollectForAllocation", Time since last: 3479704667 ns, Reaching safepoint: 44667 ns, Cleanup: 6000 ns, At safepoint: 136421732 ns, Total: 136472399 ns
[2025-03-14T10:54:01.494+0000][9188][safepoint   ] Safepoint "Cleanup", Time since last: 1000143700 ns, Reaching safepoint: 93584 ns, Cleanup: 52125 ns, At safepoint: 6958 ns, Total: 152667 ns
[2025-03-14T10:54:03.496+0000][9188][safepoint   ] Safepoint "Cleanup", Time since last: 2001087861 ns, Reaching safepoint: 313334 ns, Cleanup: 56459 ns, At safepoint: 14667 ns, Total: 384460 ns
[2025-03-14T10:54:04.496+0000][9188][safepoint   ] Safepoint "Cleanup", Time since last: 1000167033 ns, Reaching safepoint: 103625 ns, Cleanup: 52500 ns, At safepoint: 6209 ns, Total: 162334 ns
[2025-03-14T10:54:06.500+0000][9188][safepoint   ] Safepoint "Cleanup", Time since last: 2003223868 ns, Reaching safepoint: 142751 ns, Cleanup: 61708 ns, At safepoint: 11042 ns, Total: 215501 ns
[2025-03-14T10:54:07.500+0000][9188][safepoint   ] Safepoint "Cleanup", Time since last: 1000197033 ns, Reaching safepoint: 22167 ns, Cleanup: 29792 ns, At safepoint: 6500 ns, Total: 58459 ns
[2025-03-14T10:54:08.500+0000][9188][safepoint   ] Safepoint "Cleanup", Time since last: 1000139241 ns, Reaching safepoint: 51584 ns, Cleanup: 27208 ns, At safepoint: 5750 ns, Total: 84542 ns
[2025-03-14T10:54:09.501+0000][9188][safepoint   ] Safepoint "Cleanup", Time since last: 1001020370 ns, Reaching safepoint: 93750 ns, Cleanup: 33167 ns, At safepoint: 22292 ns, Total: 149209 ns
[2025-03-14T10:54:11.501+0000][9188][safepoint   ] Safepoint "Cleanup", Time since last: 2000293733 ns, Reaching safepoint: 25208 ns, Cleanup: 14208 ns, At safepoint: 6209 ns, Total: 45625 ns
[2025-03-14T10:54:12.502+0000][9188][safepoint   ] Safepoint "Cleanup", Time since last: 1000105991 ns, Reaching safepoint: 16334 ns, Cleanup: 65250 ns, At safepoint: 4625 ns, Total: 86209 ns
[2025-03-14T10:54:13.502+0000][9188][safepoint   ] Safepoint "Cleanup", Time since last: 1000124200 ns, Reaching safepoint: 71291 ns, Cleanup: 38376 ns, At safepoint: 10333 ns, Total: 120000 ns
[2025-03-14T10:54:14.502+0000][9188][safepoint   ] Safepoint "Cleanup", Time since last: 1000125482 ns, Reaching safepoint: 16000 ns, Cleanup: 11458 ns, At safepoint: 6625 ns, Total: 34083 ns
[2025-03-14T10:54:15.502+0000][9188][safepoint   ] Safepoint "Cleanup", Time since last: 1000119618 ns, Reaching safepoint: 12667 ns, Cleanup: 12084 ns, At safepoint: 5541 ns, Total: 30292 ns
[2025-03-14T10:54:18.502+0000][9188][safepoint   ] Safepoint "Cleanup", Time since last: 3000218132 ns, Reaching safepoint: 15251 ns, Cleanup: 14833 ns, At safepoint: 4583 ns, Total: 34667 ns
[2025-03-14T10:54:19.503+0000][9188][safepoint   ] Safepoint "Cleanup", Time since last: 1000092622 ns, Reaching safepoint: 25542 ns, Cleanup: 22459 ns, At safepoint: 5541 ns, Total: 53542 ns
[2025-03-14T10:54:21.503+0000][9188][safepoint   ] Safepoint "Cleanup", Time since last: 2000401760 ns, Reaching safepoint: 105001 ns, Cleanup: 177168 ns, At safepoint: 35875 ns, Total: 318044 ns
[2025-03-14T10:54:24.505+0000][9188][safepoint   ] Safepoint "Cleanup", Time since last: 3001031383 ns, Reaching safepoint: 231668 ns, Cleanup: 111042 ns, At safepoint: 25084 ns, Total: 367794 ns
[2025-03-14T10:54:25.506+0000][9188][safepoint   ] Safepoint "Cleanup", Time since last: 1001221926 ns, Reaching safepoint: 10917 ns, Cleanup: 15708 ns, At safepoint: 5125 ns, Total: 31750 ns
[2025-03-14T10:54:27.506+0000][9188][safepoint   ] Safepoint "Cleanup", Time since last: 2000208200 ns, Reaching safepoint: 70959 ns, Cleanup: 87459 ns, At safepoint: 6458 ns, Total: 164876 ns
[2025-03-14T10:54:31.507+0000][9188][safepoint   ] Safepoint "Cleanup", Time since last: 4000362072 ns, Reaching safepoint: 57667 ns, Cleanup: 34375 ns, At safepoint: 9500 ns, Total: 101542 ns
[2025-03-14T10:54:33.513+0000][9188][safepoint   ] Safepoint "Cleanup", Time since last: 2006524286 ns, Reaching safepoint: 51250 ns, Cleanup: 54792 ns, At safepoint: 11000 ns, Total: 117042 ns
[2025-03-14T10:54:34.514+0000][9188][safepoint   ] Safepoint "Cleanup", Time since last: 1000143047 ns, Reaching safepoint: 16209 ns, Cleanup: 26875 ns, At safepoint: 6750 ns, Total: 49834 ns
[2025-03-14T10:54:36.520+0000][9188][safepoint   ] Safepoint "Cleanup", Time since last: 2000171155 ns, Reaching safepoint: 6413569 ns, Cleanup: 95793 ns, At safepoint: 22541 ns, Total: 6531903 ns
[2025-03-14T10:54:37.521+0000][9188][safepoint   ] Safepoint "Cleanup", Time since last: 1000177945 ns, Reaching safepoint: 23042 ns, Cleanup: 203668 ns, At safepoint: 6541 ns, Total: 233251 ns
[2025-03-14T10:54:38.521+0000][9188][safepoint   ] Safepoint "Cleanup", Time since last: 1000200150 ns, Reaching safepoint: 81375 ns, Cleanup: 30834 ns, At safepoint: 15000 ns, Total: 127209 ns
[2025-03-14T10:54:39.521+0000][9188][safepoint   ] Safepoint "Cleanup", Time since last: 1000151688 ns, Reaching safepoint: 7209 ns, Cleanup: 18500 ns, At safepoint: 7583 ns, Total: 33292 ns
[2025-03-14T10:54:42.522+0000][9188][safepoint   ] Safepoint "Cleanup", Time since last: 3000271472 ns, Reaching safepoint: 102417 ns, Cleanup: 118209 ns, At safepoint: 15375 ns, Total: 236001 ns
[2025-03-14T10:54:43.522+0000][9188][safepoint   ] Safepoint "Cleanup", Time since last: 1000162933 ns, Reaching safepoint: 7250 ns, Cleanup: 9666 ns, At safepoint: 4875 ns, Total: 21791 ns
[2025-03-14T10:54:48.523+0000][9188][safepoint   ] Safepoint "Cleanup", Time since last: 5000827951 ns, Reaching safepoint: 340252 ns, Cleanup: 87625 ns, At safepoint: 37500 ns, Total: 465377 ns
[2025-03-14T10:54:51.525+0000][9188][safepoint   ] Safepoint "Cleanup", Time since last: 3001699673 ns, Reaching safepoint: 22875 ns, Cleanup: 44667 ns, At safepoint: 25334 ns, Total: 92876 ns
[2025-03-14T10:54:54.527+0000][9188][safepoint   ] Safepoint "Cleanup", Time since last: 3001946673 ns, Reaching safepoint: 111959 ns, Cleanup: 68584 ns, At safepoint: 15375 ns, Total: 195918 ns
[2025-03-14T10:54:55.527+0000][9188][safepoint   ] Safepoint "Cleanup", Time since last: 1000191722 ns, Reaching safepoint: 9417 ns, Cleanup: 13209 ns, At safepoint: 5916 ns, Total: 28542 ns
[2025-03-14T10:55:00.081+0000][9188][safepoint   ] Safepoint "Cleanup", Time since last: 4553981776 ns, Reaching safepoint: 10375 ns, Cleanup: 11792 ns, At safepoint: 5208 ns, Total: 27375 ns
[2025-03-14T10:55:01.082+0000][9188][safepoint   ] Safepoint "Cleanup", Time since last: 1000105472 ns, Reaching safepoint: 38125 ns, Cleanup: 25917 ns, At safepoint: 6250 ns, Total: 70292 ns
[2025-03-14T10:55:07.085+0000][9188][safepoint   ] Safepoint "Cleanup", Time since last: 6003554970 ns, Reaching safepoint: 80876 ns, Cleanup: 34375 ns, At safepoint: 10833 ns, Total: 126084 ns
[2025-03-14T10:55:12.087+0000][9188][safepoint   ] Safepoint "Cleanup", Time since last: 5001129030 ns, Reaching safepoint: 20875 ns, Cleanup: 60958 ns, At safepoint: 8667 ns, Total: 90500 ns
[2025-03-14T10:55:13.087+0000][9188][safepoint   ] Safepoint "Cleanup", Time since last: 1000274639 ns, Reaching safepoint: 52917 ns, Cleanup: 39500 ns, At safepoint: 5209 ns, Total: 97626 ns
[2025-03-14T10:55:14.087+0000][9188][safepoint   ] Safepoint "Cleanup", Time since last: 1000073399 ns, Reaching safepoint: 7083 ns, Cleanup: 14334 ns, At safepoint: 5333 ns, Total: 26750 ns
[2025-03-14T10:55:18.088+0000][9188][safepoint   ] Safepoint "Cleanup", Time since last: 4000632660 ns, Reaching safepoint: 6000 ns, Cleanup: 38792 ns, At safepoint: 4500 ns, Total: 49292 ns
[2025-03-14T10:55:21.089+0000][9188][safepoint   ] Safepoint "Cleanup", Time since last: 3001453919 ns, Reaching safepoint: 89584 ns, Cleanup: 61167 ns, At safepoint: 9042 ns, Total: 159793 ns
[2025-03-14T10:55:24.091+0000][9188][safepoint   ] Safepoint "Cleanup", Time since last: 3001641330 ns, Reaching safepoint: 114459 ns, Cleanup: 43917 ns, At safepoint: 15084 ns, Total: 173460 ns
[2025-03-14T10:55:26.091+0000][9188][safepoint   ] Safepoint "Cleanup", Time since last: 2000246909 ns, Reaching safepoint: 39500 ns, Cleanup: 31084 ns, At safepoint: 5583 ns, Total: 76167 ns
[2025-03-14T10:55:27.092+0000][9188][safepoint   ] Safepoint "Cleanup", Time since last: 1000117962 ns, Reaching safepoint: 14250 ns, Cleanup: 27625 ns, At safepoint: 5959 ns, Total: 47834 ns
[2025-03-14T10:55:30.093+0000][9188][safepoint   ] Safepoint "Cleanup", Time since last: 3001312902 ns, Reaching safepoint: 123376 ns, Cleanup: 66958 ns, At safepoint: 9501 ns, Total: 199835 ns
[2025-03-14T10:55:33.096+0000][9188][safepoint   ] Safepoint "Cleanup", Time since last: 3002519954 ns, Reaching safepoint: 16208 ns, Cleanup: 17542 ns, At safepoint: 5125 ns, Total: 38875 ns
[2025-03-14T10:55:35.096+0000][9188][safepoint   ] Safepoint "Cleanup", Time since last: 2000261416 ns, Reaching safepoint: 101251 ns, Cleanup: 35125 ns, At safepoint: 15209 ns, Total: 151585 ns
[2025-03-14T10:55:36.096+0000][9188][safepoint   ] Safepoint "Cleanup", Time since last: 1000286155 ns, Reaching safepoint: 18209 ns, Cleanup: 30125 ns, At safepoint: 8625 ns, Total: 56959 ns
[2025-03-14T10:55:37.097+0000][9188][safepoint   ] Safepoint "Cleanup", Time since last: 1000195024 ns, Reaching safepoint: 25376 ns, Cleanup: 46500 ns, At safepoint: 5333 ns, Total: 77209 ns
[2025-03-14T10:55:39.098+0000][9188][safepoint   ] Safepoint "Cleanup", Time since last: 2001224543 ns, Reaching safepoint: 31542 ns, Cleanup: 33666 ns, At safepoint: 3417 ns, Total: 68625 ns
[2025-03-14T10:55:40.099+0000][9188][safepoint   ] Safepoint "Cleanup", Time since last: 1000467225 ns, Reaching safepoint: 20750 ns, Cleanup: 11042 ns, At safepoint: 5333 ns, Total: 37125 ns
[2025-03-14T10:55:44.099+0000][9188][safepoint   ] Safepoint "Cleanup", Time since last: 4000285754 ns, Reaching safepoint: 65042 ns, Cleanup: 34084 ns, At safepoint: 12375 ns, Total: 111501 ns
[2025-03-14T10:55:45.100+0000][9188][safepoint   ] Safepoint "Cleanup", Time since last: 1001094556 ns, Reaching safepoint: 30209 ns, Cleanup: 55042 ns, At safepoint: 11333 ns, Total: 96584 ns
[2025-03-14T10:55:48.100+0000][9188][safepoint   ] Safepoint "Cleanup", Time since last: 3000240693 ns, Reaching safepoint: 33125 ns, Cleanup: 25000 ns, At safepoint: 14126 ns, Total: 72251 ns
[2025-03-14T10:55:49.101+0000][9188][safepoint   ] Safepoint "Cleanup", Time since last: 1000125758 ns, Reaching safepoint: 5459 ns, Cleanup: 22833 ns, At safepoint: 5042 ns, Total: 33334 ns
[2025-03-14T10:55:51.101+0000][9188][safepoint   ] Safepoint "Cleanup", Time since last: 2000201683 ns, Reaching safepoint: 122126 ns, Cleanup: 46583 ns, At safepoint: 13667 ns, Total: 182376 ns
[2025-03-14T10:55:54.101+0000][9188][safepoint   ] Safepoint "Cleanup", Time since last: 3000340358 ns, Reaching safepoint: 125042 ns, Cleanup: 35501 ns, At safepoint: 28333 ns, Total: 188876 ns
[2025-03-14T10:55:56.102+0000][9188][safepoint   ] Safepoint "Cleanup", Time since last: 2000548768 ns, Reaching safepoint: 152584 ns, Cleanup: 45542 ns, At safepoint: 17750 ns, Total: 215876 ns
[2025-03-14T10:55:57.103+0000][9188][safepoint   ] Safepoint "Cleanup", Time since last: 1000263134 ns, Reaching safepoint: 7583 ns, Cleanup: 15959 ns, At safepoint: 5792 ns, Total: 29334 ns
[2025-03-14T10:56:00.187+0000][9188][safepoint   ] Safepoint "Cleanup", Time since last: 3084830426 ns, Reaching safepoint: 67542 ns, Cleanup: 31292 ns, At safepoint: 9125 ns, Total: 107959 ns
[2025-03-14T10:56:01.188+0000][9188][safepoint   ] Safepoint "Cleanup", Time since last: 1000147259 ns, Reaching safepoint: 10166 ns, Cleanup: 12584 ns, At safepoint: 4291 ns, Total: 27041 ns
[2025-03-14T10:56:03.188+0000][9188][safepoint   ] Safepoint "Cleanup", Time since last: 2000392851 ns, Reaching safepoint: 7166 ns, Cleanup: 20209 ns, At safepoint: 12792 ns, Total: 40167 ns
[2025-03-14T10:56:04.188+0000][9188][safepoint   ] Safepoint "Cleanup", Time since last: 1000108591 ns, Reaching safepoint: 14792 ns, Cleanup: 33667 ns, At safepoint: 5291 ns, Total: 53750 ns
[2025-03-14T10:56:06.188+0000][9188][safepoint   ] Safepoint "Cleanup", Time since last: 2000156766 ns, Reaching safepoint: 20709 ns, Cleanup: 16333 ns, At safepoint: 5958 ns, Total: 43000 ns
[2025-03-14T10:56:08.189+0000][9188][safepoint   ] Safepoint "Cleanup", Time since last: 2000551601 ns, Reaching safepoint: 82376 ns, Cleanup: 38958 ns, At safepoint: 12792 ns, Total: 134126 ns
[2025-03-14T10:56:08.324+0000][9188][gc,start    ] GC(25) Pause Young (Mixed) (G1 Evacuation Pause)
[2025-03-14T10:56:08.324+0000][9188][gc,task     ] GC(25) Using 1 workers of 1 for evacuation
[2025-03-14T10:56:08.324+0000][9188][gc,age      ] GC(25) Desired survivor size 44040192 bytes, new threshold 15 (max threshold 15)
[2025-03-14T10:56:08.443+0000][9188][gc,phases   ] GC(25)   Pre Evacuate Collection Set: 0.60ms
[2025-03-14T10:56:08.443+0000][9188][gc,phases   ] GC(25)   Merge Heap Roots: 1.55ms
[2025-03-14T10:56:08.443+0000][9188][gc,phases   ] GC(25)   Evacuate Collection Set: 113.70ms
[2025-03-14T10:56:08.443+0000][9188][gc,phases   ] GC(25)   Post Evacuate Collection Set: 2.67ms
[2025-03-14T10:56:08.443+0000][9188][gc,phases   ] GC(25)   Other: 0.15ms
[2025-03-14T10:56:08.443+0000][9188][gc,age      ] GC(25) Age table with threshold 15 (max threshold 15)
[2025-03-14T10:56:08.443+0000][9188][gc,age      ] GC(25) - age   1:    9188744 bytes,    9188744 total
[2025-03-14T10:56:08.443+0000][9188][gc,age      ] GC(25) - age   2:    8105800 bytes,   17294544 total
[2025-03-14T10:56:08.443+0000][9188][gc,age      ] GC(25) - age   3:      19960 bytes,   17314504 total
[2025-03-14T10:56:08.443+0000][9188][gc,age      ] GC(25) - age   4:      86664 bytes,   17401168 total
[2025-03-14T10:56:08.443+0000][9188][gc,age      ] GC(25) - age   5:    4084904 bytes,   21486072 total
[2025-03-14T10:56:08.443+0000][9188][gc,age      ] GC(25) - age   6:    2456736 bytes,   23942808 total
[2025-03-14T10:56:08.443+0000][9188][gc,heap     ] GC(25) Eden regions: 161->0(93)
[2025-03-14T10:56:08.443+0000][9188][gc,heap     ] GC(25) Survivor regions: 4->6(21)
[2025-03-14T10:56:08.443+0000][9188][gc,heap     ] GC(25) Old regions: 21->21
[2025-03-14T10:56:08.443+0000][9188][gc,heap     ] GC(25) Humongous regions: 5->5
[2025-03-14T10:56:08.443+0000][9188][gc,metaspace] GC(25) Metaspace: 119529K(122752K)->119529K(122752K) NonClass: 103340K(105088K)->103340K(105088K) Class: 16189K(17664K)->16189K(17664K)
[2025-03-14T10:56:08.443+0000][9188][gc          ] GC(25) Pause Young (Mixed) (G1 Evacuation Pause) 763M->126M(1952M) 118.852ms
[2025-03-14T10:56:08.443+0000][9188][gc,cpu      ] GC(25) User=0.11s Sys=0.00s Real=0.12s
[2025-03-14T10:56:08.449+0000][9188][safepoint   ] Safepoint "G1CollectForAllocation", Time since last: 134166539 ns, Reaching safepoint: 664962 ns, Cleanup: 14875 ns, At safepoint: 125014782 ns, Total: 125694619 ns
[2025-03-14T10:56:09.450+0000][9188][safepoint   ] Safepoint "Cleanup", Time since last: 1001004679 ns, Reaching safepoint: 299044 ns, Cleanup: 24625 ns, At safepoint: 4583 ns, Total: 328252 ns
[2025-03-14T10:56:10.451+0000][9188][safepoint   ] Safepoint "Cleanup", Time since last: 1000658053 ns, Reaching safepoint: 26083 ns, Cleanup: 25625 ns, At safepoint: 5709 ns, Total: 57417 ns
[2025-03-14T10:56:11.451+0000][9188][safepoint   ] Safepoint "Cleanup", Time since last: 1000128966 ns, Reaching safepoint: 55542 ns, Cleanup: 34667 ns, At safepoint: 8208 ns, Total: 98417 ns
[2025-03-14T10:56:12.451+0000][9188][safepoint   ] Safepoint "Cleanup", Time since last: 1000162050 ns, Reaching safepoint: 7709 ns, Cleanup: 25833 ns, At safepoint: 5292 ns, Total: 38834 ns
[2025-03-14T10:56:13.452+0000][9188][safepoint   ] Safepoint "Cleanup", Time since last: 1000098550 ns, Reaching safepoint: 5791 ns, Cleanup: 14042 ns, At safepoint: 4667 ns, Total: 24500 ns
[2025-03-14T10:56:14.452+0000][9188][safepoint   ] Safepoint "Cleanup", Time since last: 1000096631 ns, Reaching safepoint: 14416 ns, Cleanup: 10917 ns, At safepoint: 5083 ns, Total: 30416 ns
[2025-03-14T10:56:15.452+0000][9188][safepoint   ] Safepoint "Cleanup", Time since last: 1000089110 ns, Reaching safepoint: 27042 ns, Cleanup: 22334 ns, At safepoint: 4083 ns, Total: 53459 ns
[2025-03-14T10:56:18.453+0000][9188][safepoint   ] Safepoint "Cleanup", Time since last: 3000830102 ns, Reaching safepoint: 164168 ns, Cleanup: 92834 ns, At safepoint: 42417 ns, Total: 299419 ns
[2025-03-14T10:56:20.773+0000][9188][safepoint   ] Safepoint "ICBufferFull", Time since last: 2320340188 ns, Reaching safepoint: 3500 ns, Cleanup: 142834 ns, At safepoint: 8542 ns, Total: 154876 ns
[2025-03-14T10:56:20.872+0000][9188][safepoint   ] Safepoint "ICBufferFull", Time since last: 98493853 ns, Reaching safepoint: 171043 ns, Cleanup: 80959 ns, At safepoint: 4375 ns, Total: 256377 ns
[2025-03-14T10:56:21.273+0000][9188][safepoint   ] Safepoint "ICBufferFull", Time since last: 400420431 ns, Reaching safepoint: 4416 ns, Cleanup: 112543 ns, At safepoint: 5833 ns, Total: 122792 ns
[2025-03-14T10:56:21.287+0000][9188][safepoint   ] Safepoint "ICBufferFull", Time since last: 14355856 ns, Reaching safepoint: 4542 ns, Cleanup: 157210 ns, At safepoint: 3083 ns, Total: 164835 ns
[2025-03-14T10:56:22.199+0000][9188][safepoint   ] Safepoint "ICBufferFull", Time since last: 907808318 ns, Reaching safepoint: 3435983 ns, Cleanup: 105500 ns, At safepoint: 6459 ns, Total: 3547942 ns
[2025-03-14T10:56:23.135+0000][9188][safepoint   ] Safepoint "ICBufferFull", Time since last: 936533599 ns, Reaching safepoint: 4750 ns, Cleanup: 105459 ns, At safepoint: 5708 ns, Total: 115917 ns
[2025-03-14T10:56:24.135+0000][9188][safepoint   ] Safepoint "Cleanup", Time since last: 1000090488 ns, Reaching safepoint: 5417 ns, Cleanup: 63334 ns, At safepoint: 2875 ns, Total: 71626 ns
[2025-03-14T10:56:25.712+0000][9188][safepoint   ] Safepoint "Cleanup", Time since last: 1576555793 ns, Reaching safepoint: 37709 ns, Cleanup: 92584 ns, At safepoint: 8791 ns, Total: 139084 ns
[2025-03-14T10:56:26.712+0000][9188][safepoint   ] Safepoint "Cleanup", Time since last: 1000127133 ns, Reaching safepoint: 8667 ns, Cleanup: 15666 ns, At safepoint: 5042 ns, Total: 29375 ns
[2025-03-14T10:56:27.712+0000][9188][safepoint   ] Safepoint "Cleanup", Time since last: 1000059384 ns, Reaching safepoint: 12417 ns, Cleanup: 16291 ns, At safepoint: 6626 ns, Total: 35334 ns
[2025-03-14T10:56:28.713+0000][9188][safepoint   ] Safepoint "Cleanup", Time since last: 1000106114 ns, Reaching safepoint: 24500 ns, Cleanup: 118751 ns, At safepoint: 6958 ns, Total: 150209 ns
[2025-03-14T10:56:31.713+0000][9188][safepoint   ] Safepoint "Cleanup", Time since last: 3000207486 ns, Reaching safepoint: 7750 ns, Cleanup: 12667 ns, At safepoint: 5000 ns, Total: 25417 ns
[2025-03-14T10:56:33.713+0000][9188][safepoint   ] Safepoint "Cleanup", Time since last: 2000261173 ns, Reaching safepoint: 105750 ns, Cleanup: 37292 ns, At safepoint: 11500 ns, Total: 154542 ns
[2025-03-14T10:56:34.713+0000][9188][safepoint   ] Safepoint "Cleanup", Time since last: 1000137714 ns, Reaching safepoint: 10792 ns, Cleanup: 12500 ns, At safepoint: 5958 ns, Total: 29250 ns
[2025-03-14T10:56:36.714+0000][9188][safepoint   ] Safepoint "Cleanup", Time since last: 2000210072 ns, Reaching safepoint: 77542 ns, Cleanup: 22125 ns, At safepoint: 8417 ns, Total: 108084 ns
[2025-03-14T10:56:38.969+0000][9188][gc,start    ] GC(26) Pause Young (Normal) (G1 Evacuation Pause)
[2025-03-14T10:56:38.969+0000][9188][gc,task     ] GC(26) Using 1 workers of 1 for evacuation
[2025-03-14T10:56:38.969+0000][9188][gc,age      ] GC(26) Desired survivor size 18874368 bytes, new threshold 5 (max threshold 15)
[2025-03-14T10:56:39.038+0000][9188][gc,phases   ] GC(26)   Pre Evacuate Collection Set: 0.70ms
[2025-03-14T10:56:39.038+0000][9188][gc,phases   ] GC(26)   Merge Heap Roots: 0.20ms
[2025-03-14T10:56:39.038+0000][9188][gc,phases   ] GC(26)   Evacuate Collection Set: 64.38ms
[2025-03-14T10:56:39.038+0000][9188][gc,phases   ] GC(26)   Post Evacuate Collection Set: 4.00ms
[2025-03-14T10:56:39.038+0000][9188][gc,phases   ] GC(26)   Other: 0.12ms
[2025-03-14T10:56:39.038+0000][9188][gc,age      ] GC(26) Age table with threshold 5 (max threshold 15)
[2025-03-14T10:56:39.038+0000][9188][gc,age      ] GC(26) - age   1:    4373984 bytes,    4373984 total
[2025-03-14T10:56:39.038+0000][9188][gc,age      ] GC(26) - age   2:    2345944 bytes,    6719928 total
[2025-03-14T10:56:39.038+0000][9188][gc,age      ] GC(26) - age   3:    7029736 bytes,   13749664 total
[2025-03-14T10:56:39.038+0000][9188][gc,age      ] GC(26) - age   4:      14584 bytes,   13764248 total
[2025-03-14T10:56:39.038+0000][9188][gc,age      ] GC(26) - age   5:      64104 bytes,   13828352 total
[2025-03-14T10:56:39.038+0000][9188][gc,heap     ] GC(26) Eden regions: 59->0(288)
[2025-03-14T10:56:39.038+0000][9188][gc,heap     ] GC(26) Survivor regions: 6->4(9)
[2025-03-14T10:56:39.038+0000][9188][gc,heap     ] GC(26) Old regions: 21->23
[2025-03-14T10:56:39.038+0000][9188][gc,heap     ] GC(26) Humongous regions: 5->5
[2025-03-14T10:56:39.038+0000][9188][gc,metaspace] GC(26) Metaspace: 121543K(124736K)->121543K(124736K) NonClass: 105012K(106752K)->105012K(106752K) Class: 16531K(17984K)->16531K(17984K)
[2025-03-14T10:56:39.038+0000][9188][gc          ] GC(26) Pause Young (Normal) (G1 Evacuation Pause) 362M->122M(1952M) 69.569ms
[2025-03-14T10:56:39.038+0000][9188][gc,cpu      ] GC(26) User=0.06s Sys=0.00s Real=0.07s
[2025-03-14T10:56:39.041+0000][9188][safepoint   ] Safepoint "G1CollectForAllocation", Time since last: 2254932619 ns, Reaching safepoint: 4125 ns, Cleanup: 1959 ns, At safepoint: 72227152 ns, Total: 72233236 ns
[2025-03-14T10:56:40.041+0000][9188][safepoint   ] Safepoint "Cleanup", Time since last: 1000074813 ns, Reaching safepoint: 21500 ns, Cleanup: 40958 ns, At safepoint: 6001 ns, Total: 68459 ns
[2025-03-14T10:56:41.041+0000][9188][safepoint   ] Safepoint "Cleanup", Time since last: 1000201603 ns, Reaching safepoint: 10750 ns, Cleanup: 10542 ns, At safepoint: 6792 ns, Total: 28084 ns
[2025-03-14T10:56:43.043+0000][9188][safepoint   ] Safepoint "Cleanup", Time since last: 2000885123 ns, Reaching safepoint: 410669 ns, Cleanup: 113542 ns, At safepoint: 43459 ns, Total: 567670 ns
[2025-03-14T10:56:45.045+0000][9188][safepoint   ] Safepoint "Cleanup", Time since last: 2002525339 ns, Reaching safepoint: 88625 ns, Cleanup: 7667 ns, At safepoint: 5833 ns, Total: 102125 ns
[2025-03-14T10:56:48.046+0000][9188][safepoint   ] Safepoint "Cleanup", Time since last: 3000172004 ns, Reaching safepoint: 17792 ns, Cleanup: 20875 ns, At safepoint: 5458 ns, Total: 44125 ns
[2025-03-14T10:56:49.046+0000][9188][safepoint   ] Safepoint "Cleanup", Time since last: 1000107057 ns, Reaching safepoint: 18041 ns, Cleanup: 13959 ns, At safepoint: 5000 ns, Total: 37000 ns
[2025-03-14T10:56:51.046+0000][9188][safepoint   ] Safepoint "Cleanup", Time since last: 2000206446 ns, Reaching safepoint: 68209 ns, Cleanup: 41583 ns, At safepoint: 10917 ns, Total: 120709 ns
[2025-03-14T10:56:52.046+0000][9188][safepoint   ] Safepoint "Cleanup", Time since last: 1000128848 ns, Reaching safepoint: 6334 ns, Cleanup: 13666 ns, At safepoint: 5834 ns, Total: 25834 ns
[2025-03-14T10:56:53.046+0000][9188][safepoint   ] Safepoint "Cleanup", Time since last: 1000102098 ns, Reaching safepoint: 13625 ns, Cleanup: 24708 ns, At safepoint: 11584 ns, Total: 49917 ns
[2025-03-14T10:56:54.047+0000][9188][safepoint   ] Safepoint "Cleanup", Time since last: 1000091931 ns, Reaching safepoint: 15167 ns, Cleanup: 30375 ns, At safepoint: 5583 ns, Total: 51125 ns
[2025-03-14T10:56:59.047+0000][9188][safepoint   ] Safepoint "Cleanup", Time since last: 5000315113 ns, Reaching safepoint: 112917 ns, Cleanup: 29459 ns, At safepoint: 12083 ns, Total: 154459 ns
[2025-03-14T10:57:01.255+0000][9188][safepoint   ] Safepoint "Cleanup", Time since last: 2207510218 ns, Reaching safepoint: 27875 ns, Cleanup: 10917 ns, At safepoint: 5584 ns, Total: 44376 ns
[2025-03-14T10:57:03.255+0000][9188][safepoint   ] Safepoint "Cleanup", Time since last: 2000407363 ns, Reaching safepoint: 7875 ns, Cleanup: 31625 ns, At safepoint: 13209 ns, Total: 52709 ns
[2025-03-14T10:57:04.255+0000][9188][safepoint   ] Safepoint "Cleanup", Time since last: 1000134764 ns, Reaching safepoint: 180835 ns, Cleanup: 63833 ns, At safepoint: 12292 ns, Total: 256960 ns
[2025-03-14T10:57:05.256+0000][9188][safepoint   ] Safepoint "Cleanup", Time since last: 1000393391 ns, Reaching safepoint: 113168 ns, Cleanup: 109167 ns, At safepoint: 24584 ns, Total: 246919 ns
[2025-03-14T10:57:06.258+0000][9188][safepoint   ] Safepoint "Cleanup", Time since last: 1000830143 ns, Reaching safepoint: 196543 ns, Cleanup: 381294 ns, At safepoint: 113543 ns, Total: 691380 ns
[2025-03-14T10:57:07.258+0000][9188][safepoint   ] Safepoint "Cleanup", Time since last: 1000847560 ns, Reaching safepoint: 14167 ns, Cleanup: 29125 ns, At safepoint: 9292 ns, Total: 52584 ns
[2025-03-14T10:57:09.259+0000][9188][safepoint   ] Safepoint "Cleanup", Time since last: 2000746282 ns, Reaching safepoint: 11167 ns, Cleanup: 27125 ns, At safepoint: 5708 ns, Total: 44000 ns
[2025-03-14T10:57:11.260+0000][9188][safepoint   ] Safepoint "Cleanup", Time since last: 2000508281 ns, Reaching safepoint: 15083 ns, Cleanup: 12209 ns, At safepoint: 3792 ns, Total: 31084 ns
[2025-03-14T10:57:15.261+0000][9188][safepoint   ] Safepoint "Cleanup", Time since last: 4001173730 ns, Reaching safepoint: 85209 ns, Cleanup: 39126 ns, At safepoint: 10417 ns, Total: 134752 ns
[2025-03-14T10:57:16.261+0000][9188][safepoint   ] Safepoint "Cleanup", Time since last: 1000158075 ns, Reaching safepoint: 25042 ns, Cleanup: 64750 ns, At safepoint: 5959 ns, Total: 95751 ns
[2025-03-14T10:57:21.262+0000][9188][safepoint   ] Safepoint "Cleanup", Time since last: 5000405994 ns, Reaching safepoint: 64417 ns, Cleanup: 66042 ns, At safepoint: 9542 ns, Total: 140001 ns
[2025-03-14T10:57:22.262+0000][9188][safepoint   ] Safepoint "Cleanup", Time since last: 1000211552 ns, Reaching safepoint: 13750 ns, Cleanup: 16167 ns, At safepoint: 6167 ns, Total: 36084 ns
[2025-03-14T10:57:24.262+0000][9188][safepoint   ] Safepoint "Cleanup", Time since last: 2000173161 ns, Reaching safepoint: 10000 ns, Cleanup: 39209 ns, At safepoint: 6333 ns, Total: 55542 ns
[2025-03-14T10:57:27.263+0000][9188][safepoint   ] Safepoint "Cleanup", Time since last: 3000368877 ns, Reaching safepoint: 77167 ns, Cleanup: 66709 ns, At safepoint: 37500 ns, Total: 181376 ns
[2025-03-14T10:57:29.264+0000][9188][safepoint   ] Safepoint "Cleanup", Time since last: 2000748728 ns, Reaching safepoint: 57042 ns, Cleanup: 72709 ns, At safepoint: 31333 ns, Total: 161084 ns
[2025-03-14T10:57:30.264+0000][9188][safepoint   ] Safepoint "Cleanup", Time since last: 1000329443 ns, Reaching safepoint: 38751 ns, Cleanup: 49958 ns, At safepoint: 28042 ns, Total: 116751 ns
[2025-03-14T10:57:31.265+0000][9188][safepoint   ] Safepoint "Cleanup", Time since last: 1000226038 ns, Reaching safepoint: 12458 ns, Cleanup: 58876 ns, At safepoint: 10333 ns, Total: 81667 ns
[2025-03-14T10:57:33.265+0000][9188][safepoint   ] Safepoint "Cleanup", Time since last: 2000163137 ns, Reaching safepoint: 8750 ns, Cleanup: 19417 ns, At safepoint: 5209 ns, Total: 33376 ns
[2025-03-14T10:57:34.265+0000][9188][safepoint   ] Safepoint "Cleanup", Time since last: 1000107568 ns, Reaching safepoint: 7959 ns, Cleanup: 11708 ns, At safepoint: 5709 ns, Total: 25376 ns
[2025-03-14T10:57:36.266+0000][9188][safepoint   ] Safepoint "Cleanup", Time since last: 2000561030 ns, Reaching safepoint: 26417 ns, Cleanup: 32001 ns, At safepoint: 7958 ns, Total: 66376 ns
[2025-03-14T10:57:37.266+0000][9188][safepoint   ] Safepoint "Cleanup", Time since last: 1000118005 ns, Reaching safepoint: 9000 ns, Cleanup: 11042 ns, At safepoint: 4625 ns, Total: 24667 ns
[2025-03-14T10:57:38.266+0000][9188][safepoint   ] Safepoint "Cleanup", Time since last: 1000096502 ns, Reaching safepoint: 15833 ns, Cleanup: 9708 ns, At safepoint: 5917 ns, Total: 31458 ns
[2025-03-14T10:57:39.266+0000][9188][safepoint   ] Safepoint "Cleanup", Time since last: 1000123582 ns, Reaching safepoint: 29667 ns, Cleanup: 14833 ns, At safepoint: 5625 ns, Total: 50125 ns
[2025-03-14T10:57:40.266+0000][9188][safepoint   ] Safepoint "Cleanup", Time since last: 1000128747 ns, Reaching safepoint: 33250 ns, Cleanup: 93459 ns, At safepoint: 10500 ns, Total: 137209 ns
[2025-03-14T10:57:41.267+0000][9188][safepoint   ] Safepoint "Cleanup", Time since last: 1000405538 ns, Reaching safepoint: 603838 ns, Cleanup: 25792 ns, At safepoint: 58125 ns, Total: 687755 ns
[2025-03-14T10:57:42.268+0000][9188][safepoint   ] Safepoint "Cleanup", Time since last: 1000299578 ns, Reaching safepoint: 17334 ns, Cleanup: 24291 ns, At safepoint: 6001 ns, Total: 47626 ns
[2025-03-14T10:57:43.268+0000][9188][safepoint   ] Safepoint "Cleanup", Time since last: 1000102409 ns, Reaching safepoint: 9583 ns, Cleanup: 19042 ns, At safepoint: 5833 ns, Total: 34458 ns
[2025-03-14T10:57:45.268+0000][9188][safepoint   ] Safepoint "Cleanup", Time since last: 2000163233 ns, Reaching safepoint: 15041 ns, Cleanup: 22542 ns, At safepoint: 5375 ns, Total: 42958 ns
[2025-03-14T10:57:48.269+0000][9188][safepoint   ] Safepoint "Cleanup", Time since last: 3000542848 ns, Reaching safepoint: 51000 ns, Cleanup: 31084 ns, At safepoint: 11833 ns, Total: 93917 ns
[2025-03-14T10:57:51.269+0000][9188][safepoint   ] Safepoint "Cleanup", Time since last: 3000387637 ns, Reaching safepoint: 32626 ns, Cleanup: 253876 ns, At safepoint: 28834 ns, Total: 315336 ns
[2025-03-14T10:57:52.270+0000][9188][safepoint   ] Safepoint "Cleanup", Time since last: 1000488451 ns, Reaching safepoint: 68917 ns, Cleanup: 40167 ns, At safepoint: 10500 ns, Total: 119584 ns
[2025-03-14T10:57:53.272+0000][9188][safepoint   ] Safepoint "Cleanup", Time since last: 1001965753 ns, Reaching safepoint: 29083 ns, Cleanup: 30209 ns, At safepoint: 5916 ns, Total: 65208 ns
[2025-03-14T10:58:06.304+0000][9188][safepoint   ] Safepoint "Cleanup", Time since last: 13031601619 ns, Reaching safepoint: 131292 ns, Cleanup: 64126 ns, At safepoint: 14167 ns, Total: 209585 ns
[2025-03-14T10:58:09.305+0000][9188][safepoint   ] Safepoint "Cleanup", Time since last: 3000618679 ns, Reaching safepoint: 110376 ns, Cleanup: 53417 ns, At safepoint: 11208 ns, Total: 175001 ns
[2025-03-14T10:58:13.306+0000][9188][safepoint   ] Safepoint "Cleanup", Time since last: 4000877336 ns, Reaching safepoint: 592463 ns, Cleanup: 119834 ns, At safepoint: 41625 ns, Total: 753922 ns
[2025-03-14T10:58:14.308+0000][9188][safepoint   ] Safepoint "Cleanup", Time since last: 1001747172 ns, Reaching safepoint: 36167 ns, Cleanup: 65959 ns, At safepoint: 26417 ns, Total: 128543 ns
[2025-03-14T10:58:16.310+0000][9188][safepoint   ] Safepoint "Cleanup", Time since last: 2001901850 ns, Reaching safepoint: 23375 ns, Cleanup: 26125 ns, At safepoint: 18834 ns, Total: 68334 ns
[2025-03-14T10:58:19.311+0000][9188][safepoint   ] Safepoint "Cleanup", Time since last: 3000285904 ns, Reaching safepoint: 138834 ns, Cleanup: 30584 ns, At safepoint: 12083 ns, Total: 181501 ns
[2025-03-14T10:58:21.311+0000][9188][safepoint   ] Safepoint "Cleanup", Time since last: 2000252532 ns, Reaching safepoint: 8333 ns, Cleanup: 38251 ns, At safepoint: 9458 ns, Total: 56042 ns
[2025-03-14T10:58:22.311+0000][9188][safepoint   ] Safepoint "Cleanup", Time since last: 1000067656 ns, Reaching safepoint: 9917 ns, Cleanup: 10250 ns, At safepoint: 4500 ns, Total: 24667 ns
[2025-03-14T10:58:23.311+0000][9188][safepoint   ] Safepoint "Cleanup", Time since last: 1000093198 ns, Reaching safepoint: 7500 ns, Cleanup: 19834 ns, At safepoint: 5333 ns, Total: 32667 ns
[2025-03-14T10:58:27.314+0000][9188][safepoint   ] Safepoint "Cleanup", Time since last: 4002870921 ns, Reaching safepoint: 63417 ns, Cleanup: 31083 ns, At safepoint: 11125 ns, Total: 105625 ns
[2025-03-14T10:58:33.315+0000][9188][safepoint   ] Safepoint "Cleanup", Time since last: 6000478746 ns, Reaching safepoint: 8459 ns, Cleanup: 12875 ns, At safepoint: 5333 ns, Total: 26667 ns
[2025-03-14T10:58:34.316+0000][9188][safepoint   ] Safepoint "Cleanup", Time since last: 1000654971 ns, Reaching safepoint: 205418 ns, Cleanup: 123668 ns, At safepoint: 40250 ns, Total: 369336 ns
[2025-03-14T10:58:39.319+0000][9188][safepoint   ] Safepoint "Cleanup", Time since last: 5003210853 ns, Reaching safepoint: 8542 ns, Cleanup: 21709 ns, At safepoint: 12583 ns, Total: 42834 ns
[2025-03-14T10:58:41.321+0000][9188][safepoint   ] Safepoint "Cleanup", Time since last: 2002056712 ns, Reaching safepoint: 11584 ns, Cleanup: 20167 ns, At safepoint: 4875 ns, Total: 36626 ns
[2025-03-14T10:58:42.321+0000][9188][safepoint   ] Safepoint "Cleanup", Time since last: 1000096202 ns, Reaching safepoint: 7292 ns, Cleanup: 12042 ns, At safepoint: 4958 ns, Total: 24292 ns
[2025-03-14T10:58:43.321+0000][9188][safepoint   ] Safepoint "Cleanup", Time since last: 1000090452 ns, Reaching safepoint: 6709 ns, Cleanup: 28833 ns, At safepoint: 2584 ns, Total: 38126 ns
[2025-03-14T10:58:44.321+0000][9188][safepoint   ] Safepoint "Cleanup", Time since last: 1000087285 ns, Reaching safepoint: 5667 ns, Cleanup: 9583 ns, At safepoint: 4750 ns, Total: 20000 ns
[2025-03-14T10:58:45.321+0000][9188][safepoint   ] Safepoint "Cleanup", Time since last: 1000093327 ns, Reaching safepoint: 7000 ns, Cleanup: 11833 ns, At safepoint: 5209 ns, Total: 24042 ns
[2025-03-14T10:58:49.324+0000][9188][safepoint   ] Safepoint "Cleanup", Time since last: 4002781073 ns, Reaching safepoint: 48959 ns, Cleanup: 21416 ns, At safepoint: 8084 ns, Total: 78459 ns
[2025-03-14T10:58:51.325+0000][9188][safepoint   ] Safepoint "Cleanup", Time since last: 2000200527 ns, Reaching safepoint: 6667 ns, Cleanup: 19667 ns, At safepoint: 4583 ns, Total: 30917 ns
[2025-03-14T10:58:52.325+0000][9188][safepoint   ] Safepoint "Cleanup", Time since last: 1000087993 ns, Reaching safepoint: 7125 ns, Cleanup: 14167 ns, At safepoint: 4416 ns, Total: 25708 ns
[2025-03-14T10:58:53.325+0000][9188][safepoint   ] Safepoint "Cleanup", Time since last: 1000446662 ns, Reaching safepoint: 8209 ns, Cleanup: 27750 ns, At safepoint: 7500 ns, Total: 43459 ns
[2025-03-14T10:58:57.327+0000][9188][safepoint   ] Safepoint "Cleanup", Time since last: 4001174935 ns, Reaching safepoint: 163501 ns, Cleanup: 53501 ns, At safepoint: 28917 ns, Total: 245919 ns
[2025-03-14T10:59:08.362+0000][9188][safepoint   ] Safepoint "Cleanup", Time since last: 11034714419 ns, Reaching safepoint: 111667 ns, Cleanup: 289836 ns, At safepoint: 10500 ns, Total: 412003 ns
[2025-03-14T10:59:09.362+0000][9188][safepoint   ] Safepoint "Cleanup", Time since last: 1000193077 ns, Reaching safepoint: 14750 ns, Cleanup: 75709 ns, At safepoint: 6500 ns, Total: 96959 ns
[2025-03-14T10:59:10.362+0000][9188][safepoint   ] Safepoint "Cleanup", Time since last: 1000111284 ns, Reaching safepoint: 32792 ns, Cleanup: 29292 ns, At safepoint: 7292 ns, Total: 69376 ns
[2025-03-14T10:59:11.362+0000][9188][safepoint   ] Safepoint "Cleanup", Time since last: 1000126326 ns, Reaching safepoint: 8250 ns, Cleanup: 14459 ns, At safepoint: 6500 ns, Total: 29209 ns
[2025-03-14T10:59:12.363+0000][9188][safepoint   ] Safepoint "Cleanup", Time since last: 1000121618 ns, Reaching safepoint: 62792 ns, Cleanup: 27417 ns, At safepoint: 9333 ns, Total: 99542 ns
[2025-03-14T10:59:13.363+0000][9188][safepoint   ] Safepoint "Cleanup", Time since last: 1000144743 ns, Reaching safepoint: 17625 ns, Cleanup: 25209 ns, At safepoint: 5458 ns, Total: 48292 ns
[2025-03-14T10:59:14.363+0000][9188][safepoint   ] Safepoint "Cleanup", Time since last: 1000107678 ns, Reaching safepoint: 7583 ns, Cleanup: 16709 ns, At safepoint: 5000 ns, Total: 29292 ns
[2025-03-14T10:59:15.363+0000][9188][safepoint   ] Safepoint "Cleanup", Time since last: 1000103054 ns, Reaching safepoint: 12083 ns, Cleanup: 19709 ns, At safepoint: 5583 ns, Total: 37375 ns
[2025-03-14T10:59:21.366+0000][9188][safepoint   ] Safepoint "Cleanup", Time since last: 6002639828 ns, Reaching safepoint: 245085 ns, Cleanup: 103626 ns, At safepoint: 12542 ns, Total: 361253 ns
[2025-03-14T10:59:22.366+0000][9188][safepoint   ] Safepoint "Cleanup", Time since last: 1000224688 ns, Reaching safepoint: 6834 ns, Cleanup: 13833 ns, At safepoint: 3709 ns, Total: 24376 ns
[2025-03-14T10:59:23.366+0000][9188][safepoint   ] Safepoint "Cleanup", Time since last: 1000081779 ns, Reaching safepoint: 7750 ns, Cleanup: 24125 ns, At safepoint: 4542 ns, Total: 36417 ns
[2025-03-14T10:59:27.367+0000][9188][safepoint   ] Safepoint "Cleanup", Time since last: 4000446861 ns, Reaching safepoint: 143959 ns, Cleanup: 39751 ns, At safepoint: 10416 ns, Total: 194126 ns
[2025-03-14T10:59:33.370+0000][9188][safepoint   ] Safepoint "Cleanup", Time since last: 6002467343 ns, Reaching safepoint: 106793 ns, Cleanup: 45625 ns, At safepoint: 9708 ns, Total: 162126 ns
[2025-03-14T10:59:34.370+0000][9188][safepoint   ] Safepoint "Cleanup", Time since last: 1000183365 ns, Reaching safepoint: 45084 ns, Cleanup: 57417 ns, At safepoint: 9792 ns, Total: 112293 ns
[2025-03-14T10:59:45.374+0000][9188][safepoint   ] Safepoint "Cleanup", Time since last: 11003455451 ns, Reaching safepoint: 392212 ns, Cleanup: 131417 ns, At safepoint: 29417 ns, Total: 553046 ns
[2025-03-14T10:59:47.375+0000][9188][safepoint   ] Safepoint "Cleanup", Time since last: 2000915581 ns, Reaching safepoint: 8834 ns, Cleanup: 12542 ns, At safepoint: 5375 ns, Total: 26751 ns
[2025-03-14T10:59:53.375+0000][9188][safepoint   ] Safepoint "Cleanup", Time since last: 6000369098 ns, Reaching safepoint: 11375 ns, Cleanup: 17750 ns, At safepoint: 5209 ns, Total: 34334 ns
[2025-03-14T10:59:54.375+0000][9188][safepoint   ] Safepoint "Cleanup", Time since last: 1000092766 ns, Reaching safepoint: 21001 ns, Cleanup: 18666 ns, At safepoint: 5834 ns, Total: 45501 ns
[2025-03-14T10:59:57.376+0000][9188][safepoint   ] Safepoint "Cleanup", Time since last: 3000205257 ns, Reaching safepoint: 15750 ns, Cleanup: 14167 ns, At safepoint: 8125 ns, Total: 38042 ns
[2025-03-14T11:00:00.439+0000][9188][safepoint   ] Safepoint "Cleanup", Time since last: 3062892869 ns, Reaching safepoint: 55043 ns, Cleanup: 32958 ns, At safepoint: 36584 ns, Total: 124585 ns
[2025-03-14T11:00:03.440+0000][9188][safepoint   ] Safepoint "Cleanup", Time since last: 3001096264 ns, Reaching safepoint: 10583 ns, Cleanup: 16001 ns, At safepoint: 12916 ns, Total: 39500 ns
[2025-03-14T11:00:15.442+0000][9188][safepoint   ] Safepoint "Cleanup", Time since last: 12001865972 ns, Reaching safepoint: 65376 ns, Cleanup: 24875 ns, At safepoint: 11500 ns, Total: 101751 ns
[2025-03-14T11:00:21.443+0000][9188][safepoint   ] Safepoint "Cleanup", Time since last: 6001114567 ns, Reaching safepoint: 13334 ns, Cleanup: 69167 ns, At safepoint: 8083 ns, Total: 90584 ns
[2025-03-14T11:00:28.446+0000][9188][safepoint   ] Safepoint "Cleanup", Time since last: 7002925905 ns, Reaching safepoint: 39501 ns, Cleanup: 17083 ns, At safepoint: 7875 ns, Total: 64459 ns
[2025-03-14T11:00:34.446+0000][9188][safepoint   ] Safepoint "Cleanup", Time since last: 6000434204 ns, Reaching safepoint: 36959 ns, Cleanup: 16667 ns, At safepoint: 7791 ns, Total: 61417 ns
[2025-03-14T11:00:36.447+0000][9188][safepoint   ] Safepoint "Cleanup", Time since last: 2000166925 ns, Reaching safepoint: 10750 ns, Cleanup: 15750 ns, At safepoint: 5458 ns, Total: 31958 ns
[2025-03-14T11:00:39.447+0000][9188][safepoint   ] Safepoint "Cleanup", Time since last: 3000475333 ns, Reaching safepoint: 75083 ns, Cleanup: 100835 ns, At safepoint: 41667 ns, Total: 217585 ns
[2025-03-14T11:00:40.448+0000][9188][safepoint   ] Safepoint "Cleanup", Time since last: 1000287457 ns, Reaching safepoint: 27208 ns, Cleanup: 34834 ns, At safepoint: 17458 ns, Total: 79500 ns
[2025-03-14T11:00:42.449+0000][9188][safepoint   ] Safepoint "Cleanup", Time since last: 2001268543 ns, Reaching safepoint: 56084 ns, Cleanup: 41834 ns, At safepoint: 13208 ns, Total: 111126 ns
[2025-03-14T11:00:43.450+0000][9188][safepoint   ] Safepoint "Cleanup", Time since last: 1000195746 ns, Reaching safepoint: 139793 ns, Cleanup: 88834 ns, At safepoint: 10959 ns, Total: 239586 ns
[2025-03-14T11:00:44.450+0000][9188][safepoint   ] Safepoint "Cleanup", Time since last: 1000180371 ns, Reaching safepoint: 18750 ns, Cleanup: 14917 ns, At safepoint: 7625 ns, Total: 41292 ns
[2025-03-14T11:00:45.450+0000][9188][safepoint   ] Safepoint "Cleanup", Time since last: 1000144912 ns, Reaching safepoint: 88667 ns, Cleanup: 73918 ns, At safepoint: 14250 ns, Total: 176835 ns
[2025-03-14T11:00:48.450+0000][9188][safepoint   ] Safepoint "Cleanup", Time since last: 3000276943 ns, Reaching safepoint: 8083 ns, Cleanup: 13208 ns, At safepoint: 3626 ns, Total: 24917 ns
[2025-03-14T11:00:50.451+0000][9188][safepoint   ] Safepoint "Cleanup", Time since last: 2000178989 ns, Reaching safepoint: 62500 ns, Cleanup: 21001 ns, At safepoint: 7083 ns, Total: 90584 ns
[2025-03-14T11:00:52.451+0000][9188][safepoint   ] Safepoint "Cleanup", Time since last: 2000208989 ns, Reaching safepoint: 35001 ns, Cleanup: 62583 ns, At safepoint: 6709 ns, Total: 104293 ns
[2025-03-14T11:00:54.451+0000][9188][safepoint   ] Safepoint "Cleanup", Time since last: 2000188656 ns, Reaching safepoint: 12500 ns, Cleanup: 13375 ns, At safepoint: 5750 ns, Total: 31625 ns
[2025-03-14T11:01:01.482+0000][9188][safepoint   ] Safepoint "Cleanup", Time since last: 7030896541 ns, Reaching safepoint: 74959 ns, Cleanup: 50417 ns, At safepoint: 20000 ns, Total: 145376 ns
[2025-03-14T11:01:09.485+0000][9188][safepoint   ] Safepoint "Cleanup", Time since last: 8002654305 ns, Reaching safepoint: 89292 ns, Cleanup: 42626 ns, At safepoint: 13750 ns, Total: 145668 ns
[2025-03-14T11:01:11.485+0000][9188][safepoint   ] Safepoint "Cleanup", Time since last: 2000252781 ns, Reaching safepoint: 18792 ns, Cleanup: 14375 ns, At safepoint: 6042 ns, Total: 39209 ns
[2025-03-14T11:01:15.486+0000][9188][safepoint   ] Safepoint "Cleanup", Time since last: 4000309988 ns, Reaching safepoint: 61709 ns, Cleanup: 34834 ns, At safepoint: 9167 ns, Total: 105710 ns
[2025-03-14T11:01:21.487+0000][9188][safepoint   ] Safepoint "Cleanup", Time since last: 6001377580 ns, Reaching safepoint: 140209 ns, Cleanup: 53751 ns, At safepoint: 11708 ns, Total: 205668 ns
[2025-03-14T11:01:24.488+0000][9188][safepoint   ] Safepoint "Cleanup", Time since last: 3001000752 ns, Reaching safepoint: 43626 ns, Cleanup: 39875 ns, At safepoint: 5750 ns, Total: 89251 ns
[2025-03-14T11:01:27.489+0000][9188][safepoint   ] Safepoint "Cleanup", Time since last: 3000257912 ns, Reaching safepoint: 6209 ns, Cleanup: 12792 ns, At safepoint: 3958 ns, Total: 22959 ns
[2025-03-14T11:01:28.097+0000][9188][gc,start    ] GC(27) Pause Young (Concurrent Start) (G1 Evacuation Pause)
[2025-03-14T11:01:28.098+0000][9188][gc,task     ] GC(27) Using 1 workers of 1 for evacuation
[2025-03-14T11:01:28.098+0000][9188][gc,age      ] GC(27) Desired survivor size 77594624 bytes, new threshold 15 (max threshold 15)
[2025-03-14T11:01:28.180+0000][9188][gc,phases   ] GC(27)   Pre Evacuate Collection Set: 2.41ms
[2025-03-14T11:01:28.180+0000][9188][gc,phases   ] GC(27)   Merge Heap Roots: 0.62ms
[2025-03-14T11:01:28.180+0000][9188][gc,phases   ] GC(27)   Evacuate Collection Set: 72.48ms
[2025-03-14T11:01:28.180+0000][9188][gc,phases   ] GC(27)   Post Evacuate Collection Set: 6.06ms
[2025-03-14T11:01:28.180+0000][9188][gc,phases   ] GC(27)   Other: 0.42ms
[2025-03-14T11:01:28.180+0000][9188][gc,age      ] GC(27) Age table with threshold 15 (max threshold 15)
[2025-03-14T11:01:28.180+0000][9188][gc,age      ] GC(27) - age   1:    1883848 bytes,    1883848 total
[2025-03-14T11:01:28.180+0000][9188][gc,age      ] GC(27) - age   2:    1619552 bytes,    3503400 total
[2025-03-14T11:01:28.180+0000][9188][gc,age      ] GC(27) - age   3:    2122664 bytes,    5626064 total
[2025-03-14T11:01:28.180+0000][9188][gc,age      ] GC(27) - age   4:    7023840 bytes,   12649904 total
[2025-03-14T11:01:28.180+0000][9188][gc,age      ] GC(27) - age   5:      14584 bytes,   12664488 total
[2025-03-14T11:01:28.180+0000][9188][gc,age      ] GC(27) - age   6:      64104 bytes,   12728592 total
[2025-03-14T11:01:28.180+0000][9188][gc,heap     ] GC(27) Eden regions: 288->0(288)
[2025-03-14T11:01:28.180+0000][9188][gc,heap     ] GC(27) Survivor regions: 4->4(37)
[2025-03-14T11:01:28.180+0000][9188][gc,heap     ] GC(27) Old regions: 23->23
[2025-03-14T11:01:28.180+0000][9188][gc,heap     ] GC(27) Humongous regions: 5->5
[2025-03-14T11:01:28.180+0000][9188][gc,metaspace] GC(27) Metaspace: 122030K(125248K)->122030K(125248K) NonClass: 105498K(107264K)->105498K(107264K) Class: 16532K(17984K)->16532K(17984K)
[2025-03-14T11:01:28.180+0000][9188][gc          ] GC(27) Pause Young (Concurrent Start) (G1 Evacuation Pause) 1274M->122M(1952M) 82.316ms
[2025-03-14T11:01:28.180+0000][9188][gc          ] GC(28) Concurrent Mark Cycle
[2025-03-14T11:01:28.180+0000][9188][gc,marking  ] GC(28) Concurrent Scan Root Regions
[2025-03-14T11:01:28.182+0000][9188][gc,cpu      ] GC(27) User=0.08s Sys=0.00s Real=0.09s
[2025-03-14T11:01:28.185+0000][9188][safepoint   ] Safepoint "G1CollectForAllocation", Time since last: 608344369 ns, Reaching safepoint: 12375 ns, Cleanup: 7292 ns, At safepoint: 87906750 ns, Total: 87926417 ns
[2025-03-14T11:01:28.197+0000][9188][gc,marking  ] GC(28) Concurrent Scan Root Regions 16.933ms
[2025-03-14T11:01:28.197+0000][9188][gc,marking  ] GC(28) Concurrent Mark
[2025-03-14T11:01:28.197+0000][9188][gc,marking  ] GC(28) Concurrent Mark From Roots
[2025-03-14T11:01:28.197+0000][9188][gc,task     ] GC(28) Using 1 workers of 1 for marking
[2025-03-14T11:01:28.290+0000][9188][gc,marking  ] GC(28) Concurrent Mark From Roots 92.983ms
[2025-03-14T11:01:28.290+0000][9188][gc,marking  ] GC(28) Concurrent Preclean
[2025-03-14T11:01:28.290+0000][9188][gc,marking  ] GC(28) Concurrent Preclean 0.127ms
[2025-03-14T11:01:28.290+0000][9188][gc,start    ] GC(28) Pause Remark
[2025-03-14T11:01:28.414+0000][9188][gc          ] GC(28) Pause Remark 124M->124M(1952M) 123.376ms
[2025-03-14T11:01:28.414+0000][9188][gc,cpu      ] GC(28) User=0.12s Sys=0.00s Real=0.12s
[2025-03-14T11:01:28.417+0000][9188][safepoint   ] Safepoint "G1PauseRemark", Time since last: 105095105 ns, Reaching safepoint: 19417 ns, Cleanup: 29751 ns, At safepoint: 126848540 ns, Total: 126897708 ns
[2025-03-14T11:01:28.417+0000][9188][gc,marking  ] GC(28) Concurrent Mark 220.105ms
[2025-03-14T11:01:28.417+0000][9188][gc,marking  ] GC(28) Concurrent Rebuild Remembered Sets and Scrub Regions
[2025-03-14T11:01:28.474+0000][9188][gc,marking  ] GC(28) Concurrent Rebuild Remembered Sets and Scrub Regions 56.960ms
[2025-03-14T11:01:28.475+0000][9188][gc,start    ] GC(28) Pause Cleanup
[2025-03-14T11:01:28.475+0000][9188][gc          ] GC(28) Pause Cleanup 126M->126M(1952M) 0.042ms
[2025-03-14T11:01:28.475+0000][9188][gc,cpu      ] GC(28) User=0.00s Sys=0.00s Real=0.00s
[2025-03-14T11:01:28.475+0000][9188][safepoint   ] Safepoint "G1PauseCleanup", Time since last: 57057029 ns, Reaching safepoint: 762881 ns, Cleanup: 41001 ns, At safepoint: 67375 ns, Total: 871257 ns
[2025-03-14T11:01:28.475+0000][9188][gc,marking  ] GC(28) Concurrent Clear Claimed Marks
[2025-03-14T11:01:28.475+0000][9188][gc,marking  ] GC(28) Concurrent Clear Claimed Marks 0.232ms
[2025-03-14T11:01:28.475+0000][9188][gc,marking  ] GC(28) Concurrent Cleanup for Next Mark
[2025-03-14T11:01:28.497+0000][9188][gc,marking  ] GC(28) Concurrent Cleanup for Next Mark 21.810ms
[2025-03-14T11:01:28.497+0000][9188][gc          ] GC(28) Concurrent Mark Cycle 317.064ms
[2025-03-14T11:01:31.477+0000][9188][safepoint   ] Safepoint "Cleanup", Time since last: 3001544092 ns, Reaching safepoint: 107584 ns, Cleanup: 27209 ns, At safepoint: 15000 ns, Total: 149793 ns
[2025-03-14T11:01:33.477+0000][9188][safepoint   ] Safepoint "Cleanup", Time since last: 2000283980 ns, Reaching safepoint: 36459 ns, Cleanup: 11000 ns, At safepoint: 5875 ns, Total: 53334 ns
[2025-03-14T11:01:35.477+0000][9188][safepoint   ] Safepoint "Cleanup", Time since last: 2000202002 ns, Reaching safepoint: 159168 ns, Cleanup: 41084 ns, At safepoint: 9625 ns, Total: 209877 ns
[2025-03-14T11:01:45.480+0000][9188][safepoint   ] Safepoint "Cleanup", Time since last: 10002483723 ns, Reaching safepoint: 74251 ns, Cleanup: 33375 ns, At safepoint: 10417 ns, Total: 118043 ns
[2025-03-14T11:01:48.483+0000][9188][safepoint   ] Safepoint "Cleanup", Time since last: 3003023720 ns, Reaching safepoint: 22792 ns, Cleanup: 10125 ns, At safepoint: 5917 ns, Total: 38834 ns
[2025-03-14T11:01:49.483+0000][9188][safepoint   ] Safepoint "Cleanup", Time since last: 1000090885 ns, Reaching safepoint: 74375 ns, Cleanup: 5125 ns, At safepoint: 5751 ns, Total: 85251 ns
[2025-03-14T11:01:53.484+0000][9188][safepoint   ] Safepoint "Cleanup", Time since last: 4000795584 ns, Reaching safepoint: 76459 ns, Cleanup: 22250 ns, At safepoint: 12584 ns, Total: 111293 ns
[2025-03-14T11:01:54.484+0000][9188][safepoint   ] Safepoint "Cleanup", Time since last: 1000124760 ns, Reaching safepoint: 34792 ns, Cleanup: 17833 ns, At safepoint: 5750 ns, Total: 58375 ns
[2025-03-14T11:02:00.534+0000][9188][safepoint   ] Safepoint "Cleanup", Time since last: 6047540582 ns, Reaching safepoint: 408962 ns, Cleanup: 274460 ns, At safepoint: 385004 ns, Total: 1068426 ns
[2025-03-14T11:02:09.539+0000][9188][safepoint   ] Safepoint "Cleanup", Time since last: 9005813004 ns, Reaching safepoint: 214877 ns, Cleanup: 49251 ns, At safepoint: 29958 ns, Total: 294086 ns
[2025-03-14T11:02:10.539+0000][9188][safepoint   ] Safepoint "Cleanup", Time since last: 1000286428 ns, Reaching safepoint: 7209 ns, Cleanup: 6916 ns, At safepoint: 4292 ns, Total: 18417 ns
[2025-03-14T11:02:11.539+0000][9188][safepoint   ] Safepoint "Cleanup", Time since last: 1000085302 ns, Reaching safepoint: 6416 ns, Cleanup: 9250 ns, At safepoint: 5792 ns, Total: 21458 ns
[2025-03-14T11:02:12.540+0000][9188][safepoint   ] Safepoint "Cleanup", Time since last: 1000089593 ns, Reaching safepoint: 8125 ns, Cleanup: 10459 ns, At safepoint: 5541 ns, Total: 24125 ns
[2025-03-14T11:02:14.542+0000][9188][safepoint   ] Safepoint "Cleanup", Time since last: 2002407072 ns, Reaching safepoint: 5042 ns, Cleanup: 7083 ns, At safepoint: 4500 ns, Total: 16625 ns
[2025-03-14T11:02:15.542+0000][9188][safepoint   ] Safepoint "Cleanup", Time since last: 1000092298 ns, Reaching safepoint: 5375 ns, Cleanup: 10042 ns, At safepoint: 4750 ns, Total: 20167 ns
[2025-03-14T11:02:21.543+0000][9188][safepoint   ] Safepoint "Cleanup", Time since last: 6000969770 ns, Reaching safepoint: 215002 ns, Cleanup: 89167 ns, At safepoint: 35917 ns, Total: 340086 ns
[2025-03-14T11:02:33.545+0000][9188][safepoint   ] Safepoint "Cleanup", Time since last: 12001562130 ns, Reaching safepoint: 4709 ns, Cleanup: 35250 ns, At safepoint: 4625 ns, Total: 44584 ns
[2025-03-14T11:02:36.547+0000][9188][safepoint   ] Safepoint "Cleanup", Time since last: 3002118607 ns, Reaching safepoint: 8875 ns, Cleanup: 11667 ns, At safepoint: 5291 ns, Total: 25833 ns
[2025-03-14T11:02:39.548+0000][9188][safepoint   ] Safepoint "Cleanup", Time since last: 3000666118 ns, Reaching safepoint: 83043 ns, Cleanup: 239002 ns, At safepoint: 35250 ns, Total: 357295 ns
[2025-03-14T11:02:40.549+0000][9188][safepoint   ] Safepoint "Cleanup", Time since last: 1000710361 ns, Reaching safepoint: 40417 ns, Cleanup: 90667 ns, At safepoint: 19584 ns, Total: 150668 ns
[2025-03-14T11:02:45.550+0000][9188][safepoint   ] Safepoint "Cleanup", Time since last: 5000798316 ns, Reaching safepoint: 6959 ns, Cleanup: 11125 ns, At safepoint: 5208 ns, Total: 23292 ns
[2025-03-14T11:02:48.550+0000][9188][safepoint   ] Safepoint "Cleanup", Time since last: 3000199602 ns, Reaching safepoint: 4916 ns, Cleanup: 7292 ns, At safepoint: 4667 ns, Total: 16875 ns
[2025-03-14T11:02:53.551+0000][9188][safepoint   ] Safepoint "Cleanup", Time since last: 5001168439 ns, Reaching safepoint: 19125 ns, Cleanup: 7126 ns, At safepoint: 5250 ns, Total: 31501 ns
[2025-03-14T11:02:54.551+0000][9188][safepoint   ] Safepoint "Cleanup", Time since last: 1000090519 ns, Reaching safepoint: 7167 ns, Cleanup: 24417 ns, At safepoint: 5958 ns, Total: 37542 ns
[2025-03-14T11:02:55.551+0000][9188][safepoint   ] Safepoint "Cleanup", Time since last: 1000088770 ns, Reaching safepoint: 6625 ns, Cleanup: 12501 ns, At safepoint: 4458 ns, Total: 23584 ns
[2025-03-14T11:02:57.552+0000][9188][safepoint   ] Safepoint "Cleanup", Time since last: 2000599460 ns, Reaching safepoint: 42000 ns, Cleanup: 51293 ns, At safepoint: 21833 ns, Total: 115126 ns
[2025-03-14T11:02:58.552+0000][9188][safepoint   ] Safepoint "Cleanup", Time since last: 1000202229 ns, Reaching safepoint: 5500 ns, Cleanup: 12667 ns, At safepoint: 6417 ns, Total: 24584 ns
[2025-03-14T11:03:01.577+0000][9188][safepoint   ] Safepoint "Cleanup", Time since last: 3024965527 ns, Reaching safepoint: 7792 ns, Cleanup: 8791 ns, At safepoint: 5334 ns, Total: 21917 ns
[2025-03-14T11:03:03.578+0000][9188][safepoint   ] Safepoint "Cleanup", Time since last: 2000156664 ns, Reaching safepoint: 5167 ns, Cleanup: 8917 ns, At safepoint: 4125 ns, Total: 18209 ns
[2025-03-14T11:03:07.578+0000][9188][safepoint   ] Safepoint "Cleanup", Time since last: 4000502497 ns, Reaching safepoint: 5459 ns, Cleanup: 7625 ns, At safepoint: 5250 ns, Total: 18334 ns
[2025-03-14T11:03:08.578+0000][9188][safepoint   ] Safepoint "Cleanup", Time since last: 1000095228 ns, Reaching safepoint: 6958 ns, Cleanup: 16751 ns, At safepoint: 6125 ns, Total: 29834 ns
[2025-03-14T11:03:10.579+0000][9188][safepoint   ] Safepoint "Cleanup", Time since last: 2000466375 ns, Reaching safepoint: 42751 ns, Cleanup: 19958 ns, At safepoint: 6292 ns, Total: 69001 ns
[2025-03-14T11:03:12.580+0000][9188][safepoint   ] Safepoint "Cleanup", Time since last: 2001206257 ns, Reaching safepoint: 33375 ns, Cleanup: 20000 ns, At safepoint: 8125 ns, Total: 61500 ns
[2025-03-14T11:03:15.580+0000][9188][safepoint   ] Safepoint "Cleanup", Time since last: 3000220592 ns, Reaching safepoint: 8833 ns, Cleanup: 10125 ns, At safepoint: 5125 ns, Total: 24083 ns
[2025-03-14T11:03:21.582+0000][9188][safepoint   ] Safepoint "Cleanup", Time since last: 6001689753 ns, Reaching safepoint: 8459 ns, Cleanup: 33583 ns, At safepoint: 5209 ns, Total: 47251 ns
[2025-03-14T11:03:24.582+0000][9188][safepoint   ] Safepoint "Cleanup", Time since last: 3000215230 ns, Reaching safepoint: 7167 ns, Cleanup: 11542 ns, At safepoint: 4458 ns, Total: 23167 ns
[2025-03-14T11:03:27.583+0000][9188][safepoint   ] Safepoint "Cleanup", Time since last: 3000844313 ns, Reaching safepoint: 9125 ns, Cleanup: 40500 ns, At safepoint: 5583 ns, Total: 55208 ns
[2025-03-14T11:03:30.583+0000][9188][safepoint   ] Safepoint "Cleanup", Time since last: 3000229533 ns, Reaching safepoint: 29959 ns, Cleanup: 12209 ns, At safepoint: 5333 ns, Total: 47501 ns
[2025-03-14T11:03:33.584+0000][9188][safepoint   ] Safepoint "Cleanup", Time since last: 3000813816 ns, Reaching safepoint: 46083 ns, Cleanup: 25792 ns, At safepoint: 14500 ns, Total: 86375 ns
[2025-03-14T11:03:40.586+0000][9188][safepoint   ] Safepoint "Cleanup", Time since last: 7001428473 ns, Reaching safepoint: 84125 ns, Cleanup: 88709 ns, At safepoint: 44918 ns, Total: 217752 ns
[2025-03-14T11:03:52.589+0000][9188][safepoint   ] Safepoint "Cleanup", Time since last: 12002797396 ns, Reaching safepoint: 69501 ns, Cleanup: 51709 ns, At safepoint: 14000 ns, Total: 135210 ns
[2025-03-14T11:03:54.589+0000][9188][safepoint   ] Safepoint "Cleanup", Time since last: 2000271174 ns, Reaching safepoint: 17250 ns, Cleanup: 16834 ns, At safepoint: 7000 ns, Total: 41084 ns
[2025-03-14T11:03:57.592+0000][9188][safepoint   ] Safepoint "Cleanup", Time since last: 3003001598 ns, Reaching safepoint: 129584 ns, Cleanup: 28125 ns, At safepoint: 14126 ns, Total: 171835 ns
[2025-03-14T11:04:03.658+0000][9188][safepoint   ] Safepoint "Cleanup", Time since last: 6065728991 ns, Reaching safepoint: 17084 ns, Cleanup: 12208 ns, At safepoint: 5834 ns, Total: 35126 ns
[2025-03-14T11:04:20.661+0000][9188][safepoint   ] Safepoint "Cleanup", Time since last: 17002714479 ns, Reaching safepoint: 311836 ns, Cleanup: 66209 ns, At safepoint: 20375 ns, Total: 398420 ns
[2025-03-14T11:04:21.662+0000][9188][safepoint   ] Safepoint "Cleanup", Time since last: 1000327634 ns, Reaching safepoint: 47250 ns, Cleanup: 89709 ns, At safepoint: 31626 ns, Total: 168585 ns
[2025-03-14T11:04:28.663+0000][9188][safepoint   ] Safepoint "Cleanup", Time since last: 7001668363 ns, Reaching safepoint: 7459 ns, Cleanup: 9875 ns, At safepoint: 4417 ns, Total: 21751 ns
[2025-03-14T11:04:41.665+0000][9188][safepoint   ] Safepoint "Cleanup", Time since last: 13001394704 ns, Reaching safepoint: 123877 ns, Cleanup: 107876 ns, At safepoint: 16000 ns, Total: 247753 ns
[2025-03-14T11:04:42.666+0000][9188][safepoint   ] Safepoint "Cleanup", Time since last: 1000781613 ns, Reaching safepoint: 11209 ns, Cleanup: 16708 ns, At safepoint: 5208 ns, Total: 33125 ns
[2025-03-14T11:04:45.667+0000][9188][safepoint   ] Safepoint "Cleanup", Time since last: 3001111536 ns, Reaching safepoint: 8083 ns, Cleanup: 10750 ns, At safepoint: 5167 ns, Total: 24000 ns
[2025-03-14T11:04:48.667+0000][9188][safepoint   ] Safepoint "Cleanup", Time since last: 3000209109 ns, Reaching safepoint: 8583 ns, Cleanup: 11375 ns, At safepoint: 5500 ns, Total: 25458 ns
[2025-03-14T11:04:56.668+0000][9188][safepoint   ] Safepoint "Cleanup", Time since last: 8000976431 ns, Reaching safepoint: 43792 ns, Cleanup: 86043 ns, At safepoint: 18042 ns, Total: 147877 ns
[2025-03-14T11:04:57.669+0000][9188][safepoint   ] Safepoint "Cleanup", Time since last: 1000387400 ns, Reaching safepoint: 41583 ns, Cleanup: 51626 ns, At safepoint: 20333 ns, Total: 113542 ns
[2025-03-14T11:05:00.710+0000][9188][safepoint   ] Safepoint "Cleanup", Time since last: 3041450499 ns, Reaching safepoint: 9375 ns, Cleanup: 22792 ns, At safepoint: 5750 ns, Total: 37917 ns
[2025-03-14T11:05:03.711+0000][9188][safepoint   ] Safepoint "Cleanup", Time since last: 3000180608 ns, Reaching safepoint: 9667 ns, Cleanup: 15250 ns, At safepoint: 5416 ns, Total: 30333 ns
[2025-03-14T11:05:06.711+0000][9188][safepoint   ] Safepoint "Cleanup", Time since last: 3000230692 ns, Reaching safepoint: 7250 ns, Cleanup: 13333 ns, At safepoint: 5167 ns, Total: 25750 ns
[2025-03-14T11:05:07.711+0000][9188][safepoint   ] Safepoint "Cleanup", Time since last: 1000111731 ns, Reaching safepoint: 19417 ns, Cleanup: 23167 ns, At safepoint: 10958 ns, Total: 53542 ns
[2025-03-14T11:05:09.711+0000][9188][safepoint   ] Safepoint "Cleanup", Time since last: 2000320046 ns, Reaching safepoint: 18167 ns, Cleanup: 12166 ns, At safepoint: 5667 ns, Total: 36000 ns
[2025-03-14T11:05:12.712+0000][9188][safepoint   ] Safepoint "Cleanup", Time since last: 3000254192 ns, Reaching safepoint: 12666 ns, Cleanup: 10167 ns, At safepoint: 5125 ns, Total: 27958 ns
[2025-03-14T11:05:15.713+0000][9188][safepoint   ] Safepoint "Cleanup", Time since last: 3000905655 ns, Reaching safepoint: 15750 ns, Cleanup: 23292 ns, At safepoint: 7000 ns, Total: 46042 ns
[2025-03-14T11:05:16.713+0000][9188][safepoint   ] Safepoint "Cleanup", Time since last: 1000363524 ns, Reaching safepoint: 12584 ns, Cleanup: 17917 ns, At safepoint: 9875 ns, Total: 40376 ns
[2025-03-14T11:05:20.714+0000][9188][safepoint   ] Safepoint "Cleanup", Time since last: 4000669889 ns, Reaching safepoint: 63126 ns, Cleanup: 20458 ns, At safepoint: 13834 ns, Total: 97418 ns
[2025-03-14T11:05:21.714+0000][9188][safepoint   ] Safepoint "Cleanup", Time since last: 1000130270 ns, Reaching safepoint: 6833 ns, Cleanup: 18500 ns, At safepoint: 17542 ns, Total: 42875 ns
[2025-03-14T11:05:22.715+0000][9188][safepoint   ] Safepoint "Cleanup", Time since last: 1001006527 ns, Reaching safepoint: 7334 ns, Cleanup: 21291 ns, At safepoint: 6084 ns, Total: 34709 ns
[2025-03-14T11:05:36.718+0000][9188][safepoint   ] Safepoint "Cleanup", Time since last: 14002890653 ns, Reaching safepoint: 39375 ns, Cleanup: 88376 ns, At safepoint: 19209 ns, Total: 146960 ns
[2025-03-14T11:06:00.743+0000][9188][safepoint   ] Safepoint "Cleanup", Time since last: 24024777060 ns, Reaching safepoint: 30209 ns, Cleanup: 20709 ns, At safepoint: 12750 ns, Total: 63668 ns
[2025-03-14T11:06:07.744+0000][9188][safepoint   ] Safepoint "Cleanup", Time since last: 7000576175 ns, Reaching safepoint: 211502 ns, Cleanup: 74251 ns, At safepoint: 18875 ns, Total: 304628 ns
[2025-03-14T11:06:09.747+0000][9188][safepoint   ] Safepoint "Cleanup", Time since last: 2002766761 ns, Reaching safepoint: 13375 ns, Cleanup: 16042 ns, At safepoint: 6000 ns, Total: 35417 ns
[2025-03-14T11:06:12.747+0000][9188][safepoint   ] Safepoint "Cleanup", Time since last: 3000366040 ns, Reaching safepoint: 316504 ns, Cleanup: 87375 ns, At safepoint: 34876 ns, Total: 438755 ns
[2025-03-14T11:06:15.749+0000][9188][safepoint   ] Safepoint "Cleanup", Time since last: 3000984336 ns, Reaching safepoint: 77543 ns, Cleanup: 60542 ns, At safepoint: 28417 ns, Total: 166502 ns
[2025-03-14T11:06:16.749+0000][9188][safepoint   ] Safepoint "Cleanup", Time since last: 1000309435 ns, Reaching safepoint: 20417 ns, Cleanup: 31292 ns, At safepoint: 23583 ns, Total: 75292 ns
[2025-03-14T11:06:27.753+0000][9188][safepoint   ] Safepoint "Cleanup", Time since last: 11002746398 ns, Reaching safepoint: 686590 ns, Cleanup: 119627 ns, At safepoint: 63084 ns, Total: 869301 ns
[2025-03-14T11:06:34.754+0000][9188][safepoint   ] Safepoint "Cleanup", Time since last: 7001480669 ns, Reaching safepoint: 175835 ns, Cleanup: 33292 ns, At safepoint: 19959 ns, Total: 229086 ns
[2025-03-14T11:06:36.755+0000][9188][safepoint   ] Safepoint "Cleanup", Time since last: 2000861307 ns, Reaching safepoint: 13833 ns, Cleanup: 21334 ns, At safepoint: 8458 ns, Total: 43625 ns
[2025-03-14T11:06:39.756+0000][9188][safepoint   ] Safepoint "Cleanup", Time since last: 3000355252 ns, Reaching safepoint: 16542 ns, Cleanup: 15834 ns, At safepoint: 9333 ns, Total: 41709 ns
[2025-03-14T11:06:54.758+0000][9188][safepoint   ] Safepoint "Cleanup", Time since last: 15001573085 ns, Reaching safepoint: 264628 ns, Cleanup: 94626 ns, At safepoint: 24042 ns, Total: 383296 ns
[2025-03-14T11:06:57.758+0000][9188][safepoint   ] Safepoint "Cleanup", Time since last: 3000573826 ns, Reaching safepoint: 41334 ns, Cleanup: 23833 ns, At safepoint: 5126 ns, Total: 70293 ns
[2025-03-14T11:07:06.038+0000][9188][gc,start    ] GC(29) Pause Young (Prepare Mixed) (G1 Evacuation Pause)
[2025-03-14T11:07:06.038+0000][9188][gc,task     ] GC(29) Using 1 workers of 1 for evacuation
[2025-03-14T11:07:06.038+0000][9188][gc,age      ] GC(29) Desired survivor size 77594624 bytes, new threshold 15 (max threshold 15)
[2025-03-14T11:07:06.114+0000][9188][gc,phases   ] GC(29)   Pre Evacuate Collection Set: 1.64ms
[2025-03-14T11:07:06.114+0000][9188][gc,phases   ] GC(29)   Merge Heap Roots: 0.84ms
[2025-03-14T11:07:06.114+0000][9188][gc,phases   ] GC(29)   Evacuate Collection Set: 66.26ms
[2025-03-14T11:07:06.114+0000][9188][gc,phases   ] GC(29)   Post Evacuate Collection Set: 6.81ms
[2025-03-14T11:07:06.114+0000][9188][gc,phases   ] GC(29)   Other: 0.47ms
[2025-03-14T11:07:06.114+0000][9188][gc,age      ] GC(29) Age table with threshold 15 (max threshold 15)
[2025-03-14T11:07:06.114+0000][9188][gc,age      ] GC(29) - age   1:    1501208 bytes,    1501208 total
[2025-03-14T11:07:06.114+0000][9188][gc,age      ] GC(29) - age   2:     828528 bytes,    2329736 total
[2025-03-14T11:07:06.114+0000][9188][gc,age      ] GC(29) - age   3:    1436976 bytes,    3766712 total
[2025-03-14T11:07:06.114+0000][9188][gc,age      ] GC(29) - age   4:    2099512 bytes,    5866224 total
[2025-03-14T11:07:06.114+0000][9188][gc,age      ] GC(29) - age   5:    6666776 bytes,   12533000 total
[2025-03-14T11:07:06.114+0000][9188][gc,age      ] GC(29) - age   6:      14584 bytes,   12547584 total
[2025-03-14T11:07:06.114+0000][9188][gc,age      ] GC(29) - age   7:      64104 bytes,   12611688 total
[2025-03-14T11:07:06.114+0000][9188][gc,heap     ] GC(29) Eden regions: 288->0(288)
[2025-03-14T11:07:06.114+0000][9188][gc,heap     ] GC(29) Survivor regions: 4->4(37)
[2025-03-14T11:07:06.114+0000][9188][gc,heap     ] GC(29) Old regions: 23->23
[2025-03-14T11:07:06.114+0000][9188][gc,heap     ] GC(29) Humongous regions: 5->5
[2025-03-14T11:07:06.114+0000][9188][gc,metaspace] GC(29) Metaspace: 122157K(125376K)->122157K(125376K) NonClass: 105625K(107392K)->105625K(107392K) Class: 16532K(17984K)->16532K(17984K)
[2025-03-14T11:07:06.114+0000][9188][gc          ] GC(29) Pause Young (Prepare Mixed) (G1 Evacuation Pause) 1274M->122M(1952M) 76.585ms
[2025-03-14T11:07:06.114+0000][9188][gc,cpu      ] GC(29) User=0.08s Sys=0.00s Real=0.08s
[2025-03-14T11:07:06.117+0000][9188][safepoint   ] Safepoint "G1CollectForAllocation", Time since last: 8279116082 ns, Reaching safepoint: 97543 ns, Cleanup: 17458 ns, At safepoint: 79588889 ns, Total: 79703890 ns
[2025-03-14T11:07:11.118+0000][9188][safepoint   ] Safepoint "Cleanup", Time since last: 5001327909 ns, Reaching safepoint: 101668 ns, Cleanup: 39750 ns, At safepoint: 10458 ns, Total: 151876 ns
[2025-03-14T11:07:14.119+0000][9188][safepoint   ] Safepoint "Cleanup", Time since last: 3000372210 ns, Reaching safepoint: 206336 ns, Cleanup: 60751 ns, At safepoint: 22958 ns, Total: 290045 ns
[2025-03-14T11:07:15.123+0000][9188][safepoint   ] Safepoint "Cleanup", Time since last: 1003419974 ns, Reaching safepoint: 117168 ns, Cleanup: 36834 ns, At safepoint: 14708 ns, Total: 168710 ns
[2025-03-14T11:07:21.124+0000][9188][safepoint   ] Safepoint "Cleanup", Time since last: 6001060125 ns, Reaching safepoint: 124293 ns, Cleanup: 33250 ns, At safepoint: 15500 ns, Total: 173043 ns
[2025-03-14T11:07:22.125+0000][9188][safepoint   ] Safepoint "Cleanup", Time since last: 1000447152 ns, Reaching safepoint: 61417 ns, Cleanup: 73460 ns, At safepoint: 20083 ns, Total: 154960 ns
[2025-03-14T11:07:24.125+0000][9188][safepoint   ] Safepoint "Cleanup", Time since last: 2000823260 ns, Reaching safepoint: 15041 ns, Cleanup: 22876 ns, At safepoint: 7041 ns, Total: 44958 ns
[2025-03-14T11:07:27.126+0000][9188][safepoint   ] Safepoint "Cleanup", Time since last: 3000221748 ns, Reaching safepoint: 6417 ns, Cleanup: 31042 ns, At safepoint: 3041 ns, Total: 40500 ns
[2025-03-14T11:07:34.128+0000][9188][safepoint   ] Safepoint "Cleanup", Time since last: 7002287750 ns, Reaching safepoint: 131043 ns, Cleanup: 25126 ns, At safepoint: 9375 ns, Total: 165544 ns
[2025-03-14T11:07:45.135+0000][9188][safepoint   ] Safepoint "Cleanup", Time since last: 11006493245 ns, Reaching safepoint: 95918 ns, Cleanup: 37251 ns, At safepoint: 10458 ns, Total: 143627 ns
[2025-03-14T11:07:51.136+0000][9188][safepoint   ] Safepoint "Cleanup", Time since last: 6001380758 ns, Reaching safepoint: 107127 ns, Cleanup: 20916 ns, At safepoint: 9375 ns, Total: 137418 ns
[2025-03-14T11:07:52.136+0000][9188][safepoint   ] Safepoint "Cleanup", Time since last: 1000165973 ns, Reaching safepoint: 12625 ns, Cleanup: 12001 ns, At safepoint: 6000 ns, Total: 30626 ns
[2025-03-14T11:07:58.137+0000][9188][safepoint   ] Safepoint "Cleanup", Time since last: 6000530123 ns, Reaching safepoint: 166668 ns, Cleanup: 54709 ns, At safepoint: 10417 ns, Total: 231794 ns
[2025-03-14T11:08:03.857+0000][9188][safepoint   ] Safepoint "Cleanup", Time since last: 5719630902 ns, Reaching safepoint: 61501 ns, Cleanup: 99709 ns, At safepoint: 23334 ns, Total: 184544 ns
[2025-03-14T11:08:08.858+0000][9188][safepoint   ] Safepoint "Cleanup", Time since last: 5000968198 ns, Reaching safepoint: 123043 ns, Cleanup: 43125 ns, At safepoint: 15751 ns, Total: 181919 ns
[2025-03-14T11:08:13.859+0000][9188][safepoint   ] Safepoint "Cleanup", Time since last: 5000369733 ns, Reaching safepoint: 5876 ns, Cleanup: 8458 ns, At safepoint: 4458 ns, Total: 18792 ns
[2025-03-14T11:08:20.859+0000][9188][safepoint   ] Safepoint "Cleanup", Time since last: 7000395598 ns, Reaching safepoint: 16958 ns, Cleanup: 12500 ns, At safepoint: 5209 ns, Total: 34667 ns
[2025-03-14T11:08:21.859+0000][9188][safepoint   ] Safepoint "Cleanup", Time since last: 1000119177 ns, Reaching safepoint: 36084 ns, Cleanup: 23709 ns, At safepoint: 8250 ns, Total: 68043 ns
[2025-03-14T11:08:33.862+0000][9188][safepoint   ] Safepoint "Cleanup", Time since last: 12002630993 ns, Reaching safepoint: 64668 ns, Cleanup: 18292 ns, At safepoint: 7625 ns, Total: 90585 ns
[2025-03-14T11:08:39.862+0000][9188][safepoint   ] Safepoint "Cleanup", Time since last: 6000425164 ns, Reaching safepoint: 7584 ns, Cleanup: 24583 ns, At safepoint: 5334 ns, Total: 37501 ns
[2025-03-14T11:08:41.863+0000][9188][safepoint   ] Safepoint "Cleanup", Time since last: 2000158380 ns, Reaching safepoint: 25292 ns, Cleanup: 20208 ns, At safepoint: 7292 ns, Total: 52792 ns
[2025-03-14T11:08:43.863+0000][9188][safepoint   ] Safepoint "Cleanup", Time since last: 2000206046 ns, Reaching safepoint: 50667 ns, Cleanup: 50334 ns, At safepoint: 25125 ns, Total: 126126 ns
[2025-03-14T11:08:57.866+0000][9188][safepoint   ] Safepoint "Cleanup", Time since last: 14003075160 ns, Reaching safepoint: 126502 ns, Cleanup: 40000 ns, At safepoint: 16959 ns, Total: 183461 ns
[2025-03-14T11:09:00.894+0000][9188][safepoint   ] Safepoint "Cleanup", Time since last: 3027811486 ns, Reaching safepoint: 39167 ns, Cleanup: 16041 ns, At safepoint: 7126 ns, Total: 62334 ns
[2025-03-14T11:09:03.895+0000][9188][safepoint   ] Safepoint "Cleanup", Time since last: 3000958446 ns, Reaching safepoint: 131087 ns, Cleanup: 25959 ns, At safepoint: 12584 ns, Total: 169630 ns
[2025-03-14T11:09:07.897+0000][9188][safepoint   ] Safepoint "Cleanup", Time since last: 4000748804 ns, Reaching safepoint: 393762 ns, Cleanup: 129212 ns, At safepoint: 29126 ns, Total: 552100 ns
[2025-03-14T11:09:09.898+0000][9188][safepoint   ] Safepoint "Cleanup", Time since last: 2001581959 ns, Reaching safepoint: 22084 ns, Cleanup: 34626 ns, At safepoint: 10875 ns, Total: 67585 ns
[2025-03-14T11:09:13.900+0000][9188][safepoint   ] Safepoint "Cleanup", Time since last: 4001779749 ns, Reaching safepoint: 134379 ns, Cleanup: 38376 ns, At safepoint: 11542 ns, Total: 184297 ns
[2025-03-14T11:09:18.901+0000][9188][safepoint   ] Safepoint "Cleanup", Time since last: 5001012538 ns, Reaching safepoint: 53959 ns, Cleanup: 23167 ns, At safepoint: 9500 ns, Total: 86626 ns
[2025-03-14T11:09:20.903+0000][9188][safepoint   ] Safepoint "Cleanup", Time since last: 2000186949 ns, Reaching safepoint: 341546 ns, Cleanup: 15291 ns, At safepoint: 1227848 ns, Total: 1584685 ns
[2025-03-14T11:09:27.904+0000][9188][safepoint   ] Safepoint "Cleanup", Time since last: 7000834912 ns, Reaching safepoint: 98210 ns, Cleanup: 49583 ns, At safepoint: 25584 ns, Total: 173377 ns
[2025-03-14T11:09:33.906+0000][9188][safepoint   ] Safepoint "Cleanup", Time since last: 6001529771 ns, Reaching safepoint: 10083 ns, Cleanup: 11459 ns, At safepoint: 5542 ns, Total: 27084 ns
[2025-03-14T11:09:39.907+0000][9188][safepoint   ] Safepoint "Cleanup", Time since last: 6001577495 ns, Reaching safepoint: 52126 ns, Cleanup: 17375 ns, At safepoint: 14959 ns, Total: 84460 ns
[2025-03-14T11:09:43.908+0000][9188][safepoint   ] Safepoint "Cleanup", Time since last: 4000326180 ns, Reaching safepoint: 16292 ns, Cleanup: 9292 ns, At safepoint: 5208 ns, Total: 30792 ns
[2025-03-14T11:09:45.908+0000][9188][safepoint   ] Safepoint "Cleanup", Time since last: 2000187110 ns, Reaching safepoint: 103793 ns, Cleanup: 15584 ns, At safepoint: 6833 ns, Total: 126210 ns
