[2025-03-14T06:00:11.924+0000][1270][gc,init] CardTable entry size: 512
[2025-03-14T06:00:11.924+0000][1270][gc     ] Using G1
[2025-03-14T06:00:14.695+0000][1270][gc,init] Version: 22.0.2+9-70 (release)
[2025-03-14T06:00:14.695+0000][1270][gc,init] CPUs: 1 total, 1 available
[2025-03-14T06:00:14.695+0000][1270][gc,init] Memory: 3903M
[2025-03-14T06:00:14.695+0000][1270][gc,init] Large Page Support: Disabled
[2025-03-14T06:00:14.695+0000][1270][gc,init] NUMA Support: Disabled
[2025-03-14T06:00:14.695+0000][1270][gc,init] Compressed Oops: Enabled (32-bit)
[2025-03-14T06:00:14.695+0000][1270][gc,init] Heap Region Size: 4M
[2025-03-14T06:00:14.695+0000][1270][gc,init] Heap Min Capacity: 1952M
[2025-03-14T06:00:14.695+0000][1270][gc,init] Heap Initial Capacity: 1952M
[2025-03-14T06:00:14.695+0000][1270][gc,init] Heap Max Capacity: 1952M
[2025-03-14T06:00:14.695+0000][1270][gc,init] Pre-touch: Enabled
[2025-03-14T06:00:14.695+0000][1270][gc,init] Parallel Workers: 1
[2025-03-14T06:00:14.695+0000][1270][gc,init] Concurrent Workers: 1
[2025-03-14T06:00:14.695+0000][1270][gc,init] Concurrent Refinement Workers: 1
[2025-03-14T06:00:14.695+0000][1270][gc,init] Periodic GC: Disabled
[2025-03-14T06:00:14.715+0000][1270][gc,metaspace] CDS archive(s) mapped at: [0x000007fe00000000-0x000007fe00c80000-0x000007fe00c80000), size 13107200, SharedBaseAddress: 0x000007fe00000000, ArchiveRelocationMode: 1.
[2025-03-14T06:00:14.715+0000][1270][gc,metaspace] Compressed class space mapped at: 0x000007fe01000000-0x000007fe41000000, reserved size: 1073741824
[2025-03-14T06:00:14.715+0000][1270][gc,metaspace] Narrow klass base: 0x000007fe00000000, Narrow klass shift: 0, Narrow klass range: 0x100000000
[2025-03-14T06:00:15.437+0000][1270][safepoint   ] Safepoint "ICBufferFull", Time since last: 712691417 ns, Reaching safepoint: 1875 ns, Cleanup: 49792 ns, At safepoint: 3625 ns, Total: 55292 ns
[2025-03-14T06:00:15.994+0000][1270][safepoint   ] Safepoint "ICBufferFull", Time since last: 557226042 ns, Reaching safepoint: 1708 ns, Cleanup: 60750 ns, At safepoint: 4084 ns, Total: 66542 ns
[2025-03-14T06:00:16.960+0000][1270][safepoint   ] Safepoint "ICBufferFull", Time since last: 965685958 ns, Reaching safepoint: 2459 ns, Cleanup: 99958 ns, At safepoint: 4208 ns, Total: 106625 ns
[2025-03-14T06:00:17.727+0000][1270][safepoint   ] Safepoint "ICBufferFull", Time since last: 766631001 ns, Reaching safepoint: 2375 ns, Cleanup: 94000 ns, At safepoint: 5291 ns, Total: 101666 ns
[2025-03-14T06:00:18.195+0000][1270][safepoint   ] Safepoint "ICBufferFull", Time since last: 468336959 ns, Reaching safepoint: 1542 ns, Cleanup: 77500 ns, At safepoint: 6250 ns, Total: 85292 ns
[2025-03-14T06:00:18.989+0000][1270][safepoint   ] Safepoint "ICBufferFull", Time since last: 793517417 ns, Reaching safepoint: 2375 ns, Cleanup: 667666 ns, At safepoint: 7834 ns, Total: 677875 ns
[2025-03-14T06:00:19.659+0000][1270][gc,start    ] GC(0) Pause Young (Normal) (G1 Evacuation Pause)
[2025-03-14T06:00:19.659+0000][1270][gc,task     ] GC(0) Using 1 workers of 1 for evacuation
[2025-03-14T06:00:19.659+0000][1270][gc,age      ] GC(0) Desired survivor size 6291456 bytes, new threshold 15 (max threshold 15)
[2025-03-14T06:00:19.690+0000][1270][gc,phases   ] GC(0)   Pre Evacuate Collection Set: 0.47ms
[2025-03-14T06:00:19.690+0000][1270][gc,phases   ] GC(0)   Merge Heap Roots: 0.03ms
[2025-03-14T06:00:19.690+0000][1270][gc,phases   ] GC(0)   Evacuate Collection Set: 28.54ms
[2025-03-14T06:00:19.690+0000][1270][gc,phases   ] GC(0)   Post Evacuate Collection Set: 2.01ms
[2025-03-14T06:00:19.690+0000][1270][gc,phases   ] GC(0)   Other: 0.04ms
[2025-03-14T06:00:19.690+0000][1270][gc,age      ] GC(0) Age table with threshold 15 (max threshold 15)
[2025-03-14T06:00:19.690+0000][1270][gc,age      ] GC(0) - age   1:    8223512 bytes,    8223512 total
[2025-03-14T06:00:19.690+0000][1270][gc,heap     ] GC(0) Eden regions: 24->0(22)
[2025-03-14T06:00:19.690+0000][1270][gc,heap     ] GC(0) Survivor regions: 0->2(3)
[2025-03-14T06:00:19.690+0000][1270][gc,heap     ] GC(0) Old regions: 1->1
[2025-03-14T06:00:19.690+0000][1270][gc,heap     ] GC(0) Humongous regions: 0->0
[2025-03-14T06:00:19.690+0000][1270][gc,metaspace] GC(0) Metaspace: 16175K(16512K)->16175K(16512K) NonClass: 14281K(14464K)->14281K(14464K) Class: 1893K(2048K)->1893K(2048K)
[2025-03-14T06:00:19.690+0000][1270][gc          ] GC(0) Pause Young (Normal) (G1 Evacuation Pause) 97M->9M(1952M) 31.197ms
[2025-03-14T06:00:19.690+0000][1270][gc,cpu      ] GC(0) User=0.01s Sys=0.00s Real=0.03s
[2025-03-14T06:00:19.690+0000][1270][safepoint   ] Safepoint "G1CollectForAllocation", Time since last: 667817583 ns, Reaching safepoint: 1574167 ns, Cleanup: 63625 ns, At safepoint: 31226917 ns, Total: 32864709 ns
[2025-03-14T06:00:20.604+0000][1270][safepoint   ] Safepoint "ICBufferFull", Time since last: 913774167 ns, Reaching safepoint: 2250 ns, Cleanup: 79416 ns, At safepoint: 6959 ns, Total: 88625 ns
[2025-03-14T06:00:20.778+0000][1270][gc,start    ] GC(1) Pause Young (Normal) (G1 Evacuation Pause)
[2025-03-14T06:00:20.778+0000][1270][gc,task     ] GC(1) Using 1 workers of 1 for evacuation
[2025-03-14T06:00:20.778+0000][1270][gc,age      ] GC(1) Desired survivor size 6291456 bytes, new threshold 1 (max threshold 15)
[2025-03-14T06:00:20.819+0000][1270][gc,phases   ] GC(1)   Pre Evacuate Collection Set: 0.07ms
[2025-03-14T06:00:20.819+0000][1270][gc,phases   ] GC(1)   Merge Heap Roots: 0.02ms
[2025-03-14T06:00:20.819+0000][1270][gc,phases   ] GC(1)   Evacuate Collection Set: 39.29ms
[2025-03-14T06:00:20.819+0000][1270][gc,phases   ] GC(1)   Post Evacuate Collection Set: 1.59ms
[2025-03-14T06:00:20.819+0000][1270][gc,phases   ] GC(1)   Other: 0.04ms
[2025-03-14T06:00:20.819+0000][1270][gc,age      ] GC(1) Age table with threshold 1 (max threshold 15)
[2025-03-14T06:00:20.819+0000][1270][gc,age      ] GC(1) - age   1:    3726224 bytes,    3726224 total
[2025-03-14T06:00:20.819+0000][1270][gc,heap     ] GC(1) Eden regions: 22->0(23)
[2025-03-14T06:00:20.819+0000][1270][gc,heap     ] GC(1) Survivor regions: 2->1(3)
[2025-03-14T06:00:20.819+0000][1270][gc,heap     ] GC(1) Old regions: 1->3
[2025-03-14T06:00:20.819+0000][1270][gc,heap     ] GC(1) Humongous regions: 0->0
[2025-03-14T06:00:20.819+0000][1270][gc,metaspace] GC(1) Metaspace: 18265K(18624K)->18265K(18624K) NonClass: 16122K(16320K)->16122K(16320K) Class: 2142K(2304K)->2142K(2304K)
[2025-03-14T06:00:20.819+0000][1270][gc          ] GC(1) Pause Young (Normal) (G1 Evacuation Pause) 97M->12M(1952M) 41.091ms
[2025-03-14T06:00:20.819+0000][1270][gc,cpu      ] GC(1) User=0.01s Sys=0.00s Real=0.04s
[2025-03-14T06:00:20.823+0000][1270][safepoint   ] Safepoint "G1CollectForAllocation", Time since last: 173953625 ns, Reaching safepoint: 2083 ns, Cleanup: 24834 ns, At safepoint: 44920333 ns, Total: 44947250 ns
[2025-03-14T06:00:21.511+0000][1270][gc,start    ] GC(2) Pause Young (Normal) (G1 Evacuation Pause)
[2025-03-14T06:00:21.511+0000][1270][gc,task     ] GC(2) Using 1 workers of 1 for evacuation
[2025-03-14T06:00:21.511+0000][1270][gc,age      ] GC(2) Desired survivor size 6291456 bytes, new threshold 15 (max threshold 15)
[2025-03-14T06:00:21.525+0000][1270][gc,phases   ] GC(2)   Pre Evacuate Collection Set: 1.64ms
[2025-03-14T06:00:21.525+0000][1270][gc,phases   ] GC(2)   Merge Heap Roots: 0.02ms
[2025-03-14T06:00:21.525+0000][1270][gc,phases   ] GC(2)   Evacuate Collection Set: 10.15ms
[2025-03-14T06:00:21.525+0000][1270][gc,phases   ] GC(2)   Post Evacuate Collection Set: 2.14ms
[2025-03-14T06:00:21.525+0000][1270][gc,phases   ] GC(2)   Other: 0.04ms
[2025-03-14T06:00:21.525+0000][1270][gc,age      ] GC(2) Age table with threshold 15 (max threshold 15)
[2025-03-14T06:00:21.525+0000][1270][gc,age      ] GC(2) - age   1:    2796640 bytes,    2796640 total
[2025-03-14T06:00:21.525+0000][1270][gc,age      ] GC(2) - age   2:    1764520 bytes,    4561160 total
[2025-03-14T06:00:21.525+0000][1270][gc,heap     ] GC(2) Eden regions: 23->0(22)
[2025-03-14T06:00:21.525+0000][1270][gc,heap     ] GC(2) Survivor regions: 1->2(3)
[2025-03-14T06:00:21.525+0000][1270][gc,heap     ] GC(2) Old regions: 3->3
[2025-03-14T06:00:21.525+0000][1270][gc,heap     ] GC(2) Humongous regions: 0->0
[2025-03-14T06:00:21.525+0000][1270][gc,metaspace] GC(2) Metaspace: 18858K(19264K)->18858K(19264K) NonClass: 16606K(16832K)->16606K(16832K) Class: 2251K(2432K)->2251K(2432K)
[2025-03-14T06:00:21.525+0000][1270][gc          ] GC(2) Pause Young (Normal) (G1 Evacuation Pause) 104M->13M(1952M) 14.088ms
[2025-03-14T06:00:21.525+0000][1270][gc,cpu      ] GC(2) User=0.00s Sys=0.00s Real=0.01s
[2025-03-14T06:00:21.531+0000][1270][safepoint   ] Safepoint "G1CollectForAllocation", Time since last: 688232250 ns, Reaching safepoint: 2084 ns, Cleanup: 56916 ns, At safepoint: 19884584 ns, Total: 19943584 ns
[2025-03-14T06:00:22.021+0000][1270][gc,start    ] GC(3) Pause Young (Normal) (G1 Evacuation Pause)
[2025-03-14T06:00:22.021+0000][1270][gc,task     ] GC(3) Using 1 workers of 1 for evacuation
[2025-03-14T06:00:22.021+0000][1270][gc,age      ] GC(3) Desired survivor size 6291456 bytes, new threshold 15 (max threshold 15)
[2025-03-14T06:00:22.034+0000][1270][gc,phases   ] GC(3)   Pre Evacuate Collection Set: 0.07ms
[2025-03-14T06:00:22.034+0000][1270][gc,phases   ] GC(3)   Merge Heap Roots: 0.01ms
[2025-03-14T06:00:22.034+0000][1270][gc,phases   ] GC(3)   Evacuate Collection Set: 11.56ms
[2025-03-14T06:00:22.034+0000][1270][gc,phases   ] GC(3)   Post Evacuate Collection Set: 0.47ms
[2025-03-14T06:00:22.034+0000][1270][gc,phases   ] GC(3)   Other: 0.06ms
[2025-03-14T06:00:22.034+0000][1270][gc,age      ] GC(3) Age table with threshold 15 (max threshold 15)
[2025-03-14T06:00:22.034+0000][1270][gc,age      ] GC(3) - age   1:     929024 bytes,     929024 total
[2025-03-14T06:00:22.034+0000][1270][gc,age      ] GC(3) - age   2:    1678240 bytes,    2607264 total
[2025-03-14T06:00:22.034+0000][1270][gc,age      ] GC(3) - age   3:    1762528 bytes,    4369792 total
[2025-03-14T06:00:22.034+0000][1270][gc,heap     ] GC(3) Eden regions: 22->0(22)
[2025-03-14T06:00:22.034+0000][1270][gc,heap     ] GC(3) Survivor regions: 2->2(3)
[2025-03-14T06:00:22.034+0000][1270][gc,heap     ] GC(3) Old regions: 3->3
[2025-03-14T06:00:22.034+0000][1270][gc,heap     ] GC(3) Humongous regions: 0->0
[2025-03-14T06:00:22.034+0000][1270][gc,metaspace] GC(3) Metaspace: 19335K(19776K)->19335K(19776K) NonClass: 16997K(17216K)->16997K(17216K) Class: 2337K(2560K)->2337K(2560K)
[2025-03-14T06:00:22.034+0000][1270][gc          ] GC(3) Pause Young (Normal) (G1 Evacuation Pause) 101M->13M(1952M) 12.272ms
[2025-03-14T06:00:22.034+0000][1270][gc,cpu      ] GC(3) User=0.01s Sys=0.00s Real=0.01s
[2025-03-14T06:00:22.034+0000][1270][safepoint   ] Safepoint "G1CollectForAllocation", Time since last: 490384041 ns, Reaching safepoint: 2167 ns, Cleanup: 24417 ns, At safepoint: 12299958 ns, Total: 12326542 ns
[2025-03-14T06:00:22.545+0000][1270][gc,start    ] GC(4) Pause Young (Normal) (G1 Evacuation Pause)
[2025-03-14T06:00:22.545+0000][1270][gc,task     ] GC(4) Using 1 workers of 1 for evacuation
[2025-03-14T06:00:22.545+0000][1270][gc,age      ] GC(4) Desired survivor size 6291456 bytes, new threshold 15 (max threshold 15)
[2025-03-14T06:00:22.556+0000][1270][gc,phases   ] GC(4)   Pre Evacuate Collection Set: 0.28ms
[2025-03-14T06:00:22.556+0000][1270][gc,phases   ] GC(4)   Merge Heap Roots: 0.01ms
[2025-03-14T06:00:22.556+0000][1270][gc,phases   ] GC(4)   Evacuate Collection Set: 10.11ms
[2025-03-14T06:00:22.556+0000][1270][gc,phases   ] GC(4)   Post Evacuate Collection Set: 0.50ms
[2025-03-14T06:00:22.556+0000][1270][gc,phases   ] GC(4)   Other: 0.13ms
[2025-03-14T06:00:22.556+0000][1270][gc,age      ] GC(4) Age table with threshold 15 (max threshold 15)
[2025-03-14T06:00:22.556+0000][1270][gc,age      ] GC(4) - age   1:    4195304 bytes,    4195304 total
[2025-03-14T06:00:22.556+0000][1270][gc,age      ] GC(4) - age   2:     917192 bytes,    5112496 total
[2025-03-14T06:00:22.556+0000][1270][gc,age      ] GC(4) - age   3:    1678144 bytes,    6790640 total
[2025-03-14T06:00:22.556+0000][1270][gc,age      ] GC(4) - age   4:    1761776 bytes,    8552416 total
[2025-03-14T06:00:22.556+0000][1270][gc,heap     ] GC(4) Eden regions: 22->0(21)
[2025-03-14T06:00:22.556+0000][1270][gc,heap     ] GC(4) Survivor regions: 2->3(3)
[2025-03-14T06:00:22.556+0000][1270][gc,heap     ] GC(4) Old regions: 3->3
[2025-03-14T06:00:22.556+0000][1270][gc,heap     ] GC(4) Humongous regions: 0->0
[2025-03-14T06:00:22.556+0000][1270][gc,metaspace] GC(4) Metaspace: 19625K(20096K)->19625K(20096K) NonClass: 17261K(17536K)->17261K(17536K) Class: 2364K(2560K)->2364K(2560K)
[2025-03-14T06:00:22.556+0000][1270][gc          ] GC(4) Pause Young (Normal) (G1 Evacuation Pause) 101M->18M(1952M) 11.120ms
[2025-03-14T06:00:22.556+0000][1270][gc,cpu      ] GC(4) User=0.01s Sys=0.00s Real=0.01s
[2025-03-14T06:00:22.556+0000][1270][safepoint   ] Safepoint "G1CollectForAllocation", Time since last: 511530709 ns, Reaching safepoint: 2916 ns, Cleanup: 22250 ns, At safepoint: 11144334 ns, Total: 11169500 ns
[2025-03-14T06:00:22.745+0000][1270][gc,start    ] GC(5) Pause Young (Normal) (G1 Evacuation Pause)
[2025-03-14T06:00:22.745+0000][1270][gc,task     ] GC(5) Using 1 workers of 1 for evacuation
[2025-03-14T06:00:22.745+0000][1270][gc,age      ] GC(5) Desired survivor size 6291456 bytes, new threshold 3 (max threshold 15)
[2025-03-14T06:00:22.754+0000][1270][gc,phases   ] GC(5)   Pre Evacuate Collection Set: 0.94ms
[2025-03-14T06:00:22.754+0000][1270][gc,phases   ] GC(5)   Merge Heap Roots: 0.01ms
[2025-03-14T06:00:22.754+0000][1270][gc,phases   ] GC(5)   Evacuate Collection Set: 6.96ms
[2025-03-14T06:00:22.754+0000][1270][gc,phases   ] GC(5)   Post Evacuate Collection Set: 0.96ms
[2025-03-14T06:00:22.754+0000][1270][gc,phases   ] GC(5)   Other: 0.03ms
[2025-03-14T06:00:22.754+0000][1270][gc,age      ] GC(5) Age table with threshold 3 (max threshold 15)
[2025-03-14T06:00:22.754+0000][1270][gc,age      ] GC(5) - age   1:    2339112 bytes,    2339112 total
[2025-03-14T06:00:22.754+0000][1270][gc,age      ] GC(5) - age   2:    1612640 bytes,    3951752 total
[2025-03-14T06:00:22.754+0000][1270][gc,age      ] GC(5) - age   3:     917088 bytes,    4868840 total
[2025-03-14T06:00:22.754+0000][1270][gc,heap     ] GC(5) Eden regions: 21->0(22)
[2025-03-14T06:00:22.754+0000][1270][gc,heap     ] GC(5) Survivor regions: 3->2(3)
[2025-03-14T06:00:22.754+0000][1270][gc,heap     ] GC(5) Old regions: 3->4
[2025-03-14T06:00:22.754+0000][1270][gc,heap     ] GC(5) Humongous regions: 0->0
[2025-03-14T06:00:22.754+0000][1270][gc,metaspace] GC(5) Metaspace: 19777K(20160K)->19777K(20160K) NonClass: 17397K(17600K)->17397K(17600K) Class: 2380K(2560K)->2380K(2560K)
[2025-03-14T06:00:22.754+0000][1270][gc          ] GC(5) Pause Young (Normal) (G1 Evacuation Pause) 102M->17M(1952M) 8.969ms
[2025-03-14T06:00:22.754+0000][1270][gc,cpu      ] GC(5) User=0.01s Sys=0.00s Real=0.01s
[2025-03-14T06:00:22.754+0000][1270][safepoint   ] Safepoint "G1CollectForAllocation", Time since last: 188472250 ns, Reaching safepoint: 2583 ns, Cleanup: 18583 ns, At safepoint: 8987250 ns, Total: 9008416 ns
[2025-03-14T06:00:22.983+0000][1270][gc,start    ] GC(6) Pause Young (Normal) (G1 Evacuation Pause)
[2025-03-14T06:00:22.983+0000][1270][gc,task     ] GC(6) Using 1 workers of 1 for evacuation
[2025-03-14T06:00:22.983+0000][1270][gc,age      ] GC(6) Desired survivor size 6291456 bytes, new threshold 15 (max threshold 15)
[2025-03-14T06:00:22.990+0000][1270][gc,phases   ] GC(6)   Pre Evacuate Collection Set: 0.57ms
[2025-03-14T06:00:22.990+0000][1270][gc,phases   ] GC(6)   Merge Heap Roots: 0.47ms
[2025-03-14T06:00:22.990+0000][1270][gc,phases   ] GC(6)   Evacuate Collection Set: 5.23ms
[2025-03-14T06:00:22.990+0000][1270][gc,phases   ] GC(6)   Post Evacuate Collection Set: 1.16ms
[2025-03-14T06:00:22.990+0000][1270][gc,phases   ] GC(6)   Other: 0.03ms
[2025-03-14T06:00:22.990+0000][1270][gc,age      ] GC(6) Age table with threshold 15 (max threshold 15)
[2025-03-14T06:00:22.990+0000][1270][gc,age      ] GC(6) - age   1:    1892632 bytes,    1892632 total
[2025-03-14T06:00:22.990+0000][1270][gc,age      ] GC(6) - age   2:    1516240 bytes,    3408872 total
[2025-03-14T06:00:22.990+0000][1270][gc,age      ] GC(6) - age   3:    1612248 bytes,    5021120 total
[2025-03-14T06:00:22.990+0000][1270][gc,age      ] GC(6) - age   4:     917056 bytes,    5938176 total
[2025-03-14T06:00:22.990+0000][1270][gc,heap     ] GC(6) Eden regions: 22->0(29)
[2025-03-14T06:00:22.990+0000][1270][gc,heap     ] GC(6) Survivor regions: 2->2(3)
[2025-03-14T06:00:22.990+0000][1270][gc,heap     ] GC(6) Old regions: 4->4
[2025-03-14T06:00:22.990+0000][1270][gc,heap     ] GC(6) Humongous regions: 0->0
[2025-03-14T06:00:22.990+0000][1270][gc,metaspace] GC(6) Metaspace: 20229K(20672K)->20229K(20672K) NonClass: 17789K(18048K)->17789K(18048K) Class: 2439K(2624K)->2439K(2624K)
[2025-03-14T06:00:22.990+0000][1270][gc          ] GC(6) Pause Young (Normal) (G1 Evacuation Pause) 105M->18M(1952M) 7.537ms
[2025-03-14T06:00:22.990+0000][1270][gc,cpu      ] GC(6) User=0.00s Sys=0.00s Real=0.01s
[2025-03-14T06:00:22.992+0000][1270][safepoint   ] Safepoint "G1CollectForAllocation", Time since last: 229028167 ns, Reaching safepoint: 2334 ns, Cleanup: 28708 ns, At safepoint: 8872375 ns, Total: 8903417 ns
[2025-03-14T06:00:23.292+0000][1270][gc,start    ] GC(7) Pause Young (Normal) (G1 Evacuation Pause)
[2025-03-14T06:00:23.292+0000][1270][gc,task     ] GC(7) Using 1 workers of 1 for evacuation
[2025-03-14T06:00:23.292+0000][1270][gc,age      ] GC(7) Desired survivor size 8388608 bytes, new threshold 15 (max threshold 15)
[2025-03-14T06:00:23.301+0000][1270][gc,phases   ] GC(7)   Pre Evacuate Collection Set: 0.92ms
[2025-03-14T06:00:23.301+0000][1270][gc,phases   ] GC(7)   Merge Heap Roots: 0.03ms
[2025-03-14T06:00:23.301+0000][1270][gc,phases   ] GC(7)   Evacuate Collection Set: 7.31ms
[2025-03-14T06:00:23.301+0000][1270][gc,phases   ] GC(7)   Post Evacuate Collection Set: 0.22ms
[2025-03-14T06:00:23.301+0000][1270][gc,phases   ] GC(7)   Other: 0.05ms
[2025-03-14T06:00:23.301+0000][1270][gc,age      ] GC(7) Age table with threshold 15 (max threshold 15)
[2025-03-14T06:00:23.301+0000][1270][gc,age      ] GC(7) - age   1:     483440 bytes,     483440 total
[2025-03-14T06:00:23.301+0000][1270][gc,age      ] GC(7) - age   2:     333792 bytes,     817232 total
[2025-03-14T06:00:23.301+0000][1270][gc,age      ] GC(7) - age   3:    1516120 bytes,    2333352 total
[2025-03-14T06:00:23.301+0000][1270][gc,age      ] GC(7) - age   4:    1612216 bytes,    3945568 total
[2025-03-14T06:00:23.301+0000][1270][gc,age      ] GC(7) - age   5:     916384 bytes,    4861952 total
[2025-03-14T06:00:23.301+0000][1270][gc,heap     ] GC(7) Eden regions: 29->0(223)
[2025-03-14T06:00:23.301+0000][1270][gc,heap     ] GC(7) Survivor regions: 2->2(4)
[2025-03-14T06:00:23.301+0000][1270][gc,heap     ] GC(7) Old regions: 4->4
[2025-03-14T06:00:23.301+0000][1270][gc,heap     ] GC(7) Humongous regions: 0->0
[2025-03-14T06:00:23.301+0000][1270][gc,metaspace] GC(7) Metaspace: 20525K(20992K)->20525K(20992K) NonClass: 18034K(18304K)->18034K(18304K) Class: 2490K(2688K)->2490K(2688K)
[2025-03-14T06:00:23.301+0000][1270][gc          ] GC(7) Pause Young (Normal) (G1 Evacuation Pause) 134M->17M(1952M) 8.685ms
[2025-03-14T06:00:23.301+0000][1270][gc,cpu      ] GC(7) User=0.00s Sys=0.00s Real=0.01s
[2025-03-14T06:00:23.301+0000][1270][safepoint   ] Safepoint "G1CollectForAllocation", Time since last: 300171500 ns, Reaching safepoint: 15667 ns, Cleanup: 37250 ns, At safepoint: 8720416 ns, Total: 8773333 ns
[2025-03-14T06:00:23.858+0000][1270][gc,start    ] GC(8) Pause Young (Concurrent Start) (Metadata GC Threshold)
[2025-03-14T06:00:23.858+0000][1270][gc,task     ] GC(8) Using 1 workers of 1 for evacuation
[2025-03-14T06:00:23.859+0000][1270][gc,age      ] GC(8) Desired survivor size 58720256 bytes, new threshold 15 (max threshold 15)
[2025-03-14T06:00:23.870+0000][1270][gc,phases   ] GC(8)   Pre Evacuate Collection Set: 1.26ms
[2025-03-14T06:00:23.870+0000][1270][gc,phases   ] GC(8)   Merge Heap Roots: 0.01ms
[2025-03-14T06:00:23.870+0000][1270][gc,phases   ] GC(8)   Evacuate Collection Set: 8.37ms
[2025-03-14T06:00:23.870+0000][1270][gc,phases   ] GC(8)   Post Evacuate Collection Set: 1.55ms
[2025-03-14T06:00:23.870+0000][1270][gc,phases   ] GC(8)   Other: 0.07ms
[2025-03-14T06:00:23.870+0000][1270][gc,age      ] GC(8) Age table with threshold 15 (max threshold 15)
[2025-03-14T06:00:23.870+0000][1270][gc,age      ] GC(8) - age   1:    1619696 bytes,    1619696 total
[2025-03-14T06:00:23.870+0000][1270][gc,age      ] GC(8) - age   2:     261776 bytes,    1881472 total
[2025-03-14T06:00:23.870+0000][1270][gc,age      ] GC(8) - age   3:     333608 bytes,    2215080 total
[2025-03-14T06:00:23.870+0000][1270][gc,age      ] GC(8) - age   4:    1516088 bytes,    3731168 total
[2025-03-14T06:00:23.870+0000][1270][gc,age      ] GC(8) - age   5:    1611176 bytes,    5342344 total
[2025-03-14T06:00:23.870+0000][1270][gc,age      ] GC(8) - age   6:     913472 bytes,    6255816 total
[2025-03-14T06:00:23.870+0000][1270][gc,heap     ] GC(8) Eden regions: 48->0(290)
[2025-03-14T06:00:23.870+0000][1270][gc,heap     ] GC(8) Survivor regions: 2->2(28)
[2025-03-14T06:00:23.870+0000][1270][gc,heap     ] GC(8) Old regions: 4->4
[2025-03-14T06:00:23.870+0000][1270][gc,heap     ] GC(8) Humongous regions: 0->0
[2025-03-14T06:00:23.870+0000][1270][gc,metaspace] GC(8) Metaspace: 21071K(21504K)->21071K(21504K) NonClass: 18499K(18752K)->18499K(18752K) Class: 2572K(2752K)->2572K(2752K)
[2025-03-14T06:00:23.870+0000][1270][gc          ] GC(8) Pause Young (Concurrent Start) (Metadata GC Threshold) 209M->19M(1952M) 11.343ms
[2025-03-14T06:00:23.870+0000][1270][gc,cpu      ] GC(8) User=0.00s Sys=0.00s Real=0.01s
[2025-03-14T06:00:23.870+0000][1270][safepoint   ] Safepoint "CollectForMetadataAllocation", Time since last: 557755042 ns, Reaching safepoint: 1792 ns, Cleanup: 42417 ns, At safepoint: 11430125 ns, Total: 11474334 ns
[2025-03-14T06:00:23.873+0000][1270][gc          ] GC(9) Concurrent Mark Cycle
[2025-03-14T06:00:23.873+0000][1270][gc,marking  ] GC(9) Concurrent Scan Root Regions
[2025-03-14T06:00:23.874+0000][1270][gc,marking  ] GC(9) Concurrent Scan Root Regions 1.559ms
[2025-03-14T06:00:23.874+0000][1270][gc,marking  ] GC(9) Concurrent Mark
[2025-03-14T06:00:23.874+0000][1270][gc,marking  ] GC(9) Concurrent Mark From Roots
[2025-03-14T06:00:23.874+0000][1270][gc,task     ] GC(9) Using 1 workers of 1 for marking
[2025-03-14T06:00:23.912+0000][1270][safepoint   ] Safepoint "CollectForMetadataAllocation", Time since last: 36877416 ns, Reaching safepoint: 4958417 ns, Cleanup: 30833 ns, At safepoint: 197209 ns, Total: 5186459 ns
[2025-03-14T06:00:23.916+0000][1270][gc,marking  ] GC(9) Concurrent Mark From Roots 42.072ms
[2025-03-14T06:00:23.916+0000][1270][gc,marking  ] GC(9) Concurrent Preclean
[2025-03-14T06:00:23.916+0000][1270][gc,marking  ] GC(9) Concurrent Preclean 0.038ms
[2025-03-14T06:00:23.919+0000][1270][gc,start    ] GC(9) Pause Remark
[2025-03-14T06:00:23.930+0000][1270][gc          ] GC(9) Pause Remark 21M->21M(1952M) 10.960ms
[2025-03-14T06:00:23.930+0000][1270][gc,cpu      ] GC(9) User=0.01s Sys=0.00s Real=0.01s
[2025-03-14T06:00:23.930+0000][1270][safepoint   ] Safepoint "G1PauseRemark", Time since last: 4491458 ns, Reaching safepoint: 2327292 ns, Cleanup: 3375 ns, At safepoint: 10988541 ns, Total: 13319208 ns
[2025-03-14T06:00:23.931+0000][1270][gc,marking  ] GC(9) Concurrent Mark 56.421ms
[2025-03-14T06:00:23.931+0000][1270][gc,marking  ] GC(9) Concurrent Rebuild Remembered Sets and Scrub Regions
[2025-03-14T06:00:23.947+0000][1270][gc,marking  ] GC(9) Concurrent Rebuild Remembered Sets and Scrub Regions 15.814ms
[2025-03-14T06:00:23.947+0000][1270][gc,start    ] GC(9) Pause Cleanup
[2025-03-14T06:00:23.947+0000][1270][gc          ] GC(9) Pause Cleanup 21M->21M(1952M) 0.037ms
[2025-03-14T06:00:23.947+0000][1270][gc,cpu      ] GC(9) User=0.00s Sys=0.00s Real=0.00s
[2025-03-14T06:00:23.947+0000][1270][safepoint   ] Safepoint "G1PauseCleanup", Time since last: 16796625 ns, Reaching safepoint: 1417 ns, Cleanup: 4375 ns, At safepoint: 47125 ns, Total: 52917 ns
[2025-03-14T06:00:23.947+0000][1270][gc,marking  ] GC(9) Concurrent Clear Claimed Marks
[2025-03-14T06:00:23.947+0000][1270][gc,marking  ] GC(9) Concurrent Clear Claimed Marks 0.021ms
[2025-03-14T06:00:23.947+0000][1270][gc,marking  ] GC(9) Concurrent Cleanup for Next Mark
[2025-03-14T06:00:23.971+0000][1270][gc,marking  ] GC(9) Concurrent Cleanup for Next Mark 24.772ms
[2025-03-14T06:00:23.971+0000][1270][gc          ] GC(9) Concurrent Mark Cycle 98.715ms
[2025-03-14T06:00:24.970+0000][1270][safepoint   ] Safepoint "Cleanup", Time since last: 1023626209 ns, Reaching safepoint: 3042 ns, Cleanup: 66708 ns, At safepoint: 4167 ns, Total: 73917 ns
[2025-03-14T06:00:25.638+0000][1270][safepoint   ] Safepoint "ICBufferFull", Time since last: 667423083 ns, Reaching safepoint: 7458 ns, Cleanup: 116042 ns, At safepoint: 8917 ns, Total: 132417 ns
[2025-03-14T06:00:25.903+0000][1270][safepoint   ] Safepoint "ICBufferFull", Time since last: 264757750 ns, Reaching safepoint: 1667 ns, Cleanup: 44708 ns, At safepoint: 2083 ns, Total: 48458 ns
[2025-03-14T06:00:26.254+0000][1270][safepoint   ] Safepoint "ICBufferFull", Time since last: 351050084 ns, Reaching safepoint: 2708 ns, Cleanup: 73917 ns, At safepoint: 4333 ns, Total: 80958 ns
[2025-03-14T06:00:26.794+0000][1270][safepoint   ] Safepoint "ICBufferFull", Time since last: 539824500 ns, Reaching safepoint: 2167 ns, Cleanup: 64917 ns, At safepoint: 5166 ns, Total: 72250 ns
[2025-03-14T06:00:27.309+0000][1270][safepoint   ] Safepoint "ICBufferFull", Time since last: 515089001 ns, Reaching safepoint: 2291 ns, Cleanup: 62334 ns, At safepoint: 8958 ns, Total: 73583 ns
[2025-03-14T06:00:27.512+0000][1270][gc,start    ] GC(10) Pause Young (Prepare Mixed) (Metadata GC Threshold)
[2025-03-14T06:00:27.512+0000][1270][gc,task     ] GC(10) Using 1 workers of 1 for evacuation
[2025-03-14T06:00:27.512+0000][1270][gc,age      ] GC(10) Desired survivor size 62914560 bytes, new threshold 15 (max threshold 15)
[2025-03-14T06:00:27.577+0000][1270][gc,phases   ] GC(10)   Pre Evacuate Collection Set: 0.39ms
[2025-03-14T06:00:27.577+0000][1270][gc,phases   ] GC(10)   Merge Heap Roots: 0.05ms
[2025-03-14T06:00:27.578+0000][1270][gc,phases   ] GC(10)   Evacuate Collection Set: 62.44ms
[2025-03-14T06:00:27.578+0000][1270][gc,phases   ] GC(10)   Post Evacuate Collection Set: 1.15ms
[2025-03-14T06:00:27.578+0000][1270][gc,phases   ] GC(10)   Other: 0.18ms
[2025-03-14T06:00:27.578+0000][1270][gc,age      ] GC(10) Age table with threshold 15 (max threshold 15)
[2025-03-14T06:00:27.578+0000][1270][gc,age      ] GC(10) - age   1:   28534048 bytes,   28534048 total
[2025-03-14T06:00:27.578+0000][1270][gc,age      ] GC(10) - age   2:    1599768 bytes,   30133816 total
[2025-03-14T06:00:27.578+0000][1270][gc,age      ] GC(10) - age   3:     259648 bytes,   30393464 total
[2025-03-14T06:00:27.578+0000][1270][gc,age      ] GC(10) - age   4:     332808 bytes,   30726272 total
[2025-03-14T06:00:27.578+0000][1270][gc,age      ] GC(10) - age   5:    1514896 bytes,   32241168 total
[2025-03-14T06:00:27.578+0000][1270][gc,age      ] GC(10) - age   6:    1607688 bytes,   33848856 total
[2025-03-14T06:00:27.578+0000][1270][gc,age      ] GC(10) - age   7:     909072 bytes,   34757928 total
[2025-03-14T06:00:27.578+0000][1270][gc,heap     ] GC(10) Eden regions: 166->0(36)
[2025-03-14T06:00:27.578+0000][1270][gc,heap     ] GC(10) Survivor regions: 2->9(30)
[2025-03-14T06:00:27.578+0000][1270][gc,heap     ] GC(10) Old regions: 4->4
[2025-03-14T06:00:27.578+0000][1270][gc,heap     ] GC(10) Humongous regions: 0->0
[2025-03-14T06:00:27.578+0000][1270][gc,metaspace] GC(10) Metaspace: 35468K(36480K)->35468K(36480K) NonClass: 30785K(31424K)->30785K(31424K) Class: 4683K(5056K)->4683K(5056K)
[2025-03-14T06:00:27.578+0000][1270][gc          ] GC(10) Pause Young (Prepare Mixed) (Metadata GC Threshold) 681M->46M(1952M) 65.956ms
[2025-03-14T06:00:27.578+0000][1270][gc,cpu      ] GC(10) User=0.06s Sys=0.00s Real=0.07s
[2025-03-14T06:00:27.585+0000][1270][safepoint   ] Safepoint "CollectForMetadataAllocation", Time since last: 203390417 ns, Reaching safepoint: 2250 ns, Cleanup: 30875 ns, At safepoint: 72422875 ns, Total: 72456000 ns
[2025-03-14T06:00:27.601+0000][1270][gc,start    ] GC(11) Pause Young (Mixed) (Metadata GC Threshold)
[2025-03-14T06:00:27.601+0000][1270][gc,task     ] GC(11) Using 1 workers of 1 for evacuation
[2025-03-14T06:00:27.601+0000][1270][gc,age      ] GC(11) Desired survivor size 10485760 bytes, new threshold 1 (max threshold 15)
[2025-03-14T06:00:27.658+0000][1270][gc,phases   ] GC(11)   Pre Evacuate Collection Set: 0.09ms
[2025-03-14T06:00:27.658+0000][1270][gc,phases   ] GC(11)   Merge Heap Roots: 0.05ms
[2025-03-14T06:00:27.658+0000][1270][gc,phases   ] GC(11)   Evacuate Collection Set: 56.09ms
[2025-03-14T06:00:27.658+0000][1270][gc,phases   ] GC(11)   Post Evacuate Collection Set: 0.67ms
[2025-03-14T06:00:27.658+0000][1270][gc,phases   ] GC(11)   Other: 0.09ms
[2025-03-14T06:00:27.658+0000][1270][gc,age      ] GC(11) Age table with threshold 1 (max threshold 15)
[2025-03-14T06:00:27.658+0000][1270][gc,age      ] GC(11) - age   1:      57856 bytes,      57856 total
[2025-03-14T06:00:27.658+0000][1270][gc,heap     ] GC(11) Eden regions: 1->0(57)
[2025-03-14T06:00:27.658+0000][1270][gc,heap     ] GC(11) Survivor regions: 9->1(5)
[2025-03-14T06:00:27.658+0000][1270][gc,heap     ] GC(11) Old regions: 4->12
[2025-03-14T06:00:27.658+0000][1270][gc,heap     ] GC(11) Humongous regions: 0->0
[2025-03-14T06:00:27.658+0000][1270][gc,metaspace] GC(11) Metaspace: 35754K(36800K)->35754K(36800K) NonClass: 31046K(31680K)->31046K(31680K) Class: 4708K(5120K)->4708K(5120K)
[2025-03-14T06:00:27.658+0000][1270][gc          ] GC(11) Pause Young (Mixed) (Metadata GC Threshold) 48M->48M(1952M) 57.134ms
[2025-03-14T06:00:27.658+0000][1270][gc,cpu      ] GC(11) User=0.05s Sys=0.00s Real=0.06s
[2025-03-14T06:00:27.658+0000][1270][safepoint   ] Safepoint "CollectForMetadataAllocation", Time since last: 16282000 ns, Reaching safepoint: 1875 ns, Cleanup: 8416 ns, At safepoint: 57228792 ns, Total: 57239083 ns
[2025-03-14T06:00:27.676+0000][1270][gc,start    ] GC(12) Pause Young (Concurrent Start) (Metadata GC Threshold)
[2025-03-14T06:00:27.676+0000][1270][gc,task     ] GC(12) Using 1 workers of 1 for evacuation
[2025-03-14T06:00:27.676+0000][1270][gc,age      ] GC(12) Desired survivor size 16777216 bytes, new threshold 15 (max threshold 15)
[2025-03-14T06:00:27.677+0000][1270][gc,phases   ] GC(12)   Pre Evacuate Collection Set: 0.06ms
[2025-03-14T06:00:27.677+0000][1270][gc,phases   ] GC(12)   Merge Heap Roots: 0.01ms
[2025-03-14T06:00:27.677+0000][1270][gc,phases   ] GC(12)   Evacuate Collection Set: 0.54ms
[2025-03-14T06:00:27.677+0000][1270][gc,phases   ] GC(12)   Post Evacuate Collection Set: 0.14ms
[2025-03-14T06:00:27.677+0000][1270][gc,phases   ] GC(12)   Other: 0.03ms
[2025-03-14T06:00:27.677+0000][1270][gc,age      ] GC(12) Age table with threshold 15 (max threshold 15)
[2025-03-14T06:00:27.677+0000][1270][gc,age      ] GC(12) - age   1:      64824 bytes,      64824 total
[2025-03-14T06:00:27.677+0000][1270][gc,age      ] GC(12) - age   2:      34656 bytes,      99480 total
[2025-03-14T06:00:27.677+0000][1270][gc,heap     ] GC(12) Eden regions: 1->0(162)
[2025-03-14T06:00:27.677+0000][1270][gc,heap     ] GC(12) Survivor regions: 1->1(8)
[2025-03-14T06:00:27.677+0000][1270][gc,heap     ] GC(12) Old regions: 12->12
[2025-03-14T06:00:27.677+0000][1270][gc,heap     ] GC(12) Humongous regions: 0->0
[2025-03-14T06:00:27.677+0000][1270][gc,metaspace] GC(12) Metaspace: 36114K(37120K)->36114K(37120K) NonClass: 31368K(32000K)->31368K(32000K) Class: 4746K(5120K)->4746K(5120K)
[2025-03-14T06:00:27.677+0000][1270][gc          ] GC(12) Pause Young (Concurrent Start) (Metadata GC Threshold) 50M->47M(1952M) 0.825ms
[2025-03-14T06:00:27.677+0000][1270][gc,cpu      ] GC(12) User=0.00s Sys=0.00s Real=0.00s
[2025-03-14T06:00:27.677+0000][1270][gc          ] GC(13) Concurrent Mark Cycle
[2025-03-14T06:00:27.677+0000][1270][gc,marking  ] GC(13) Concurrent Scan Root Regions
[2025-03-14T06:00:27.677+0000][1270][gc,marking  ] GC(13) Concurrent Scan Root Regions 0.236ms
[2025-03-14T06:00:27.677+0000][1270][gc,marking  ] GC(13) Concurrent Mark
[2025-03-14T06:00:27.677+0000][1270][gc,marking  ] GC(13) Concurrent Mark From Roots
[2025-03-14T06:00:27.677+0000][1270][gc,task     ] GC(13) Using 1 workers of 1 for marking
[2025-03-14T06:00:27.678+0000][1270][safepoint   ] Safepoint "CollectForMetadataAllocation", Time since last: 17483625 ns, Reaching safepoint: 1667 ns, Cleanup: 10875 ns, At safepoint: 1985791 ns, Total: 1998333 ns
[2025-03-14T06:00:27.697+0000][1270][safepoint   ] Safepoint "CollectForMetadataAllocation", Time since last: 19005709 ns, Reaching safepoint: 9625 ns, Cleanup: 3500 ns, At safepoint: 38333 ns, Total: 51458 ns
[2025-03-14T06:00:27.740+0000][1270][safepoint   ] Safepoint "CollectForMetadataAllocation", Time since last: 42954667 ns, Reaching safepoint: 391541 ns, Cleanup: 25459 ns, At safepoint: 82833 ns, Total: 499833 ns
[2025-03-14T06:00:27.758+0000][1270][safepoint   ] Safepoint "CollectForMetadataAllocation", Time since last: 17491959 ns, Reaching safepoint: 5916 ns, Cleanup: 1292 ns, At safepoint: 37458 ns, Total: 44666 ns
[2025-03-14T06:00:27.758+0000][1270][gc,marking  ] GC(13) Concurrent Mark From Roots 81.420ms
[2025-03-14T06:00:27.758+0000][1270][gc,marking  ] GC(13) Concurrent Preclean
[2025-03-14T06:00:27.758+0000][1270][gc,marking  ] GC(13) Concurrent Preclean 0.066ms
[2025-03-14T06:00:27.759+0000][1270][gc,start    ] GC(13) Pause Remark
[2025-03-14T06:00:27.765+0000][1270][gc          ] GC(13) Pause Remark 51M->51M(1952M) 5.849ms
[2025-03-14T06:00:27.765+0000][1270][gc,cpu      ] GC(13) User=0.01s Sys=0.00s Real=0.00s
[2025-03-14T06:00:27.765+0000][1270][safepoint   ] Safepoint "G1PauseRemark", Time since last: 640167 ns, Reaching safepoint: 318208 ns, Cleanup: 750 ns, At safepoint: 5868459 ns, Total: 6187417 ns
[2025-03-14T06:00:27.765+0000][1270][gc,marking  ] GC(13) Concurrent Mark 88.020ms
[2025-03-14T06:00:27.765+0000][1270][gc,marking  ] GC(13) Concurrent Rebuild Remembered Sets and Scrub Regions
[2025-03-14T06:00:27.811+0000][1270][gc,marking  ] GC(13) Concurrent Rebuild Remembered Sets and Scrub Regions 45.802ms
[2025-03-14T06:00:27.813+0000][1270][gc,start    ] GC(13) Pause Cleanup
[2025-03-14T06:00:27.813+0000][1270][gc          ] GC(13) Pause Cleanup 61M->61M(1952M) 0.050ms
[2025-03-14T06:00:27.813+0000][1270][gc,cpu      ] GC(13) User=0.00s Sys=0.00s Real=0.00s
[2025-03-14T06:00:27.813+0000][1270][safepoint   ] Safepoint "G1PauseCleanup", Time since last: 46158166 ns, Reaching safepoint: 1966792 ns, Cleanup: 16000 ns, At safepoint: 68208 ns, Total: 2051000 ns
[2025-03-14T06:00:27.813+0000][1270][gc,marking  ] GC(13) Concurrent Clear Claimed Marks
[2025-03-14T06:00:27.813+0000][1270][gc,marking  ] GC(13) Concurrent Clear Claimed Marks 0.062ms
[2025-03-14T06:00:27.813+0000][1270][gc,marking  ] GC(13) Concurrent Cleanup for Next Mark
[2025-03-14T06:00:27.833+0000][1270][gc,marking  ] GC(13) Concurrent Cleanup for Next Mark 20.139ms
[2025-03-14T06:00:27.833+0000][1270][gc          ] GC(13) Concurrent Mark Cycle 156.404ms
[2025-03-14T06:00:28.261+0000][1270][safepoint   ] Safepoint "ICBufferFull", Time since last: 448109542 ns, Reaching safepoint: 4583 ns, Cleanup: 84334 ns, At safepoint: 3333 ns, Total: 92250 ns
[2025-03-14T06:00:28.860+0000][1270][safepoint   ] Safepoint "ICBufferFull", Time since last: 598872084 ns, Reaching safepoint: 1833 ns, Cleanup: 59792 ns, At safepoint: 4375 ns, Total: 66000 ns
[2025-03-14T06:00:29.742+0000][1270][safepoint   ] Safepoint "ICBufferFull", Time since last: 881987083 ns, Reaching safepoint: 4500 ns, Cleanup: 69417 ns, At safepoint: 3083 ns, Total: 77000 ns
[2025-03-14T06:00:30.029+0000][1270][gc,start    ] GC(14) Pause Young (Normal) (G1 Evacuation Pause)
[2025-03-14T06:00:30.029+0000][1270][gc,task     ] GC(14) Using 1 workers of 1 for evacuation
[2025-03-14T06:00:30.029+0000][1270][gc,age      ] GC(14) Desired survivor size 20971520 bytes, new threshold 15 (max threshold 15)
[2025-03-14T06:00:30.047+0000][1270][gc,phases   ] GC(14)   Pre Evacuate Collection Set: 0.19ms
[2025-03-14T06:00:30.047+0000][1270][gc,phases   ] GC(14)   Merge Heap Roots: 0.04ms
[2025-03-14T06:00:30.047+0000][1270][gc,phases   ] GC(14)   Evacuate Collection Set: 17.01ms
[2025-03-14T06:00:30.047+0000][1270][gc,phases   ] GC(14)   Post Evacuate Collection Set: 0.80ms
[2025-03-14T06:00:30.047+0000][1270][gc,phases   ] GC(14)   Other: 0.08ms
[2025-03-14T06:00:30.047+0000][1270][gc,age      ] GC(14) Age table with threshold 15 (max threshold 15)
[2025-03-14T06:00:30.047+0000][1270][gc,age      ] GC(14) - age   1:    6057408 bytes,    6057408 total
[2025-03-14T06:00:30.047+0000][1270][gc,age      ] GC(14) - age   2:      49624 bytes,    6107032 total
[2025-03-14T06:00:30.047+0000][1270][gc,age      ] GC(14) - age   3:      34560 bytes,    6141592 total
[2025-03-14T06:00:30.047+0000][1270][gc,heap     ] GC(14) Eden regions: 79->0(159)
[2025-03-14T06:00:30.047+0000][1270][gc,heap     ] GC(14) Survivor regions: 1->2(10)
[2025-03-14T06:00:30.047+0000][1270][gc,heap     ] GC(14) Old regions: 12->12
[2025-03-14T06:00:30.047+0000][1270][gc,heap     ] GC(14) Humongous regions: 0->0
[2025-03-14T06:00:30.047+0000][1270][gc,metaspace] GC(14) Metaspace: 52681K(53952K)->52681K(53952K) NonClass: 45552K(46336K)->45552K(46336K) Class: 7129K(7616K)->7129K(7616K)
[2025-03-14T06:00:30.047+0000][1270][gc          ] GC(14) Pause Young (Normal) (G1 Evacuation Pause) 363M->52M(1952M) 18.294ms
[2025-03-14T06:00:30.047+0000][1270][gc,cpu      ] GC(14) User=0.01s Sys=0.00s Real=0.01s
[2025-03-14T06:00:30.050+0000][1270][safepoint   ] Safepoint "G1CollectForAllocation", Time since last: 286718167 ns, Reaching safepoint: 2209 ns, Cleanup: 23208 ns, At safepoint: 20974958 ns, Total: 21000375 ns
[2025-03-14T06:00:30.327+0000][1270][safepoint   ] Safepoint "ICBufferFull", Time since last: 276690000 ns, Reaching safepoint: 1750 ns, Cleanup: 78875 ns, At safepoint: 4500 ns, Total: 85125 ns
[2025-03-14T06:00:31.458+0000][1270][safepoint   ] Safepoint "Cleanup", Time since last: 1131231793 ns, Reaching safepoint: 395500 ns, Cleanup: 108083 ns, At safepoint: 4958 ns, Total: 508541 ns
[2025-03-14T06:00:31.843+0000][1270][safepoint   ] Safepoint "ICBufferFull", Time since last: 384481042 ns, Reaching safepoint: 1958 ns, Cleanup: 53959 ns, At safepoint: 5166 ns, Total: 61083 ns
[2025-03-14T06:00:31.864+0000][1270][gc,start    ] GC(15) Pause Young (Concurrent Start) (Metadata GC Threshold)
[2025-03-14T06:00:31.864+0000][1270][gc,task     ] GC(15) Using 1 workers of 1 for evacuation
[2025-03-14T06:00:31.864+0000][1270][gc,age      ] GC(15) Desired survivor size 37748736 bytes, new threshold 15 (max threshold 15)
[2025-03-14T06:00:31.878+0000][1270][gc,phases   ] GC(15)   Pre Evacuate Collection Set: 0.07ms
[2025-03-14T06:00:31.878+0000][1270][gc,phases   ] GC(15)   Merge Heap Roots: 0.02ms
[2025-03-14T06:00:31.878+0000][1270][gc,phases   ] GC(15)   Evacuate Collection Set: 13.50ms
[2025-03-14T06:00:31.878+0000][1270][gc,phases   ] GC(15)   Post Evacuate Collection Set: 0.70ms
[2025-03-14T06:00:31.878+0000][1270][gc,phases   ] GC(15)   Other: 0.05ms
[2025-03-14T06:00:31.878+0000][1270][gc,age      ] GC(15) Age table with threshold 15 (max threshold 15)
[2025-03-14T06:00:31.878+0000][1270][gc,age      ] GC(15) - age   1:    6752016 bytes,    6752016 total
[2025-03-14T06:00:31.878+0000][1270][gc,age      ] GC(15) - age   2:    5812048 bytes,   12564064 total
[2025-03-14T06:00:31.878+0000][1270][gc,age      ] GC(15) - age   3:      49592 bytes,   12613656 total
[2025-03-14T06:00:31.878+0000][1270][gc,age      ] GC(15) - age   4:      34560 bytes,   12648216 total
[2025-03-14T06:00:31.878+0000][1270][gc,heap     ] GC(15) Eden regions: 35->0(174)
[2025-03-14T06:00:31.878+0000][1270][gc,heap     ] GC(15) Survivor regions: 2->4(18)
[2025-03-14T06:00:31.878+0000][1270][gc,heap     ] GC(15) Old regions: 12->12
[2025-03-14T06:00:31.878+0000][1270][gc,heap     ] GC(15) Humongous regions: 0->0
[2025-03-14T06:00:31.878+0000][1270][gc,metaspace] GC(15) Metaspace: 62283K(63616K)->62283K(63616K) NonClass: 53813K(54592K)->53813K(54592K) Class: 8470K(9024K)->8470K(9024K)
[2025-03-14T06:00:31.878+0000][1270][gc          ] GC(15) Pause Young (Concurrent Start) (Metadata GC Threshold) 190M->59M(1952M) 14.456ms
[2025-03-14T06:00:31.878+0000][1270][gc          ] GC(16) Concurrent Mark Cycle
[2025-03-14T06:00:31.878+0000][1270][gc,marking  ] GC(16) Concurrent Scan Root Regions
[2025-03-14T06:00:31.880+0000][1270][gc,cpu      ] GC(15) User=0.01s Sys=0.00s Real=0.02s
[2025-03-14T06:00:31.882+0000][1270][safepoint   ] Safepoint "CollectForMetadataAllocation", Time since last: 21051250 ns, Reaching safepoint: 2000 ns, Cleanup: 3667 ns, At safepoint: 17877417 ns, Total: 17883084 ns
[2025-03-14T06:00:31.897+0000][1270][gc,marking  ] GC(16) Concurrent Scan Root Regions 18.551ms
[2025-03-14T06:00:31.897+0000][1270][gc,marking  ] GC(16) Concurrent Mark
[2025-03-14T06:00:31.897+0000][1270][gc,marking  ] GC(16) Concurrent Mark From Roots
[2025-03-14T06:00:31.897+0000][1270][gc,task     ] GC(16) Using 1 workers of 1 for marking
[2025-03-14T06:00:31.919+0000][1270][safepoint   ] Safepoint "CollectForMetadataAllocation", Time since last: 35422208 ns, Reaching safepoint: 1589000 ns, Cleanup: 7833 ns, At safepoint: 44750 ns, Total: 1641583 ns
[2025-03-14T06:00:31.953+0000][1270][safepoint   ] Safepoint "CollectForMetadataAllocation", Time since last: 33006126 ns, Reaching safepoint: 1052666 ns, Cleanup: 2000 ns, At safepoint: 36417 ns, Total: 1091083 ns
[2025-03-14T06:00:31.993+0000][1270][safepoint   ] Safepoint "CollectForMetadataAllocation", Time since last: 39912250 ns, Reaching safepoint: 24667 ns, Cleanup: 11208 ns, At safepoint: 35833 ns, Total: 71708 ns
[2025-03-14T06:00:32.018+0000][1270][gc,marking  ] GC(16) Concurrent Mark From Roots 120.954ms
[2025-03-14T06:00:32.018+0000][1270][gc,marking  ] GC(16) Concurrent Preclean
[2025-03-14T06:00:32.018+0000][1270][gc,marking  ] GC(16) Concurrent Preclean 0.081ms
[2025-03-14T06:00:32.018+0000][1270][gc,start    ] GC(16) Pause Remark
[2025-03-14T06:00:32.035+0000][1270][gc          ] GC(16) Pause Remark 71M->71M(1952M) 16.670ms
[2025-03-14T06:00:32.035+0000][1270][gc,cpu      ] GC(16) User=0.01s Sys=0.00s Real=0.01s
[2025-03-14T06:00:32.035+0000][1270][safepoint   ] Safepoint "G1PauseRemark", Time since last: 25127667 ns, Reaching safepoint: 68750 ns, Cleanup: 3708 ns, At safepoint: 16711959 ns, Total: 16784417 ns
[2025-03-14T06:00:32.035+0000][1270][gc,marking  ] GC(16) Concurrent Mark 137.863ms
[2025-03-14T06:00:32.035+0000][1270][gc,marking  ] GC(16) Concurrent Rebuild Remembered Sets and Scrub Regions
[2025-03-14T06:00:32.077+0000][1270][gc,marking  ] GC(16) Concurrent Rebuild Remembered Sets and Scrub Regions 42.433ms
[2025-03-14T06:00:32.080+0000][1270][gc,start    ] GC(16) Pause Cleanup
[2025-03-14T06:00:32.080+0000][1270][gc          ] GC(16) Pause Cleanup 75M->75M(1952M) 0.040ms
[2025-03-14T06:00:32.080+0000][1270][gc,cpu      ] GC(16) User=0.00s Sys=0.00s Real=0.00s
[2025-03-14T06:00:32.080+0000][1270][safepoint   ] Safepoint "G1PauseCleanup", Time since last: 42472041 ns, Reaching safepoint: 2525834 ns, Cleanup: 9458 ns, At safepoint: 56375 ns, Total: 2591667 ns
[2025-03-14T06:00:32.081+0000][1270][gc,marking  ] GC(16) Concurrent Clear Claimed Marks
[2025-03-14T06:00:32.081+0000][1270][gc,marking  ] GC(16) Concurrent Clear Claimed Marks 0.069ms
[2025-03-14T06:00:32.081+0000][1270][gc,marking  ] GC(16) Concurrent Cleanup for Next Mark
[2025-03-14T06:00:32.111+0000][1270][gc,marking  ] GC(16) Concurrent Cleanup for Next Mark 30.049ms
[2025-03-14T06:00:32.111+0000][1270][gc          ] GC(16) Concurrent Mark Cycle 232.529ms
[2025-03-14T06:00:32.950+0000][1270][safepoint   ] Safepoint "ICBufferFull", Time since last: 869898792 ns, Reaching safepoint: 2083 ns, Cleanup: 62959 ns, At safepoint: 3708 ns, Total: 68750 ns
[2025-03-14T06:00:33.183+0000][1270][safepoint   ] Safepoint "ICBufferFull", Time since last: 232773500 ns, Reaching safepoint: 1750 ns, Cleanup: 56208 ns, At safepoint: 2542 ns, Total: 60500 ns
[2025-03-14T06:00:33.482+0000][1270][safepoint   ] Safepoint "ICBufferFull", Time since last: 299579209 ns, Reaching safepoint: 2291 ns, Cleanup: 59167 ns, At safepoint: 4292 ns, Total: 65750 ns
[2025-03-14T06:00:33.870+0000][1270][safepoint   ] Safepoint "ICBufferFull", Time since last: 387436916 ns, Reaching safepoint: 2125 ns, Cleanup: 58042 ns, At safepoint: 4083 ns, Total: 64250 ns
[2025-03-14T06:00:34.059+0000][1270][safepoint   ] Safepoint "ICBufferFull", Time since last: 188936251 ns, Reaching safepoint: 2458 ns, Cleanup: 61125 ns, At safepoint: 4250 ns, Total: 67833 ns
[2025-03-14T06:00:34.219+0000][1270][safepoint   ] Safepoint "ICBufferFull", Time since last: 159934000 ns, Reaching safepoint: 2583 ns, Cleanup: 62709 ns, At safepoint: 5500 ns, Total: 70792 ns
[2025-03-14T06:00:34.305+0000][1270][safepoint   ] Safepoint "ICBufferFull", Time since last: 86276041 ns, Reaching safepoint: 2584 ns, Cleanup: 52708 ns, At safepoint: 4333 ns, Total: 59625 ns
[2025-03-14T06:00:34.354+0000][1270][safepoint   ] Safepoint "ICBufferFull", Time since last: 48596000 ns, Reaching safepoint: 2792 ns, Cleanup: 77292 ns, At safepoint: 4875 ns, Total: 84959 ns
[2025-03-14T06:00:34.539+0000][1270][safepoint   ] Safepoint "ICBufferFull", Time since last: 181714416 ns, Reaching safepoint: 1960000 ns, Cleanup: 75834 ns, At safepoint: 1159541 ns, Total: 3195375 ns
[2025-03-14T06:00:34.542+0000][1270][safepoint   ] Safepoint "ICBufferFull", Time since last: 2168167 ns, Reaching safepoint: 833083 ns, Cleanup: 7792 ns, At safepoint: 6625 ns, Total: 847500 ns
[2025-03-14T06:00:34.542+0000][1270][safepoint   ] Safepoint "ICBufferFull", Time since last: 324792 ns, Reaching safepoint: 251208 ns, Cleanup: 958 ns, At safepoint: 2709 ns, Total: 254875 ns
[2025-03-14T06:00:34.544+0000][1270][safepoint   ] Safepoint "ICBufferFull", Time since last: 2106958 ns, Reaching safepoint: 1250 ns, Cleanup: 625 ns, At safepoint: 1375 ns, Total: 3250 ns
[2025-03-14T06:00:34.544+0000][1270][safepoint   ] Safepoint "ICBufferFull", Time since last: 27333 ns, Reaching safepoint: 417 ns, Cleanup: 208 ns, At safepoint: 792 ns, Total: 1417 ns
[2025-03-14T06:00:34.545+0000][1270][safepoint   ] Safepoint "ICBufferFull", Time since last: 133458 ns, Reaching safepoint: 917 ns, Cleanup: 375 ns, At safepoint: 1167 ns, Total: 2459 ns
[2025-03-14T06:00:34.548+0000][1270][safepoint   ] Safepoint "ICBufferFull", Time since last: 3298208 ns, Reaching safepoint: 67042 ns, Cleanup: 2041 ns, At safepoint: 1667 ns, Total: 70750 ns
[2025-03-14T06:00:34.554+0000][1270][safepoint   ] Safepoint "ICBufferFull", Time since last: 2223375 ns, Reaching safepoint: 878083 ns, Cleanup: 792 ns, At safepoint: 2656167 ns, Total: 3535042 ns
[2025-03-14T06:00:34.558+0000][1270][safepoint   ] Safepoint "ICBufferFull", Time since last: 143875 ns, Reaching safepoint: 255375 ns, Cleanup: 3916 ns, At safepoint: 3440167 ns, Total: 3699458 ns
[2025-03-14T06:00:34.558+0000][1270][safepoint   ] Safepoint "ICBufferFull", Time since last: 119417 ns, Reaching safepoint: 1291 ns, Cleanup: 584 ns, At safepoint: 1500 ns, Total: 3375 ns
[2025-03-14T06:00:34.668+0000][1270][safepoint   ] Safepoint "ICBufferFull", Time since last: 110043541 ns, Reaching safepoint: 3667 ns, Cleanup: 70333 ns, At safepoint: 4417 ns, Total: 78417 ns
[2025-03-14T06:00:34.851+0000][1270][safepoint   ] Safepoint "ICBufferFull", Time since last: 183134250 ns, Reaching safepoint: 3542 ns, Cleanup: 59917 ns, At safepoint: 13458 ns, Total: 76917 ns
[2025-03-14T06:00:35.004+0000][1270][safepoint   ] Safepoint "ICBufferFull", Time since last: 152466375 ns, Reaching safepoint: 4167 ns, Cleanup: 76250 ns, At safepoint: 21000 ns, Total: 101417 ns
[2025-03-14T06:00:35.170+0000][1270][safepoint   ] Safepoint "ICBufferFull", Time since last: 166140000 ns, Reaching safepoint: 4250 ns, Cleanup: 49625 ns, At safepoint: 5000 ns, Total: 58875 ns
[2025-03-14T06:00:35.410+0000][1270][safepoint   ] Safepoint "ICBufferFull", Time since last: 240125333 ns, Reaching safepoint: 3542 ns, Cleanup: 39541 ns, At safepoint: 3209 ns, Total: 46292 ns
[2025-03-14T06:00:35.863+0000][1270][safepoint   ] Safepoint "ICBufferFull", Time since last: 452848000 ns, Reaching safepoint: 70000 ns, Cleanup: 64667 ns, At safepoint: 6208 ns, Total: 140875 ns
[2025-03-14T06:00:36.218+0000][1270][safepoint   ] Safepoint "ICBufferFull", Time since last: 355257459 ns, Reaching safepoint: 5541 ns, Cleanup: 69292 ns, At safepoint: 7125 ns, Total: 81958 ns
[2025-03-14T06:00:36.419+0000][1270][safepoint   ] Safepoint "ICBufferFull", Time since last: 201045458 ns, Reaching safepoint: 5417 ns, Cleanup: 85792 ns, At safepoint: 5041 ns, Total: 96250 ns
[2025-03-14T06:00:36.576+0000][1270][gc,start    ] GC(17) Pause Young (Normal) (G1 Evacuation Pause)
[2025-03-14T06:00:36.576+0000][1270][gc,task     ] GC(17) Using 1 workers of 1 for evacuation
[2025-03-14T06:00:36.576+0000][1270][gc,age      ] GC(17) Desired survivor size 31457280 bytes, new threshold 15 (max threshold 15)
[2025-03-14T06:00:36.651+0000][1270][gc,phases   ] GC(17)   Pre Evacuate Collection Set: 0.40ms
[2025-03-14T06:00:36.651+0000][1270][gc,phases   ] GC(17)   Merge Heap Roots: 0.08ms
[2025-03-14T06:00:36.651+0000][1270][gc,phases   ] GC(17)   Evacuate Collection Set: 72.88ms
[2025-03-14T06:00:36.651+0000][1270][gc,phases   ] GC(17)   Post Evacuate Collection Set: 1.63ms
[2025-03-14T06:00:36.651+0000][1270][gc,phases   ] GC(17)   Other: 0.10ms
[2025-03-14T06:00:36.651+0000][1270][gc,age      ] GC(17) Age table with threshold 15 (max threshold 15)
[2025-03-14T06:00:36.651+0000][1270][gc,age      ] GC(17) - age   1:   22984536 bytes,   22984536 total
[2025-03-14T06:00:36.651+0000][1270][gc,age      ] GC(17) - age   2:    6551640 bytes,   29536176 total
[2025-03-14T06:00:36.651+0000][1270][gc,age      ] GC(17) - age   3:    5455216 bytes,   34991392 total
[2025-03-14T06:00:36.651+0000][1270][gc,age      ] GC(17) - age   4:      48048 bytes,   35039440 total
[2025-03-14T06:00:36.651+0000][1270][gc,age      ] GC(17) - age   5:      33728 bytes,   35073168 total
[2025-03-14T06:00:36.651+0000][1270][gc,heap     ] GC(17) Eden regions: 113->0(30)
[2025-03-14T06:00:36.651+0000][1270][gc,heap     ] GC(17) Survivor regions: 4->9(15)
[2025-03-14T06:00:36.651+0000][1270][gc,heap     ] GC(17) Old regions: 12->12
[2025-03-14T06:00:36.651+0000][1270][gc,heap     ] GC(17) Humongous regions: 2->2
[2025-03-14T06:00:36.651+0000][1270][gc,metaspace] GC(17) Metaspace: 102564K(105536K)->102564K(105536K) NonClass: 87963K(89600K)->87963K(89600K) Class: 14601K(15936K)->14601K(15936K)
[2025-03-14T06:00:36.651+0000][1270][gc          ] GC(17) Pause Young (Normal) (G1 Evacuation Pause) 519M->88M(1952M) 75.220ms
[2025-03-14T06:00:36.651+0000][1270][gc,cpu      ] GC(17) User=0.07s Sys=0.00s Real=0.08s
[2025-03-14T06:00:36.655+0000][1270][safepoint   ] Safepoint "G1CollectForAllocation", Time since last: 156299459 ns, Reaching safepoint: 3625 ns, Cleanup: 44375 ns, At safepoint: 78835708 ns, Total: 78883708 ns
[2025-03-14T06:00:36.865+0000][1270][safepoint   ] Safepoint "ICBufferFull", Time since last: 210211959 ns, Reaching safepoint: 424708 ns, Cleanup: 60833 ns, At safepoint: 7000 ns, Total: 492541 ns
[2025-03-14T06:00:36.871+0000][1270][safepoint   ] Safepoint "ICBufferFull", Time since last: 2328292 ns, Reaching safepoint: 82333 ns, Cleanup: 5292 ns, At safepoint: 3115583 ns, Total: 3203208 ns
[2025-03-14T06:00:36.875+0000][1270][safepoint   ] Safepoint "ICBufferFull", Time since last: 20500 ns, Reaching safepoint: 69042 ns, Cleanup: 1208 ns, At safepoint: 3807709 ns, Total: 3877959 ns
[2025-03-14T06:00:36.963+0000][1270][safepoint   ] Safepoint "ICBufferFull", Time since last: 88532458 ns, Reaching safepoint: 4625 ns, Cleanup: 78500 ns, At safepoint: 4750 ns, Total: 87875 ns
[2025-03-14T06:00:37.110+0000][1270][safepoint   ] Safepoint "ICBufferFull", Time since last: 146360542 ns, Reaching safepoint: 6083 ns, Cleanup: 59083 ns, At safepoint: 5209 ns, Total: 70375 ns
[2025-03-14T06:00:37.210+0000][1270][gc,start    ] GC(18) Pause Young (Normal) (G1 Evacuation Pause)
[2025-03-14T06:00:37.210+0000][1270][gc,task     ] GC(18) Using 1 workers of 1 for evacuation
[2025-03-14T06:00:37.210+0000][1270][gc,age      ] GC(18) Desired survivor size 8388608 bytes, new threshold 1 (max threshold 15)
[2025-03-14T06:00:37.271+0000][1270][gc,phases   ] GC(18)   Pre Evacuate Collection Set: 0.07ms
[2025-03-14T06:00:37.271+0000][1270][gc,phases   ] GC(18)   Merge Heap Roots: 0.02ms
[2025-03-14T06:00:37.271+0000][1270][gc,phases   ] GC(18)   Evacuate Collection Set: 57.82ms
[2025-03-14T06:00:37.271+0000][1270][gc,phases   ] GC(18)   Post Evacuate Collection Set: 2.37ms
[2025-03-14T06:00:37.271+0000][1270][gc,phases   ] GC(18)   Other: 0.04ms
[2025-03-14T06:00:37.271+0000][1270][gc,age      ] GC(18) Age table with threshold 1 (max threshold 15)
[2025-03-14T06:00:37.271+0000][1270][gc,age      ] GC(18) - age   1:    6900016 bytes,    6900016 total
[2025-03-14T06:00:37.271+0000][1270][gc,heap     ] GC(18) Eden regions: 23->0(60)
[2025-03-14T06:00:37.271+0000][1270][gc,heap     ] GC(18) Survivor regions: 9->2(4)
[2025-03-14T06:00:37.271+0000][1270][gc,heap     ] GC(18) Old regions: 12->20
[2025-03-14T06:00:37.271+0000][1270][gc,heap     ] GC(18) Humongous regions: 5->5
[2025-03-14T06:00:37.271+0000][1270][gc,metaspace] GC(18) Metaspace: 104551K(107584K)->104551K(107584K) NonClass: 89698K(91392K)->89698K(91392K) Class: 14853K(16192K)->14853K(16192K)
[2025-03-14T06:00:37.271+0000][1270][gc          ] GC(18) Pause Young (Normal) (G1 Evacuation Pause) 191M->108M(1952M) 60.420ms
[2025-03-14T06:00:37.271+0000][1270][gc,cpu      ] GC(18) User=0.06s Sys=0.00s Real=0.06s
[2025-03-14T06:00:37.274+0000][1270][safepoint   ] Safepoint "G1CollectForAllocation", Time since last: 100358333 ns, Reaching safepoint: 5292 ns, Cleanup: 44000 ns, At safepoint: 63512375 ns, Total: 63561667 ns
[2025-03-14T06:00:37.362+0000][1270][gc,start    ] GC(19) Pause Young (Concurrent Start) (Metadata GC Threshold)
[2025-03-14T06:00:37.362+0000][1270][gc,task     ] GC(19) Using 1 workers of 1 for evacuation
[2025-03-14T06:00:37.362+0000][1270][gc,age      ] GC(19) Desired survivor size 18874368 bytes, new threshold 15 (max threshold 15)
[2025-03-14T06:00:37.371+0000][1270][gc,phases   ] GC(19)   Pre Evacuate Collection Set: 0.08ms
[2025-03-14T06:00:37.371+0000][1270][gc,phases   ] GC(19)   Merge Heap Roots: 0.02ms
[2025-03-14T06:00:37.371+0000][1270][gc,phases   ] GC(19)   Evacuate Collection Set: 6.45ms
[2025-03-14T06:00:37.371+0000][1270][gc,phases   ] GC(19)   Post Evacuate Collection Set: 2.13ms
[2025-03-14T06:00:37.371+0000][1270][gc,phases   ] GC(19)   Other: 0.03ms
[2025-03-14T06:00:37.371+0000][1270][gc,age      ] GC(19) Age table with threshold 15 (max threshold 15)
[2025-03-14T06:00:37.371+0000][1270][gc,age      ] GC(19) - age   1:     361216 bytes,     361216 total
[2025-03-14T06:00:37.371+0000][1270][gc,age      ] GC(19) - age   2:    6384880 bytes,    6746096 total
[2025-03-14T06:00:37.371+0000][1270][gc,heap     ] GC(19) Eden regions: 5->0(87)
[2025-03-14T06:00:37.371+0000][1270][gc,heap     ] GC(19) Survivor regions: 2->2(9)
[2025-03-14T06:00:37.371+0000][1270][gc,heap     ] GC(19) Old regions: 20->20
[2025-03-14T06:00:37.371+0000][1270][gc,heap     ] GC(19) Humongous regions: 5->5
[2025-03-14T06:00:37.371+0000][1270][gc,metaspace] GC(19) Metaspace: 105181K(108160K)->105181K(108160K) NonClass: 90204K(91840K)->90204K(91840K) Class: 14976K(16320K)->14976K(16320K)
[2025-03-14T06:00:37.371+0000][1270][gc          ] GC(19) Pause Young (Concurrent Start) (Metadata GC Threshold) 126M->108M(1952M) 8.786ms
[2025-03-14T06:00:37.371+0000][1270][gc,cpu      ] GC(19) User=0.01s Sys=0.00s Real=0.01s
[2025-03-14T06:00:37.371+0000][1270][gc          ] GC(20) Concurrent Mark Cycle
[2025-03-14T06:00:37.371+0000][1270][gc,marking  ] GC(20) Concurrent Scan Root Regions
[2025-03-14T06:00:37.374+0000][1270][safepoint   ] Safepoint "CollectForMetadataAllocation", Time since last: 88286708 ns, Reaching safepoint: 391542 ns, Cleanup: 27666 ns, At safepoint: 11303375 ns, Total: 11722583 ns
[2025-03-14T06:00:37.385+0000][1270][gc,marking  ] GC(20) Concurrent Scan Root Regions 13.797ms
[2025-03-14T06:00:37.385+0000][1270][gc,marking  ] GC(20) Concurrent Mark
[2025-03-14T06:00:37.385+0000][1270][gc,marking  ] GC(20) Concurrent Mark From Roots
[2025-03-14T06:00:37.385+0000][1270][gc,task     ] GC(20) Using 1 workers of 1 for marking
[2025-03-14T06:00:37.415+0000][1270][safepoint   ] Safepoint "CollectForMetadataAllocation", Time since last: 39406834 ns, Reaching safepoint: 1947666 ns, Cleanup: 17167 ns, At safepoint: 45833 ns, Total: 2010666 ns
[2025-03-14T06:00:37.418+0000][1270][safepoint   ] Safepoint "CollectForMetadataAllocation", Time since last: 598542 ns, Reaching safepoint: 79167 ns, Cleanup: 4166 ns, At safepoint: 1898084 ns, Total: 1981417 ns
[2025-03-14T06:00:37.670+0000][1270][gc,marking  ] GC(20) Concurrent Mark From Roots 284.813ms
[2025-03-14T06:00:37.670+0000][1270][gc,marking  ] GC(20) Concurrent Preclean
[2025-03-14T06:00:37.670+0000][1270][gc,marking  ] GC(20) Concurrent Preclean 0.128ms
[2025-03-14T06:00:37.672+0000][1270][gc,start    ] GC(20) Pause Remark
[2025-03-14T06:00:37.683+0000][1270][gc          ] GC(20) Pause Remark 174M->174M(1952M) 10.309ms
[2025-03-14T06:00:37.683+0000][1270][gc,cpu      ] GC(20) User=0.01s Sys=0.00s Real=0.01s
[2025-03-14T06:00:37.683+0000][1270][safepoint   ] Safepoint "G1PauseRemark", Time since last: 252383375 ns, Reaching safepoint: 2194583 ns, Cleanup: 36167 ns, At safepoint: 10342625 ns, Total: 12573375 ns
[2025-03-14T06:00:37.683+0000][1270][gc,marking  ] GC(20) Concurrent Mark 297.566ms
[2025-03-14T06:00:37.683+0000][1270][gc,marking  ] GC(20) Concurrent Rebuild Remembered Sets and Scrub Regions
[2025-03-14T06:00:37.806+0000][1270][gc,marking  ] GC(20) Concurrent Rebuild Remembered Sets and Scrub Regions 122.921ms
[2025-03-14T06:00:37.808+0000][1270][gc,start    ] GC(20) Pause Cleanup
[2025-03-14T06:00:37.808+0000][1270][gc          ] GC(20) Pause Cleanup 189M->189M(1952M) 0.066ms
[2025-03-14T06:00:37.808+0000][1270][gc,cpu      ] GC(20) User=0.00s Sys=0.00s Real=0.00s
[2025-03-14T06:00:37.808+0000][1270][safepoint   ] Safepoint "G1PauseCleanup", Time since last: 125041792 ns, Reaching safepoint: 69458 ns, Cleanup: 15875 ns, At safepoint: 85417 ns, Total: 170750 ns
[2025-03-14T06:00:37.808+0000][1270][gc,marking  ] GC(20) Concurrent Clear Claimed Marks
[2025-03-14T06:00:37.808+0000][1270][gc,marking  ] GC(20) Concurrent Clear Claimed Marks 0.222ms
[2025-03-14T06:00:37.808+0000][1270][gc,marking  ] GC(20) Concurrent Cleanup for Next Mark
[2025-03-14T06:00:37.871+0000][1270][gc,marking  ] GC(20) Concurrent Cleanup for Next Mark 62.678ms
[2025-03-14T06:00:37.871+0000][1270][gc          ] GC(20) Concurrent Mark Cycle 499.514ms
[2025-03-14T06:00:38.251+0000][1270][safepoint   ] Safepoint "ICBufferFull", Time since last: 439837083 ns, Reaching safepoint: 52292 ns, Cleanup: 51917 ns, At safepoint: 2885916 ns, Total: 2990125 ns
[2025-03-14T06:00:38.549+0000][1270][safepoint   ] Safepoint "ICBufferFull", Time since last: 297554667 ns, Reaching safepoint: 405750 ns, Cleanup: 86583 ns, At safepoint: 6000 ns, Total: 498333 ns
[2025-03-14T06:00:38.780+0000][1270][safepoint   ] Safepoint "ICBufferFull", Time since last: 226972459 ns, Reaching safepoint: 978000 ns, Cleanup: 63250 ns, At safepoint: 2939250 ns, Total: 3980500 ns
[2025-03-14T06:00:38.974+0000][1270][safepoint   ] Safepoint "ICBufferFull", Time since last: 194030750 ns, Reaching safepoint: 12083 ns, Cleanup: 68584 ns, At safepoint: 13000 ns, Total: 93667 ns
[2025-03-14T06:00:39.134+0000][1270][safepoint   ] Safepoint "ICBufferFull", Time since last: 157947625 ns, Reaching safepoint: 1926541 ns, Cleanup: 54625 ns, At safepoint: 7125 ns, Total: 1988291 ns
[2025-03-14T06:00:39.354+0000][1270][safepoint   ] Safepoint "ICBufferFull", Time since last: 219814000 ns, Reaching safepoint: 3709 ns, Cleanup: 63333 ns, At safepoint: 5083 ns, Total: 72125 ns
[2025-03-14T06:00:39.488+0000][1270][safepoint   ] Safepoint "ICBufferFull", Time since last: 134218000 ns, Reaching safepoint: 3750 ns, Cleanup: 52667 ns, At safepoint: 2875 ns, Total: 59292 ns
[2025-03-14T06:00:39.579+0000][1270][safepoint   ] Safepoint "ICBufferFull", Time since last: 90573333 ns, Reaching safepoint: 138167 ns, Cleanup: 68125 ns, At safepoint: 6208 ns, Total: 212500 ns
[2025-03-14T06:00:39.798+0000][1270][safepoint   ] Safepoint "ICBufferFull", Time since last: 218986542 ns, Reaching safepoint: 72792 ns, Cleanup: 69042 ns, At safepoint: 4750 ns, Total: 146584 ns
[2025-03-14T06:00:39.997+0000][1270][safepoint   ] Safepoint "ICBufferFull", Time since last: 197908500 ns, Reaching safepoint: 1534083 ns, Cleanup: 52833 ns, At safepoint: 5750 ns, Total: 1592666 ns
[2025-03-14T06:00:40.082+0000][1270][gc,start    ] GC(21) Pause Young (Prepare Mixed) (G1 Evacuation Pause)
[2025-03-14T06:00:40.082+0000][1270][gc,task     ] GC(21) Using 1 workers of 1 for evacuation
[2025-03-14T06:00:40.082+0000][1270][gc,age      ] GC(21) Desired survivor size 23068672 bytes, new threshold 15 (max threshold 15)
[2025-03-14T06:00:40.123+0000][1270][gc,phases   ] GC(21)   Pre Evacuate Collection Set: 0.21ms
[2025-03-14T06:00:40.123+0000][1270][gc,phases   ] GC(21)   Merge Heap Roots: 0.06ms
[2025-03-14T06:00:40.123+0000][1270][gc,phases   ] GC(21)   Evacuate Collection Set: 39.59ms
[2025-03-14T06:00:40.123+0000][1270][gc,phases   ] GC(21)   Post Evacuate Collection Set: 0.76ms
[2025-03-14T06:00:40.123+0000][1270][gc,phases   ] GC(21)   Other: 0.06ms
[2025-03-14T06:00:40.123+0000][1270][gc,age      ] GC(21) Age table with threshold 15 (max threshold 15)
[2025-03-14T06:00:40.123+0000][1270][gc,age      ] GC(21) - age   1:   18313928 bytes,   18313928 total
[2025-03-14T06:00:40.123+0000][1270][gc,age      ] GC(21) - age   2:     227528 bytes,   18541456 total
[2025-03-14T06:00:40.123+0000][1270][gc,age      ] GC(21) - age   3:    5981256 bytes,   24522712 total
[2025-03-14T06:00:40.123+0000][1270][gc,heap     ] GC(21) Eden regions: 84->0(67)
[2025-03-14T06:00:40.123+0000][1270][gc,heap     ] GC(21) Survivor regions: 2->7(11)
[2025-03-14T06:00:40.123+0000][1270][gc,heap     ] GC(21) Old regions: 20->20
[2025-03-14T06:00:40.123+0000][1270][gc,heap     ] GC(21) Humongous regions: 5->5
[2025-03-14T06:00:40.123+0000][1270][gc,metaspace] GC(21) Metaspace: 109805K(112768K)->109805K(112768K) NonClass: 94283K(95936K)->94283K(95936K) Class: 15521K(16832K)->15521K(16832K)
[2025-03-14T06:00:40.123+0000][1270][gc          ] GC(21) Pause Young (Prepare Mixed) (G1 Evacuation Pause) 444M->126M(1952M) 40.753ms
[2025-03-14T06:00:40.123+0000][1270][gc,cpu      ] GC(21) User=0.04s Sys=0.00s Real=0.04s
[2025-03-14T06:00:40.126+0000][1270][safepoint   ] Safepoint "G1CollectForAllocation", Time since last: 84352292 ns, Reaching safepoint: 3958 ns, Cleanup: 58459 ns, At safepoint: 43962791 ns, Total: 44025208 ns
[2025-03-14T06:00:40.237+0000][1270][safepoint   ] Safepoint "ICBufferFull", Time since last: 109976750 ns, Reaching safepoint: 994875 ns, Cleanup: 54125 ns, At safepoint: 5000 ns, Total: 1054000 ns
[2025-03-14T06:00:40.316+0000][1270][safepoint   ] Safepoint "ICBufferFull", Time since last: 79622584 ns, Reaching safepoint: 4583 ns, Cleanup: 55250 ns, At safepoint: 7500 ns, Total: 67333 ns
[2025-03-14T06:00:40.373+0000][1270][safepoint   ] Safepoint "ICBufferFull", Time since last: 56193334 ns, Reaching safepoint: 8833 ns, Cleanup: 57917 ns, At safepoint: 4000 ns, Total: 70750 ns
[2025-03-14T06:00:40.553+0000][1270][safepoint   ] Safepoint "ICBufferFull", Time since last: 180404051 ns, Reaching safepoint: 8001 ns, Cleanup: 64097 ns, At safepoint: 5418 ns, Total: 77516 ns
[2025-03-14T06:00:40.624+0000][1270][safepoint   ] Safepoint "ICBufferFull", Time since last: 70517473 ns, Reaching safepoint: 8710 ns, Cleanup: 62805 ns, At safepoint: 6126 ns, Total: 77641 ns
[2025-03-14T06:00:40.726+0000][1270][safepoint   ] Safepoint "ICBufferFull", Time since last: 101674450 ns, Reaching safepoint: 12711 ns, Cleanup: 74766 ns, At safepoint: 4501 ns, Total: 91978 ns
[2025-03-14T06:00:41.440+0000][1270][safepoint   ] Safepoint "ICBufferFull", Time since last: 713655637 ns, Reaching safepoint: 547118 ns, Cleanup: 92926 ns, At safepoint: 4676 ns, Total: 644720 ns
[2025-03-14T06:00:41.529+0000][1270][safepoint   ] Safepoint "ICBufferFull", Time since last: 88892583 ns, Reaching safepoint: 6387 ns, Cleanup: 73222 ns, At safepoint: 4175 ns, Total: 83784 ns
[2025-03-14T06:00:41.601+0000][1270][safepoint   ] Safepoint "ICBufferFull", Time since last: 72209856 ns, Reaching safepoint: 299400 ns, Cleanup: 86079 ns, At safepoint: 5469 ns, Total: 390948 ns
[2025-03-14T06:00:41.753+0000][1270][safepoint   ] Safepoint "ICBufferFull", Time since last: 148471837 ns, Reaching safepoint: 2861079 ns, Cleanup: 77689 ns, At safepoint: 8391 ns, Total: 2947159 ns
[2025-03-14T06:00:41.817+0000][1270][safepoint   ] Safepoint "ICBufferFull", Time since last: 64279604 ns, Reaching safepoint: 4341 ns, Cleanup: 107245 ns, At safepoint: 5761 ns, Total: 117347 ns
[2025-03-14T06:00:41.973+0000][1270][safepoint   ] Safepoint "ICBufferFull", Time since last: 155625328 ns, Reaching safepoint: 476193 ns, Cleanup: 96390 ns, At safepoint: 4634 ns, Total: 577217 ns
[2025-03-14T06:00:42.147+0000][1270][safepoint   ] Safepoint "ICBufferFull", Time since last: 173559448 ns, Reaching safepoint: 84442 ns, Cleanup: 57478 ns, At safepoint: 25379 ns, Total: 167299 ns
[2025-03-14T06:00:42.808+0000][1270][safepoint   ] Safepoint "ICBufferFull", Time since last: 660528497 ns, Reaching safepoint: 25379 ns, Cleanup: 73590 ns, At safepoint: 11311 ns, Total: 110280 ns
[2025-03-14T06:00:43.809+0000][1270][safepoint   ] Safepoint "Cleanup", Time since last: 1000923170 ns, Reaching safepoint: 59642 ns, Cleanup: 122582 ns, At safepoint: 8514 ns, Total: 190738 ns
[2025-03-14T06:00:44.558+0000][1270][safepoint   ] Safepoint "ICBufferFull", Time since last: 749009466 ns, Reaching safepoint: 3673 ns, Cleanup: 86847 ns, At safepoint: 3088 ns, Total: 93608 ns
[2025-03-14T06:00:45.191+0000][1270][safepoint   ] Safepoint "ICBufferFull", Time since last: 632904079 ns, Reaching safepoint: 45110 ns, Cleanup: 166125 ns, At safepoint: 12645 ns, Total: 223880 ns
[2025-03-14T06:00:46.192+0000][1270][safepoint   ] Safepoint "Cleanup", Time since last: 1000786701 ns, Reaching safepoint: 12976 ns, Cleanup: 60462 ns, At safepoint: 7511 ns, Total: 80949 ns
[2025-03-14T06:00:48.192+0000][1270][safepoint   ] Safepoint "Cleanup", Time since last: 2000164854 ns, Reaching safepoint: 14018 ns, Cleanup: 93829 ns, At safepoint: 7802 ns, Total: 115649 ns
[2025-03-14T06:00:49.193+0000][1270][safepoint   ] Safepoint "Cleanup", Time since last: 1000124553 ns, Reaching safepoint: 27784 ns, Cleanup: 18231 ns, At safepoint: 8176 ns, Total: 54191 ns
[2025-03-14T06:00:50.193+0000][1270][safepoint   ] Safepoint "Cleanup", Time since last: 1000126840 ns, Reaching safepoint: 11096 ns, Cleanup: 15017 ns, At safepoint: 5882 ns, Total: 31995 ns
[2025-03-14T06:00:50.524+0000][1270][safepoint   ] Safepoint "ICBufferFull", Time since last: 331507449 ns, Reaching safepoint: 3879 ns, Cleanup: 56565 ns, At safepoint: 4088 ns, Total: 64532 ns
[2025-03-14T06:00:51.524+0000][1270][safepoint   ] Safepoint "Cleanup", Time since last: 1000081725 ns, Reaching safepoint: 5589 ns, Cleanup: 19772 ns, At safepoint: 3712 ns, Total: 29073 ns
[2025-03-14T06:00:52.524+0000][1270][safepoint   ] Safepoint "Cleanup", Time since last: 1000093247 ns, Reaching safepoint: 15975 ns, Cleanup: 31115 ns, At safepoint: 5172 ns, Total: 52262 ns
[2025-03-14T06:00:53.525+0000][1270][safepoint   ] Safepoint "Cleanup", Time since last: 1000086296 ns, Reaching safepoint: 10802 ns, Cleanup: 51175 ns, At safepoint: 5464 ns, Total: 67441 ns
[2025-03-14T06:00:54.525+0000][1270][safepoint   ] Safepoint "Cleanup", Time since last: 1000289860 ns, Reaching safepoint: 26191 ns, Cleanup: 249442 ns, At safepoint: 21020 ns, Total: 296653 ns
[2025-03-14T06:00:55.526+0000][1270][safepoint   ] Safepoint "Cleanup", Time since last: 1000486729 ns, Reaching safepoint: 4587 ns, Cleanup: 55049 ns, At safepoint: 6714 ns, Total: 66350 ns
[2025-03-14T06:00:56.514+0000][1270][safepoint   ] Safepoint "ICBufferFull", Time since last: 987948729 ns, Reaching safepoint: 71644 ns, Cleanup: 64972 ns, At safepoint: 3628 ns, Total: 140244 ns
[2025-03-14T06:00:56.640+0000][1270][safepoint   ] Safepoint "ICBufferFull", Time since last: 125565537 ns, Reaching safepoint: 4712 ns, Cleanup: 65722 ns, At safepoint: 3211 ns, Total: 73645 ns
[2025-03-14T06:00:57.640+0000][1270][safepoint   ] Safepoint "Cleanup", Time since last: 1000413453 ns, Reaching safepoint: 212047 ns, Cleanup: 209628 ns, At safepoint: 45412 ns, Total: 467087 ns
[2025-03-14T06:00:58.641+0000][1270][safepoint   ] Safepoint "Cleanup", Time since last: 1000383355 ns, Reaching safepoint: 26896 ns, Cleanup: 41323 ns, At safepoint: 10091 ns, Total: 78310 ns
[2025-03-14T06:00:59.491+0000][1270][gc,start    ] GC(22) Pause Young (Mixed) (G1 Evacuation Pause)
[2025-03-14T06:00:59.491+0000][1270][gc,task     ] GC(22) Using 1 workers of 1 for evacuation
[2025-03-14T06:00:59.491+0000][1270][gc,age      ] GC(22) Desired survivor size 20971520 bytes, new threshold 3 (max threshold 15)
[2025-03-14T06:00:59.566+0000][1270][gc,phases   ] GC(22)   Pre Evacuate Collection Set: 2.57ms
[2025-03-14T06:00:59.566+0000][1270][gc,phases   ] GC(22)   Merge Heap Roots: 0.57ms
[2025-03-14T06:00:59.566+0000][1270][gc,phases   ] GC(22)   Evacuate Collection Set: 68.52ms
[2025-03-14T06:00:59.566+0000][1270][gc,phases   ] GC(22)   Post Evacuate Collection Set: 2.57ms
[2025-03-14T06:00:59.566+0000][1270][gc,phases   ] GC(22)   Other: 0.13ms
[2025-03-14T06:00:59.566+0000][1270][gc,age      ] GC(22) Age table with threshold 3 (max threshold 15)
[2025-03-14T06:00:59.566+0000][1270][gc,age      ] GC(22) - age   1:    3919192 bytes,    3919192 total
[2025-03-14T06:00:59.566+0000][1270][gc,age      ] GC(22) - age   2:    5768080 bytes,    9687272 total
[2025-03-14T06:00:59.566+0000][1270][gc,age      ] GC(22) - age   3:     227232 bytes,    9914504 total
[2025-03-14T06:00:59.566+0000][1270][gc,heap     ] GC(22) Eden regions: 67->0(111)
[2025-03-14T06:00:59.566+0000][1270][gc,heap     ] GC(22) Survivor regions: 7->3(10)
[2025-03-14T06:00:59.566+0000][1270][gc,heap     ] GC(22) Old regions: 20->21
[2025-03-14T06:00:59.566+0000][1270][gc,heap     ] GC(22) Humongous regions: 5->5
[2025-03-14T06:00:59.566+0000][1270][gc,metaspace] GC(22) Metaspace: 113617K(116736K)->113617K(116736K) NonClass: 97626K(99328K)->97626K(99328K) Class: 15991K(17408K)->15991K(17408K)
[2025-03-14T06:00:59.566+0000][1270][gc          ] GC(22) Pause Young (Mixed) (G1 Evacuation Pause) 394M->114M(1952M) 74.551ms
[2025-03-14T06:00:59.566+0000][1270][gc,cpu      ] GC(22) User=0.07s Sys=0.00s Real=0.07s
[2025-03-14T06:00:59.566+0000][1270][safepoint   ] Safepoint "G1CollectForAllocation", Time since last: 850416408 ns, Reaching safepoint: 7297 ns, Cleanup: 27186 ns, At safepoint: 74750866 ns, Total: 74785349 ns
[2025-03-14T06:01:00.566+0000][1270][safepoint   ] Safepoint "Cleanup", Time since last: 1000182426 ns, Reaching safepoint: 5962 ns, Cleanup: 81975 ns, At safepoint: 5920 ns, Total: 93857 ns
[2025-03-14T06:01:01.568+0000][1270][safepoint   ] Safepoint "Cleanup", Time since last: 1000212062 ns, Reaching safepoint: 432458 ns, Cleanup: 263553 ns, At safepoint: 12633 ns, Total: 708644 ns
[2025-03-14T06:01:02.569+0000][1270][safepoint   ] Safepoint "Cleanup", Time since last: 1002026367 ns, Reaching safepoint: 44612 ns, Cleanup: 30853 ns, At safepoint: 8005 ns, Total: 83470 ns
[2025-03-14T06:01:03.574+0000][1270][safepoint   ] Safepoint "Cleanup", Time since last: 1004389632 ns, Reaching safepoint: 115321 ns, Cleanup: 70502 ns, At safepoint: 5587 ns, Total: 191410 ns
[2025-03-14T06:01:04.574+0000][1270][safepoint   ] Safepoint "Cleanup", Time since last: 1000166039 ns, Reaching safepoint: 29767 ns, Cleanup: 10131 ns, At safepoint: 7838 ns, Total: 47736 ns
[2025-03-14T06:01:05.574+0000][1270][safepoint   ] Safepoint "Cleanup", Time since last: 1000153341 ns, Reaching safepoint: 13550 ns, Cleanup: 95179 ns, At safepoint: 9255 ns, Total: 117984 ns
[2025-03-14T06:01:06.575+0000][1270][safepoint   ] Safepoint "Cleanup", Time since last: 1000117078 ns, Reaching safepoint: 9964 ns, Cleanup: 27265 ns, At safepoint: 5586 ns, Total: 42815 ns
[2025-03-14T06:01:07.575+0000][1270][safepoint   ] Safepoint "Cleanup", Time since last: 1000097531 ns, Reaching safepoint: 15378 ns, Cleanup: 30757 ns, At safepoint: 5793 ns, Total: 51928 ns
[2025-03-14T06:01:08.575+0000][1270][safepoint   ] Safepoint "Cleanup", Time since last: 1000128942 ns, Reaching safepoint: 4584 ns, Cleanup: 43217 ns, At safepoint: 4584 ns, Total: 52385 ns
[2025-03-14T06:01:09.576+0000][1270][safepoint   ] Safepoint "Cleanup", Time since last: 1000687151 ns, Reaching safepoint: 40216 ns, Cleanup: 13086 ns, At safepoint: 10335 ns, Total: 63637 ns
[2025-03-14T06:01:10.576+0000][1270][safepoint   ] Safepoint "Cleanup", Time since last: 1000249159 ns, Reaching safepoint: 21337 ns, Cleanup: 14211 ns, At safepoint: 5334 ns, Total: 40882 ns
[2025-03-14T06:01:11.576+0000][1270][safepoint   ] Safepoint "Cleanup", Time since last: 1000082427 ns, Reaching safepoint: 4834 ns, Cleanup: 45591 ns, At safepoint: 5792 ns, Total: 56217 ns
[2025-03-14T06:01:12.965+0000][1270][safepoint   ] Safepoint "ICBufferFull", Time since last: 1388544459 ns, Reaching safepoint: 71677 ns, Cleanup: 73427 ns, At safepoint: 24836 ns, Total: 169940 ns
[2025-03-14T06:01:13.965+0000][1270][safepoint   ] Safepoint "Cleanup", Time since last: 1000136209 ns, Reaching safepoint: 36713 ns, Cleanup: 10835 ns, At safepoint: 8709 ns, Total: 56257 ns
[2025-03-14T06:01:14.965+0000][1270][safepoint   ] Safepoint "Cleanup", Time since last: 1000131409 ns, Reaching safepoint: 6792 ns, Cleanup: 38338 ns, At safepoint: 6459 ns, Total: 51589 ns
[2025-03-14T06:01:15.965+0000][1270][safepoint   ] Safepoint "Cleanup", Time since last: 1000099079 ns, Reaching safepoint: 8793 ns, Cleanup: 16876 ns, At safepoint: 10335 ns, Total: 36004 ns
[2025-03-14T06:01:16.966+0000][1270][safepoint   ] Safepoint "Cleanup", Time since last: 1000464762 ns, Reaching safepoint: 18293 ns, Cleanup: 20210 ns, At safepoint: 13168 ns, Total: 51671 ns
[2025-03-14T06:01:17.968+0000][1270][safepoint   ] Safepoint "Cleanup", Time since last: 1001799849 ns, Reaching safepoint: 11293 ns, Cleanup: 144219 ns, At safepoint: 9626 ns, Total: 165138 ns
[2025-03-14T06:01:18.969+0000][1270][safepoint   ] Safepoint "Cleanup", Time since last: 1000512344 ns, Reaching safepoint: 44294 ns, Cleanup: 164053 ns, At safepoint: 22543 ns, Total: 230890 ns
[2025-03-14T06:01:20.465+0000][1270][safepoint   ] Safepoint "Cleanup", Time since last: 1496802690 ns, Reaching safepoint: 2292 ns, Cleanup: 16084 ns, At safepoint: 2875 ns, Total: 21251 ns
[2025-03-14T06:01:21.466+0000][1270][safepoint   ] Safepoint "Cleanup", Time since last: 1000692267 ns, Reaching safepoint: 54085 ns, Cleanup: 38668 ns, At safepoint: 10167 ns, Total: 102920 ns
[2025-03-14T06:01:22.466+0000][1270][safepoint   ] Safepoint "Cleanup", Time since last: 1000092775 ns, Reaching safepoint: 5834 ns, Cleanup: 14625 ns, At safepoint: 6084 ns, Total: 26543 ns
[2025-03-14T06:01:23.475+0000][1270][safepoint   ] Safepoint "Cleanup", Time since last: 1006435516 ns, Reaching safepoint: 1994628 ns, Cleanup: 24167 ns, At safepoint: 7417 ns, Total: 2026212 ns
[2025-03-14T06:01:24.475+0000][1270][safepoint   ] Safepoint "Cleanup", Time since last: 1000157897 ns, Reaching safepoint: 4542 ns, Cleanup: 49709 ns, At safepoint: 4875 ns, Total: 59126 ns
[2025-03-14T06:01:25.491+0000][1270][safepoint   ] Safepoint "Cleanup", Time since last: 1001799364 ns, Reaching safepoint: 131918 ns, Cleanup: 13375 ns, At safepoint: 13981169 ns, Total: 14126462 ns
[2025-03-14T06:01:26.491+0000][1270][safepoint   ] Safepoint "Cleanup", Time since last: 1000106880 ns, Reaching safepoint: 12167 ns, Cleanup: 11166 ns, At safepoint: 5417 ns, Total: 28750 ns
[2025-03-14T06:01:29.498+0000][1270][safepoint   ] Safepoint "Cleanup", Time since last: 3000687388 ns, Reaching safepoint: 6001337 ns, Cleanup: 33249 ns, At safepoint: 8167 ns, Total: 6042753 ns
[2025-03-14T06:01:30.498+0000][1270][safepoint   ] Safepoint "Cleanup", Time since last: 1000174877 ns, Reaching safepoint: 28791 ns, Cleanup: 34083 ns, At safepoint: 5667 ns, Total: 68541 ns
[2025-03-14T06:01:32.498+0000][1270][safepoint   ] Safepoint "Cleanup", Time since last: 2000231304 ns, Reaching safepoint: 13417 ns, Cleanup: 95205 ns, At safepoint: 27833 ns, Total: 136455 ns
[2025-03-14T06:01:33.499+0000][1270][safepoint   ] Safepoint "Cleanup", Time since last: 1000141775 ns, Reaching safepoint: 121413 ns, Cleanup: 103914 ns, At safepoint: 22666 ns, Total: 247993 ns
[2025-03-14T06:01:34.500+0000][1270][safepoint   ] Safepoint "Cleanup", Time since last: 1000988490 ns, Reaching safepoint: 62165 ns, Cleanup: 85330 ns, At safepoint: 10958 ns, Total: 158453 ns
[2025-03-14T06:01:35.501+0000][1270][safepoint   ] Safepoint "Cleanup", Time since last: 1000815765 ns, Reaching safepoint: 4000 ns, Cleanup: 72789 ns, At safepoint: 6666 ns, Total: 83455 ns
[2025-03-14T06:01:36.501+0000][1270][safepoint   ] Safepoint "Cleanup", Time since last: 1000115077 ns, Reaching safepoint: 6500 ns, Cleanup: 12583 ns, At safepoint: 3958 ns, Total: 23041 ns
[2025-03-14T06:01:37.502+0000][1270][safepoint   ] Safepoint "Cleanup", Time since last: 1000789629 ns, Reaching safepoint: 29123 ns, Cleanup: 20208 ns, At safepoint: 7291 ns, Total: 56622 ns
[2025-03-14T06:01:38.502+0000][1270][safepoint   ] Safepoint "Cleanup", Time since last: 1000122640 ns, Reaching safepoint: 6625 ns, Cleanup: 22791 ns, At safepoint: 5541 ns, Total: 34957 ns
[2025-03-14T06:01:40.502+0000][1270][safepoint   ] Safepoint "Cleanup", Time since last: 2000151752 ns, Reaching safepoint: 6416 ns, Cleanup: 9542 ns, At safepoint: 5499 ns, Total: 21457 ns
[2025-03-14T06:01:41.503+0000][1270][safepoint   ] Safepoint "Cleanup", Time since last: 1000308764 ns, Reaching safepoint: 9582 ns, Cleanup: 96745 ns, At safepoint: 9208 ns, Total: 115535 ns
[2025-03-14T06:01:42.503+0000][1270][safepoint   ] Safepoint "Cleanup", Time since last: 1000512329 ns, Reaching safepoint: 152783 ns, Cleanup: 260818 ns, At safepoint: 19874 ns, Total: 433475 ns
[2025-03-14T06:01:44.507+0000][1270][safepoint   ] Safepoint "Cleanup", Time since last: 2002966571 ns, Reaching safepoint: 77371 ns, Cleanup: 68454 ns, At safepoint: 9583 ns, Total: 155408 ns
[2025-03-14T06:01:45.507+0000][1270][safepoint   ] Safepoint "Cleanup", Time since last: 1000431481 ns, Reaching safepoint: 13123 ns, Cleanup: 88154 ns, At safepoint: 12915 ns, Total: 114192 ns
[2025-03-14T06:01:46.508+0000][1270][safepoint   ] Safepoint "Cleanup", Time since last: 1000290904 ns, Reaching safepoint: 65157 ns, Cleanup: 128691 ns, At safepoint: 6124 ns, Total: 199972 ns
[2025-03-14T06:01:47.508+0000][1270][safepoint   ] Safepoint "Cleanup", Time since last: 1000076398 ns, Reaching safepoint: 4583 ns, Cleanup: 45952 ns, At safepoint: 4375 ns, Total: 54910 ns
[2025-03-14T06:01:48.508+0000][1270][safepoint   ] Safepoint "Cleanup", Time since last: 1000614538 ns, Reaching safepoint: 7040 ns, Cleanup: 74573 ns, At safepoint: 5708 ns, Total: 87321 ns
[2025-03-14T06:01:50.510+0000][1270][safepoint   ] Safepoint "Cleanup", Time since last: 2001706568 ns, Reaching safepoint: 10832 ns, Cleanup: 25621 ns, At safepoint: 6749 ns, Total: 43202 ns
[2025-03-14T06:01:53.513+0000][1270][safepoint   ] Safepoint "Cleanup", Time since last: 3002337252 ns, Reaching safepoint: 148647 ns, Cleanup: 26747 ns, At safepoint: 5791 ns, Total: 181185 ns
[2025-03-14T06:01:54.513+0000][1270][safepoint   ] Safepoint "Cleanup", Time since last: 1000106698 ns, Reaching safepoint: 10749 ns, Cleanup: 38036 ns, At safepoint: 7083 ns, Total: 55868 ns
[2025-03-14T06:01:55.513+0000][1270][safepoint   ] Safepoint "Cleanup", Time since last: 1000109469 ns, Reaching safepoint: 21664 ns, Cleanup: 22331 ns, At safepoint: 6290 ns, Total: 50285 ns
[2025-03-14T06:01:56.513+0000][1270][safepoint   ] Safepoint "Cleanup", Time since last: 1000103124 ns, Reaching safepoint: 80490 ns, Cleanup: 22330 ns, At safepoint: 4500 ns, Total: 107320 ns
[2025-03-14T06:01:57.513+0000][1270][safepoint   ] Safepoint "Cleanup", Time since last: 1000115909 ns, Reaching safepoint: 16081 ns, Cleanup: 83073 ns, At safepoint: 5708 ns, Total: 104862 ns
[2025-03-14T06:01:58.514+0000][1270][safepoint   ] Safepoint "Cleanup", Time since last: 1000085417 ns, Reaching safepoint: 6374 ns, Cleanup: 12165 ns, At safepoint: 4416 ns, Total: 22955 ns
[2025-03-14T06:01:59.515+0000][1270][safepoint   ] Safepoint "Cleanup", Time since last: 1001111387 ns, Reaching safepoint: 76574 ns, Cleanup: 21914 ns, At safepoint: 4125 ns, Total: 102613 ns
[2025-03-14T06:02:00.515+0000][1270][safepoint   ] Safepoint "Cleanup", Time since last: 1000196654 ns, Reaching safepoint: 9748 ns, Cleanup: 52619 ns, At safepoint: 5916 ns, Total: 68283 ns
[2025-03-14T06:02:01.515+0000][1270][safepoint   ] Safepoint "Cleanup", Time since last: 1000109078 ns, Reaching safepoint: 42495 ns, Cleanup: 37995 ns, At safepoint: 6458 ns, Total: 86948 ns
[2025-03-14T06:02:02.516+0000][1270][safepoint   ] Safepoint "Cleanup", Time since last: 1000443212 ns, Reaching safepoint: 5833 ns, Cleanup: 21164 ns, At safepoint: 2958 ns, Total: 29955 ns
[2025-03-14T06:02:03.516+0000][1270][safepoint   ] Safepoint "Cleanup", Time since last: 1000162396 ns, Reaching safepoint: 21830 ns, Cleanup: 11832 ns, At safepoint: 5458 ns, Total: 39120 ns
[2025-03-14T06:02:05.517+0000][1270][safepoint   ] Safepoint "Cleanup", Time since last: 2000169941 ns, Reaching safepoint: 396244 ns, Cleanup: 23414 ns, At safepoint: 4999 ns, Total: 424657 ns
[2025-03-14T06:02:06.517+0000][1270][safepoint   ] Safepoint "Cleanup", Time since last: 1000088485 ns, Reaching safepoint: 6749 ns, Cleanup: 28164 ns, At safepoint: 6457 ns, Total: 41370 ns
[2025-03-14T06:02:07.517+0000][1270][safepoint   ] Safepoint "Cleanup", Time since last: 1000097947 ns, Reaching safepoint: 4916 ns, Cleanup: 13331 ns, At safepoint: 3958 ns, Total: 22205 ns
[2025-03-14T06:02:08.517+0000][1270][safepoint   ] Safepoint "Cleanup", Time since last: 1000085346 ns, Reaching safepoint: 4416 ns, Cleanup: 26664 ns, At safepoint: 4707 ns, Total: 35787 ns
[2025-03-14T06:02:09.518+0000][1270][safepoint   ] Safepoint "Cleanup", Time since last: 1000671398 ns, Reaching safepoint: 44037 ns, Cleanup: 99405 ns, At safepoint: 16581 ns, Total: 160023 ns
[2025-03-14T06:02:10.518+0000][1270][safepoint   ] Safepoint "Cleanup", Time since last: 1000441365 ns, Reaching safepoint: 37204 ns, Cleanup: 38121 ns, At safepoint: 13165 ns, Total: 88490 ns
[2025-03-14T06:02:11.519+0000][1270][safepoint   ] Safepoint "Cleanup", Time since last: 1000431945 ns, Reaching safepoint: 4792 ns, Cleanup: 16789 ns, At safepoint: 4125 ns, Total: 25706 ns
[2025-03-14T06:02:13.128+0000][1270][safepoint   ] Safepoint "Cleanup", Time since last: 1608974777 ns, Reaching safepoint: 7791 ns, Cleanup: 52785 ns, At safepoint: 7500 ns, Total: 68076 ns
[2025-03-14T06:02:15.129+0000][1270][safepoint   ] Safepoint "Cleanup", Time since last: 2000998420 ns, Reaching safepoint: 32163 ns, Cleanup: 24206 ns, At safepoint: 5916 ns, Total: 62285 ns
[2025-03-14T06:02:16.129+0000][1270][safepoint   ] Safepoint "Cleanup", Time since last: 1000064755 ns, Reaching safepoint: 9916 ns, Cleanup: 18998 ns, At safepoint: 5041 ns, Total: 33955 ns
[2025-03-14T06:02:18.129+0000][1270][safepoint   ] Safepoint "Cleanup", Time since last: 2000154910 ns, Reaching safepoint: 6041 ns, Cleanup: 52494 ns, At safepoint: 5874 ns, Total: 64409 ns
[2025-03-14T06:02:21.129+0000][1270][safepoint   ] Safepoint "Cleanup", Time since last: 3000212573 ns, Reaching safepoint: 26747 ns, Cleanup: 86865 ns, At safepoint: 7625 ns, Total: 121237 ns
[2025-03-14T06:02:24.130+0000][1270][safepoint   ] Safepoint "Cleanup", Time since last: 3000223386 ns, Reaching safepoint: 15748 ns, Cleanup: 17290 ns, At safepoint: 6082 ns, Total: 39120 ns
[2025-03-14T06:02:26.130+0000][1270][safepoint   ] Safepoint "Cleanup", Time since last: 2000182477 ns, Reaching safepoint: 10249 ns, Cleanup: 22747 ns, At safepoint: 5833 ns, Total: 38829 ns
[2025-03-14T06:02:28.130+0000][1270][safepoint   ] Safepoint "Cleanup", Time since last: 2000271289 ns, Reaching safepoint: 11999 ns, Cleanup: 19998 ns, At safepoint: 7999 ns, Total: 39996 ns
[2025-03-14T06:02:30.131+0000][1270][safepoint   ] Safepoint "Cleanup", Time since last: 2000596320 ns, Reaching safepoint: 39746 ns, Cleanup: 96156 ns, At safepoint: 13124 ns, Total: 149026 ns
[2025-03-14T06:02:31.131+0000][1270][safepoint   ] Safepoint "Cleanup", Time since last: 1000283348 ns, Reaching safepoint: 36955 ns, Cleanup: 55327 ns, At safepoint: 19331 ns, Total: 111613 ns
[2025-03-14T06:02:32.132+0000][1270][safepoint   ] Safepoint "Cleanup", Time since last: 1000198995 ns, Reaching safepoint: 18790 ns, Cleanup: 8999 ns, At safepoint: 2958 ns, Total: 30747 ns
[2025-03-14T06:02:33.133+0000][1270][safepoint   ] Safepoint "Cleanup", Time since last: 1001054365 ns, Reaching safepoint: 6499 ns, Cleanup: 39704 ns, At safepoint: 4541 ns, Total: 50744 ns
[2025-03-14T06:02:35.133+0000][1270][safepoint   ] Safepoint "Cleanup", Time since last: 2000154982 ns, Reaching safepoint: 25205 ns, Cleanup: 15040 ns, At safepoint: 5500 ns, Total: 45745 ns
[2025-03-14T06:02:36.140+0000][1270][safepoint   ] Safepoint "Cleanup", Time since last: 1000289888 ns, Reaching safepoint: 7049097 ns, Cleanup: 65994 ns, At safepoint: 8832 ns, Total: 7123923 ns
[2025-03-14T06:02:36.264+0000][1270][gc,start    ] GC(23) Pause Young (Normal) (G1 Evacuation Pause)
[2025-03-14T06:02:36.264+0000][1270][gc,task     ] GC(23) Using 1 workers of 1 for evacuation
[2025-03-14T06:02:36.264+0000][1270][gc,age      ] GC(23) Desired survivor size 29360128 bytes, new threshold 15 (max threshold 15)
[2025-03-14T06:02:36.454+0000][1270][gc,phases   ] GC(23)   Pre Evacuate Collection Set: 4.87ms
[2025-03-14T06:02:36.454+0000][1270][gc,phases   ] GC(23)   Merge Heap Roots: 0.14ms
[2025-03-14T06:02:36.454+0000][1270][gc,phases   ] GC(23)   Evacuate Collection Set: 177.70ms
[2025-03-14T06:02:36.454+0000][1270][gc,phases   ] GC(23)   Post Evacuate Collection Set: 6.07ms
[2025-03-14T06:02:36.454+0000][1270][gc,phases   ] GC(23)   Other: 1.03ms
[2025-03-14T06:02:36.454+0000][1270][gc,age      ] GC(23) Age table with threshold 15 (max threshold 15)
[2025-03-14T06:02:36.454+0000][1270][gc,age      ] GC(23) - age   1:    1713672 bytes,    1713672 total
[2025-03-14T06:02:36.454+0000][1270][gc,age      ] GC(23) - age   2:    3061008 bytes,    4774680 total
[2025-03-14T06:02:36.454+0000][1270][gc,age      ] GC(23) - age   3:    5719272 bytes,   10493952 total
[2025-03-14T06:02:36.454+0000][1270][gc,age      ] GC(23) - age   4:     226440 bytes,   10720392 total
[2025-03-14T06:02:36.454+0000][1270][gc,heap     ] GC(23) Eden regions: 109->0(51)
[2025-03-14T06:02:36.454+0000][1270][gc,heap     ] GC(23) Survivor regions: 3->3(14)
[2025-03-14T06:02:36.454+0000][1270][gc,heap     ] GC(23) Old regions: 21->21
[2025-03-14T06:02:36.454+0000][1270][gc,heap     ] GC(23) Humongous regions: 5->5
[2025-03-14T06:02:36.454+0000][1270][gc,metaspace] GC(23) Metaspace: 115394K(118592K)->115394K(118592K) NonClass: 99361K(101120K)->99361K(101120K) Class: 16032K(17472K)->16032K(17472K)
[2025-03-14T06:02:36.454+0000][1270][gc          ] GC(23) Pause Young (Normal) (G1 Evacuation Pause) 549M->116M(1952M) 189.940ms
[2025-03-14T06:02:36.454+0000][1270][gc,cpu      ] GC(23) User=0.05s Sys=0.00s Real=0.19s
[2025-03-14T06:02:36.467+0000][1270][safepoint   ] Safepoint "G1CollectForAllocation", Time since last: 123122442 ns, Reaching safepoint: 339298 ns, Cleanup: 13165 ns, At safepoint: 203376108 ns, Total: 203728571 ns
[2025-03-14T06:02:36.732+0000][1270][gc,heap,exit] Heap
[2025-03-14T06:02:36.732+0000][1270][gc,heap,exit]  garbage-first heap   total reserved 1998848K, committed 1998848K, used 146648K [0x0000000086000000, 0x0000000100000000)
[2025-03-14T06:02:36.732+0000][1270][gc,heap,exit]   region size 4096K, 10 young (40960K), 3 survivors (12288K)
[2025-03-14T06:02:36.732+0000][1270][gc,heap,exit]  Metaspace       used 115592K, committed 118848K, reserved 1179648K
[2025-03-14T06:02:36.732+0000][1270][gc,heap,exit]   class space    used 16070K, committed 17536K, reserved 1048576K
