[2025-03-14T10:01:20.167+0000][1285][gc,init] CardTable entry size: 512
[2025-03-14T10:01:20.167+0000][1285][gc     ] Using G1
[2025-03-14T10:01:22.625+0000][1285][gc,init] Version: 22.0.2+9-70 (release)
[2025-03-14T10:01:22.625+0000][1285][gc,init] CPUs: 1 total, 1 available
[2025-03-14T10:01:22.625+0000][1285][gc,init] Memory: 3903M
[2025-03-14T10:01:22.625+0000][1285][gc,init] Large Page Support: Disabled
[2025-03-14T10:01:22.625+0000][1285][gc,init] NUMA Support: Disabled
[2025-03-14T10:01:22.625+0000][1285][gc,init] Compressed Oops: Enabled (32-bit)
[2025-03-14T10:01:22.625+0000][1285][gc,init] Heap Region Size: 4M
[2025-03-14T10:01:22.625+0000][1285][gc,init] Heap Min Capacity: 1952M
[2025-03-14T10:01:22.625+0000][1285][gc,init] Heap Initial Capacity: 1952M
[2025-03-14T10:01:22.625+0000][1285][gc,init] Heap Max Capacity: 1952M
[2025-03-14T10:01:22.625+0000][1285][gc,init] Pre-touch: Enabled
[2025-03-14T10:01:22.625+0000][1285][gc,init] Parallel Workers: 1
[2025-03-14T10:01:22.625+0000][1285][gc,init] Concurrent Workers: 1
[2025-03-14T10:01:22.625+0000][1285][gc,init] Concurrent Refinement Workers: 1
[2025-03-14T10:01:22.625+0000][1285][gc,init] Periodic GC: Disabled
[2025-03-14T10:01:22.650+0000][1285][gc,metaspace] CDS archive(s) mapped at: [0x00007ffe00000000-0x00007ffe00c80000-0x00007ffe00c80000), size 13107200, SharedBaseAddress: 0x00007ffe00000000, ArchiveRelocationMode: 1.
[2025-03-14T10:01:22.650+0000][1285][gc,metaspace] Compressed class space mapped at: 0x00007ffe01000000-0x00007ffe41000000, reserved size: 1073741824
[2025-03-14T10:01:22.650+0000][1285][gc,metaspace] Narrow klass base: 0x00007ffe00000000, Narrow klass shift: 0, Narrow klass range: 0x100000000
[2025-03-14T10:01:23.272+0000][1285][safepoint   ] Safepoint "ICBufferFull", Time since last: 608368292 ns, Reaching safepoint: 1875 ns, Cleanup: 50958 ns, At safepoint: 3708 ns, Total: 56541 ns
[2025-03-14T10:01:23.874+0000][1285][safepoint   ] Safepoint "ICBufferFull", Time since last: 601257167 ns, Reaching safepoint: 1875 ns, Cleanup: 58459 ns, At safepoint: 3833 ns, Total: 64167 ns
[2025-03-14T10:01:24.615+0000][1285][safepoint   ] Safepoint "ICBufferFull", Time since last: 741354542 ns, Reaching safepoint: 2500 ns, Cleanup: 58333 ns, At safepoint: 3792 ns, Total: 64625 ns
[2025-03-14T10:01:25.219+0000][1285][safepoint   ] Safepoint "ICBufferFull", Time since last: 604126500 ns, Reaching safepoint: 2250 ns, Cleanup: 54333 ns, At safepoint: 4250 ns, Total: 60833 ns
[2025-03-14T10:01:25.835+0000][1285][safepoint   ] Safepoint "ICBufferFull", Time since last: 616266542 ns, Reaching safepoint: 1750 ns, Cleanup: 62459 ns, At safepoint: 3583 ns, Total: 67792 ns
[2025-03-14T10:01:26.660+0000][1285][safepoint   ] Safepoint "ICBufferFull", Time since last: 824569792 ns, Reaching safepoint: 6917 ns, Cleanup: 424500 ns, At safepoint: 8542 ns, Total: 439959 ns
[2025-03-14T10:01:27.337+0000][1285][gc,start    ] GC(0) Pause Young (Normal) (G1 Evacuation Pause)
[2025-03-14T10:01:27.337+0000][1285][gc,task     ] GC(0) Using 1 workers of 1 for evacuation
[2025-03-14T10:01:27.337+0000][1285][gc,age      ] GC(0) Desired survivor size 6291456 bytes, new threshold 15 (max threshold 15)
[2025-03-14T10:01:27.366+0000][1285][gc,phases   ] GC(0)   Pre Evacuate Collection Set: 0.24ms
[2025-03-14T10:01:27.366+0000][1285][gc,phases   ] GC(0)   Merge Heap Roots: 0.30ms
[2025-03-14T10:01:27.366+0000][1285][gc,phases   ] GC(0)   Evacuate Collection Set: 25.84ms
[2025-03-14T10:01:27.366+0000][1285][gc,phases   ] GC(0)   Post Evacuate Collection Set: 2.14ms
[2025-03-14T10:01:27.366+0000][1285][gc,phases   ] GC(0)   Other: 0.04ms
[2025-03-14T10:01:27.366+0000][1285][gc,age      ] GC(0) Age table with threshold 15 (max threshold 15)
[2025-03-14T10:01:27.366+0000][1285][gc,age      ] GC(0) - age   1:    8269808 bytes,    8269808 total
[2025-03-14T10:01:27.366+0000][1285][gc,heap     ] GC(0) Eden regions: 24->0(22)
[2025-03-14T10:01:27.366+0000][1285][gc,heap     ] GC(0) Survivor regions: 0->2(3)
[2025-03-14T10:01:27.366+0000][1285][gc,heap     ] GC(0) Old regions: 1->1
[2025-03-14T10:01:27.366+0000][1285][gc,heap     ] GC(0) Humongous regions: 0->0
[2025-03-14T10:01:27.366+0000][1285][gc,metaspace] GC(0) Metaspace: 16132K(16512K)->16132K(16512K) NonClass: 14238K(14464K)->14238K(14464K) Class: 1893K(2048K)->1893K(2048K)
[2025-03-14T10:01:27.366+0000][1285][gc          ] GC(0) Pause Young (Normal) (G1 Evacuation Pause) 97M->9M(1952M) 28.669ms
[2025-03-14T10:01:27.366+0000][1285][gc,cpu      ] GC(0) User=0.01s Sys=0.00s Real=0.03s
[2025-03-14T10:01:27.367+0000][1285][safepoint   ] Safepoint "G1CollectForAllocation", Time since last: 676900917 ns, Reaching safepoint: 2208 ns, Cleanup: 48958 ns, At safepoint: 29669875 ns, Total: 29721041 ns
[2025-03-14T10:01:28.257+0000][1285][safepoint   ] Safepoint "ICBufferFull", Time since last: 887871542 ns, Reaching safepoint: 4834 ns, Cleanup: 2067916 ns, At safepoint: 6125 ns, Total: 2078875 ns
[2025-03-14T10:01:28.345+0000][1285][gc,start    ] GC(1) Pause Young (Normal) (G1 Evacuation Pause)
[2025-03-14T10:01:28.345+0000][1285][gc,task     ] GC(1) Using 1 workers of 1 for evacuation
[2025-03-14T10:01:28.345+0000][1285][gc,age      ] GC(1) Desired survivor size 6291456 bytes, new threshold 1 (max threshold 15)
[2025-03-14T10:01:28.379+0000][1285][gc,phases   ] GC(1)   Pre Evacuate Collection Set: 0.07ms
[2025-03-14T10:01:28.379+0000][1285][gc,phases   ] GC(1)   Merge Heap Roots: 0.01ms
[2025-03-14T10:01:28.379+0000][1285][gc,phases   ] GC(1)   Evacuate Collection Set: 31.82ms
[2025-03-14T10:01:28.379+0000][1285][gc,phases   ] GC(1)   Post Evacuate Collection Set: 2.01ms
[2025-03-14T10:01:28.379+0000][1285][gc,phases   ] GC(1)   Other: 0.05ms
[2025-03-14T10:01:28.379+0000][1285][gc,age      ] GC(1) Age table with threshold 1 (max threshold 15)
[2025-03-14T10:01:28.379+0000][1285][gc,age      ] GC(1) - age   1:    1945776 bytes,    1945776 total
[2025-03-14T10:01:28.379+0000][1285][gc,heap     ] GC(1) Eden regions: 22->0(23)
[2025-03-14T10:01:28.379+0000][1285][gc,heap     ] GC(1) Survivor regions: 2->1(3)
[2025-03-14T10:01:28.379+0000][1285][gc,heap     ] GC(1) Old regions: 1->3
[2025-03-14T10:01:28.379+0000][1285][gc,heap     ] GC(1) Humongous regions: 0->0
[2025-03-14T10:01:28.379+0000][1285][gc,metaspace] GC(1) Metaspace: 18210K(18560K)->18210K(18560K) NonClass: 16065K(16256K)->16065K(16256K) Class: 2144K(2304K)->2144K(2304K)
[2025-03-14T10:01:28.379+0000][1285][gc          ] GC(1) Pause Young (Normal) (G1 Evacuation Pause) 97M->11M(1952M) 34.031ms
[2025-03-14T10:01:28.379+0000][1285][gc,cpu      ] GC(1) User=0.01s Sys=0.00s Real=0.03s
[2025-03-14T10:01:28.381+0000][1285][safepoint   ] Safepoint "G1CollectForAllocation", Time since last: 87992000 ns, Reaching safepoint: 1959 ns, Cleanup: 16541 ns, At safepoint: 35914959 ns, Total: 35933459 ns
[2025-03-14T10:01:28.777+0000][1285][safepoint   ] Safepoint "ICBufferFull", Time since last: 395844500 ns, Reaching safepoint: 1750 ns, Cleanup: 69708 ns, At safepoint: 4542 ns, Total: 76000 ns
[2025-03-14T10:01:29.011+0000][1285][gc,start    ] GC(2) Pause Young (Normal) (G1 Evacuation Pause)
[2025-03-14T10:01:29.011+0000][1285][gc,task     ] GC(2) Using 1 workers of 1 for evacuation
[2025-03-14T10:01:29.011+0000][1285][gc,age      ] GC(2) Desired survivor size 6291456 bytes, new threshold 15 (max threshold 15)
[2025-03-14T10:01:29.026+0000][1285][gc,phases   ] GC(2)   Pre Evacuate Collection Set: 0.07ms
[2025-03-14T10:01:29.026+0000][1285][gc,phases   ] GC(2)   Merge Heap Roots: 0.01ms
[2025-03-14T10:01:29.026+0000][1285][gc,phases   ] GC(2)   Evacuate Collection Set: 13.92ms
[2025-03-14T10:01:29.026+0000][1285][gc,phases   ] GC(2)   Post Evacuate Collection Set: 1.58ms
[2025-03-14T10:01:29.026+0000][1285][gc,phases   ] GC(2)   Other: 0.03ms
[2025-03-14T10:01:29.026+0000][1285][gc,age      ] GC(2) Age table with threshold 15 (max threshold 15)
[2025-03-14T10:01:29.026+0000][1285][gc,age      ] GC(2) - age   1:    3642256 bytes,    3642256 total
[2025-03-14T10:01:29.026+0000][1285][gc,age      ] GC(2) - age   2:    1745544 bytes,    5387800 total
[2025-03-14T10:01:29.026+0000][1285][gc,heap     ] GC(2) Eden regions: 23->0(22)
[2025-03-14T10:01:29.026+0000][1285][gc,heap     ] GC(2) Survivor regions: 1->2(3)
[2025-03-14T10:01:29.026+0000][1285][gc,heap     ] GC(2) Old regions: 3->3
[2025-03-14T10:01:29.026+0000][1285][gc,heap     ] GC(2) Humongous regions: 0->0
[2025-03-14T10:01:29.026+0000][1285][gc,metaspace] GC(2) Metaspace: 18816K(19264K)->18816K(19264K) NonClass: 16565K(16832K)->16565K(16832K) Class: 2251K(2432K)->2251K(2432K)
[2025-03-14T10:01:29.026+0000][1285][gc          ] GC(2) Pause Young (Normal) (G1 Evacuation Pause) 103M->14M(1952M) 15.701ms
[2025-03-14T10:01:29.026+0000][1285][gc,cpu      ] GC(2) User=0.01s Sys=0.00s Real=0.01s
[2025-03-14T10:01:29.030+0000][1285][safepoint   ] Safepoint "G1CollectForAllocation", Time since last: 233300250 ns, Reaching safepoint: 7458 ns, Cleanup: 424459 ns, At safepoint: 19478458 ns, Total: 19910375 ns
[2025-03-14T10:01:29.615+0000][1285][gc,start    ] GC(3) Pause Young (Normal) (G1 Evacuation Pause)
[2025-03-14T10:01:29.615+0000][1285][gc,task     ] GC(3) Using 1 workers of 1 for evacuation
[2025-03-14T10:01:29.615+0000][1285][gc,age      ] GC(3) Desired survivor size 6291456 bytes, new threshold 15 (max threshold 15)
[2025-03-14T10:01:29.630+0000][1285][gc,phases   ] GC(3)   Pre Evacuate Collection Set: 1.92ms
[2025-03-14T10:01:29.630+0000][1285][gc,phases   ] GC(3)   Merge Heap Roots: 0.01ms
[2025-03-14T10:01:29.630+0000][1285][gc,phases   ] GC(3)   Evacuate Collection Set: 10.68ms
[2025-03-14T10:01:29.630+0000][1285][gc,phases   ] GC(3)   Post Evacuate Collection Set: 0.90ms
[2025-03-14T10:01:29.630+0000][1285][gc,phases   ] GC(3)   Other: 0.75ms
[2025-03-14T10:01:29.630+0000][1285][gc,age      ] GC(3) Age table with threshold 15 (max threshold 15)
[2025-03-14T10:01:29.630+0000][1285][gc,age      ] GC(3) - age   1:    1712312 bytes,    1712312 total
[2025-03-14T10:01:29.630+0000][1285][gc,age      ] GC(3) - age   2:    1661904 bytes,    3374216 total
[2025-03-14T10:01:29.630+0000][1285][gc,age      ] GC(3) - age   3:    1743552 bytes,    5117768 total
[2025-03-14T10:01:29.630+0000][1285][gc,heap     ] GC(3) Eden regions: 22->0(22)
[2025-03-14T10:01:29.630+0000][1285][gc,heap     ] GC(3) Survivor regions: 2->2(3)
[2025-03-14T10:01:29.630+0000][1285][gc,heap     ] GC(3) Old regions: 3->3
[2025-03-14T10:01:29.630+0000][1285][gc,heap     ] GC(3) Humongous regions: 0->0
[2025-03-14T10:01:29.630+0000][1285][gc,metaspace] GC(3) Metaspace: 19287K(19712K)->19287K(19712K) NonClass: 16950K(17152K)->16950K(17152K) Class: 2337K(2560K)->2337K(2560K)
[2025-03-14T10:01:29.630+0000][1285][gc          ] GC(3) Pause Young (Normal) (G1 Evacuation Pause) 102M->13M(1952M) 14.342ms
[2025-03-14T10:01:29.630+0000][1285][gc,cpu      ] GC(3) User=0.01s Sys=0.00s Real=0.01s
[2025-03-14T10:01:29.636+0000][1285][safepoint   ] Safepoint "G1CollectForAllocation", Time since last: 585324125 ns, Reaching safepoint: 1959 ns, Cleanup: 16958 ns, At safepoint: 20330042 ns, Total: 20348959 ns
[2025-03-14T10:01:30.224+0000][1285][gc,start    ] GC(4) Pause Young (Normal) (G1 Evacuation Pause)
[2025-03-14T10:01:30.224+0000][1285][gc,task     ] GC(4) Using 1 workers of 1 for evacuation
[2025-03-14T10:01:30.224+0000][1285][gc,age      ] GC(4) Desired survivor size 6291456 bytes, new threshold 15 (max threshold 15)
[2025-03-14T10:01:30.240+0000][1285][gc,phases   ] GC(4)   Pre Evacuate Collection Set: 0.07ms
[2025-03-14T10:01:30.240+0000][1285][gc,phases   ] GC(4)   Merge Heap Roots: 0.01ms
[2025-03-14T10:01:30.240+0000][1285][gc,phases   ] GC(4)   Evacuate Collection Set: 12.26ms
[2025-03-14T10:01:30.240+0000][1285][gc,phases   ] GC(4)   Post Evacuate Collection Set: 4.41ms
[2025-03-14T10:01:30.240+0000][1285][gc,phases   ] GC(4)   Other: 0.02ms
[2025-03-14T10:01:30.240+0000][1285][gc,age      ] GC(4) Age table with threshold 15 (max threshold 15)
[2025-03-14T10:01:30.240+0000][1285][gc,age      ] GC(4) - age   1:    1620208 bytes,    1620208 total
[2025-03-14T10:01:30.240+0000][1285][gc,age      ] GC(4) - age   2:     917736 bytes,    2537944 total
[2025-03-14T10:01:30.240+0000][1285][gc,age      ] GC(4) - age   3:    1661808 bytes,    4199752 total
[2025-03-14T10:01:30.240+0000][1285][gc,age      ] GC(4) - age   4:    1742800 bytes,    5942552 total
[2025-03-14T10:01:30.240+0000][1285][gc,heap     ] GC(4) Eden regions: 22->0(22)
[2025-03-14T10:01:30.240+0000][1285][gc,heap     ] GC(4) Survivor regions: 2->2(3)
[2025-03-14T10:01:30.240+0000][1285][gc,heap     ] GC(4) Old regions: 3->3
[2025-03-14T10:01:30.240+0000][1285][gc,heap     ] GC(4) Humongous regions: 0->0
[2025-03-14T10:01:30.240+0000][1285][gc,metaspace] GC(4) Metaspace: 19582K(20032K)->19582K(20032K) NonClass: 17218K(17472K)->17218K(17472K) Class: 2364K(2560K)->2364K(2560K)
[2025-03-14T10:01:30.240+0000][1285][gc          ] GC(4) Pause Young (Normal) (G1 Evacuation Pause) 101M->14M(1952M) 16.866ms
[2025-03-14T10:01:30.240+0000][1285][gc,cpu      ] GC(4) User=0.01s Sys=0.00s Real=0.02s
[2025-03-14T10:01:30.240+0000][1285][safepoint   ] Safepoint "G1CollectForAllocation", Time since last: 587785875 ns, Reaching safepoint: 3167 ns, Cleanup: 13291 ns, At safepoint: 16885667 ns, Total: 16902125 ns
[2025-03-14T10:01:30.473+0000][1285][gc,start    ] GC(5) Pause Young (Normal) (G1 Evacuation Pause)
[2025-03-14T10:01:30.473+0000][1285][gc,task     ] GC(5) Using 1 workers of 1 for evacuation
[2025-03-14T10:01:30.473+0000][1285][gc,age      ] GC(5) Desired survivor size 6291456 bytes, new threshold 15 (max threshold 15)
[2025-03-14T10:01:30.479+0000][1285][gc,phases   ] GC(5)   Pre Evacuate Collection Set: 0.27ms
[2025-03-14T10:01:30.479+0000][1285][gc,phases   ] GC(5)   Merge Heap Roots: 0.08ms
[2025-03-14T10:01:30.479+0000][1285][gc,phases   ] GC(5)   Evacuate Collection Set: 5.77ms
[2025-03-14T10:01:30.479+0000][1285][gc,phases   ] GC(5)   Post Evacuate Collection Set: 0.42ms
[2025-03-14T10:01:30.479+0000][1285][gc,phases   ] GC(5)   Other: 0.04ms
[2025-03-14T10:01:30.479+0000][1285][gc,age      ] GC(5) Age table with threshold 15 (max threshold 15)
[2025-03-14T10:01:30.479+0000][1285][gc,age      ] GC(5) - age   1:    1545864 bytes,    1545864 total
[2025-03-14T10:01:30.479+0000][1285][gc,age      ] GC(5) - age   2:    1614080 bytes,    3159944 total
[2025-03-14T10:01:30.479+0000][1285][gc,age      ] GC(5) - age   3:     917632 bytes,    4077576 total
[2025-03-14T10:01:30.479+0000][1285][gc,age      ] GC(5) - age   4:    1661808 bytes,    5739384 total
[2025-03-14T10:01:30.479+0000][1285][gc,age      ] GC(5) - age   5:    1742800 bytes,    7482184 total
[2025-03-14T10:01:30.479+0000][1285][gc,heap     ] GC(5) Eden regions: 22->0(22)
[2025-03-14T10:01:30.479+0000][1285][gc,heap     ] GC(5) Survivor regions: 2->2(3)
[2025-03-14T10:01:30.479+0000][1285][gc,heap     ] GC(5) Old regions: 3->3
[2025-03-14T10:01:30.479+0000][1285][gc,heap     ] GC(5) Humongous regions: 0->0
[2025-03-14T10:01:30.479+0000][1285][gc,metaspace] GC(5) Metaspace: 19751K(20224K)->19751K(20224K) NonClass: 17368K(17600K)->17368K(17600K) Class: 2382K(2624K)->2382K(2624K)
[2025-03-14T10:01:30.479+0000][1285][gc          ] GC(5) Pause Young (Normal) (G1 Evacuation Pause) 102M->16M(1952M) 6.660ms
[2025-03-14T10:01:30.479+0000][1285][gc,cpu      ] GC(5) User=0.00s Sys=0.00s Real=0.00s
[2025-03-14T10:01:30.479+0000][1285][safepoint   ] Safepoint "G1CollectForAllocation", Time since last: 232285208 ns, Reaching safepoint: 2375 ns, Cleanup: 43667 ns, At safepoint: 6681417 ns, Total: 6727459 ns
[2025-03-14T10:01:30.697+0000][1285][gc,start    ] GC(6) Pause Young (Normal) (G1 Evacuation Pause)
[2025-03-14T10:01:30.697+0000][1285][gc,task     ] GC(6) Using 1 workers of 1 for evacuation
[2025-03-14T10:01:30.697+0000][1285][gc,age      ] GC(6) Desired survivor size 6291456 bytes, new threshold 5 (max threshold 15)
[2025-03-14T10:01:30.709+0000][1285][gc,phases   ] GC(6)   Pre Evacuate Collection Set: 0.36ms
[2025-03-14T10:01:30.709+0000][1285][gc,phases   ] GC(6)   Merge Heap Roots: 1.38ms
[2025-03-14T10:01:30.709+0000][1285][gc,phases   ] GC(6)   Evacuate Collection Set: 7.39ms
[2025-03-14T10:01:30.709+0000][1285][gc,phases   ] GC(6)   Post Evacuate Collection Set: 2.88ms
[2025-03-14T10:01:30.710+0000][1285][gc,phases   ] GC(6)   Other: 0.22ms
[2025-03-14T10:01:30.710+0000][1285][gc,age      ] GC(6) Age table with threshold 5 (max threshold 15)
[2025-03-14T10:01:30.710+0000][1285][gc,age      ] GC(6) - age   1:     933232 bytes,     933232 total
[2025-03-14T10:01:30.710+0000][1285][gc,age      ] GC(6) - age   2:    1533488 bytes,    2466720 total
[2025-03-14T10:01:30.710+0000][1285][gc,age      ] GC(6) - age   3:    1613688 bytes,    4080408 total
[2025-03-14T10:01:30.710+0000][1285][gc,age      ] GC(6) - age   4:     917600 bytes,    4998008 total
[2025-03-14T10:01:30.710+0000][1285][gc,age      ] GC(6) - age   5:    1661808 bytes,    6659816 total
[2025-03-14T10:01:30.710+0000][1285][gc,heap     ] GC(6) Eden regions: 22->0(26)
[2025-03-14T10:01:30.710+0000][1285][gc,heap     ] GC(6) Survivor regions: 2->2(3)
[2025-03-14T10:01:30.710+0000][1285][gc,heap     ] GC(6) Old regions: 3->4
[2025-03-14T10:01:30.710+0000][1285][gc,heap     ] GC(6) Humongous regions: 0->0
[2025-03-14T10:01:30.710+0000][1285][gc,metaspace] GC(6) Metaspace: 20189K(20672K)->20189K(20672K) NonClass: 17748K(18048K)->17748K(18048K) Class: 2441K(2624K)->2441K(2624K)
[2025-03-14T10:01:30.710+0000][1285][gc          ] GC(6) Pause Young (Normal) (G1 Evacuation Pause) 104M->17M(1952M) 12.328ms
[2025-03-14T10:01:30.710+0000][1285][gc,cpu      ] GC(6) User=0.01s Sys=0.00s Real=0.01s
[2025-03-14T10:01:30.710+0000][1285][safepoint   ] Safepoint "G1CollectForAllocation", Time since last: 217683000 ns, Reaching safepoint: 2208 ns, Cleanup: 42375 ns, At safepoint: 12347000 ns, Total: 12391583 ns
[2025-03-14T10:01:30.919+0000][1285][gc,start    ] GC(7) Pause Young (Normal) (G1 Evacuation Pause)
[2025-03-14T10:01:30.919+0000][1285][gc,task     ] GC(7) Using 1 workers of 1 for evacuation
[2025-03-14T10:01:30.919+0000][1285][gc,age      ] GC(7) Desired survivor size 8388608 bytes, new threshold 15 (max threshold 15)
[2025-03-14T10:01:30.929+0000][1285][gc,phases   ] GC(7)   Pre Evacuate Collection Set: 0.17ms
[2025-03-14T10:01:30.929+0000][1285][gc,phases   ] GC(7)   Merge Heap Roots: 0.01ms
[2025-03-14T10:01:30.929+0000][1285][gc,phases   ] GC(7)   Evacuate Collection Set: 8.65ms
[2025-03-14T10:01:30.929+0000][1285][gc,phases   ] GC(7)   Post Evacuate Collection Set: 1.39ms
[2025-03-14T10:01:30.929+0000][1285][gc,phases   ] GC(7)   Other: 0.03ms
[2025-03-14T10:01:30.929+0000][1285][gc,age      ] GC(7) Age table with threshold 15 (max threshold 15)
[2025-03-14T10:01:30.929+0000][1285][gc,age      ] GC(7) - age   1:     422176 bytes,     422176 total
[2025-03-14T10:01:30.929+0000][1285][gc,age      ] GC(7) - age   2:     330792 bytes,     752968 total
[2025-03-14T10:01:30.929+0000][1285][gc,age      ] GC(7) - age   3:    1533488 bytes,    2286456 total
[2025-03-14T10:01:30.929+0000][1285][gc,age      ] GC(7) - age   4:    1613656 bytes,    3900112 total
[2025-03-14T10:01:30.929+0000][1285][gc,age      ] GC(7) - age   5:     916928 bytes,    4817040 total
[2025-03-14T10:01:30.929+0000][1285][gc,age      ] GC(7) - age   6:    1661808 bytes,    6478848 total
[2025-03-14T10:01:30.929+0000][1285][gc,heap     ] GC(7) Eden regions: 26->0(290)
[2025-03-14T10:01:30.929+0000][1285][gc,heap     ] GC(7) Survivor regions: 2->2(4)
[2025-03-14T10:01:30.929+0000][1285][gc,heap     ] GC(7) Old regions: 4->4
[2025-03-14T10:01:30.929+0000][1285][gc,heap     ] GC(7) Humongous regions: 0->0
[2025-03-14T10:01:30.929+0000][1285][gc,metaspace] GC(7) Metaspace: 20486K(20992K)->20486K(20992K) NonClass: 17995K(18304K)->17995K(18304K) Class: 2490K(2688K)->2490K(2688K)
[2025-03-14T10:01:30.930+0000][1285][gc          ] GC(7) Pause Young (Normal) (G1 Evacuation Pause) 121M->17M(1952M) 10.336ms
[2025-03-14T10:01:30.930+0000][1285][gc,cpu      ] GC(7) User=0.01s Sys=0.00s Real=0.01s
[2025-03-14T10:01:30.930+0000][1285][safepoint   ] Safepoint "G1CollectForAllocation", Time since last: 209567167 ns, Reaching safepoint: 2708 ns, Cleanup: 15834 ns, At safepoint: 10375750 ns, Total: 10394292 ns
[2025-03-14T10:01:31.441+0000][1285][gc,start    ] GC(8) Pause Young (Concurrent Start) (Metadata GC Threshold)
[2025-03-14T10:01:31.441+0000][1285][gc,task     ] GC(8) Using 1 workers of 1 for evacuation
[2025-03-14T10:01:31.441+0000][1285][gc,age      ] GC(8) Desired survivor size 77594624 bytes, new threshold 15 (max threshold 15)
[2025-03-14T10:01:31.450+0000][1285][gc,phases   ] GC(8)   Pre Evacuate Collection Set: 0.07ms
[2025-03-14T10:01:31.450+0000][1285][gc,phases   ] GC(8)   Merge Heap Roots: 0.01ms
[2025-03-14T10:01:31.450+0000][1285][gc,phases   ] GC(8)   Evacuate Collection Set: 8.24ms
[2025-03-14T10:01:31.450+0000][1285][gc,phases   ] GC(8)   Post Evacuate Collection Set: 0.90ms
[2025-03-14T10:01:31.450+0000][1285][gc,phases   ] GC(8)   Other: 0.06ms
[2025-03-14T10:01:31.450+0000][1285][gc,age      ] GC(8) Age table with threshold 15 (max threshold 15)
[2025-03-14T10:01:31.450+0000][1285][gc,age      ] GC(8) - age   1:    1619440 bytes,    1619440 total
[2025-03-14T10:01:31.450+0000][1285][gc,age      ] GC(8) - age   2:     245328 bytes,    1864768 total
[2025-03-14T10:01:31.450+0000][1285][gc,age      ] GC(8) - age   3:     330608 bytes,    2195376 total
[2025-03-14T10:01:31.450+0000][1285][gc,age      ] GC(8) - age   4:    1533456 bytes,    3728832 total
[2025-03-14T10:01:31.450+0000][1285][gc,age      ] GC(8) - age   5:    1612616 bytes,    5341448 total
[2025-03-14T10:01:31.450+0000][1285][gc,age      ] GC(8) - age   6:     913984 bytes,    6255432 total
[2025-03-14T10:01:31.450+0000][1285][gc,age      ] GC(8) - age   7:    1661744 bytes,    7917176 total
[2025-03-14T10:01:31.450+0000][1285][gc,heap     ] GC(8) Eden regions: 50->0(290)
[2025-03-14T10:01:31.450+0000][1285][gc,heap     ] GC(8) Survivor regions: 2->2(37)
[2025-03-14T10:01:31.450+0000][1285][gc,heap     ] GC(8) Old regions: 4->4
[2025-03-14T10:01:31.450+0000][1285][gc,heap     ] GC(8) Humongous regions: 0->0
[2025-03-14T10:01:31.450+0000][1285][gc,metaspace] GC(8) Metaspace: 21038K(21504K)->21038K(21504K) NonClass: 18466K(18752K)->18466K(18752K) Class: 2572K(2752K)->2572K(2752K)
[2025-03-14T10:01:31.450+0000][1285][gc          ] GC(8) Pause Young (Concurrent Start) (Metadata GC Threshold) 215M->18M(1952M) 9.348ms
[2025-03-14T10:01:31.450+0000][1285][gc,cpu      ] GC(8) User=0.00s Sys=0.00s Real=0.00s
[2025-03-14T10:01:31.452+0000][1285][safepoint   ] Safepoint "CollectForMetadataAllocation", Time since last: 510957500 ns, Reaching safepoint: 1791 ns, Cleanup: 38084 ns, At safepoint: 11450083 ns, Total: 11489958 ns
[2025-03-14T10:01:31.455+0000][1285][gc          ] GC(9) Concurrent Mark Cycle
[2025-03-14T10:01:31.455+0000][1285][gc,marking  ] GC(9) Concurrent Scan Root Regions
[2025-03-14T10:01:31.456+0000][1285][gc,marking  ] GC(9) Concurrent Scan Root Regions 0.976ms
[2025-03-14T10:01:31.456+0000][1285][gc,marking  ] GC(9) Concurrent Mark
[2025-03-14T10:01:31.456+0000][1285][gc,marking  ] GC(9) Concurrent Mark From Roots
[2025-03-14T10:01:31.456+0000][1285][gc,task     ] GC(9) Using 1 workers of 1 for marking
[2025-03-14T10:01:31.476+0000][1285][gc,marking  ] GC(9) Concurrent Mark From Roots 20.369ms
[2025-03-14T10:01:31.476+0000][1285][gc,marking  ] GC(9) Concurrent Preclean
[2025-03-14T10:01:31.476+0000][1285][gc,marking  ] GC(9) Concurrent Preclean 0.013ms
[2025-03-14T10:01:31.478+0000][1285][gc,start    ] GC(9) Pause Remark
[2025-03-14T10:01:31.484+0000][1285][gc          ] GC(9) Pause Remark 21M->21M(1952M) 6.175ms
[2025-03-14T10:01:31.484+0000][1285][gc,cpu      ] GC(9) User=0.01s Sys=0.00s Real=0.01s
[2025-03-14T10:01:31.484+0000][1285][safepoint   ] Safepoint "G1PauseRemark", Time since last: 25284500 ns, Reaching safepoint: 262292 ns, Cleanup: 7208 ns, At safepoint: 6192208 ns, Total: 6461708 ns
[2025-03-14T10:01:31.484+0000][1285][gc,marking  ] GC(9) Concurrent Mark 28.137ms
[2025-03-14T10:01:31.484+0000][1285][gc,marking  ] GC(9) Concurrent Rebuild Remembered Sets and Scrub Regions
[2025-03-14T10:01:31.494+0000][1285][gc,marking  ] GC(9) Concurrent Rebuild Remembered Sets and Scrub Regions 9.899ms
[2025-03-14T10:01:31.495+0000][1285][gc,start    ] GC(9) Pause Cleanup
[2025-03-14T10:01:31.495+0000][1285][gc          ] GC(9) Pause Cleanup 21M->21M(1952M) 0.051ms
[2025-03-14T10:01:31.495+0000][1285][gc,cpu      ] GC(9) User=0.00s Sys=0.00s Real=0.00s
[2025-03-14T10:01:31.495+0000][1285][safepoint   ] Safepoint "G1PauseCleanup", Time since last: 10985125 ns, Reaching safepoint: 1584 ns, Cleanup: 1291 ns, At safepoint: 65834 ns, Total: 68709 ns
[2025-03-14T10:01:31.495+0000][1285][gc,marking  ] GC(9) Concurrent Clear Claimed Marks
[2025-03-14T10:01:31.495+0000][1285][gc,marking  ] GC(9) Concurrent Clear Claimed Marks 0.011ms
[2025-03-14T10:01:31.495+0000][1285][gc,marking  ] GC(9) Concurrent Cleanup for Next Mark
[2025-03-14T10:01:31.536+0000][1285][gc,marking  ] GC(9) Concurrent Cleanup for Next Mark 40.948ms
[2025-03-14T10:01:31.536+0000][1285][gc          ] GC(9) Concurrent Mark Cycle 81.236ms
[2025-03-14T10:01:32.511+0000][1285][safepoint   ] Safepoint "Cleanup", Time since last: 1016226417 ns, Reaching safepoint: 399542 ns, Cleanup: 57208 ns, At safepoint: 12458 ns, Total: 469208 ns
[2025-03-14T10:01:33.262+0000][1285][safepoint   ] Safepoint "ICBufferFull", Time since last: 750166417 ns, Reaching safepoint: 2125 ns, Cleanup: 59625 ns, At safepoint: 4667 ns, Total: 66417 ns
[2025-03-14T10:01:33.635+0000][1285][safepoint   ] Safepoint "ICBufferFull", Time since last: 373061084 ns, Reaching safepoint: 1833 ns, Cleanup: 78000 ns, At safepoint: 3375 ns, Total: 83208 ns
[2025-03-14T10:01:33.947+0000][1285][safepoint   ] Safepoint "ICBufferFull", Time since last: 312203625 ns, Reaching safepoint: 2083 ns, Cleanup: 47667 ns, At safepoint: 4292 ns, Total: 54042 ns
[2025-03-14T10:01:34.539+0000][1285][safepoint   ] Safepoint "ICBufferFull", Time since last: 591872125 ns, Reaching safepoint: 2583 ns, Cleanup: 66084 ns, At safepoint: 7541 ns, Total: 76208 ns
[2025-03-14T10:01:34.854+0000][1285][safepoint   ] Safepoint "ICBufferFull", Time since last: 315363209 ns, Reaching safepoint: 1625 ns, Cleanup: 55500 ns, At safepoint: 2041 ns, Total: 59166 ns
[2025-03-14T10:01:34.883+0000][1285][gc,start    ] GC(10) Pause Young (Prepare Mixed) (Metadata GC Threshold)
[2025-03-14T10:01:34.883+0000][1285][gc,task     ] GC(10) Using 1 workers of 1 for evacuation
[2025-03-14T10:01:34.883+0000][1285][gc,age      ] GC(10) Desired survivor size 73400320 bytes, new threshold 15 (max threshold 15)
[2025-03-14T10:01:34.938+0000][1285][gc,phases   ] GC(10)   Pre Evacuate Collection Set: 0.19ms
[2025-03-14T10:01:34.938+0000][1285][gc,phases   ] GC(10)   Merge Heap Roots: 0.03ms
[2025-03-14T10:01:34.938+0000][1285][gc,phases   ] GC(10)   Evacuate Collection Set: 53.49ms
[2025-03-14T10:01:34.938+0000][1285][gc,phases   ] GC(10)   Post Evacuate Collection Set: 0.78ms
[2025-03-14T10:01:34.938+0000][1285][gc,phases   ] GC(10)   Other: 0.11ms
[2025-03-14T10:01:34.938+0000][1285][gc,age      ] GC(10) Age table with threshold 15 (max threshold 15)
[2025-03-14T10:01:34.938+0000][1285][gc,age      ] GC(10) - age   1:   28526504 bytes,   28526504 total
[2025-03-14T10:01:34.938+0000][1285][gc,age      ] GC(10) - age   2:    1599576 bytes,   30126080 total
[2025-03-14T10:01:34.938+0000][1285][gc,age      ] GC(10) - age   3:     243264 bytes,   30369344 total
[2025-03-14T10:01:34.938+0000][1285][gc,age      ] GC(10) - age   4:     329776 bytes,   30699120 total
[2025-03-14T10:01:34.938+0000][1285][gc,age      ] GC(10) - age   5:    1532264 bytes,   32231384 total
[2025-03-14T10:01:34.938+0000][1285][gc,age      ] GC(10) - age   6:    1609128 bytes,   33840512 total
[2025-03-14T10:01:34.938+0000][1285][gc,age      ] GC(10) - age   7:     909456 bytes,   34749968 total
[2025-03-14T10:01:34.938+0000][1285][gc,age      ] GC(10) - age   8:    1652288 bytes,   36402256 total
[2025-03-14T10:01:34.938+0000][1285][gc,heap     ] GC(10) Eden regions: 165->0(48)
[2025-03-14T10:01:34.938+0000][1285][gc,heap     ] GC(10) Survivor regions: 2->9(35)
[2025-03-14T10:01:34.938+0000][1285][gc,heap     ] GC(10) Old regions: 4->4
[2025-03-14T10:01:34.938+0000][1285][gc,heap     ] GC(10) Humongous regions: 0->0
[2025-03-14T10:01:34.938+0000][1285][gc,metaspace] GC(10) Metaspace: 35463K(36416K)->35463K(36416K) NonClass: 30776K(31360K)->30776K(31360K) Class: 4687K(5056K)->4687K(5056K)
[2025-03-14T10:01:34.938+0000][1285][gc          ] GC(10) Pause Young (Prepare Mixed) (Metadata GC Threshold) 678M->46M(1952M) 54.753ms
[2025-03-14T10:01:34.938+0000][1285][gc,cpu      ] GC(10) User=0.05s Sys=0.00s Real=0.05s
[2025-03-14T10:01:34.940+0000][1285][safepoint   ] Safepoint "CollectForMetadataAllocation", Time since last: 28540084 ns, Reaching safepoint: 1375 ns, Cleanup: 4291 ns, At safepoint: 56953125 ns, Total: 56958791 ns
[2025-03-14T10:01:34.962+0000][1285][gc,start    ] GC(11) Pause Young (Mixed) (Metadata GC Threshold)
[2025-03-14T10:01:34.962+0000][1285][gc,task     ] GC(11) Using 1 workers of 1 for evacuation
[2025-03-14T10:01:34.962+0000][1285][gc,age      ] GC(11) Desired survivor size 12582912 bytes, new threshold 1 (max threshold 15)
[2025-03-14T10:01:35.018+0000][1285][gc,phases   ] GC(11)   Pre Evacuate Collection Set: 0.07ms
[2025-03-14T10:01:35.018+0000][1285][gc,phases   ] GC(11)   Merge Heap Roots: 0.04ms
[2025-03-14T10:01:35.018+0000][1285][gc,phases   ] GC(11)   Evacuate Collection Set: 55.36ms
[2025-03-14T10:01:35.018+0000][1285][gc,phases   ] GC(11)   Post Evacuate Collection Set: 0.56ms
[2025-03-14T10:01:35.018+0000][1285][gc,phases   ] GC(11)   Other: 0.03ms
[2025-03-14T10:01:35.018+0000][1285][gc,age      ] GC(11) Age table with threshold 1 (max threshold 15)
[2025-03-14T10:01:35.018+0000][1285][gc,age      ] GC(11) - age   1:      47968 bytes,      47968 total
[2025-03-14T10:01:35.018+0000][1285][gc,heap     ] GC(11) Eden regions: 1->0(56)
[2025-03-14T10:01:35.018+0000][1285][gc,heap     ] GC(11) Survivor regions: 9->1(6)
[2025-03-14T10:01:35.018+0000][1285][gc,heap     ] GC(11) Old regions: 4->12
[2025-03-14T10:01:35.018+0000][1285][gc,heap     ] GC(11) Humongous regions: 0->0
[2025-03-14T10:01:35.018+0000][1285][gc,metaspace] GC(11) Metaspace: 35745K(36736K)->35745K(36736K) NonClass: 31034K(31616K)->31034K(31616K) Class: 4711K(5120K)->4711K(5120K)
[2025-03-14T10:01:35.018+0000][1285][gc          ] GC(11) Pause Young (Mixed) (Metadata GC Threshold) 49M->48M(1952M) 56.137ms
[2025-03-14T10:01:35.018+0000][1285][gc,cpu      ] GC(11) User=0.05s Sys=0.00s Real=0.05s
[2025-03-14T10:01:35.018+0000][1285][safepoint   ] Safepoint "CollectForMetadataAllocation", Time since last: 22279292 ns, Reaching safepoint: 1875 ns, Cleanup: 5875 ns, At safepoint: 56198542 ns, Total: 56206292 ns
[2025-03-14T10:01:35.042+0000][1285][gc,start    ] GC(12) Pause Young (Concurrent Start) (Metadata GC Threshold)
[2025-03-14T10:01:35.042+0000][1285][gc,task     ] GC(12) Using 1 workers of 1 for evacuation
[2025-03-14T10:01:35.042+0000][1285][gc,age      ] GC(12) Desired survivor size 16777216 bytes, new threshold 15 (max threshold 15)
[2025-03-14T10:01:35.043+0000][1285][gc,phases   ] GC(12)   Pre Evacuate Collection Set: 0.07ms
[2025-03-14T10:01:35.043+0000][1285][gc,phases   ] GC(12)   Merge Heap Roots: 0.01ms
[2025-03-14T10:01:35.043+0000][1285][gc,phases   ] GC(12)   Evacuate Collection Set: 0.52ms
[2025-03-14T10:01:35.043+0000][1285][gc,phases   ] GC(12)   Post Evacuate Collection Set: 0.16ms
[2025-03-14T10:01:35.043+0000][1285][gc,phases   ] GC(12)   Other: 0.03ms
[2025-03-14T10:01:35.043+0000][1285][gc,age      ] GC(12) Age table with threshold 15 (max threshold 15)
[2025-03-14T10:01:35.043+0000][1285][gc,age      ] GC(12) - age   1:      53712 bytes,      53712 total
[2025-03-14T10:01:35.043+0000][1285][gc,age      ] GC(12) - age   2:      32424 bytes,      86136 total
[2025-03-14T10:01:35.043+0000][1285][gc,heap     ] GC(12) Eden regions: 1->0(178)
[2025-03-14T10:01:35.043+0000][1285][gc,heap     ] GC(12) Survivor regions: 1->1(8)
[2025-03-14T10:01:35.043+0000][1285][gc,heap     ] GC(12) Old regions: 12->12
[2025-03-14T10:01:35.043+0000][1285][gc,heap     ] GC(12) Humongous regions: 0->0
[2025-03-14T10:01:35.043+0000][1285][gc,metaspace] GC(12) Metaspace: 36105K(37056K)->36105K(37056K) NonClass: 31354K(31936K)->31354K(31936K) Class: 4750K(5120K)->4750K(5120K)
[2025-03-14T10:01:35.043+0000][1285][gc          ] GC(12) Pause Young (Concurrent Start) (Metadata GC Threshold) 50M->47M(1952M) 0.829ms
[2025-03-14T10:01:35.043+0000][1285][gc          ] GC(13) Concurrent Mark Cycle
[2025-03-14T10:01:35.043+0000][1285][gc,marking  ] GC(13) Concurrent Scan Root Regions
[2025-03-14T10:01:35.043+0000][1285][gc,marking  ] GC(13) Concurrent Scan Root Regions 0.227ms
[2025-03-14T10:01:35.043+0000][1285][gc,marking  ] GC(13) Concurrent Mark
[2025-03-14T10:01:35.043+0000][1285][gc,marking  ] GC(13) Concurrent Mark From Roots
[2025-03-14T10:01:35.043+0000][1285][gc,task     ] GC(13) Using 1 workers of 1 for marking
[2025-03-14T10:01:35.043+0000][1285][gc,cpu      ] GC(12) User=0.00s Sys=0.00s Real=0.00s
[2025-03-14T10:01:35.046+0000][1285][safepoint   ] Safepoint "CollectForMetadataAllocation", Time since last: 23517208 ns, Reaching safepoint: 1750 ns, Cleanup: 9750 ns, At safepoint: 3984000 ns, Total: 3995500 ns
[2025-03-14T10:01:35.074+0000][1285][safepoint   ] Safepoint "CollectForMetadataAllocation", Time since last: 28007709 ns, Reaching safepoint: 12125 ns, Cleanup: 1208 ns, At safepoint: 47958 ns, Total: 61291 ns
[2025-03-14T10:01:35.103+0000][1285][safepoint   ] Safepoint "CollectForMetadataAllocation", Time since last: 27265042 ns, Reaching safepoint: 1678708 ns, Cleanup: 14625 ns, At safepoint: 39834 ns, Total: 1733167 ns
[2025-03-14T10:01:35.129+0000][1285][safepoint   ] Safepoint "CollectForMetadataAllocation", Time since last: 24459000 ns, Reaching safepoint: 1482208 ns, Cleanup: 1000 ns, At safepoint: 36875 ns, Total: 1520083 ns
[2025-03-14T10:01:35.135+0000][1285][gc,marking  ] GC(13) Concurrent Mark From Roots 91.831ms
[2025-03-14T10:01:35.135+0000][1285][gc,marking  ] GC(13) Concurrent Preclean
[2025-03-14T10:01:35.135+0000][1285][gc,marking  ] GC(13) Concurrent Preclean 0.059ms
[2025-03-14T10:01:35.135+0000][1285][gc,start    ] GC(13) Pause Remark
[2025-03-14T10:01:35.146+0000][1285][gc          ] GC(13) Pause Remark 53M->53M(1952M) 10.974ms
[2025-03-14T10:01:35.146+0000][1285][gc,cpu      ] GC(13) User=0.01s Sys=0.00s Real=0.01s
[2025-03-14T10:01:35.146+0000][1285][safepoint   ] Safepoint "G1PauseRemark", Time since last: 5991583 ns, Reaching safepoint: 917 ns, Cleanup: 750 ns, At safepoint: 10995250 ns, Total: 10996917 ns
[2025-03-14T10:01:35.146+0000][1285][gc,marking  ] GC(13) Concurrent Mark 102.943ms
[2025-03-14T10:01:35.146+0000][1285][gc,marking  ] GC(13) Concurrent Rebuild Remembered Sets and Scrub Regions
[2025-03-14T10:01:35.189+0000][1285][gc,marking  ] GC(13) Concurrent Rebuild Remembered Sets and Scrub Regions 43.128ms
[2025-03-14T10:01:35.189+0000][1285][gc,start    ] GC(13) Pause Cleanup
[2025-03-14T10:01:35.189+0000][1285][gc          ] GC(13) Pause Cleanup 65M->65M(1952M) 0.044ms
[2025-03-14T10:01:35.189+0000][1285][gc,cpu      ] GC(13) User=0.00s Sys=0.00s Real=0.00s
[2025-03-14T10:01:35.189+0000][1285][safepoint   ] Safepoint "G1PauseCleanup", Time since last: 43195667 ns, Reaching safepoint: 67750 ns, Cleanup: 22125 ns, At safepoint: 57458 ns, Total: 147333 ns
[2025-03-14T10:01:35.189+0000][1285][gc,marking  ] GC(13) Concurrent Clear Claimed Marks
[2025-03-14T10:01:35.189+0000][1285][gc,marking  ] GC(13) Concurrent Clear Claimed Marks 0.057ms
[2025-03-14T10:01:35.189+0000][1285][gc,marking  ] GC(13) Concurrent Cleanup for Next Mark
[2025-03-14T10:01:35.202+0000][1285][gc,marking  ] GC(13) Concurrent Cleanup for Next Mark 12.689ms
[2025-03-14T10:01:35.202+0000][1285][gc          ] GC(13) Concurrent Mark Cycle 159.258ms
[2025-03-14T10:01:35.434+0000][1285][safepoint   ] Safepoint "ICBufferFull", Time since last: 244525625 ns, Reaching safepoint: 2125 ns, Cleanup: 59958 ns, At safepoint: 4042 ns, Total: 66125 ns
[2025-03-14T10:01:36.272+0000][1285][safepoint   ] Safepoint "ICBufferFull", Time since last: 838320542 ns, Reaching safepoint: 7792 ns, Cleanup: 124791 ns, At safepoint: 8417 ns, Total: 141000 ns
[2025-03-14T10:01:37.242+0000][1285][safepoint   ] Safepoint "ICBufferFull", Time since last: 968575751 ns, Reaching safepoint: 999291 ns, Cleanup: 49792 ns, At safepoint: 8292 ns, Total: 1057375 ns
[2025-03-14T10:01:37.513+0000][1285][gc,start    ] GC(14) Pause Young (Normal) (G1 Evacuation Pause)
[2025-03-14T10:01:37.513+0000][1285][gc,task     ] GC(14) Using 1 workers of 1 for evacuation
[2025-03-14T10:01:37.513+0000][1285][gc,age      ] GC(14) Desired survivor size 23068672 bytes, new threshold 15 (max threshold 15)
[2025-03-14T10:01:37.530+0000][1285][gc,phases   ] GC(14)   Pre Evacuate Collection Set: 0.10ms
[2025-03-14T10:01:37.530+0000][1285][gc,phases   ] GC(14)   Merge Heap Roots: 0.08ms
[2025-03-14T10:01:37.530+0000][1285][gc,phases   ] GC(14)   Evacuate Collection Set: 16.32ms
[2025-03-14T10:01:37.530+0000][1285][gc,phases   ] GC(14)   Post Evacuate Collection Set: 0.67ms
[2025-03-14T10:01:37.530+0000][1285][gc,phases   ] GC(14)   Other: 0.10ms
[2025-03-14T10:01:37.530+0000][1285][gc,age      ] GC(14) Age table with threshold 15 (max threshold 15)
[2025-03-14T10:01:37.530+0000][1285][gc,age      ] GC(14) - age   1:    6637336 bytes,    6637336 total
[2025-03-14T10:01:37.530+0000][1285][gc,age      ] GC(14) - age   2:      49392 bytes,    6686728 total
[2025-03-14T10:01:37.530+0000][1285][gc,age      ] GC(14) - age   3:      32328 bytes,    6719056 total
[2025-03-14T10:01:37.530+0000][1285][gc,heap     ] GC(14) Eden regions: 82->0(166)
[2025-03-14T10:01:37.530+0000][1285][gc,heap     ] GC(14) Survivor regions: 1->2(11)
[2025-03-14T10:01:37.530+0000][1285][gc,heap     ] GC(14) Old regions: 12->12
[2025-03-14T10:01:37.530+0000][1285][gc,heap     ] GC(14) Humongous regions: 0->0
[2025-03-14T10:01:37.530+0000][1285][gc,metaspace] GC(14) Metaspace: 54207K(55552K)->54207K(55552K) NonClass: 46763K(47616K)->46763K(47616K) Class: 7444K(7936K)->7444K(7936K)
[2025-03-14T10:01:37.530+0000][1285][gc          ] GC(14) Pause Young (Normal) (G1 Evacuation Pause) 375M->52M(1952M) 17.413ms
[2025-03-14T10:01:37.530+0000][1285][gc,cpu      ] GC(14) User=0.02s Sys=0.00s Real=0.02s
[2025-03-14T10:01:37.534+0000][1285][safepoint   ] Safepoint "G1CollectForAllocation", Time since last: 270943458 ns, Reaching safepoint: 70250 ns, Cleanup: 32292 ns, At safepoint: 20890000 ns, Total: 20992542 ns
[2025-03-14T10:01:37.948+0000][1285][safepoint   ] Safepoint "ICBufferFull", Time since last: 414030417 ns, Reaching safepoint: 1875 ns, Cleanup: 87958 ns, At safepoint: 3917 ns, Total: 93750 ns
[2025-03-14T10:01:38.582+0000][1285][safepoint   ] Safepoint "ICBufferFull", Time since last: 633915625 ns, Reaching safepoint: 1917 ns, Cleanup: 78291 ns, At safepoint: 4459 ns, Total: 84667 ns
[2025-03-14T10:01:38.741+0000][1285][gc,start    ] GC(15) Pause Young (Concurrent Start) (Metadata GC Threshold)
[2025-03-14T10:01:38.741+0000][1285][gc,task     ] GC(15) Using 1 workers of 1 for evacuation
[2025-03-14T10:01:38.741+0000][1285][gc,age      ] GC(15) Desired survivor size 39845888 bytes, new threshold 15 (max threshold 15)
[2025-03-14T10:01:38.773+0000][1285][gc,phases   ] GC(15)   Pre Evacuate Collection Set: 0.20ms
[2025-03-14T10:01:38.773+0000][1285][gc,phases   ] GC(15)   Merge Heap Roots: 0.02ms
[2025-03-14T10:01:38.773+0000][1285][gc,phases   ] GC(15)   Evacuate Collection Set: 29.10ms
[2025-03-14T10:01:38.773+0000][1285][gc,phases   ] GC(15)   Post Evacuate Collection Set: 2.84ms
[2025-03-14T10:01:38.773+0000][1285][gc,phases   ] GC(15)   Other: 0.07ms
[2025-03-14T10:01:38.773+0000][1285][gc,age      ] GC(15) Age table with threshold 15 (max threshold 15)
[2025-03-14T10:01:38.773+0000][1285][gc,age      ] GC(15) - age   1:    6187992 bytes,    6187992 total
[2025-03-14T10:01:38.773+0000][1285][gc,age      ] GC(15) - age   2:    6373464 bytes,   12561456 total
[2025-03-14T10:01:38.773+0000][1285][gc,age      ] GC(15) - age   3:      49360 bytes,   12610816 total
[2025-03-14T10:01:38.773+0000][1285][gc,age      ] GC(15) - age   4:      32328 bytes,   12643144 total
[2025-03-14T10:01:38.773+0000][1285][gc,heap     ] GC(15) Eden regions: 35->0(90)
[2025-03-14T10:01:38.773+0000][1285][gc,heap     ] GC(15) Survivor regions: 2->4(19)
[2025-03-14T10:01:38.773+0000][1285][gc,heap     ] GC(15) Old regions: 12->12
[2025-03-14T10:01:38.773+0000][1285][gc,heap     ] GC(15) Humongous regions: 0->0
[2025-03-14T10:01:38.773+0000][1285][gc,metaspace] GC(15) Metaspace: 62374K(63680K)->62374K(63680K) NonClass: 53887K(54656K)->53887K(54656K) Class: 8486K(9024K)->8486K(9024K)
[2025-03-14T10:01:38.773+0000][1285][gc          ] GC(15) Pause Young (Concurrent Start) (Metadata GC Threshold) 190M->60M(1952M) 32.341ms
[2025-03-14T10:01:38.773+0000][1285][gc,cpu      ] GC(15) User=0.03s Sys=0.00s Real=0.03s
[2025-03-14T10:01:38.773+0000][1285][gc          ] GC(16) Concurrent Mark Cycle
[2025-03-14T10:01:38.773+0000][1285][gc,marking  ] GC(16) Concurrent Scan Root Regions
[2025-03-14T10:01:38.773+0000][1285][safepoint   ] Safepoint "CollectForMetadataAllocation", Time since last: 158657750 ns, Reaching safepoint: 1916 ns, Cleanup: 22625 ns, At safepoint: 32468625 ns, Total: 32493166 ns
[2025-03-14T10:01:38.789+0000][1285][gc,marking  ] GC(16) Concurrent Scan Root Regions 16.109ms
[2025-03-14T10:01:38.789+0000][1285][gc,marking  ] GC(16) Concurrent Mark
[2025-03-14T10:01:38.789+0000][1285][gc,marking  ] GC(16) Concurrent Mark From Roots
[2025-03-14T10:01:38.789+0000][1285][gc,task     ] GC(16) Using 1 workers of 1 for marking
[2025-03-14T10:01:38.816+0000][1285][safepoint   ] Safepoint "CollectForMetadataAllocation", Time since last: 40730167 ns, Reaching safepoint: 2006958 ns, Cleanup: 6459 ns, At safepoint: 41375 ns, Total: 2054792 ns
[2025-03-14T10:01:38.852+0000][1285][safepoint   ] Safepoint "CollectForMetadataAllocation", Time since last: 36199208 ns, Reaching safepoint: 4917 ns, Cleanup: 2875 ns, At safepoint: 44166 ns, Total: 51958 ns
[2025-03-14T10:01:38.889+0000][1285][safepoint   ] Safepoint "CollectForMetadataAllocation", Time since last: 36915709 ns, Reaching safepoint: 8666 ns, Cleanup: 1125 ns, At safepoint: 37167 ns, Total: 46958 ns
[2025-03-14T10:01:38.897+0000][1285][gc,marking  ] GC(16) Concurrent Mark From Roots 107.220ms
[2025-03-14T10:01:38.897+0000][1285][gc,marking  ] GC(16) Concurrent Preclean
[2025-03-14T10:01:38.897+0000][1285][gc,marking  ] GC(16) Concurrent Preclean 0.061ms
[2025-03-14T10:01:38.897+0000][1285][gc,start    ] GC(16) Pause Remark
[2025-03-14T10:01:38.905+0000][1285][gc          ] GC(16) Pause Remark 71M->71M(1952M) 8.424ms
[2025-03-14T10:01:38.905+0000][1285][gc,cpu      ] GC(16) User=0.01s Sys=0.00s Real=0.01s
[2025-03-14T10:01:38.907+0000][1285][safepoint   ] Safepoint "G1PauseRemark", Time since last: 7421083 ns, Reaching safepoint: 1584 ns, Cleanup: 833 ns, At safepoint: 10730083 ns, Total: 10732500 ns
[2025-03-14T10:01:38.907+0000][1285][gc,marking  ] GC(16) Concurrent Mark 118.049ms
[2025-03-14T10:01:38.907+0000][1285][gc,marking  ] GC(16) Concurrent Rebuild Remembered Sets and Scrub Regions
[2025-03-14T10:01:38.945+0000][1285][gc,marking  ] GC(16) Concurrent Rebuild Remembered Sets and Scrub Regions 37.315ms
[2025-03-14T10:01:38.946+0000][1285][gc,start    ] GC(16) Pause Cleanup
[2025-03-14T10:01:38.946+0000][1285][gc          ] GC(16) Pause Cleanup 73M->73M(1952M) 0.043ms
[2025-03-14T10:01:38.946+0000][1285][gc,cpu      ] GC(16) User=0.00s Sys=0.00s Real=0.00s
[2025-03-14T10:01:38.946+0000][1285][safepoint   ] Safepoint "G1PauseCleanup", Time since last: 38576917 ns, Reaching safepoint: 68625 ns, Cleanup: 7208 ns, At safepoint: 58875 ns, Total: 134708 ns
[2025-03-14T10:01:38.948+0000][1285][gc,marking  ] GC(16) Concurrent Clear Claimed Marks
[2025-03-14T10:01:38.948+0000][1285][gc,marking  ] GC(16) Concurrent Clear Claimed Marks 0.053ms
[2025-03-14T10:01:38.948+0000][1285][gc,marking  ] GC(16) Concurrent Cleanup for Next Mark
[2025-03-14T10:01:38.951+0000][1285][gc,marking  ] GC(16) Concurrent Cleanup for Next Mark 3.198ms
[2025-03-14T10:01:38.951+0000][1285][gc          ] GC(16) Concurrent Mark Cycle 178.018ms
[2025-03-14T10:01:39.687+0000][1285][safepoint   ] Safepoint "ICBufferFull", Time since last: 740477501 ns, Reaching safepoint: 2000 ns, Cleanup: 62500 ns, At safepoint: 3625 ns, Total: 68125 ns
[2025-03-14T10:01:39.940+0000][1285][safepoint   ] Safepoint "ICBufferFull", Time since last: 252945917 ns, Reaching safepoint: 1541 ns, Cleanup: 61042 ns, At safepoint: 1667 ns, Total: 64250 ns
[2025-03-14T10:01:40.149+0000][1285][safepoint   ] Safepoint "ICBufferFull", Time since last: 209598125 ns, Reaching safepoint: 2041 ns, Cleanup: 57584 ns, At safepoint: 5083 ns, Total: 64708 ns
[2025-03-14T10:01:40.424+0000][1285][safepoint   ] Safepoint "ICBufferFull", Time since last: 274203667 ns, Reaching safepoint: 2000 ns, Cleanup: 53583 ns, At safepoint: 3458 ns, Total: 59041 ns
[2025-03-14T10:01:40.616+0000][1285][safepoint   ] Safepoint "ICBufferFull", Time since last: 192526584 ns, Reaching safepoint: 2458 ns, Cleanup: 54584 ns, At safepoint: 3125 ns, Total: 60167 ns
[2025-03-14T10:01:40.813+0000][1285][safepoint   ] Safepoint "ICBufferFull", Time since last: 196810916 ns, Reaching safepoint: 2084 ns, Cleanup: 45833 ns, At safepoint: 3542 ns, Total: 51459 ns
[2025-03-14T10:01:40.850+0000][1285][safepoint   ] Safepoint "ICBufferFull", Time since last: 37352958 ns, Reaching safepoint: 1833 ns, Cleanup: 49625 ns, At safepoint: 2209 ns, Total: 53667 ns
[2025-03-14T10:01:40.921+0000][1285][safepoint   ] Safepoint "ICBufferFull", Time since last: 70513666 ns, Reaching safepoint: 4584 ns, Cleanup: 99958 ns, At safepoint: 4875 ns, Total: 109417 ns
[2025-03-14T10:01:40.980+0000][1285][safepoint   ] Safepoint "ICBufferFull", Time since last: 58849292 ns, Reaching safepoint: 1958 ns, Cleanup: 71708 ns, At safepoint: 5125 ns, Total: 78791 ns
[2025-03-14T10:01:41.174+0000][1285][safepoint   ] Safepoint "ICBufferFull", Time since last: 193891459 ns, Reaching safepoint: 3250 ns, Cleanup: 83416 ns, At safepoint: 3625 ns, Total: 90291 ns
[2025-03-14T10:01:41.279+0000][1285][safepoint   ] Safepoint "ICBufferFull", Time since last: 105429500 ns, Reaching safepoint: 1959 ns, Cleanup: 41166 ns, At safepoint: 1167 ns, Total: 44292 ns
[2025-03-14T10:01:41.398+0000][1285][gc,start    ] GC(17) Pause Young (Normal) (G1 Evacuation Pause)
[2025-03-14T10:01:41.398+0000][1285][gc,task     ] GC(17) Using 1 workers of 1 for evacuation
[2025-03-14T10:01:41.398+0000][1285][gc,age      ] GC(17) Desired survivor size 18874368 bytes, new threshold 15 (max threshold 15)
[2025-03-14T10:01:41.467+0000][1285][gc,phases   ] GC(17)   Pre Evacuate Collection Set: 0.95ms
[2025-03-14T10:01:41.467+0000][1285][gc,phases   ] GC(17)   Merge Heap Roots: 0.05ms
[2025-03-14T10:01:41.467+0000][1285][gc,phases   ] GC(17)   Evacuate Collection Set: 64.99ms
[2025-03-14T10:01:41.467+0000][1285][gc,phases   ] GC(17)   Post Evacuate Collection Set: 3.08ms
[2025-03-14T10:01:41.467+0000][1285][gc,phases   ] GC(17)   Other: 0.03ms
[2025-03-14T10:01:41.467+0000][1285][gc,age      ] GC(17) Age table with threshold 15 (max threshold 15)
[2025-03-14T10:01:41.467+0000][1285][gc,age      ] GC(17) - age   1:   14260984 bytes,   14260984 total
[2025-03-14T10:01:41.467+0000][1285][gc,age      ] GC(17) - age   2:    6026432 bytes,   20287416 total
[2025-03-14T10:01:41.467+0000][1285][gc,age      ] GC(17) - age   3:    6187272 bytes,   26474688 total
[2025-03-14T10:01:41.467+0000][1285][gc,age      ] GC(17) - age   4:      48344 bytes,   26523032 total
[2025-03-14T10:01:41.467+0000][1285][gc,age      ] GC(17) - age   5:      31624 bytes,   26554656 total
[2025-03-14T10:01:41.467+0000][1285][gc,heap     ] GC(17) Eden regions: 68->0(52)
[2025-03-14T10:01:41.467+0000][1285][gc,heap     ] GC(17) Survivor regions: 4->7(9)
[2025-03-14T10:01:41.467+0000][1285][gc,heap     ] GC(17) Old regions: 12->12
[2025-03-14T10:01:41.467+0000][1285][gc,heap     ] GC(17) Humongous regions: 0->0
[2025-03-14T10:01:41.467+0000][1285][gc,metaspace] GC(17) Metaspace: 95010K(97728K)->95010K(97728K) NonClass: 81481K(82944K)->81481K(82944K) Class: 13529K(14784K)->13529K(14784K)
[2025-03-14T10:01:41.467+0000][1285][gc          ] GC(17) Pause Young (Normal) (G1 Evacuation Pause) 332M->72M(1952M) 69.227ms
[2025-03-14T10:01:41.467+0000][1285][gc,cpu      ] GC(17) User=0.07s Sys=0.00s Real=0.07s
[2025-03-14T10:01:41.467+0000][1285][safepoint   ] Safepoint "G1CollectForAllocation", Time since last: 112651917 ns, Reaching safepoint: 5867958 ns, Cleanup: 43584 ns, At safepoint: 69289750 ns, Total: 75201292 ns
[2025-03-14T10:01:41.597+0000][1285][safepoint   ] Safepoint "ICBufferFull", Time since last: 129692625 ns, Reaching safepoint: 3041 ns, Cleanup: 45167 ns, At safepoint: 2708 ns, Total: 50916 ns
[2025-03-14T10:01:41.728+0000][1285][safepoint   ] Safepoint "ICBufferFull", Time since last: 128542375 ns, Reaching safepoint: 143250 ns, Cleanup: 44167 ns, At safepoint: 2162875 ns, Total: 2350292 ns
[2025-03-14T10:01:41.884+0000][1285][safepoint   ] Safepoint "ICBufferFull", Time since last: 155031292 ns, Reaching safepoint: 1000041 ns, Cleanup: 45542 ns, At safepoint: 4333 ns, Total: 1049916 ns
[2025-03-14T10:01:42.221+0000][1285][safepoint   ] Safepoint "ICBufferFull", Time since last: 336951459 ns, Reaching safepoint: 3792 ns, Cleanup: 66041 ns, At safepoint: 4084 ns, Total: 73917 ns
[2025-03-14T10:01:42.442+0000][1285][safepoint   ] Safepoint "ICBufferFull", Time since last: 220932458 ns, Reaching safepoint: 3833 ns, Cleanup: 97000 ns, At safepoint: 5500 ns, Total: 106333 ns
[2025-03-14T10:01:42.726+0000][1285][safepoint   ] Safepoint "ICBufferFull", Time since last: 283909542 ns, Reaching safepoint: 8625 ns, Cleanup: 63000 ns, At safepoint: 3584 ns, Total: 75209 ns
[2025-03-14T10:01:42.869+0000][1285][safepoint   ] Safepoint "ICBufferFull", Time since last: 142503958 ns, Reaching safepoint: 3417 ns, Cleanup: 59333 ns, At safepoint: 2958 ns, Total: 65708 ns
[2025-03-14T10:01:42.869+0000][1285][safepoint   ] Safepoint "ICBufferFull", Time since last: 23000 ns, Reaching safepoint: 625 ns, Cleanup: 250 ns, At safepoint: 834 ns, Total: 1709 ns
[2025-03-14T10:01:42.869+0000][1285][safepoint   ] Safepoint "ICBufferFull", Time since last: 7875 ns, Reaching safepoint: 375 ns, Cleanup: 125 ns, At safepoint: 666 ns, Total: 1166 ns
[2025-03-14T10:01:42.877+0000][1285][safepoint   ] Safepoint "ICBufferFull", Time since last: 4193125 ns, Reaching safepoint: 171042 ns, Cleanup: 4917 ns, At safepoint: 4031291 ns, Total: 4207250 ns
[2025-03-14T10:01:42.884+0000][1285][gc,start    ] GC(18) Pause Young (Normal) (G1 Evacuation Pause)
[2025-03-14T10:01:42.884+0000][1285][gc,task     ] GC(18) Using 1 workers of 1 for evacuation
[2025-03-14T10:01:42.884+0000][1285][gc,age      ] GC(18) Desired survivor size 14680064 bytes, new threshold 2 (max threshold 15)
[2025-03-14T10:01:42.921+0000][1285][gc,phases   ] GC(18)   Pre Evacuate Collection Set: 0.08ms
[2025-03-14T10:01:42.922+0000][1285][gc,phases   ] GC(18)   Merge Heap Roots: 0.02ms
[2025-03-14T10:01:42.922+0000][1285][gc,phases   ] GC(18)   Evacuate Collection Set: 35.99ms
[2025-03-14T10:01:42.922+0000][1285][gc,phases   ] GC(18)   Post Evacuate Collection Set: 1.08ms
[2025-03-14T10:01:42.922+0000][1285][gc,phases   ] GC(18)   Other: 0.04ms
[2025-03-14T10:01:42.922+0000][1285][gc,age      ] GC(18) Age table with threshold 2 (max threshold 15)
[2025-03-14T10:01:42.922+0000][1285][gc,age      ] GC(18) - age   1:   11074568 bytes,   11074568 total
[2025-03-14T10:01:42.922+0000][1285][gc,age      ] GC(18) - age   2:   13105864 bytes,   24180432 total
[2025-03-14T10:01:42.922+0000][1285][gc,heap     ] GC(18) Eden regions: 48->0(88)
[2025-03-14T10:01:42.922+0000][1285][gc,heap     ] GC(18) Survivor regions: 7->6(7)
[2025-03-14T10:01:42.922+0000][1285][gc,heap     ] GC(18) Old regions: 12->15
[2025-03-14T10:01:42.922+0000][1285][gc,heap     ] GC(18) Humongous regions: 5->5
[2025-03-14T10:01:42.922+0000][1285][gc,metaspace] GC(18) Metaspace: 102425K(105344K)->102425K(105344K) NonClass: 87868K(89472K)->87868K(89472K) Class: 14557K(15872K)->14557K(15872K)
[2025-03-14T10:01:42.922+0000][1285][gc          ] GC(18) Pause Young (Normal) (G1 Evacuation Pause) 284M->102M(1952M) 37.285ms
[2025-03-14T10:01:42.922+0000][1285][gc,cpu      ] GC(18) User=0.04s Sys=0.00s Real=0.04s
[2025-03-14T10:01:42.922+0000][1285][safepoint   ] Safepoint "G1CollectForAllocation", Time since last: 6907542 ns, Reaching safepoint: 259292 ns, Cleanup: 13500 ns, At safepoint: 37320541 ns, Total: 37593333 ns
[2025-03-14T10:01:43.056+0000][1285][safepoint   ] Safepoint "ICBufferFull", Time since last: 134093875 ns, Reaching safepoint: 303625 ns, Cleanup: 58792 ns, At safepoint: 5167 ns, Total: 367584 ns
[2025-03-14T10:01:43.193+0000][1285][safepoint   ] Safepoint "ICBufferFull", Time since last: 137060666 ns, Reaching safepoint: 73167 ns, Cleanup: 52708 ns, At safepoint: 6167 ns, Total: 132042 ns
[2025-03-14T10:01:43.284+0000][1285][safepoint   ] Safepoint "ICBufferFull", Time since last: 90880250 ns, Reaching safepoint: 4750 ns, Cleanup: 62708 ns, At safepoint: 3834 ns, Total: 71292 ns
[2025-03-14T10:01:43.389+0000][1285][safepoint   ] Safepoint "ICBufferFull", Time since last: 103502833 ns, Reaching safepoint: 1109042 ns, Cleanup: 66125 ns, At safepoint: 5541 ns, Total: 1180708 ns
[2025-03-14T10:01:43.480+0000][1285][gc,start    ] GC(19) Pause Young (Concurrent Start) (Metadata GC Threshold)
[2025-03-14T10:01:43.480+0000][1285][gc,task     ] GC(19) Using 1 workers of 1 for evacuation
[2025-03-14T10:01:43.480+0000][1285][gc,age      ] GC(19) Desired survivor size 20971520 bytes, new threshold 2 (max threshold 15)
[2025-03-14T10:01:43.509+0000][1285][gc,phases   ] GC(19)   Pre Evacuate Collection Set: 0.07ms
[2025-03-14T10:01:43.509+0000][1285][gc,phases   ] GC(19)   Merge Heap Roots: 0.03ms
[2025-03-14T10:01:43.509+0000][1285][gc,phases   ] GC(19)   Evacuate Collection Set: 27.55ms
[2025-03-14T10:01:43.509+0000][1285][gc,phases   ] GC(19)   Post Evacuate Collection Set: 0.91ms
[2025-03-14T10:01:43.509+0000][1285][gc,phases   ] GC(19)   Other: 0.04ms
[2025-03-14T10:01:43.509+0000][1285][gc,age      ] GC(19) Age table with threshold 2 (max threshold 15)
[2025-03-14T10:01:43.509+0000][1285][gc,age      ] GC(19) - age   1:    4549200 bytes,    4549200 total
[2025-03-14T10:01:43.509+0000][1285][gc,age      ] GC(19) - age   2:   10377016 bytes,   14926216 total
[2025-03-14T10:01:43.509+0000][1285][gc,heap     ] GC(19) Eden regions: 24->0(162)
[2025-03-14T10:01:43.509+0000][1285][gc,heap     ] GC(19) Survivor regions: 6->4(10)
[2025-03-14T10:01:43.509+0000][1285][gc,heap     ] GC(19) Old regions: 15->18
[2025-03-14T10:01:43.509+0000][1285][gc,heap     ] GC(19) Humongous regions: 5->5
[2025-03-14T10:01:43.509+0000][1285][gc,metaspace] GC(19) Metaspace: 104922K(107840K)->104922K(107840K) NonClass: 90045K(91648K)->90045K(91648K) Class: 14877K(16192K)->14877K(16192K)
[2025-03-14T10:01:43.509+0000][1285][gc          ] GC(19) Pause Young (Concurrent Start) (Metadata GC Threshold) 197M->107M(1952M) 28.687ms
[2025-03-14T10:01:43.509+0000][1285][gc          ] GC(20) Concurrent Mark Cycle
[2025-03-14T10:01:43.509+0000][1285][gc,marking  ] GC(20) Concurrent Scan Root Regions
[2025-03-14T10:01:43.510+0000][1285][gc,cpu      ] GC(19) User=0.03s Sys=0.00s Real=0.03s
[2025-03-14T10:01:43.514+0000][1285][safepoint   ] Safepoint "CollectForMetadataAllocation", Time since last: 91396876 ns, Reaching safepoint: 70125 ns, Cleanup: 65625 ns, At safepoint: 33578333 ns, Total: 33714083 ns
[2025-03-14T10:01:43.555+0000][1285][safepoint   ] Safepoint "CollectForMetadataAllocation", Time since last: 39038542 ns, Reaching safepoint: 1962000 ns, Cleanup: 8875 ns, At safepoint: 62166 ns, Total: 2033041 ns
[2025-03-14T10:01:43.586+0000][1285][gc,marking  ] GC(20) Concurrent Scan Root Regions 76.395ms
[2025-03-14T10:01:43.586+0000][1285][gc,marking  ] GC(20) Concurrent Mark
[2025-03-14T10:01:43.586+0000][1285][gc,marking  ] GC(20) Concurrent Mark From Roots
[2025-03-14T10:01:43.586+0000][1285][gc,task     ] GC(20) Using 1 workers of 1 for marking
[2025-03-14T10:01:43.596+0000][1285][safepoint   ] Safepoint "CollectForMetadataAllocation", Time since last: 33603000 ns, Reaching safepoint: 6800750 ns, Cleanup: 21125 ns, At safepoint: 674625 ns, Total: 7496500 ns
[2025-03-14T10:01:43.602+0000][1285][safepoint   ] Safepoint "CollectForMetadataAllocation", Time since last: 5799917 ns, Reaching safepoint: 26333 ns, Cleanup: 1250 ns, At safepoint: 4334 ns, Total: 31917 ns
[2025-03-14T10:01:43.647+0000][1285][safepoint   ] Safepoint "CollectForMetadataAllocation", Time since last: 42536291 ns, Reaching safepoint: 2523792 ns, Cleanup: 18208 ns, At safepoint: 38750 ns, Total: 2580750 ns
[2025-03-14T10:01:43.665+0000][1285][safepoint   ] Safepoint "CollectForMetadataAllocation", Time since last: 9881084 ns, Reaching safepoint: 6077208 ns, Cleanup: 5000 ns, At safepoint: 2189458 ns, Total: 8271666 ns
[2025-03-14T10:01:43.688+0000][1285][safepoint   ] Safepoint "CollectForMetadataAllocation", Time since last: 21721625 ns, Reaching safepoint: 998792 ns, Cleanup: 4750 ns, At safepoint: 43083 ns, Total: 1046625 ns
[2025-03-14T10:01:43.764+0000][1285][safepoint   ] Safepoint "CollectForMetadataAllocation", Time since last: 65956667 ns, Reaching safepoint: 6063542 ns, Cleanup: 31458 ns, At safepoint: 3943458 ns, Total: 10038458 ns
[2025-03-14T10:01:43.879+0000][1285][gc,marking  ] GC(20) Concurrent Mark From Roots 293.899ms
[2025-03-14T10:01:43.879+0000][1285][gc,marking  ] GC(20) Concurrent Preclean
[2025-03-14T10:01:43.880+0000][1285][gc,marking  ] GC(20) Concurrent Preclean 0.082ms
[2025-03-14T10:01:43.882+0000][1285][gc,start    ] GC(20) Pause Remark
[2025-03-14T10:01:43.891+0000][1285][gc          ] GC(20) Pause Remark 164M->164M(1952M) 9.780ms
[2025-03-14T10:01:43.891+0000][1285][gc,cpu      ] GC(20) User=0.01s Sys=0.00s Real=0.01s
[2025-03-14T10:01:43.899+0000][1285][safepoint   ] Safepoint "G1PauseRemark", Time since last: 115535834 ns, Reaching safepoint: 2088000 ns, Cleanup: 27208 ns, At safepoint: 17305833 ns, Total: 19421041 ns
[2025-03-14T10:01:43.899+0000][1285][gc,marking  ] GC(20) Concurrent Mark 313.449ms
[2025-03-14T10:01:43.899+0000][1285][gc,marking  ] GC(20) Concurrent Rebuild Remembered Sets and Scrub Regions
[2025-03-14T10:01:44.080+0000][1285][gc,marking  ] GC(20) Concurrent Rebuild Remembered Sets and Scrub Regions 180.990ms
[2025-03-14T10:01:44.083+0000][1285][gc,start    ] GC(20) Pause Cleanup
[2025-03-14T10:01:44.083+0000][1285][gc          ] GC(20) Pause Cleanup 184M->184M(1952M) 0.076ms
[2025-03-14T10:01:44.083+0000][1285][gc,cpu      ] GC(20) User=0.00s Sys=0.00s Real=0.00s
[2025-03-14T10:01:44.083+0000][1285][safepoint   ] Safepoint "G1PauseCleanup", Time since last: 181038417 ns, Reaching safepoint: 2968750 ns, Cleanup: 40250 ns, At safepoint: 107000 ns, Total: 3116000 ns
[2025-03-14T10:01:44.083+0000][1285][gc,marking  ] GC(20) Concurrent Clear Claimed Marks
[2025-03-14T10:01:44.083+0000][1285][gc,marking  ] GC(20) Concurrent Clear Claimed Marks 0.237ms
[2025-03-14T10:01:44.083+0000][1285][gc,marking  ] GC(20) Concurrent Cleanup for Next Mark
[2025-03-14T10:01:44.125+0000][1285][gc,marking  ] GC(20) Concurrent Cleanup for Next Mark 41.508ms
[2025-03-14T10:01:44.125+0000][1285][gc          ] GC(20) Concurrent Mark Cycle 615.805ms
[2025-03-14T10:01:44.449+0000][1285][safepoint   ] Safepoint "ICBufferFull", Time since last: 363856292 ns, Reaching safepoint: 2089708 ns, Cleanup: 80125 ns, At safepoint: 8084 ns, Total: 2177917 ns
[2025-03-14T10:01:44.573+0000][1285][safepoint   ] Safepoint "ICBufferFull", Time since last: 122906875 ns, Reaching safepoint: 999791 ns, Cleanup: 58584 ns, At safepoint: 24666 ns, Total: 1083041 ns
[2025-03-14T10:01:44.579+0000][1285][safepoint   ] Safepoint "ICBufferFull", Time since last: 861917 ns, Reaching safepoint: 4857500 ns, Cleanup: 1542 ns, At safepoint: 5250 ns, Total: 4864292 ns
[2025-03-14T10:01:44.817+0000][1285][safepoint   ] Safepoint "ICBufferFull", Time since last: 236725125 ns, Reaching safepoint: 1370917 ns, Cleanup: 52500 ns, At safepoint: 4750 ns, Total: 1428167 ns
[2025-03-14T10:01:44.908+0000][1285][safepoint   ] Safepoint "ICBufferFull", Time since last: 90530625 ns, Reaching safepoint: 207208 ns, Cleanup: 60542 ns, At safepoint: 6458 ns, Total: 274208 ns
[2025-03-14T10:01:45.050+0000][1285][safepoint   ] Safepoint "ICBufferFull", Time since last: 140571708 ns, Reaching safepoint: 1568500 ns, Cleanup: 54250 ns, At safepoint: 12292 ns, Total: 1635042 ns
[2025-03-14T10:01:45.111+0000][1285][safepoint   ] Safepoint "ICBufferFull", Time since last: 61395500 ns, Reaching safepoint: 3833 ns, Cleanup: 59709 ns, At safepoint: 3708 ns, Total: 67250 ns
[2025-03-14T10:01:45.290+0000][1285][safepoint   ] Safepoint "ICBufferFull", Time since last: 177154958 ns, Reaching safepoint: 1321417 ns, Cleanup: 44792 ns, At safepoint: 6583 ns, Total: 1372792 ns
[2025-03-14T10:01:45.387+0000][1285][safepoint   ] Safepoint "ICBufferFull", Time since last: 97191250 ns, Reaching safepoint: 71000 ns, Cleanup: 55708 ns, At safepoint: 4959 ns, Total: 131667 ns
[2025-03-14T10:01:45.521+0000][1285][safepoint   ] Safepoint "ICBufferFull", Time since last: 131710208 ns, Reaching safepoint: 2092667 ns, Cleanup: 53250 ns, At safepoint: 5792 ns, Total: 2151709 ns
[2025-03-14T10:01:45.822+0000][1285][safepoint   ] Safepoint "ICBufferFull", Time since last: 300904500 ns, Reaching safepoint: 5125 ns, Cleanup: 65791 ns, At safepoint: 3417 ns, Total: 74333 ns
[2025-03-14T10:01:46.164+0000][1285][safepoint   ] Safepoint "ICBufferFull", Time since last: 342138917 ns, Reaching safepoint: 4625 ns, Cleanup: 58416 ns, At safepoint: 6000 ns, Total: 69041 ns
[2025-03-14T10:01:46.259+0000][1285][safepoint   ] Safepoint "ICBufferFull", Time since last: 94753084 ns, Reaching safepoint: 6125 ns, Cleanup: 59833 ns, At safepoint: 5042 ns, Total: 71000 ns
[2025-03-14T10:01:46.302+0000][1285][safepoint   ] Safepoint "ICBufferFull", Time since last: 42505958 ns, Reaching safepoint: 5834 ns, Cleanup: 55291 ns, At safepoint: 7667 ns, Total: 68792 ns
[2025-03-14T10:01:46.416+0000][1285][safepoint   ] Safepoint "ICBufferFull", Time since last: 113844292 ns, Reaching safepoint: 8250 ns, Cleanup: 52666 ns, At safepoint: 3875 ns, Total: 64791 ns
[2025-03-14T10:01:47.028+0000][1285][safepoint   ] Safepoint "ICBufferFull", Time since last: 612569042 ns, Reaching safepoint: 31459 ns, Cleanup: 69083 ns, At safepoint: 5792 ns, Total: 106334 ns
[2025-03-14T10:01:47.793+0000][1285][safepoint   ] Safepoint "ICBufferFull", Time since last: 764063000 ns, Reaching safepoint: 18625 ns, Cleanup: 62792 ns, At safepoint: 7458 ns, Total: 88875 ns
[2025-03-14T10:01:47.898+0000][1285][safepoint   ] Safepoint "ICBufferFull", Time since last: 104510583 ns, Reaching safepoint: 894750 ns, Cleanup: 72167 ns, At safepoint: 7417 ns, Total: 974334 ns
[2025-03-14T10:01:47.956+0000][1285][safepoint   ] Safepoint "ICBufferFull", Time since last: 54696250 ns, Reaching safepoint: 3126375 ns, Cleanup: 86416 ns, At safepoint: 6000 ns, Total: 3218791 ns
[2025-03-14T10:01:48.057+0000][1285][safepoint   ] Safepoint "ICBufferFull", Time since last: 99854792 ns, Reaching safepoint: 1185042 ns, Cleanup: 70708 ns, At safepoint: 5583 ns, Total: 1261333 ns
[2025-03-14T10:01:48.107+0000][1285][safepoint   ] Safepoint "ICBufferFull", Time since last: 49935209 ns, Reaching safepoint: 129375 ns, Cleanup: 74541 ns, At safepoint: 5125 ns, Total: 209041 ns
[2025-03-14T10:01:48.112+0000][1285][safepoint   ] Safepoint "ICBufferFull", Time since last: 3600167 ns, Reaching safepoint: 1173917 ns, Cleanup: 18208 ns, At safepoint: 3333 ns, Total: 1195458 ns
[2025-03-14T10:01:48.260+0000][1285][safepoint   ] Safepoint "ICBufferFull", Time since last: 148141209 ns, Reaching safepoint: 4625 ns, Cleanup: 78166 ns, At safepoint: 5542 ns, Total: 88333 ns
[2025-03-14T10:01:48.499+0000][1285][safepoint   ] Safepoint "ICBufferFull", Time since last: 238759292 ns, Reaching safepoint: 8792 ns, Cleanup: 93791 ns, At safepoint: 4834 ns, Total: 107417 ns
[2025-03-14T10:01:49.500+0000][1285][safepoint   ] Safepoint "Cleanup", Time since last: 1000679522 ns, Reaching safepoint: 21459 ns, Cleanup: 63959 ns, At safepoint: 7542 ns, Total: 92960 ns
[2025-03-14T10:01:50.500+0000][1285][safepoint   ] Safepoint "Cleanup", Time since last: 1000118677 ns, Reaching safepoint: 18253 ns, Cleanup: 16253 ns, At safepoint: 7876 ns, Total: 42382 ns
[2025-03-14T10:01:50.872+0000][1285][safepoint   ] Safepoint "ICBufferFull", Time since last: 371618965 ns, Reaching safepoint: 72595 ns, Cleanup: 46841 ns, At safepoint: 4501 ns, Total: 123937 ns
[2025-03-14T10:01:50.957+0000][1285][safepoint   ] Safepoint "ICBufferFull", Time since last: 85477028 ns, Reaching safepoint: 3876 ns, Cleanup: 75429 ns, At safepoint: 2917 ns, Total: 82222 ns
[2025-03-14T10:01:51.957+0000][1285][safepoint   ] Safepoint "Cleanup", Time since last: 1000088299 ns, Reaching safepoint: 7959 ns, Cleanup: 53384 ns, At safepoint: 7584 ns, Total: 68927 ns
[2025-03-14T10:01:52.958+0000][1285][safepoint   ] Safepoint "Cleanup", Time since last: 1000104008 ns, Reaching safepoint: 55925 ns, Cleanup: 20212 ns, At safepoint: 9126 ns, Total: 85263 ns
[2025-03-14T10:01:53.958+0000][1285][safepoint   ] Safepoint "Cleanup", Time since last: 1000132316 ns, Reaching safepoint: 30754 ns, Cleanup: 59300 ns, At safepoint: 10210 ns, Total: 100264 ns
[2025-03-14T10:01:54.958+0000][1285][safepoint   ] Safepoint "Cleanup", Time since last: 1000104578 ns, Reaching safepoint: 30212 ns, Cleanup: 21378 ns, At safepoint: 5251 ns, Total: 56841 ns
[2025-03-14T10:01:55.958+0000][1285][safepoint   ] Safepoint "Cleanup", Time since last: 1000217755 ns, Reaching safepoint: 137518 ns, Cleanup: 20419 ns, At safepoint: 9960 ns, Total: 167897 ns
[2025-03-14T10:01:56.800+0000][1285][safepoint   ] Safepoint "ICBufferFull", Time since last: 841643841 ns, Reaching safepoint: 34921 ns, Cleanup: 130849 ns, At safepoint: 9084 ns, Total: 174854 ns
[2025-03-14T10:01:57.801+0000][1285][safepoint   ] Safepoint "Cleanup", Time since last: 1000409260 ns, Reaching safepoint: 21169 ns, Cleanup: 86593 ns, At safepoint: 6209 ns, Total: 113971 ns
[2025-03-14T10:01:58.801+0000][1285][safepoint   ] Safepoint "Cleanup", Time since last: 1000138008 ns, Reaching safepoint: 43671 ns, Cleanup: 39171 ns, At safepoint: 6209 ns, Total: 89051 ns
[2025-03-14T10:01:59.803+0000][1285][safepoint   ] Safepoint "Cleanup", Time since last: 1001983691 ns, Reaching safepoint: 92968 ns, Cleanup: 55548 ns, At safepoint: 20252 ns, Total: 168768 ns
[2025-03-14T10:02:00.803+0000][1285][safepoint   ] Safepoint "Cleanup", Time since last: 1000243893 ns, Reaching safepoint: 22002 ns, Cleanup: 31419 ns, At safepoint: 5959 ns, Total: 59380 ns
[2025-03-14T10:02:01.804+0000][1285][safepoint   ] Safepoint "Cleanup", Time since last: 1000380786 ns, Reaching safepoint: 177433 ns, Cleanup: 53589 ns, At safepoint: 14918 ns, Total: 245940 ns
[2025-03-14T10:02:02.807+0000][1285][safepoint   ] Safepoint "Cleanup", Time since last: 1000746513 ns, Reaching safepoint: 127344 ns, Cleanup: 23086 ns, At safepoint: 1985173 ns, Total: 2135603 ns
[2025-03-14T10:02:02.934+0000][1285][safepoint   ] Safepoint "ICBufferFull", Time since last: 126911075 ns, Reaching safepoint: 16043 ns, Cleanup: 90924 ns, At safepoint: 5126 ns, Total: 112093 ns
[2025-03-14T10:02:03.205+0000][1285][safepoint   ] Safepoint "ICBufferFull", Time since last: 270873262 ns, Reaching safepoint: 8876 ns, Cleanup: 90091 ns, At safepoint: 4667 ns, Total: 103634 ns
[2025-03-14T10:02:03.219+0000][1285][safepoint   ] Safepoint "ICBufferFull", Time since last: 14267225 ns, Reaching safepoint: 4459 ns, Cleanup: 88132 ns, At safepoint: 3584 ns, Total: 96175 ns
[2025-03-14T10:02:04.220+0000][1285][safepoint   ] Safepoint "Cleanup", Time since last: 1000087940 ns, Reaching safepoint: 16709 ns, Cleanup: 56546 ns, At safepoint: 7293 ns, Total: 80548 ns
[2025-03-14T10:02:06.220+0000][1285][safepoint   ] Safepoint "Cleanup", Time since last: 2000297930 ns, Reaching safepoint: 39420 ns, Cleanup: 37627 ns, At safepoint: 7709 ns, Total: 84756 ns
[2025-03-14T10:02:08.222+0000][1285][safepoint   ] Safepoint "Cleanup", Time since last: 2002086207 ns, Reaching safepoint: 65796 ns, Cleanup: 18584 ns, At safepoint: 7542 ns, Total: 91922 ns
[2025-03-14T10:02:08.830+0000][1285][safepoint   ] Safepoint "ICBufferFull", Time since last: 608165584 ns, Reaching safepoint: 4375 ns, Cleanup: 73463 ns, At safepoint: 7918 ns, Total: 85756 ns
[2025-03-14T10:02:09.830+0000][1285][safepoint   ] Safepoint "Cleanup", Time since last: 1000079518 ns, Reaching safepoint: 6792 ns, Cleanup: 59921 ns, At safepoint: 4667 ns, Total: 71380 ns
[2025-03-14T10:02:11.831+0000][1285][safepoint   ] Safepoint "Cleanup", Time since last: 2000170007 ns, Reaching safepoint: 5417 ns, Cleanup: 44711 ns, At safepoint: 3459 ns, Total: 53587 ns
[2025-03-14T10:02:12.832+0000][1285][safepoint   ] Safepoint "Cleanup", Time since last: 1001508108 ns, Reaching safepoint: 76088 ns, Cleanup: 37960 ns, At safepoint: 9918 ns, Total: 123966 ns
[2025-03-14T10:02:13.833+0000][1285][safepoint   ] Safepoint "Cleanup", Time since last: 1000144921 ns, Reaching safepoint: 46878 ns, Cleanup: 32793 ns, At safepoint: 11376 ns, Total: 91047 ns
[2025-03-14T10:02:14.833+0000][1285][safepoint   ] Safepoint "Cleanup", Time since last: 1000116913 ns, Reaching safepoint: 72622 ns, Cleanup: 35623 ns, At safepoint: 4500 ns, Total: 112745 ns
[2025-03-14T10:02:15.833+0000][1285][safepoint   ] Safepoint "Cleanup", Time since last: 1000079234 ns, Reaching safepoint: 10083 ns, Cleanup: 55914 ns, At safepoint: 4083 ns, Total: 70080 ns
[2025-03-14T10:02:16.833+0000][1285][safepoint   ] Safepoint "Cleanup", Time since last: 1000097816 ns, Reaching safepoint: 26790 ns, Cleanup: 9083 ns, At safepoint: 5125 ns, Total: 40998 ns
[2025-03-14T10:02:17.833+0000][1285][safepoint   ] Safepoint "Cleanup", Time since last: 1000086683 ns, Reaching safepoint: 6458 ns, Cleanup: 11249 ns, At safepoint: 4000 ns, Total: 21707 ns
[2025-03-14T10:02:18.833+0000][1285][safepoint   ] Safepoint "Cleanup", Time since last: 1000088702 ns, Reaching safepoint: 6791 ns, Cleanup: 13666 ns, At safepoint: 4208 ns, Total: 24665 ns
[2025-03-14T10:02:21.256+0000][1285][safepoint   ] Safepoint "Cleanup", Time since last: 2422967197 ns, Reaching safepoint: 9458 ns, Cleanup: 71537 ns, At safepoint: 4750 ns, Total: 85745 ns
[2025-03-14T10:02:22.257+0000][1285][safepoint   ] Safepoint "Cleanup", Time since last: 1000696562 ns, Reaching safepoint: 47205 ns, Cleanup: 76662 ns, At safepoint: 13541 ns, Total: 137408 ns
[2025-03-14T10:02:23.259+0000][1285][safepoint   ] Safepoint "Cleanup", Time since last: 1000462837 ns, Reaching safepoint: 728162 ns, Cleanup: 135075 ns, At safepoint: 57454 ns, Total: 920691 ns
[2025-03-14T10:02:23.882+0000][1285][gc,start    ] GC(21) Pause Young (Prepare Mixed) (G1 Evacuation Pause)
[2025-03-14T10:02:23.882+0000][1285][gc,task     ] GC(21) Using 1 workers of 1 for evacuation
[2025-03-14T10:02:23.882+0000][1285][gc,age      ] GC(21) Desired survivor size 39845888 bytes, new threshold 15 (max threshold 15)
[2025-03-14T10:02:23.976+0000][1285][gc,phases   ] GC(21)   Pre Evacuate Collection Set: 1.36ms
[2025-03-14T10:02:23.976+0000][1285][gc,phases   ] GC(21)   Merge Heap Roots: 0.66ms
[2025-03-14T10:02:23.976+0000][1285][gc,phases   ] GC(21)   Evacuate Collection Set: 84.31ms
[2025-03-14T10:02:23.976+0000][1285][gc,phases   ] GC(21)   Post Evacuate Collection Set: 7.34ms
[2025-03-14T10:02:23.976+0000][1285][gc,phases   ] GC(21)   Other: 0.16ms
[2025-03-14T10:02:23.976+0000][1285][gc,age      ] GC(21) Age table with threshold 15 (max threshold 15)
[2025-03-14T10:02:23.976+0000][1285][gc,age      ] GC(21) - age   1:   12584192 bytes,   12584192 total
[2025-03-14T10:02:23.976+0000][1285][gc,age      ] GC(21) - age   2:    2585296 bytes,   15169488 total
[2025-03-14T10:02:23.976+0000][1285][gc,age      ] GC(21) - age   3:    9853096 bytes,   25022584 total
[2025-03-14T10:02:23.976+0000][1285][gc,heap     ] GC(21) Eden regions: 141->0(105)
[2025-03-14T10:02:23.976+0000][1285][gc,heap     ] GC(21) Survivor regions: 4->7(19)
[2025-03-14T10:02:23.976+0000][1285][gc,heap     ] GC(21) Old regions: 18->18
[2025-03-14T10:02:23.976+0000][1285][gc,heap     ] GC(21) Humongous regions: 5->5
[2025-03-14T10:02:23.976+0000][1285][gc,metaspace] GC(21) Metaspace: 114174K(117248K)->114174K(117248K) NonClass: 98171K(99840K)->98171K(99840K) Class: 16003K(17408K)->16003K(17408K)
[2025-03-14T10:02:23.976+0000][1285][gc          ] GC(21) Pause Young (Prepare Mixed) (G1 Evacuation Pause) 671M->117M(1952M) 94.050ms
[2025-03-14T10:02:23.976+0000][1285][gc,cpu      ] GC(21) User=0.10s Sys=0.00s Real=0.09s
[2025-03-14T10:02:23.978+0000][1285][safepoint   ] Safepoint "G1CollectForAllocation", Time since last: 623545416 ns, Reaching safepoint: 4375 ns, Cleanup: 41622 ns, At safepoint: 95795858 ns, Total: 95841855 ns
[2025-03-14T10:02:24.979+0000][1285][safepoint   ] Safepoint "Cleanup", Time since last: 1001246988 ns, Reaching safepoint: 39956 ns, Cleanup: 223985 ns, At safepoint: 11708 ns, Total: 275649 ns
[2025-03-14T10:02:25.980+0000][1285][safepoint   ] Safepoint "Cleanup", Time since last: 1000748025 ns, Reaching safepoint: 31790 ns, Cleanup: 32748 ns, At safepoint: 15707 ns, Total: 80245 ns
[2025-03-14T10:02:26.845+0000][1285][safepoint   ] Safepoint "ICBufferFull", Time since last: 863663669 ns, Reaching safepoint: 1060055 ns, Cleanup: 68828 ns, At safepoint: 5833 ns, Total: 1134716 ns
[2025-03-14T10:02:27.846+0000][1285][safepoint   ] Safepoint "Cleanup", Time since last: 1000754921 ns, Reaching safepoint: 5874 ns, Cleanup: 85453 ns, At safepoint: 13207 ns, Total: 104534 ns
[2025-03-14T10:02:28.846+0000][1285][safepoint   ] Safepoint "Cleanup", Time since last: 1000094227 ns, Reaching safepoint: 31081 ns, Cleanup: 15582 ns, At safepoint: 5250 ns, Total: 51913 ns
[2025-03-14T10:02:29.847+0000][1285][safepoint   ] Safepoint "Cleanup", Time since last: 1000895068 ns, Reaching safepoint: 4667 ns, Cleanup: 30289 ns, At safepoint: 4083 ns, Total: 39039 ns
[2025-03-14T10:02:30.847+0000][1285][safepoint   ] Safepoint "Cleanup", Time since last: 1000083032 ns, Reaching safepoint: 73411 ns, Cleanup: 24249 ns, At safepoint: 5166 ns, Total: 102826 ns
[2025-03-14T10:02:31.848+0000][1285][safepoint   ] Safepoint "Cleanup", Time since last: 1000737273 ns, Reaching safepoint: 11250 ns, Cleanup: 18665 ns, At safepoint: 5750 ns, Total: 35665 ns
[2025-03-14T10:02:32.848+0000][1285][safepoint   ] Safepoint "Cleanup", Time since last: 1000094984 ns, Reaching safepoint: 10583 ns, Cleanup: 22415 ns, At safepoint: 5125 ns, Total: 38123 ns
[2025-03-14T10:02:33.848+0000][1285][safepoint   ] Safepoint "Cleanup", Time since last: 1000096442 ns, Reaching safepoint: 54163 ns, Cleanup: 18707 ns, At safepoint: 58246 ns, Total: 131116 ns
[2025-03-14T10:02:35.849+0000][1285][safepoint   ] Safepoint "Cleanup", Time since last: 2000215494 ns, Reaching safepoint: 5666 ns, Cleanup: 33206 ns, At safepoint: 4792 ns, Total: 43664 ns
[2025-03-14T10:02:36.849+0000][1285][safepoint   ] Safepoint "Cleanup", Time since last: 1000085750 ns, Reaching safepoint: 6541 ns, Cleanup: 20166 ns, At safepoint: 4458 ns, Total: 31165 ns
[2025-03-14T10:02:38.849+0000][1285][safepoint   ] Safepoint "Cleanup", Time since last: 2000209704 ns, Reaching safepoint: 11707 ns, Cleanup: 35289 ns, At safepoint: 4791 ns, Total: 51787 ns
[2025-03-14T10:02:39.849+0000][1285][safepoint   ] Safepoint "Cleanup", Time since last: 1000168217 ns, Reaching safepoint: 5708 ns, Cleanup: 33748 ns, At safepoint: 5416 ns, Total: 44872 ns
[2025-03-14T10:02:41.850+0000][1285][safepoint   ] Safepoint "Cleanup", Time since last: 2000226731 ns, Reaching safepoint: 647742 ns, Cleanup: 48538 ns, At safepoint: 6291 ns, Total: 702571 ns
[2025-03-14T10:02:42.851+0000][1285][safepoint   ] Safepoint "Cleanup", Time since last: 1000428661 ns, Reaching safepoint: 36872 ns, Cleanup: 238899 ns, At safepoint: 17540 ns, Total: 293311 ns
[2025-03-14T10:02:43.853+0000][1285][safepoint   ] Safepoint "Cleanup", Time since last: 1001540203 ns, Reaching safepoint: 36373 ns, Cleanup: 66245 ns, At safepoint: 16415 ns, Total: 119033 ns
[2025-03-14T10:02:44.853+0000][1285][safepoint   ] Safepoint "Cleanup", Time since last: 1000318281 ns, Reaching safepoint: 10957 ns, Cleanup: 44455 ns, At safepoint: 9541 ns, Total: 64953 ns
[2025-03-14T10:02:46.854+0000][1285][safepoint   ] Safepoint "Cleanup", Time since last: 2001268752 ns, Reaching safepoint: 11124 ns, Cleanup: 23832 ns, At safepoint: 4666 ns, Total: 39622 ns
[2025-03-14T10:02:47.854+0000][1285][safepoint   ] Safepoint "Cleanup", Time since last: 1000073987 ns, Reaching safepoint: 5708 ns, Cleanup: 96201 ns, At safepoint: 5083 ns, Total: 106992 ns
[2025-03-14T10:02:48.855+0000][1285][safepoint   ] Safepoint "Cleanup", Time since last: 1000142536 ns, Reaching safepoint: 32248 ns, Cleanup: 53371 ns, At safepoint: 6374 ns, Total: 91993 ns
[2025-03-14T10:02:49.855+0000][1285][safepoint   ] Safepoint "Cleanup", Time since last: 1000107441 ns, Reaching safepoint: 6292 ns, Cleanup: 13707 ns, At safepoint: 9208 ns, Total: 29207 ns
[2025-03-14T10:02:50.855+0000][1285][safepoint   ] Safepoint "Cleanup", Time since last: 1000275677 ns, Reaching safepoint: 4875 ns, Cleanup: 8874 ns, At safepoint: 5667 ns, Total: 19416 ns
[2025-03-14T10:02:51.855+0000][1285][safepoint   ] Safepoint "Cleanup", Time since last: 1000087538 ns, Reaching safepoint: 7583 ns, Cleanup: 24873 ns, At safepoint: 5874 ns, Total: 38330 ns
[2025-03-14T10:02:53.855+0000][1285][safepoint   ] Safepoint "Cleanup", Time since last: 2000170975 ns, Reaching safepoint: 5874 ns, Cleanup: 21291 ns, At safepoint: 4833 ns, Total: 31998 ns
[2025-03-14T10:02:54.856+0000][1285][safepoint   ] Safepoint "Cleanup", Time since last: 1000089953 ns, Reaching safepoint: 9250 ns, Cleanup: 16209 ns, At safepoint: 5250 ns, Total: 30709 ns
[2025-03-14T10:02:56.856+0000][1285][safepoint   ] Safepoint "Cleanup", Time since last: 2000423084 ns, Reaching safepoint: 38125 ns, Cleanup: 28084 ns, At safepoint: 7042 ns, Total: 73251 ns
[2025-03-14T10:02:58.856+0000][1285][safepoint   ] Safepoint "Cleanup", Time since last: 2000172570 ns, Reaching safepoint: 8667 ns, Cleanup: 48292 ns, At safepoint: 6042 ns, Total: 63001 ns
[2025-03-14T10:02:59.858+0000][1285][safepoint   ] Safepoint "Cleanup", Time since last: 1002070528 ns, Reaching safepoint: 80918 ns, Cleanup: 47875 ns, At safepoint: 8209 ns, Total: 137002 ns
[2025-03-14T10:02:59.988+0000][1285][safepoint   ] Safepoint "ICBufferFull", Time since last: 129020705 ns, Reaching safepoint: 73751 ns, Cleanup: 95251 ns, At safepoint: 6208 ns, Total: 175210 ns
[2025-03-14T10:03:00.988+0000][1285][safepoint   ] Safepoint "Cleanup", Time since last: 1000106158 ns, Reaching safepoint: 8625 ns, Cleanup: 75293 ns, At safepoint: 7250 ns, Total: 91168 ns
[2025-03-14T10:03:02.889+0000][1285][safepoint   ] Safepoint "ICBufferFull", Time since last: 1899120389 ns, Reaching safepoint: 804044 ns, Cleanup: 94292 ns, At safepoint: 1095171 ns, Total: 1993507 ns
[2025-03-14T10:03:03.522+0000][1285][safepoint   ] Safepoint "ICBufferFull", Time since last: 633128561 ns, Reaching safepoint: 112458 ns, Cleanup: 208542 ns, At safepoint: 12250 ns, Total: 333250 ns
[2025-03-14T10:03:04.523+0000][1285][safepoint   ] Safepoint "Cleanup", Time since last: 1000769245 ns, Reaching safepoint: 67125 ns, Cleanup: 94166 ns, At safepoint: 29375 ns, Total: 190666 ns
[2025-03-14T10:03:05.817+0000][1285][safepoint   ] Safepoint "ICBufferFull", Time since last: 1293957478 ns, Reaching safepoint: 8833 ns, Cleanup: 112041 ns, At safepoint: 8959 ns, Total: 129833 ns
[2025-03-14T10:03:06.818+0000][1285][safepoint   ] Safepoint "Cleanup", Time since last: 1000327984 ns, Reaching safepoint: 45375 ns, Cleanup: 368539 ns, At safepoint: 16459 ns, Total: 430373 ns
[2025-03-14T10:03:08.819+0000][1285][safepoint   ] Safepoint "Cleanup", Time since last: 2000761989 ns, Reaching safepoint: 36083 ns, Cleanup: 14708 ns, At safepoint: 3791 ns, Total: 54582 ns
[2025-03-14T10:03:11.792+0000][1285][safepoint   ] Safepoint "ICBufferFull", Time since last: 2972689095 ns, Reaching safepoint: 23250 ns, Cleanup: 62082 ns, At safepoint: 5042 ns, Total: 90374 ns
[2025-03-14T10:03:12.792+0000][1285][safepoint   ] Safepoint "Cleanup", Time since last: 1000096432 ns, Reaching safepoint: 6375 ns, Cleanup: 62207 ns, At safepoint: 4042 ns, Total: 72624 ns
[2025-03-14T10:03:13.792+0000][1285][safepoint   ] Safepoint "Cleanup", Time since last: 1000090177 ns, Reaching safepoint: 9875 ns, Cleanup: 17791 ns, At safepoint: 4542 ns, Total: 32208 ns
[2025-03-14T10:03:14.792+0000][1285][safepoint   ] Safepoint "Cleanup", Time since last: 1000125391 ns, Reaching safepoint: 4126 ns, Cleanup: 6125 ns, At safepoint: 3709 ns, Total: 13960 ns
[2025-03-14T10:03:15.793+0000][1285][safepoint   ] Safepoint "Cleanup", Time since last: 1000763795 ns, Reaching safepoint: 26961 ns, Cleanup: 46754 ns, At safepoint: 11084 ns, Total: 84799 ns
[2025-03-14T10:03:16.793+0000][1285][safepoint   ] Safepoint "Cleanup", Time since last: 1000142226 ns, Reaching safepoint: 26502 ns, Cleanup: 13459 ns, At safepoint: 4501 ns, Total: 44462 ns
[2025-03-14T10:03:17.795+0000][1285][safepoint   ] Safepoint "Cleanup", Time since last: 1001169957 ns, Reaching safepoint: 70880 ns, Cleanup: 56046 ns, At safepoint: 5209 ns, Total: 132135 ns
[2025-03-14T10:03:18.795+0000][1285][safepoint   ] Safepoint "Cleanup", Time since last: 1000098573 ns, Reaching safepoint: 7584 ns, Cleanup: 55546 ns, At safepoint: 5459 ns, Total: 68589 ns
[2025-03-14T10:03:19.795+0000][1285][safepoint   ] Safepoint "Cleanup", Time since last: 1000091525 ns, Reaching safepoint: 12375 ns, Cleanup: 10085 ns, At safepoint: 5583 ns, Total: 28043 ns
[2025-03-14T10:03:21.323+0000][1285][safepoint   ] Safepoint "Cleanup", Time since last: 1528093811 ns, Reaching safepoint: 59296 ns, Cleanup: 33794 ns, At safepoint: 7917 ns, Total: 101007 ns
[2025-03-14T10:03:23.324+0000][1285][safepoint   ] Safepoint "Cleanup", Time since last: 2001301126 ns, Reaching safepoint: 61796 ns, Cleanup: 25793 ns, At safepoint: 18335 ns, Total: 105924 ns
[2025-03-14T10:03:24.325+0000][1285][safepoint   ] Safepoint "Cleanup", Time since last: 1000322398 ns, Reaching safepoint: 28752 ns, Cleanup: 207055 ns, At safepoint: 16418 ns, Total: 252225 ns
[2025-03-14T10:03:25.326+0000][1285][safepoint   ] Safepoint "Cleanup", Time since last: 1000562874 ns, Reaching safepoint: 26585 ns, Cleanup: 46545 ns, At safepoint: 18626 ns, Total: 91756 ns
[2025-03-14T10:03:26.326+0000][1285][safepoint   ] Safepoint "Cleanup", Time since last: 1000200559 ns, Reaching safepoint: 7209 ns, Cleanup: 18960 ns, At safepoint: 5833 ns, Total: 32002 ns
[2025-03-14T10:03:27.326+0000][1285][safepoint   ] Safepoint "Cleanup", Time since last: 1000398232 ns, Reaching safepoint: 10292 ns, Cleanup: 73338 ns, At safepoint: 9667 ns, Total: 93297 ns
[2025-03-14T10:03:28.327+0000][1285][safepoint   ] Safepoint "Cleanup", Time since last: 1000133037 ns, Reaching safepoint: 18292 ns, Cleanup: 12960 ns, At safepoint: 6000 ns, Total: 37252 ns
[2025-03-14T10:03:30.327+0000][1285][safepoint   ] Safepoint "Cleanup", Time since last: 2000260875 ns, Reaching safepoint: 11459 ns, Cleanup: 48378 ns, At safepoint: 6459 ns, Total: 66296 ns
[2025-03-14T10:03:31.328+0000][1285][safepoint   ] Safepoint "Cleanup", Time since last: 1001046457 ns, Reaching safepoint: 50544 ns, Cleanup: 28544 ns, At safepoint: 6250 ns, Total: 85338 ns
[2025-03-14T10:03:33.328+0000][1285][safepoint   ] Safepoint "Cleanup", Time since last: 2000255714 ns, Reaching safepoint: 28543 ns, Cleanup: 77755 ns, At safepoint: 17334 ns, Total: 123632 ns
[2025-03-14T10:03:34.329+0000][1285][safepoint   ] Safepoint "Cleanup", Time since last: 1000176373 ns, Reaching safepoint: 7625 ns, Cleanup: 25460 ns, At safepoint: 5667 ns, Total: 38752 ns
[2025-03-14T10:03:36.329+0000][1285][safepoint   ] Safepoint "Cleanup", Time since last: 2000192440 ns, Reaching safepoint: 39544 ns, Cleanup: 32460 ns, At safepoint: 5000 ns, Total: 77004 ns
[2025-03-14T10:03:37.329+0000][1285][safepoint   ] Safepoint "Cleanup", Time since last: 1000041079 ns, Reaching safepoint: 8458 ns, Cleanup: 12876 ns, At safepoint: 4417 ns, Total: 25751 ns
[2025-03-14T10:03:38.329+0000][1285][safepoint   ] Safepoint "Cleanup", Time since last: 1000101857 ns, Reaching safepoint: 12209 ns, Cleanup: 13876 ns, At safepoint: 3958 ns, Total: 30043 ns
[2025-03-14T10:03:39.329+0000][1285][safepoint   ] Safepoint "Cleanup", Time since last: 1000098364 ns, Reaching safepoint: 8334 ns, Cleanup: 53961 ns, At safepoint: 4750 ns, Total: 67045 ns
[2025-03-14T10:03:40.329+0000][1285][safepoint   ] Safepoint "Cleanup", Time since last: 1000099644 ns, Reaching safepoint: 11876 ns, Cleanup: 17959 ns, At safepoint: 4917 ns, Total: 34752 ns
[2025-03-14T10:03:41.330+0000][1285][safepoint   ] Safepoint "Cleanup", Time since last: 1000092405 ns, Reaching safepoint: 6208 ns, Cleanup: 9668 ns, At safepoint: 3041 ns, Total: 18917 ns
[2025-03-14T10:03:42.330+0000][1285][safepoint   ] Safepoint "Cleanup", Time since last: 1000556170 ns, Reaching safepoint: 13167 ns, Cleanup: 84463 ns, At safepoint: 8250 ns, Total: 105880 ns
[2025-03-14T10:03:43.332+0000][1285][safepoint   ] Safepoint "Cleanup", Time since last: 1001179757 ns, Reaching safepoint: 37835 ns, Cleanup: 78921 ns, At safepoint: 13667 ns, Total: 130423 ns
[2025-03-14T10:03:45.334+0000][1285][safepoint   ] Safepoint "Cleanup", Time since last: 2001865811 ns, Reaching safepoint: 44336 ns, Cleanup: 97504 ns, At safepoint: 16751 ns, Total: 158591 ns
[2025-03-14T10:03:46.334+0000][1285][safepoint   ] Safepoint "Cleanup", Time since last: 1000454750 ns, Reaching safepoint: 12333 ns, Cleanup: 27252 ns, At safepoint: 8084 ns, Total: 47669 ns
[2025-03-14T10:03:48.336+0000][1285][safepoint   ] Safepoint "Cleanup", Time since last: 2001931960 ns, Reaching safepoint: 6375 ns, Cleanup: 52503 ns, At safepoint: 4500 ns, Total: 63378 ns
[2025-03-14T10:03:48.730+0000][1285][gc,start    ] GC(22) Pause Young (Mixed) (G1 Evacuation Pause)
[2025-03-14T10:03:48.730+0000][1285][gc,task     ] GC(22) Using 1 workers of 1 for evacuation
[2025-03-14T10:03:48.730+0000][1285][gc,age      ] GC(22) Desired survivor size 27262976 bytes, new threshold 15 (max threshold 15)
[2025-03-14T10:03:48.801+0000][1285][gc,phases   ] GC(22)   Pre Evacuate Collection Set: 0.46ms
[2025-03-14T10:03:48.801+0000][1285][gc,phases   ] GC(22)   Merge Heap Roots: 0.20ms
[2025-03-14T10:03:48.801+0000][1285][gc,phases   ] GC(22)   Evacuate Collection Set: 67.94ms
[2025-03-14T10:03:48.801+0000][1285][gc,phases   ] GC(22)   Post Evacuate Collection Set: 2.32ms
[2025-03-14T10:03:48.801+0000][1285][gc,phases   ] GC(22)   Other: 0.09ms
[2025-03-14T10:03:48.801+0000][1285][gc,age      ] GC(22) Age table with threshold 15 (max threshold 15)
[2025-03-14T10:03:48.801+0000][1285][gc,age      ] GC(22) - age   1:    1297552 bytes,    1297552 total
[2025-03-14T10:03:48.801+0000][1285][gc,age      ] GC(22) - age   2:   10902960 bytes,   12200512 total
[2025-03-14T10:03:48.801+0000][1285][gc,age      ] GC(22) - age   3:    2584072 bytes,   14784584 total
[2025-03-14T10:03:48.801+0000][1285][gc,age      ] GC(22) - age   4:    9852936 bytes,   24637520 total
[2025-03-14T10:03:48.801+0000][1285][gc,heap     ] GC(22) Eden regions: 93->0(159)
[2025-03-14T10:03:48.801+0000][1285][gc,heap     ] GC(22) Survivor regions: 7->6(13)
[2025-03-14T10:03:48.801+0000][1285][gc,heap     ] GC(22) Old regions: 18->18
[2025-03-14T10:03:48.801+0000][1285][gc,heap     ] GC(22) Humongous regions: 5->5
[2025-03-14T10:03:48.801+0000][1285][gc,metaspace] GC(22) Metaspace: 115409K(118528K)->115409K(118528K) NonClass: 99399K(101120K)->99399K(101120K) Class: 16009K(17408K)->16009K(17408K)
[2025-03-14T10:03:48.801+0000][1285][gc          ] GC(22) Pause Young (Mixed) (G1 Evacuation Pause) 489M->114M(1952M) 71.166ms
[2025-03-14T10:03:48.801+0000][1285][gc,cpu      ] GC(22) User=0.07s Sys=0.00s Real=0.07s
[2025-03-14T10:03:48.801+0000][1285][safepoint   ] Safepoint "G1CollectForAllocation", Time since last: 394136939 ns, Reaching safepoint: 21626 ns, Cleanup: 8583 ns, At safepoint: 71284581 ns, Total: 71314790 ns
[2025-03-14T10:03:49.802+0000][1285][safepoint   ] Safepoint "Cleanup", Time since last: 1000077141 ns, Reaching safepoint: 7792 ns, Cleanup: 12376 ns, At safepoint: 4083 ns, Total: 24251 ns
[2025-03-14T10:03:50.805+0000][1285][safepoint   ] Safepoint "Cleanup", Time since last: 1003379403 ns, Reaching safepoint: 70837 ns, Cleanup: 11875 ns, At safepoint: 4167 ns, Total: 86879 ns
[2025-03-14T10:03:51.806+0000][1285][safepoint   ] Safepoint "Cleanup", Time since last: 1000918245 ns, Reaching safepoint: 14542 ns, Cleanup: 40294 ns, At safepoint: 6084 ns, Total: 60920 ns
[2025-03-14T10:03:52.806+0000][1285][safepoint   ] Safepoint "Cleanup", Time since last: 1000088472 ns, Reaching safepoint: 7792 ns, Cleanup: 16542 ns, At safepoint: 4167 ns, Total: 28501 ns
[2025-03-14T10:03:53.807+0000][1285][safepoint   ] Safepoint "Cleanup", Time since last: 1000818411 ns, Reaching safepoint: 268637 ns, Cleanup: 10709 ns, At safepoint: 5292 ns, Total: 284638 ns
[2025-03-14T10:03:54.808+0000][1285][safepoint   ] Safepoint "Cleanup", Time since last: 1000526609 ns, Reaching safepoint: 8584 ns, Cleanup: 29418 ns, At safepoint: 6083 ns, Total: 44085 ns
[2025-03-14T10:03:55.808+0000][1285][safepoint   ] Safepoint "Cleanup", Time since last: 1000091066 ns, Reaching safepoint: 7167 ns, Cleanup: 33044 ns, At safepoint: 10083 ns, Total: 50294 ns
[2025-03-14T10:03:56.808+0000][1285][safepoint   ] Safepoint "Cleanup", Time since last: 1000103682 ns, Reaching safepoint: 5042 ns, Cleanup: 43793 ns, At safepoint: 5375 ns, Total: 54210 ns
[2025-03-14T10:03:57.808+0000][1285][safepoint   ] Safepoint "Cleanup", Time since last: 1000095435 ns, Reaching safepoint: 7792 ns, Cleanup: 130797 ns, At safepoint: 5084 ns, Total: 143673 ns
[2025-03-14T10:03:58.809+0000][1285][safepoint   ] Safepoint "Cleanup", Time since last: 1000612181 ns, Reaching safepoint: 15918 ns, Cleanup: 24584 ns, At safepoint: 5417 ns, Total: 45919 ns
[2025-03-14T10:03:59.810+0000][1285][safepoint   ] Safepoint "Cleanup", Time since last: 1000132273 ns, Reaching safepoint: 356223 ns, Cleanup: 12917 ns, At safepoint: 5167 ns, Total: 374307 ns
[2025-03-14T10:04:00.810+0000][1285][safepoint   ] Safepoint "Cleanup", Time since last: 1000085854 ns, Reaching safepoint: 7708 ns, Cleanup: 15751 ns, At safepoint: 4375 ns, Total: 27834 ns
[2025-03-14T10:04:01.811+0000][1285][safepoint   ] Safepoint "Cleanup", Time since last: 1001230121 ns, Reaching safepoint: 34376 ns, Cleanup: 73711 ns, At safepoint: 12626 ns, Total: 120713 ns
[2025-03-14T10:04:02.814+0000][1285][safepoint   ] Safepoint "Cleanup", Time since last: 1001981674 ns, Reaching safepoint: 607984 ns, Cleanup: 25917 ns, At safepoint: 6626 ns, Total: 640527 ns
[2025-03-14T10:04:03.814+0000][1285][safepoint   ] Safepoint "Cleanup", Time since last: 1000748113 ns, Reaching safepoint: 38585 ns, Cleanup: 81837 ns, At safepoint: 13334 ns, Total: 133756 ns
[2025-03-14T10:04:04.815+0000][1285][safepoint   ] Safepoint "Cleanup", Time since last: 1000603859 ns, Reaching safepoint: 38627 ns, Cleanup: 31584 ns, At safepoint: 20585 ns, Total: 90796 ns
[2025-03-14T10:04:05.817+0000][1285][safepoint   ] Safepoint "Cleanup", Time since last: 1000787505 ns, Reaching safepoint: 838158 ns, Cleanup: 11793 ns, At safepoint: 6750 ns, Total: 856701 ns
[2025-03-14T10:04:06.817+0000][1285][safepoint   ] Safepoint "Cleanup", Time since last: 1000082458 ns, Reaching safepoint: 9167 ns, Cleanup: 21334 ns, At safepoint: 4542 ns, Total: 35043 ns
[2025-03-14T10:04:07.817+0000][1285][safepoint   ] Safepoint "Cleanup", Time since last: 1000092782 ns, Reaching safepoint: 36209 ns, Cleanup: 24251 ns, At safepoint: 3459 ns, Total: 63919 ns
[2025-03-14T10:04:08.817+0000][1285][safepoint   ] Safepoint "Cleanup", Time since last: 1000086073 ns, Reaching safepoint: 5501 ns, Cleanup: 21917 ns, At safepoint: 3959 ns, Total: 31377 ns
[2025-03-14T10:04:11.818+0000][1285][safepoint   ] Safepoint "Cleanup", Time since last: 3000743664 ns, Reaching safepoint: 14083 ns, Cleanup: 13376 ns, At safepoint: 8875 ns, Total: 36334 ns
[2025-03-14T10:04:12.818+0000][1285][safepoint   ] Safepoint "Cleanup", Time since last: 1000086913 ns, Reaching safepoint: 9376 ns, Cleanup: 10750 ns, At safepoint: 3584 ns, Total: 23710 ns
[2025-03-14T10:04:13.818+0000][1285][safepoint   ] Safepoint "Cleanup", Time since last: 1000093331 ns, Reaching safepoint: 6125 ns, Cleanup: 12542 ns, At safepoint: 2542 ns, Total: 21209 ns
[2025-03-14T10:04:14.818+0000][1285][safepoint   ] Safepoint "Cleanup", Time since last: 1000078173 ns, Reaching safepoint: 4334 ns, Cleanup: 10792 ns, At safepoint: 4209 ns, Total: 19335 ns
[2025-03-14T10:04:15.818+0000][1285][safepoint   ] Safepoint "Cleanup", Time since last: 1000082023 ns, Reaching safepoint: 12584 ns, Cleanup: 19292 ns, At safepoint: 3834 ns, Total: 35710 ns
[2025-03-14T10:04:16.819+0000][1285][safepoint   ] Safepoint "Cleanup", Time since last: 1000092423 ns, Reaching safepoint: 32959 ns, Cleanup: 14501 ns, At safepoint: 4292 ns, Total: 51752 ns
[2025-03-14T10:04:17.819+0000][1285][safepoint   ] Safepoint "Cleanup", Time since last: 1000105913 ns, Reaching safepoint: 5458 ns, Cleanup: 8209 ns, At safepoint: 3750 ns, Total: 17417 ns
[2025-03-14T10:04:18.819+0000][1285][safepoint   ] Safepoint "Cleanup", Time since last: 1000080075 ns, Reaching safepoint: 13959 ns, Cleanup: 24209 ns, At safepoint: 5750 ns, Total: 43918 ns
[2025-03-14T10:04:19.819+0000][1285][safepoint   ] Safepoint "Cleanup", Time since last: 1000112579 ns, Reaching safepoint: 41377 ns, Cleanup: 11209 ns, At safepoint: 8458 ns, Total: 61044 ns
[2025-03-14T10:04:21.381+0000][1285][safepoint   ] Safepoint "Cleanup", Time since last: 1562443128 ns, Reaching safepoint: 7375 ns, Cleanup: 15334 ns, At safepoint: 4084 ns, Total: 26793 ns
[2025-03-14T10:04:24.383+0000][1285][safepoint   ] Safepoint "Cleanup", Time since last: 3001605122 ns, Reaching safepoint: 75086 ns, Cleanup: 76586 ns, At safepoint: 22209 ns, Total: 173881 ns
[2025-03-14T10:04:25.383+0000][1285][safepoint   ] Safepoint "Cleanup", Time since last: 1000117631 ns, Reaching safepoint: 12084 ns, Cleanup: 62544 ns, At safepoint: 6875 ns, Total: 81503 ns
[2025-03-14T10:04:27.385+0000][1285][safepoint   ] Safepoint "Cleanup", Time since last: 2001196303 ns, Reaching safepoint: 17250 ns, Cleanup: 43502 ns, At safepoint: 4500 ns, Total: 65252 ns
[2025-03-14T10:04:28.385+0000][1285][safepoint   ] Safepoint "Cleanup", Time since last: 1000641540 ns, Reaching safepoint: 6458 ns, Cleanup: 9834 ns, At safepoint: 3250 ns, Total: 19542 ns
[2025-03-14T10:04:29.385+0000][1285][safepoint   ] Safepoint "Cleanup", Time since last: 1000088369 ns, Reaching safepoint: 6750 ns, Cleanup: 10001 ns, At safepoint: 4041 ns, Total: 20792 ns
[2025-03-14T10:04:30.386+0000][1285][safepoint   ] Safepoint "Cleanup", Time since last: 1000088931 ns, Reaching safepoint: 6791 ns, Cleanup: 17209 ns, At safepoint: 4584 ns, Total: 28584 ns
[2025-03-14T10:04:31.386+0000][1285][safepoint   ] Safepoint "Cleanup", Time since last: 1000362381 ns, Reaching safepoint: 8041 ns, Cleanup: 12209 ns, At safepoint: 5459 ns, Total: 25709 ns
[2025-03-14T10:04:33.386+0000][1285][safepoint   ] Safepoint "Cleanup", Time since last: 2000151040 ns, Reaching safepoint: 5125 ns, Cleanup: 34168 ns, At safepoint: 4792 ns, Total: 44085 ns
[2025-03-14T10:04:34.386+0000][1285][safepoint   ] Safepoint "Cleanup", Time since last: 1000095387 ns, Reaching safepoint: 10042 ns, Cleanup: 11876 ns, At safepoint: 5792 ns, Total: 27710 ns
[2025-03-14T10:04:36.387+0000][1285][safepoint   ] Safepoint "Cleanup", Time since last: 2000156860 ns, Reaching safepoint: 9042 ns, Cleanup: 24709 ns, At safepoint: 5083 ns, Total: 38834 ns
[2025-03-14T10:04:39.387+0000][1285][safepoint   ] Safepoint "Cleanup", Time since last: 3000202312 ns, Reaching safepoint: 7167 ns, Cleanup: 35918 ns, At safepoint: 5416 ns, Total: 48501 ns
[2025-03-14T10:04:40.387+0000][1285][safepoint   ] Safepoint "Cleanup", Time since last: 1000103651 ns, Reaching safepoint: 6125 ns, Cleanup: 10209 ns, At safepoint: 3500 ns, Total: 19834 ns
[2025-03-14T10:04:41.387+0000][1285][safepoint   ] Safepoint "Cleanup", Time since last: 1000380639 ns, Reaching safepoint: 21876 ns, Cleanup: 24334 ns, At safepoint: 8334 ns, Total: 54544 ns
[2025-03-14T10:04:42.388+0000][1285][safepoint   ] Safepoint "Cleanup", Time since last: 1000183075 ns, Reaching safepoint: 48876 ns, Cleanup: 115171 ns, At safepoint: 21959 ns, Total: 186006 ns
[2025-03-14T10:04:43.389+0000][1285][safepoint   ] Safepoint "Cleanup", Time since last: 1001156760 ns, Reaching safepoint: 40834 ns, Cleanup: 38543 ns, At safepoint: 17793 ns, Total: 97170 ns
[2025-03-14T10:04:44.390+0000][1285][safepoint   ] Safepoint "Cleanup", Time since last: 1001299878 ns, Reaching safepoint: 39418 ns, Cleanup: 48210 ns, At safepoint: 12292 ns, Total: 99920 ns
[2025-03-14T10:04:45.391+0000][1285][safepoint   ] Safepoint "Cleanup", Time since last: 1001006652 ns, Reaching safepoint: 41043 ns, Cleanup: 85169 ns, At safepoint: 12209 ns, Total: 138421 ns
[2025-03-14T10:04:48.393+0000][1285][safepoint   ] Safepoint "Cleanup", Time since last: 3001606097 ns, Reaching safepoint: 75586 ns, Cleanup: 46544 ns, At safepoint: 6625 ns, Total: 128755 ns
[2025-03-14T10:04:51.394+0000][1285][safepoint   ] Safepoint "Cleanup", Time since last: 3000748303 ns, Reaching safepoint: 9834 ns, Cleanup: 25584 ns, At safepoint: 4417 ns, Total: 39835 ns
[2025-03-14T10:04:54.395+0000][1285][safepoint   ] Safepoint "Cleanup", Time since last: 3001076823 ns, Reaching safepoint: 6333 ns, Cleanup: 22834 ns, At safepoint: 4125 ns, Total: 33292 ns
[2025-03-14T10:04:57.395+0000][1285][safepoint   ] Safepoint "Cleanup", Time since last: 3000232573 ns, Reaching safepoint: 54793 ns, Cleanup: 19792 ns, At safepoint: 5500 ns, Total: 80085 ns
[2025-03-14T10:04:58.396+0000][1285][safepoint   ] Safepoint "Cleanup", Time since last: 1000092332 ns, Reaching safepoint: 4417 ns, Cleanup: 18042 ns, At safepoint: 4709 ns, Total: 27168 ns
[2025-03-14T10:05:00.397+0000][1285][safepoint   ] Safepoint "Cleanup", Time since last: 2001297942 ns, Reaching safepoint: 58252 ns, Cleanup: 266176 ns, At safepoint: 14167 ns, Total: 338595 ns
[2025-03-14T10:05:03.399+0000][1285][safepoint   ] Safepoint "Cleanup", Time since last: 3001926133 ns, Reaching safepoint: 7792 ns, Cleanup: 108959 ns, At safepoint: 10542 ns, Total: 127293 ns
[2025-03-14T10:05:06.400+0000][1285][safepoint   ] Safepoint "Cleanup", Time since last: 3000731185 ns, Reaching safepoint: 13125 ns, Cleanup: 18042 ns, At safepoint: 5667 ns, Total: 36834 ns
[2025-03-14T10:05:09.401+0000][1285][safepoint   ] Safepoint "Cleanup", Time since last: 3001021221 ns, Reaching safepoint: 14709 ns, Cleanup: 13292 ns, At safepoint: 5416 ns, Total: 33417 ns
[2025-03-14T10:05:11.401+0000][1285][safepoint   ] Safepoint "Cleanup", Time since last: 2000162328 ns, Reaching safepoint: 105085 ns, Cleanup: 26250 ns, At safepoint: 11917 ns, Total: 143252 ns
[2025-03-14T10:05:12.402+0000][1285][safepoint   ] Safepoint "Cleanup", Time since last: 1000171695 ns, Reaching safepoint: 12125 ns, Cleanup: 11833 ns, At safepoint: 5834 ns, Total: 29792 ns
[2025-03-14T10:05:15.402+0000][1285][safepoint   ] Safepoint "Cleanup", Time since last: 3000222490 ns, Reaching safepoint: 17792 ns, Cleanup: 21417 ns, At safepoint: 9125 ns, Total: 48334 ns
[2025-03-14T10:05:16.402+0000][1285][safepoint   ] Safepoint "Cleanup", Time since last: 1000094595 ns, Reaching safepoint: 9709 ns, Cleanup: 20333 ns, At safepoint: 10917 ns, Total: 40959 ns
[2025-03-14T10:05:18.402+0000][1285][safepoint   ] Safepoint "Cleanup", Time since last: 2000182278 ns, Reaching safepoint: 27750 ns, Cleanup: 48293 ns, At safepoint: 8042 ns, Total: 84085 ns
[2025-03-14T10:05:21.437+0000][1285][safepoint   ] Safepoint "Cleanup", Time since last: 3034539707 ns, Reaching safepoint: 34793 ns, Cleanup: 49501 ns, At safepoint: 16125 ns, Total: 100419 ns
[2025-03-14T10:05:24.439+0000][1285][safepoint   ] Safepoint "Cleanup", Time since last: 3001794477 ns, Reaching safepoint: 113919 ns, Cleanup: 116210 ns, At safepoint: 19292 ns, Total: 249421 ns
[2025-03-14T10:05:27.439+0000][1285][safepoint   ] Safepoint "Cleanup", Time since last: 3000444308 ns, Reaching safepoint: 39960 ns, Cleanup: 36542 ns, At safepoint: 8458 ns, Total: 84960 ns
[2025-03-14T10:05:28.440+0000][1285][safepoint   ] Safepoint "Cleanup", Time since last: 1000105270 ns, Reaching safepoint: 8000 ns, Cleanup: 11167 ns, At safepoint: 5042 ns, Total: 24209 ns
[2025-03-14T10:05:30.440+0000][1285][safepoint   ] Safepoint "Cleanup", Time since last: 2000167232 ns, Reaching safepoint: 16125 ns, Cleanup: 33417 ns, At safepoint: 7876 ns, Total: 57418 ns
[2025-03-14T10:05:33.441+0000][1285][safepoint   ] Safepoint "Cleanup", Time since last: 3001162938 ns, Reaching safepoint: 5291 ns, Cleanup: 13376 ns, At safepoint: 4208 ns, Total: 22875 ns
[2025-03-14T10:05:36.441+0000][1285][safepoint   ] Safepoint "Cleanup", Time since last: 3000224525 ns, Reaching safepoint: 7708 ns, Cleanup: 34793 ns, At safepoint: 4541 ns, Total: 47042 ns
[2025-03-14T10:05:38.441+0000][1285][safepoint   ] Safepoint "Cleanup", Time since last: 2000151683 ns, Reaching safepoint: 6000 ns, Cleanup: 34459 ns, At safepoint: 4250 ns, Total: 44709 ns
[2025-03-14T10:05:39.442+0000][1285][safepoint   ] Safepoint "Cleanup", Time since last: 1000220136 ns, Reaching safepoint: 7501 ns, Cleanup: 20833 ns, At safepoint: 5000 ns, Total: 33334 ns
[2025-03-14T10:05:40.442+0000][1285][safepoint   ] Safepoint "Cleanup", Time since last: 1000403111 ns, Reaching safepoint: 39668 ns, Cleanup: 29042 ns, At safepoint: 10417 ns, Total: 79127 ns
[2025-03-14T10:05:41.443+0000][1285][safepoint   ] Safepoint "Cleanup", Time since last: 1000998090 ns, Reaching safepoint: 31917 ns, Cleanup: 33167 ns, At safepoint: 17209 ns, Total: 82293 ns
[2025-03-14T10:05:42.444+0000][1285][safepoint   ] Safepoint "Cleanup", Time since last: 1000819386 ns, Reaching safepoint: 52126 ns, Cleanup: 112127 ns, At safepoint: 18042 ns, Total: 182295 ns
[2025-03-14T10:05:43.445+0000][1285][safepoint   ] Safepoint "Cleanup", Time since last: 1000525803 ns, Reaching safepoint: 46710 ns, Cleanup: 35542 ns, At safepoint: 19417 ns, Total: 101669 ns
[2025-03-14T10:05:45.445+0000][1285][safepoint   ] Safepoint "Cleanup", Time since last: 2000336559 ns, Reaching safepoint: 9417 ns, Cleanup: 12959 ns, At safepoint: 5208 ns, Total: 27584 ns
[2025-03-14T10:05:48.446+0000][1285][safepoint   ] Safepoint "Cleanup", Time since last: 3000213637 ns, Reaching safepoint: 14334 ns, Cleanup: 50168 ns, At safepoint: 4041 ns, Total: 68543 ns
[2025-03-14T10:05:51.446+0000][1285][safepoint   ] Safepoint "Cleanup", Time since last: 3000235249 ns, Reaching safepoint: 61168 ns, Cleanup: 26709 ns, At safepoint: 10083 ns, Total: 97960 ns
[2025-03-14T10:05:53.447+0000][1285][safepoint   ] Safepoint "Cleanup", Time since last: 2000685760 ns, Reaching safepoint: 6209 ns, Cleanup: 8167 ns, At safepoint: 3541 ns, Total: 17917 ns
[2025-03-14T10:05:54.447+0000][1285][safepoint   ] Safepoint "Cleanup", Time since last: 1000097312 ns, Reaching safepoint: 7833 ns, Cleanup: 27334 ns, At safepoint: 3625 ns, Total: 38792 ns
[2025-03-14T10:05:58.448+0000][1285][safepoint   ] Safepoint "Cleanup", Time since last: 4001460123 ns, Reaching safepoint: 74085 ns, Cleanup: 13001 ns, At safepoint: 10291 ns, Total: 97377 ns
[2025-03-14T10:06:00.450+0000][1285][safepoint   ] Safepoint "Cleanup", Time since last: 2001694135 ns, Reaching safepoint: 88794 ns, Cleanup: 21667 ns, At safepoint: 7500 ns, Total: 117961 ns
[2025-03-14T10:06:02.880+0000][1285][gc,start    ] GC(23) Pause Young (Concurrent Start) (CodeCache GC Threshold)
[2025-03-14T10:06:02.880+0000][1285][gc,task     ] GC(23) Using 1 workers of 1 for evacuation
[2025-03-14T10:06:02.880+0000][1285][gc,age      ] GC(23) Desired survivor size 41943040 bytes, new threshold 15 (max threshold 15)
[2025-03-14T10:06:02.962+0000][1285][gc,phases   ] GC(23)   Pre Evacuate Collection Set: 0.61ms
[2025-03-14T10:06:02.963+0000][1285][gc,phases   ] GC(23)   Merge Heap Roots: 0.16ms
[2025-03-14T10:06:02.963+0000][1285][gc,phases   ] GC(23)   Evacuate Collection Set: 78.15ms
[2025-03-14T10:06:02.963+0000][1285][gc,phases   ] GC(23)   Post Evacuate Collection Set: 3.18ms
[2025-03-14T10:06:02.963+0000][1285][gc,phases   ] GC(23)   Other: 0.15ms
[2025-03-14T10:06:02.963+0000][1285][gc,age      ] GC(23) Age table with threshold 15 (max threshold 15)
[2025-03-14T10:06:02.963+0000][1285][gc,age      ] GC(23) - age   1:     862536 bytes,     862536 total
[2025-03-14T10:06:02.963+0000][1285][gc,age      ] GC(23) - age   2:     190112 bytes,    1052648 total
[2025-03-14T10:06:02.963+0000][1285][gc,age      ] GC(23) - age   3:   10901112 bytes,   11953760 total
[2025-03-14T10:06:02.963+0000][1285][gc,age      ] GC(23) - age   4:    2583776 bytes,   14537536 total
[2025-03-14T10:06:02.963+0000][1285][gc,age      ] GC(23) - age   5:    9852936 bytes,   24390472 total
[2025-03-14T10:06:02.963+0000][1285][gc,heap     ] GC(23) Eden regions: 148->0(211)
[2025-03-14T10:06:02.963+0000][1285][gc,heap     ] GC(23) Survivor regions: 6->6(20)
[2025-03-14T10:06:02.963+0000][1285][gc,heap     ] GC(23) Old regions: 18->18
[2025-03-14T10:06:02.963+0000][1285][gc,heap     ] GC(23) Humongous regions: 5->5
[2025-03-14T10:06:02.963+0000][1285][gc,metaspace] GC(23) Metaspace: 116655K(119808K)->116655K(119808K) NonClass: 100643K(102400K)->100643K(102400K) Class: 16011K(17408K)->16011K(17408K)
[2025-03-14T10:06:02.963+0000][1285][gc          ] GC(23) Pause Young (Concurrent Start) (CodeCache GC Threshold) 704M->114M(1952M) 82.411ms
[2025-03-14T10:06:02.963+0000][1285][gc          ] GC(24) Concurrent Mark Cycle
[2025-03-14T10:06:02.963+0000][1285][gc,marking  ] GC(24) Concurrent Scan Root Regions
[2025-03-14T10:06:02.964+0000][1285][gc,cpu      ] GC(23) User=0.08s Sys=0.00s Real=0.08s
[2025-03-14T10:06:02.965+0000][1285][safepoint   ] Safepoint "G1TryInitiateConcMark", Time since last: 2429767781 ns, Reaching safepoint: 62085 ns, Cleanup: 19542 ns, At safepoint: 85017070 ns, Total: 85098697 ns
[2025-03-14T10:06:02.995+0000][1285][gc,marking  ] GC(24) Concurrent Scan Root Regions 32.660ms
[2025-03-14T10:06:02.995+0000][1285][gc,marking  ] GC(24) Concurrent Mark
[2025-03-14T10:06:02.995+0000][1285][gc,marking  ] GC(24) Concurrent Mark From Roots
[2025-03-14T10:06:02.995+0000][1285][gc,task     ] GC(24) Using 1 workers of 1 for marking
[2025-03-14T10:06:03.101+0000][1285][gc,marking  ] GC(24) Concurrent Mark From Roots 105.926ms
[2025-03-14T10:06:03.101+0000][1285][gc,marking  ] GC(24) Concurrent Preclean
[2025-03-14T10:06:03.101+0000][1285][gc,marking  ] GC(24) Concurrent Preclean 0.123ms
[2025-03-14T10:06:03.101+0000][1285][gc,start    ] GC(24) Pause Remark
[2025-03-14T10:06:03.139+0000][1285][gc          ] GC(24) Pause Remark 119M->119M(1952M) 37.323ms
[2025-03-14T10:06:03.139+0000][1285][gc,cpu      ] GC(24) User=0.04s Sys=0.00s Real=0.03s
[2025-03-14T10:06:03.139+0000][1285][safepoint   ] Safepoint "G1PauseRemark", Time since last: 136427689 ns, Reaching safepoint: 4667 ns, Cleanup: 2083 ns, At safepoint: 37396758 ns, Total: 37403508 ns
[2025-03-14T10:06:03.139+0000][1285][gc,marking  ] GC(24) Concurrent Mark 143.493ms
[2025-03-14T10:06:03.139+0000][1285][gc,marking  ] GC(24) Concurrent Rebuild Remembered Sets and Scrub Regions
[2025-03-14T10:06:03.163+0000][1285][gc,marking  ] GC(24) Concurrent Rebuild Remembered Sets and Scrub Regions 24.253ms
[2025-03-14T10:06:03.163+0000][1285][gc,start    ] GC(24) Pause Cleanup
[2025-03-14T10:06:03.163+0000][1285][gc          ] GC(24) Pause Cleanup 119M->119M(1952M) 0.052ms
[2025-03-14T10:06:03.163+0000][1285][gc,cpu      ] GC(24) User=0.00s Sys=0.00s Real=0.00s
[2025-03-14T10:06:03.163+0000][1285][safepoint   ] Safepoint "G1PauseCleanup", Time since last: 24280837 ns, Reaching safepoint: 3417 ns, Cleanup: 15834 ns, At safepoint: 68876 ns, Total: 88127 ns
[2025-03-14T10:06:03.163+0000][1285][gc,marking  ] GC(24) Concurrent Clear Claimed Marks
[2025-03-14T10:06:03.163+0000][1285][gc,marking  ] GC(24) Concurrent Clear Claimed Marks 0.075ms
[2025-03-14T10:06:03.163+0000][1285][gc,marking  ] GC(24) Concurrent Cleanup for Next Mark
[2025-03-14T10:06:03.182+0000][1285][gc,marking  ] GC(24) Concurrent Cleanup for Next Mark 18.816ms
[2025-03-14T10:06:03.182+0000][1285][gc          ] GC(24) Concurrent Mark Cycle 219.444ms
[2025-03-14T10:06:04.164+0000][1285][safepoint   ] Safepoint "Cleanup", Time since last: 1000803600 ns, Reaching safepoint: 7375 ns, Cleanup: 17334 ns, At safepoint: 4084 ns, Total: 28793 ns
[2025-03-14T10:06:06.164+0000][1285][safepoint   ] Safepoint "Cleanup", Time since last: 2000357656 ns, Reaching safepoint: 12584 ns, Cleanup: 34376 ns, At safepoint: 5708 ns, Total: 52668 ns
[2025-03-14T10:06:09.165+0000][1285][safepoint   ] Safepoint "Cleanup", Time since last: 3000225045 ns, Reaching safepoint: 25625 ns, Cleanup: 12876 ns, At safepoint: 5542 ns, Total: 44043 ns
[2025-03-14T10:06:12.165+0000][1285][safepoint   ] Safepoint "Cleanup", Time since last: 3000225857 ns, Reaching safepoint: 11375 ns, Cleanup: 23043 ns, At safepoint: 5250 ns, Total: 39668 ns
[2025-03-14T10:06:13.165+0000][1285][safepoint   ] Safepoint "Cleanup", Time since last: 1000094285 ns, Reaching safepoint: 5041 ns, Cleanup: 14709 ns, At safepoint: 4042 ns, Total: 23792 ns
[2025-03-14T10:06:14.166+0000][1285][safepoint   ] Safepoint "Cleanup", Time since last: 1000907893 ns, Reaching safepoint: 6333 ns, Cleanup: 10832 ns, At safepoint: 4125 ns, Total: 21290 ns
[2025-03-14T10:06:15.166+0000][1285][safepoint   ] Safepoint "Cleanup", Time since last: 1000089888 ns, Reaching safepoint: 27165 ns, Cleanup: 27290 ns, At safepoint: 7332 ns, Total: 61787 ns
[2025-03-14T10:06:16.166+0000][1285][safepoint   ] Safepoint "Cleanup", Time since last: 1000111424 ns, Reaching safepoint: 7082 ns, Cleanup: 14416 ns, At safepoint: 3666 ns, Total: 25164 ns
[2025-03-14T10:06:18.168+0000][1285][safepoint   ] Safepoint "Cleanup", Time since last: 2001304202 ns, Reaching safepoint: 51329 ns, Cleanup: 62537 ns, At safepoint: 17499 ns, Total: 131365 ns
[2025-03-14T10:06:20.485+0000][1285][safepoint   ] Safepoint "Cleanup", Time since last: 2317405686 ns, Reaching safepoint: 5166 ns, Cleanup: 9708 ns, At safepoint: 3791 ns, Total: 18665 ns
[2025-03-14T10:06:21.485+0000][1285][safepoint   ] Safepoint "Cleanup", Time since last: 1000130399 ns, Reaching safepoint: 14457 ns, Cleanup: 8500 ns, At safepoint: 8166 ns, Total: 31123 ns
[2025-03-14T10:06:24.486+0000][1285][safepoint   ] Safepoint "Cleanup", Time since last: 3000637017 ns, Reaching safepoint: 5707 ns, Cleanup: 26707 ns, At safepoint: 3708 ns, Total: 36122 ns
[2025-03-14T10:06:27.487+0000][1285][safepoint   ] Safepoint "Cleanup", Time since last: 3001114670 ns, Reaching safepoint: 29081 ns, Cleanup: 18165 ns, At safepoint: 14166 ns, Total: 61412 ns
[2025-03-14T10:06:28.487+0000][1285][safepoint   ] Safepoint "Cleanup", Time since last: 1000081250 ns, Reaching safepoint: 7708 ns, Cleanup: 8333 ns, At safepoint: 4708 ns, Total: 20749 ns
[2025-03-14T10:06:30.487+0000][1285][safepoint   ] Safepoint "Cleanup", Time since last: 2000153023 ns, Reaching safepoint: 7041 ns, Cleanup: 48038 ns, At safepoint: 4500 ns, Total: 59579 ns
[2025-03-14T10:06:31.488+0000][1285][safepoint   ] Safepoint "Cleanup", Time since last: 1000104227 ns, Reaching safepoint: 52371 ns, Cleanup: 65078 ns, At safepoint: 5958 ns, Total: 123407 ns
[2025-03-14T10:06:32.488+0000][1285][safepoint   ] Safepoint "Cleanup", Time since last: 1000118328 ns, Reaching safepoint: 54371 ns, Cleanup: 42080 ns, At safepoint: 13416 ns, Total: 109867 ns
[2025-03-14T10:06:33.488+0000][1285][safepoint   ] Safepoint "Cleanup", Time since last: 1000150176 ns, Reaching safepoint: 13166 ns, Cleanup: 18790 ns, At safepoint: 5375 ns, Total: 37331 ns
[2025-03-14T10:06:36.489+0000][1285][safepoint   ] Safepoint "Cleanup", Time since last: 3000988919 ns, Reaching safepoint: 12416 ns, Cleanup: 17041 ns, At safepoint: 6082 ns, Total: 35539 ns
[2025-03-14T10:06:40.490+0000][1285][safepoint   ] Safepoint "Cleanup", Time since last: 4000986500 ns, Reaching safepoint: 34289 ns, Cleanup: 67036 ns, At safepoint: 11666 ns, Total: 112991 ns
[2025-03-14T10:06:41.491+0000][1285][safepoint   ] Safepoint "Cleanup", Time since last: 1000910479 ns, Reaching safepoint: 37289 ns, Cleanup: 118241 ns, At safepoint: 19541 ns, Total: 175071 ns
[2025-03-14T10:06:42.492+0000][1285][safepoint   ] Safepoint "Cleanup", Time since last: 1000202750 ns, Reaching safepoint: 20998 ns, Cleanup: 23249 ns, At safepoint: 5916 ns, Total: 50163 ns
[2025-03-14T10:06:43.492+0000][1285][safepoint   ] Safepoint "Cleanup", Time since last: 1000405244 ns, Reaching safepoint: 16957 ns, Cleanup: 16582 ns, At safepoint: 5875 ns, Total: 39414 ns
[2025-03-14T10:06:45.493+0000][1285][safepoint   ] Safepoint "Cleanup", Time since last: 2000956335 ns, Reaching safepoint: 16790 ns, Cleanup: 24332 ns, At safepoint: 5874 ns, Total: 46996 ns
[2025-03-14T10:06:47.951+0000][1285][safepoint   ] Safepoint "ICBufferFull", Time since last: 2457288344 ns, Reaching safepoint: 148572 ns, Cleanup: 79452 ns, At safepoint: 9541 ns, Total: 237565 ns
[2025-03-14T10:06:48.110+0000][1285][safepoint   ] Safepoint "ICBufferFull", Time since last: 156422386 ns, Reaching safepoint: 3060105 ns, Cleanup: 93702 ns, At safepoint: 6916 ns, Total: 3160723 ns
[2025-03-14T10:06:48.292+0000][1285][safepoint   ] Safepoint "ICBufferFull", Time since last: 181273870 ns, Reaching safepoint: 4666 ns, Cleanup: 119866 ns, At safepoint: 4833 ns, Total: 129365 ns
[2025-03-14T10:06:48.691+0000][1285][safepoint   ] Safepoint "ICBufferFull", Time since last: 399432950 ns, Reaching safepoint: 3791 ns, Cleanup: 73620 ns, At safepoint: 7583 ns, Total: 84994 ns
[2025-03-14T10:06:48.742+0000][1285][safepoint   ] Safepoint "ICBufferFull", Time since last: 46915796 ns, Reaching safepoint: 4230643 ns, Cleanup: 59412 ns, At safepoint: 5667 ns, Total: 4295722 ns
[2025-03-14T10:06:49.007+0000][1285][safepoint   ] Safepoint "ICBufferFull", Time since last: 264975259 ns, Reaching safepoint: 71161 ns, Cleanup: 96201 ns, At safepoint: 4292 ns, Total: 171654 ns
[2025-03-14T10:06:50.022+0000][1285][safepoint   ] Safepoint "Cleanup", Time since last: 1014004960 ns, Reaching safepoint: 13208 ns, Cleanup: 80910 ns, At safepoint: 6042 ns, Total: 100160 ns
[2025-03-14T10:06:51.022+0000][1285][safepoint   ] Safepoint "Cleanup", Time since last: 1000124414 ns, Reaching safepoint: 44871 ns, Cleanup: 92535 ns, At safepoint: 11124 ns, Total: 148530 ns
[2025-03-14T10:06:52.022+0000][1285][safepoint   ] Safepoint "Cleanup", Time since last: 1000110168 ns, Reaching safepoint: 13166 ns, Cleanup: 99409 ns, At safepoint: 5875 ns, Total: 118450 ns
[2025-03-14T10:06:53.022+0000][1285][safepoint   ] Safepoint "Cleanup", Time since last: 1000103045 ns, Reaching safepoint: 7167 ns, Cleanup: 9249 ns, At safepoint: 9291 ns, Total: 25707 ns
[2025-03-14T10:06:54.023+0000][1285][safepoint   ] Safepoint "Cleanup", Time since last: 1000843283 ns, Reaching safepoint: 11999 ns, Cleanup: 38956 ns, At safepoint: 6999 ns, Total: 57954 ns
[2025-03-14T10:06:55.023+0000][1285][safepoint   ] Safepoint "Cleanup", Time since last: 1000117630 ns, Reaching safepoint: 10374 ns, Cleanup: 10749 ns, At safepoint: 5417 ns, Total: 26540 ns
[2025-03-14T10:06:57.023+0000][1285][safepoint   ] Safepoint "Cleanup", Time since last: 2000159597 ns, Reaching safepoint: 24748 ns, Cleanup: 48705 ns, At safepoint: 6250 ns, Total: 79703 ns
[2025-03-14T10:07:00.026+0000][1285][safepoint   ] Safepoint "Cleanup", Time since last: 3002543881 ns, Reaching safepoint: 12540 ns, Cleanup: 22207 ns, At safepoint: 6666 ns, Total: 41413 ns
[2025-03-14T10:07:03.027+0000][1285][safepoint   ] Safepoint "Cleanup", Time since last: 3000842562 ns, Reaching safepoint: 20040 ns, Cleanup: 16540 ns, At safepoint: 4042 ns, Total: 40622 ns
[2025-03-14T10:07:04.028+0000][1285][safepoint   ] Safepoint "Cleanup", Time since last: 1000770475 ns, Reaching safepoint: 8708 ns, Cleanup: 11207 ns, At safepoint: 4708 ns, Total: 24623 ns
[2025-03-14T10:07:06.028+0000][1285][safepoint   ] Safepoint "Cleanup", Time since last: 2000148911 ns, Reaching safepoint: 11416 ns, Cleanup: 70787 ns, At safepoint: 4833 ns, Total: 87036 ns
[2025-03-14T10:07:09.029+0000][1285][safepoint   ] Safepoint "Cleanup", Time since last: 3001099397 ns, Reaching safepoint: 11624 ns, Cleanup: 14124 ns, At safepoint: 5708 ns, Total: 31456 ns
[2025-03-14T10:07:12.029+0000][1285][safepoint   ] Safepoint "Cleanup", Time since last: 3000244219 ns, Reaching safepoint: 25081 ns, Cleanup: 31873 ns, At safepoint: 12332 ns, Total: 69286 ns
[2025-03-14T10:07:13.030+0000][1285][safepoint   ] Safepoint "Cleanup", Time since last: 1000111955 ns, Reaching safepoint: 7458 ns, Cleanup: 17040 ns, At safepoint: 4708 ns, Total: 29206 ns
[2025-03-14T10:07:14.030+0000][1285][safepoint   ] Safepoint "Cleanup", Time since last: 1000093529 ns, Reaching safepoint: 6500 ns, Cleanup: 16623 ns, At safepoint: 4875 ns, Total: 27998 ns
[2025-03-14T10:07:15.030+0000][1285][safepoint   ] Safepoint "Cleanup", Time since last: 1000089535 ns, Reaching safepoint: 7542 ns, Cleanup: 16375 ns, At safepoint: 4625 ns, Total: 28542 ns
[2025-03-14T10:07:17.030+0000][1285][safepoint   ] Safepoint "Cleanup", Time since last: 2000175197 ns, Reaching safepoint: 144170 ns, Cleanup: 54418 ns, At safepoint: 14751 ns, Total: 213339 ns
[2025-03-14T10:07:18.030+0000][1285][safepoint   ] Safepoint "Cleanup", Time since last: 1000194707 ns, Reaching safepoint: 10334 ns, Cleanup: 19125 ns, At safepoint: 12626 ns, Total: 42085 ns
[2025-03-14T10:07:19.031+0000][1285][safepoint   ] Safepoint "Cleanup", Time since last: 1000429910 ns, Reaching safepoint: 13833 ns, Cleanup: 17126 ns, At safepoint: 8667 ns, Total: 39626 ns
[2025-03-14T10:07:21.553+0000][1285][safepoint   ] Safepoint "Cleanup", Time since last: 2522186110 ns, Reaching safepoint: 45460 ns, Cleanup: 55543 ns, At safepoint: 17125 ns, Total: 118128 ns
[2025-03-14T10:07:24.554+0000][1285][safepoint   ] Safepoint "Cleanup", Time since last: 3000502418 ns, Reaching safepoint: 98878 ns, Cleanup: 37001 ns, At safepoint: 8833 ns, Total: 144712 ns
[2025-03-14T10:07:25.554+0000][1285][safepoint   ] Safepoint "Cleanup", Time since last: 1000178040 ns, Reaching safepoint: 7833 ns, Cleanup: 23251 ns, At safepoint: 5000 ns, Total: 36084 ns
[2025-03-14T10:07:26.554+0000][1285][safepoint   ] Safepoint "Cleanup", Time since last: 1000090438 ns, Reaching safepoint: 7709 ns, Cleanup: 15292 ns, At safepoint: 4250 ns, Total: 27251 ns
[2025-03-14T10:07:27.555+0000][1285][safepoint   ] Safepoint "Cleanup", Time since last: 1000841067 ns, Reaching safepoint: 10292 ns, Cleanup: 37042 ns, At safepoint: 8250 ns, Total: 55584 ns
[2025-03-14T10:07:29.556+0000][1285][safepoint   ] Safepoint "Cleanup", Time since last: 2001013524 ns, Reaching safepoint: 56335 ns, Cleanup: 14292 ns, At safepoint: 7542 ns, Total: 78169 ns
[2025-03-14T10:07:30.556+0000][1285][safepoint   ] Safepoint "Cleanup", Time since last: 1000094370 ns, Reaching safepoint: 34751 ns, Cleanup: 9959 ns, At safepoint: 5083 ns, Total: 49793 ns
[2025-03-14T10:07:33.557+0000][1285][safepoint   ] Safepoint "Cleanup", Time since last: 3000251669 ns, Reaching safepoint: 26834 ns, Cleanup: 13458 ns, At safepoint: 7792 ns, Total: 48084 ns
[2025-03-14T10:07:36.557+0000][1285][safepoint   ] Safepoint "Cleanup", Time since last: 3000263873 ns, Reaching safepoint: 7542 ns, Cleanup: 30042 ns, At safepoint: 6209 ns, Total: 43793 ns
[2025-03-14T10:07:39.559+0000][1285][safepoint   ] Safepoint "Cleanup", Time since last: 3001508643 ns, Reaching safepoint: 43668 ns, Cleanup: 66502 ns, At safepoint: 20667 ns, Total: 130837 ns
[2025-03-14T10:07:40.560+0000][1285][safepoint   ] Safepoint "Cleanup", Time since last: 1001049326 ns, Reaching safepoint: 138754 ns, Cleanup: 84044 ns, At safepoint: 32293 ns, Total: 255091 ns
[2025-03-14T10:07:42.561+0000][1285][safepoint   ] Safepoint "Cleanup", Time since last: 2000820929 ns, Reaching safepoint: 42168 ns, Cleanup: 147587 ns, At safepoint: 17250 ns, Total: 207005 ns
[2025-03-14T10:07:43.561+0000][1285][safepoint   ] Safepoint "Cleanup", Time since last: 1000326992 ns, Reaching safepoint: 10501 ns, Cleanup: 19875 ns, At safepoint: 6667 ns, Total: 37043 ns
[2025-03-14T10:07:44.564+0000][1285][safepoint   ] Safepoint "Cleanup", Time since last: 1002222313 ns, Reaching safepoint: 61877 ns, Cleanup: 158171 ns, At safepoint: 15000 ns, Total: 235048 ns
[2025-03-14T10:07:45.564+0000][1285][safepoint   ] Safepoint "Cleanup", Time since last: 1000235278 ns, Reaching safepoint: 8959 ns, Cleanup: 23125 ns, At safepoint: 6251 ns, Total: 38335 ns
[2025-03-14T10:07:48.565+0000][1285][safepoint   ] Safepoint "Cleanup", Time since last: 3001153499 ns, Reaching safepoint: 22876 ns, Cleanup: 39959 ns, At safepoint: 5375 ns, Total: 68210 ns
[2025-03-14T10:07:49.565+0000][1285][safepoint   ] Safepoint "Cleanup", Time since last: 1000108057 ns, Reaching safepoint: 39959 ns, Cleanup: 20751 ns, At safepoint: 7458 ns, Total: 68168 ns
[2025-03-14T10:07:51.566+0000][1285][safepoint   ] Safepoint "Cleanup", Time since last: 2000169581 ns, Reaching safepoint: 17875 ns, Cleanup: 20376 ns, At safepoint: 12000 ns, Total: 50251 ns
[2025-03-14T10:07:55.566+0000][1285][safepoint   ] Safepoint "Cleanup", Time since last: 4000287738 ns, Reaching safepoint: 5917 ns, Cleanup: 21375 ns, At safepoint: 5375 ns, Total: 32667 ns
[2025-03-14T10:07:56.566+0000][1285][safepoint   ] Safepoint "Cleanup", Time since last: 1000092757 ns, Reaching safepoint: 6500 ns, Cleanup: 27585 ns, At safepoint: 5583 ns, Total: 39668 ns
[2025-03-14T10:07:57.566+0000][1285][safepoint   ] Safepoint "Cleanup", Time since last: 1000086731 ns, Reaching safepoint: 7750 ns, Cleanup: 17167 ns, At safepoint: 4334 ns, Total: 29251 ns
[2025-03-14T10:08:00.568+0000][1285][safepoint   ] Safepoint "Cleanup", Time since last: 3001553320 ns, Reaching safepoint: 273175 ns, Cleanup: 367968 ns, At safepoint: 35751 ns, Total: 676894 ns
[2025-03-14T10:08:01.570+0000][1285][safepoint   ] Safepoint "Cleanup", Time since last: 1001034068 ns, Reaching safepoint: 63918 ns, Cleanup: 132587 ns, At safepoint: 20501 ns, Total: 217006 ns
[2025-03-14T10:08:03.573+0000][1285][safepoint   ] Safepoint "Cleanup", Time since last: 2003270670 ns, Reaching safepoint: 50085 ns, Cleanup: 49460 ns, At safepoint: 10083 ns, Total: 109628 ns
[2025-03-14T10:08:06.574+0000][1285][safepoint   ] Safepoint "Cleanup", Time since last: 3001480205 ns, Reaching safepoint: 9250 ns, Cleanup: 9292 ns, At safepoint: 4542 ns, Total: 23084 ns
[2025-03-14T10:08:07.575+0000][1285][safepoint   ] Safepoint "Cleanup", Time since last: 1000094126 ns, Reaching safepoint: 8000 ns, Cleanup: 7501 ns, At safepoint: 5041 ns, Total: 20542 ns
[2025-03-14T10:08:08.575+0000][1285][safepoint   ] Safepoint "Cleanup", Time since last: 1000091931 ns, Reaching safepoint: 8167 ns, Cleanup: 11542 ns, At safepoint: 4792 ns, Total: 24501 ns
[2025-03-14T10:08:09.576+0000][1285][safepoint   ] Safepoint "Cleanup", Time since last: 1001249351 ns, Reaching safepoint: 9084 ns, Cleanup: 26751 ns, At safepoint: 3291 ns, Total: 39126 ns
[2025-03-14T10:08:12.576+0000][1285][safepoint   ] Safepoint "Cleanup", Time since last: 3000226574 ns, Reaching safepoint: 10792 ns, Cleanup: 32751 ns, At safepoint: 5917 ns, Total: 49460 ns
[2025-03-14T10:08:13.576+0000][1285][safepoint   ] Safepoint "Cleanup", Time since last: 1000098661 ns, Reaching safepoint: 7709 ns, Cleanup: 16542 ns, At safepoint: 4334 ns, Total: 28585 ns
[2025-03-14T10:08:15.577+0000][1285][safepoint   ] Safepoint "Cleanup", Time since last: 2000172441 ns, Reaching safepoint: 7625 ns, Cleanup: 31584 ns, At safepoint: 3209 ns, Total: 42418 ns
[2025-03-14T10:08:18.578+0000][1285][safepoint   ] Safepoint "Cleanup", Time since last: 3000568466 ns, Reaching safepoint: 248340 ns, Cleanup: 113670 ns, At safepoint: 13667 ns, Total: 375677 ns
[2025-03-14T10:08:21.620+0000][1285][safepoint   ] Safepoint "Cleanup", Time since last: 3042757279 ns, Reaching safepoint: 30834 ns, Cleanup: 20501 ns, At safepoint: 6209 ns, Total: 57544 ns
[2025-03-14T10:08:23.622+0000][1285][safepoint   ] Safepoint "Cleanup", Time since last: 2000393752 ns, Reaching safepoint: 90877 ns, Cleanup: 77044 ns, At safepoint: 1022403 ns, Total: 1190324 ns
[2025-03-14T10:08:23.943+0000][1285][gc,start    ] GC(25) Pause Young (Prepare Mixed) (G1 Evacuation Pause)
[2025-03-14T10:08:23.943+0000][1285][gc,task     ] GC(25) Using 1 workers of 1 for evacuation
[2025-03-14T10:08:23.943+0000][1285][gc,age      ] GC(25) Desired survivor size 48234496 bytes, new threshold 15 (max threshold 15)
[2025-03-14T10:08:24.047+0000][1285][gc,phases   ] GC(25)   Pre Evacuate Collection Set: 0.55ms
[2025-03-14T10:08:24.047+0000][1285][gc,phases   ] GC(25)   Merge Heap Roots: 0.23ms
[2025-03-14T10:08:24.047+0000][1285][gc,phases   ] GC(25)   Evacuate Collection Set: 98.18ms
[2025-03-14T10:08:24.047+0000][1285][gc,phases   ] GC(25)   Post Evacuate Collection Set: 4.44ms
[2025-03-14T10:08:24.047+0000][1285][gc,phases   ] GC(25)   Other: 0.28ms
[2025-03-14T10:08:24.047+0000][1285][gc,age      ] GC(25) Age table with threshold 15 (max threshold 15)
[2025-03-14T10:08:24.047+0000][1285][gc,age      ] GC(25) - age   1:    3598040 bytes,    3598040 total
[2025-03-14T10:08:24.047+0000][1285][gc,age      ] GC(25) - age   2:      48192 bytes,    3646232 total
[2025-03-14T10:08:24.047+0000][1285][gc,age      ] GC(25) - age   3:     161112 bytes,    3807344 total
[2025-03-14T10:08:24.047+0000][1285][gc,age      ] GC(25) - age   4:   10649824 bytes,   14457168 total
[2025-03-14T10:08:24.047+0000][1285][gc,age      ] GC(25) - age   5:    2562704 bytes,   17019872 total
[2025-03-14T10:08:24.047+0000][1285][gc,age      ] GC(25) - age   6:    9810432 bytes,   26830304 total
[2025-03-14T10:08:24.047+0000][1285][gc,heap     ] GC(25) Eden regions: 174->0(285)
[2025-03-14T10:08:24.047+0000][1285][gc,heap     ] GC(25) Survivor regions: 6->7(23)
[2025-03-14T10:08:24.047+0000][1285][gc,heap     ] GC(25) Old regions: 18->18
[2025-03-14T10:08:24.047+0000][1285][gc,heap     ] GC(25) Humongous regions: 5->5
[2025-03-14T10:08:24.047+0000][1285][gc,metaspace] GC(25) Metaspace: 119664K(122880K)->119664K(122880K) NonClass: 103249K(105024K)->103249K(105024K) Class: 16414K(17856K)->16414K(17856K)
[2025-03-14T10:08:24.047+0000][1285][gc          ] GC(25) Pause Young (Prepare Mixed) (G1 Evacuation Pause) 810M->116M(1952M) 104.038ms
[2025-03-14T10:08:24.047+0000][1285][gc,cpu      ] GC(25) User=0.10s Sys=0.00s Real=0.10s
[2025-03-14T10:08:24.049+0000][1285][safepoint   ] Safepoint "G1CollectForAllocation", Time since last: 321007125 ns, Reaching safepoint: 13959 ns, Cleanup: 22709 ns, At safepoint: 105948401 ns, Total: 105985069 ns
[2025-03-14T10:08:25.052+0000][1285][safepoint   ] Safepoint "Cleanup", Time since last: 1003368922 ns, Reaching safepoint: 24959 ns, Cleanup: 21417 ns, At safepoint: 6750 ns, Total: 53126 ns
[2025-03-14T10:08:25.683+0000][1285][safepoint   ] Safepoint "ICBufferFull", Time since last: 630715907 ns, Reaching safepoint: 19584 ns, Cleanup: 129836 ns, At safepoint: 21209 ns, Total: 170629 ns
[2025-03-14T10:08:26.684+0000][1285][safepoint   ] Safepoint "Cleanup", Time since last: 1000155391 ns, Reaching safepoint: 41293 ns, Cleanup: 127295 ns, At safepoint: 13459 ns, Total: 182047 ns
[2025-03-14T10:08:27.684+0000][1285][safepoint   ] Safepoint "Cleanup", Time since last: 1000136524 ns, Reaching safepoint: 32459 ns, Cleanup: 17668 ns, At safepoint: 5500 ns, Total: 55627 ns
[2025-03-14T10:08:28.684+0000][1285][safepoint   ] Safepoint "Cleanup", Time since last: 1000105408 ns, Reaching safepoint: 10667 ns, Cleanup: 11084 ns, At safepoint: 5458 ns, Total: 27209 ns
[2025-03-14T10:08:30.685+0000][1285][safepoint   ] Safepoint "Cleanup", Time since last: 2000789737 ns, Reaching safepoint: 22709 ns, Cleanup: 94919 ns, At safepoint: 5459 ns, Total: 123087 ns
[2025-03-14T10:08:34.686+0000][1285][safepoint   ] Safepoint "Cleanup", Time since last: 4001206280 ns, Reaching safepoint: 47710 ns, Cleanup: 15042 ns, At safepoint: 10000 ns, Total: 72752 ns
[2025-03-14T10:08:36.690+0000][1285][safepoint   ] Safepoint "Cleanup", Time since last: 2002678855 ns, Reaching safepoint: 76919 ns, Cleanup: 633476 ns, At safepoint: 23084 ns, Total: 733479 ns
[2025-03-14T10:08:38.690+0000][1285][safepoint   ] Safepoint "Cleanup", Time since last: 2000448618 ns, Reaching safepoint: 105836 ns, Cleanup: 29001 ns, At safepoint: 15084 ns, Total: 149921 ns
[2025-03-14T10:08:39.690+0000][1285][safepoint   ] Safepoint "Cleanup", Time since last: 1000232467 ns, Reaching safepoint: 23626 ns, Cleanup: 20417 ns, At safepoint: 5750 ns, Total: 49793 ns
[2025-03-14T10:08:41.692+0000][1285][safepoint   ] Safepoint "Cleanup", Time since last: 2001509030 ns, Reaching safepoint: 204547 ns, Cleanup: 139504 ns, At safepoint: 40001 ns, Total: 384052 ns
[2025-03-14T10:08:42.693+0000][1285][safepoint   ] Safepoint "Cleanup", Time since last: 1000507541 ns, Reaching safepoint: 60126 ns, Cleanup: 154088 ns, At safepoint: 56168 ns, Total: 270382 ns
[2025-03-14T10:08:48.696+0000][1285][safepoint   ] Safepoint "Cleanup", Time since last: 6002470049 ns, Reaching safepoint: 20126 ns, Cleanup: 67918 ns, At safepoint: 9126 ns, Total: 97170 ns
[2025-03-14T10:08:51.696+0000][1285][safepoint   ] Safepoint "Cleanup", Time since last: 3000309135 ns, Reaching safepoint: 32668 ns, Cleanup: 32376 ns, At safepoint: 8833 ns, Total: 73877 ns
[2025-03-14T10:08:52.696+0000][1285][safepoint   ] Safepoint "Cleanup", Time since last: 1000141852 ns, Reaching safepoint: 19125 ns, Cleanup: 14709 ns, At safepoint: 6209 ns, Total: 40043 ns
[2025-03-14T10:08:54.697+0000][1285][safepoint   ] Safepoint "Cleanup", Time since last: 2000366391 ns, Reaching safepoint: 51793 ns, Cleanup: 64710 ns, At safepoint: 13584 ns, Total: 130087 ns
[2025-03-14T10:08:56.697+0000][1285][safepoint   ] Safepoint "Cleanup", Time since last: 2000195287 ns, Reaching safepoint: 123253 ns, Cleanup: 31751 ns, At safepoint: 17834 ns, Total: 172838 ns
[2025-03-14T10:08:58.698+0000][1285][safepoint   ] Safepoint "Cleanup", Time since last: 2000283147 ns, Reaching safepoint: 110378 ns, Cleanup: 21751 ns, At safepoint: 6666 ns, Total: 138795 ns
[2025-03-14T10:08:59.698+0000][1285][safepoint   ] Safepoint "Cleanup", Time since last: 1000145229 ns, Reaching safepoint: 7208 ns, Cleanup: 20084 ns, At safepoint: 5250 ns, Total: 32542 ns
[2025-03-14T10:09:00.698+0000][1285][safepoint   ] Safepoint "Cleanup", Time since last: 1000102650 ns, Reaching safepoint: 9917 ns, Cleanup: 17209 ns, At safepoint: 5583 ns, Total: 32709 ns
[2025-03-14T10:09:01.699+0000][1285][safepoint   ] Safepoint "Cleanup", Time since last: 1000584169 ns, Reaching safepoint: 180672 ns, Cleanup: 65210 ns, At safepoint: 50585 ns, Total: 296467 ns
[2025-03-14T10:09:03.700+0000][1285][safepoint   ] Safepoint "Cleanup", Time since last: 2001134104 ns, Reaching safepoint: 198255 ns, Cleanup: 177422 ns, At safepoint: 33376 ns, Total: 409053 ns
[2025-03-14T10:09:04.701+0000][1285][safepoint   ] Safepoint "Cleanup", Time since last: 1000355971 ns, Reaching safepoint: 37751 ns, Cleanup: 30876 ns, At safepoint: 25876 ns, Total: 94503 ns
[2025-03-14T10:09:06.710+0000][1285][safepoint   ] Safepoint "Cleanup", Time since last: 2009246323 ns, Reaching safepoint: 45251 ns, Cleanup: 36292 ns, At safepoint: 5334 ns, Total: 86877 ns
[2025-03-14T10:09:11.711+0000][1285][safepoint   ] Safepoint "Cleanup", Time since last: 5000896753 ns, Reaching safepoint: 44751 ns, Cleanup: 26751 ns, At safepoint: 8083 ns, Total: 79585 ns
[2025-03-14T10:09:12.712+0000][1285][safepoint   ] Safepoint "Cleanup", Time since last: 1000966738 ns, Reaching safepoint: 12000 ns, Cleanup: 26876 ns, At safepoint: 5000 ns, Total: 43876 ns
[2025-03-14T10:09:13.712+0000][1285][safepoint   ] Safepoint "Cleanup", Time since last: 1000135052 ns, Reaching safepoint: 13334 ns, Cleanup: 5625 ns, At safepoint: 4167 ns, Total: 23126 ns
[2025-03-14T10:09:15.712+0000][1285][safepoint   ] Safepoint "Cleanup", Time since last: 2000162115 ns, Reaching safepoint: 19334 ns, Cleanup: 13292 ns, At safepoint: 5375 ns, Total: 38001 ns
[2025-03-14T10:09:18.713+0000][1285][safepoint   ] Safepoint "Cleanup", Time since last: 3000216390 ns, Reaching safepoint: 12333 ns, Cleanup: 35126 ns, At safepoint: 5375 ns, Total: 52834 ns
[2025-03-14T10:09:19.713+0000][1285][safepoint   ] Safepoint "Cleanup", Time since last: 1000129374 ns, Reaching safepoint: 7916 ns, Cleanup: 11792 ns, At safepoint: 4042 ns, Total: 23750 ns
[2025-03-14T10:09:21.671+0000][1285][safepoint   ] Safepoint "Cleanup", Time since last: 1958235554 ns, Reaching safepoint: 45043 ns, Cleanup: 91293 ns, At safepoint: 20626 ns, Total: 156962 ns
[2025-03-14T10:09:24.674+0000][1285][safepoint   ] Safepoint "Cleanup", Time since last: 3002204000 ns, Reaching safepoint: 22542 ns, Cleanup: 173462 ns, At safepoint: 14542 ns, Total: 210546 ns
[2025-03-14T10:09:26.674+0000][1285][safepoint   ] Safepoint "Cleanup", Time since last: 2000408091 ns, Reaching safepoint: 67376 ns, Cleanup: 70252 ns, At safepoint: 28584 ns, Total: 166212 ns
[2025-03-14T10:09:27.675+0000][1285][safepoint   ] Safepoint "Cleanup", Time since last: 1000403507 ns, Reaching safepoint: 13667 ns, Cleanup: 21709 ns, At safepoint: 5708 ns, Total: 41084 ns
[2025-03-14T10:09:30.675+0000][1285][safepoint   ] Safepoint "Cleanup", Time since last: 3000215910 ns, Reaching safepoint: 10709 ns, Cleanup: 21042 ns, At safepoint: 4667 ns, Total: 36418 ns
[2025-03-14T10:09:34.677+0000][1285][safepoint   ] Safepoint "Cleanup", Time since last: 4002096341 ns, Reaching safepoint: 8542 ns, Cleanup: 11625 ns, At safepoint: 5417 ns, Total: 25584 ns
[2025-03-14T10:09:36.678+0000][1285][safepoint   ] Safepoint "Cleanup", Time since last: 2000330487 ns, Reaching safepoint: 859060 ns, Cleanup: 135961 ns, At safepoint: 90669 ns, Total: 1085690 ns
[2025-03-14T10:09:41.680+0000][1285][safepoint   ] Safepoint "Cleanup", Time since last: 5001586782 ns, Reaching safepoint: 152336 ns, Cleanup: 87960 ns, At safepoint: 26168 ns, Total: 266464 ns
[2025-03-14T10:09:42.682+0000][1285][safepoint   ] Safepoint "Cleanup", Time since last: 1000919834 ns, Reaching safepoint: 184795 ns, Cleanup: 121461 ns, At safepoint: 25542 ns, Total: 331798 ns
[2025-03-14T10:09:48.683+0000][1285][safepoint   ] Safepoint "Cleanup", Time since last: 6001576256 ns, Reaching safepoint: 9709 ns, Cleanup: 27626 ns, At safepoint: 6083 ns, Total: 43418 ns
[2025-03-14T10:09:49.684+0000][1285][safepoint   ] Safepoint "Cleanup", Time since last: 1000833788 ns, Reaching safepoint: 7501 ns, Cleanup: 10250 ns, At safepoint: 5083 ns, Total: 22834 ns
[2025-03-14T10:09:51.684+0000][1285][safepoint   ] Safepoint "Cleanup", Time since last: 2000154556 ns, Reaching safepoint: 12750 ns, Cleanup: 10501 ns, At safepoint: 5791 ns, Total: 29042 ns
[2025-03-14T10:09:54.684+0000][1285][safepoint   ] Safepoint "Cleanup", Time since last: 3000230567 ns, Reaching safepoint: 29459 ns, Cleanup: 27876 ns, At safepoint: 12417 ns, Total: 69752 ns
[2025-03-14T10:09:55.685+0000][1285][safepoint   ] Safepoint "Cleanup", Time since last: 1000145501 ns, Reaching safepoint: 7000 ns, Cleanup: 17751 ns, At safepoint: 5167 ns, Total: 29918 ns
[2025-03-14T10:09:56.685+0000][1285][safepoint   ] Safepoint "Cleanup", Time since last: 1000096168 ns, Reaching safepoint: 6917 ns, Cleanup: 9584 ns, At safepoint: 4625 ns, Total: 21126 ns
[2025-03-14T10:09:57.685+0000][1285][safepoint   ] Safepoint "Cleanup", Time since last: 1000091795 ns, Reaching safepoint: 21084 ns, Cleanup: 28542 ns, At safepoint: 8709 ns, Total: 58335 ns
[2025-03-14T10:10:00.687+0000][1285][safepoint   ] Safepoint "Cleanup", Time since last: 3001845052 ns, Reaching safepoint: 11584 ns, Cleanup: 57543 ns, At safepoint: 8750 ns, Total: 77877 ns
[2025-03-14T10:10:01.687+0000][1285][safepoint   ] Safepoint "Cleanup", Time since last: 1000529809 ns, Reaching safepoint: 33084 ns, Cleanup: 34209 ns, At safepoint: 21500 ns, Total: 88793 ns
[2025-03-14T10:10:03.688+0000][1285][safepoint   ] Safepoint "Cleanup", Time since last: 2000550148 ns, Reaching safepoint: 41167 ns, Cleanup: 82377 ns, At safepoint: 11792 ns, Total: 135336 ns
[2025-03-14T10:10:04.688+0000][1285][safepoint   ] Safepoint "Cleanup", Time since last: 1000130799 ns, Reaching safepoint: 6459 ns, Cleanup: 10625 ns, At safepoint: 3708 ns, Total: 20792 ns
[2025-03-14T10:10:06.690+0000][1285][safepoint   ] Safepoint "Cleanup", Time since last: 2001669585 ns, Reaching safepoint: 14958 ns, Cleanup: 23418 ns, At safepoint: 6000 ns, Total: 44376 ns
[2025-03-14T10:10:08.690+0000][1285][safepoint   ] Safepoint "Cleanup", Time since last: 2000154961 ns, Reaching safepoint: 24292 ns, Cleanup: 7875 ns, At safepoint: 5084 ns, Total: 37251 ns
[2025-03-14T10:10:11.691+0000][1285][safepoint   ] Safepoint "Cleanup", Time since last: 3000227028 ns, Reaching safepoint: 44626 ns, Cleanup: 14417 ns, At safepoint: 11375 ns, Total: 70418 ns
[2025-03-14T10:10:15.691+0000][1285][safepoint   ] Safepoint "Cleanup", Time since last: 4000299479 ns, Reaching safepoint: 7292 ns, Cleanup: 40292 ns, At safepoint: 5667 ns, Total: 53251 ns
[2025-03-14T10:10:18.692+0000][1285][safepoint   ] Safepoint "Cleanup", Time since last: 3000557291 ns, Reaching safepoint: 59793 ns, Cleanup: 114919 ns, At safepoint: 16376 ns, Total: 191088 ns
[2025-03-14T10:10:24.726+0000][1285][safepoint   ] Safepoint "Cleanup", Time since last: 6033895107 ns, Reaching safepoint: 257339 ns, Cleanup: 98961 ns, At safepoint: 86293 ns, Total: 442593 ns
[2025-03-14T10:10:25.726+0000][1285][safepoint   ] Safepoint "Cleanup", Time since last: 1000341722 ns, Reaching safepoint: 35001 ns, Cleanup: 55751 ns, At safepoint: 5959 ns, Total: 96711 ns
[2025-03-14T10:10:27.727+0000][1285][safepoint   ] Safepoint "Cleanup", Time since last: 2000171701 ns, Reaching safepoint: 47626 ns, Cleanup: 36751 ns, At safepoint: 5917 ns, Total: 90294 ns
[2025-03-14T10:10:28.727+0000][1285][safepoint   ] Safepoint "Cleanup", Time since last: 1000111152 ns, Reaching safepoint: 54501 ns, Cleanup: 17459 ns, At safepoint: 14292 ns, Total: 86252 ns
[2025-03-14T10:10:29.728+0000][1285][safepoint   ] Safepoint "Cleanup", Time since last: 1000133561 ns, Reaching safepoint: 990357 ns, Cleanup: 17167 ns, At safepoint: 7125 ns, Total: 1014649 ns
[2025-03-14T10:10:30.728+0000][1285][safepoint   ] Safepoint "Cleanup", Time since last: 1000220639 ns, Reaching safepoint: 135920 ns, Cleanup: 95168 ns, At safepoint: 7001 ns, Total: 238089 ns
[2025-03-14T10:10:30.856+0000][1285][safepoint   ] Safepoint "ICBufferFull", Time since last: 127371213 ns, Reaching safepoint: 4750 ns, Cleanup: 103253 ns, At safepoint: 7792 ns, Total: 115795 ns
[2025-03-14T10:10:31.856+0000][1285][safepoint   ] Safepoint "Cleanup", Time since last: 1000104548 ns, Reaching safepoint: 13000 ns, Cleanup: 74585 ns, At safepoint: 16293 ns, Total: 103878 ns
[2025-03-14T10:10:32.856+0000][1285][safepoint   ] Safepoint "Cleanup", Time since last: 1000117165 ns, Reaching safepoint: 22708 ns, Cleanup: 21376 ns, At safepoint: 5833 ns, Total: 49917 ns
[2025-03-14T10:10:33.856+0000][1285][safepoint   ] Safepoint "Cleanup", Time since last: 1000120823 ns, Reaching safepoint: 7792 ns, Cleanup: 15834 ns, At safepoint: 4416 ns, Total: 28042 ns
[2025-03-14T10:10:35.857+0000][1285][safepoint   ] Safepoint "Cleanup", Time since last: 2000151282 ns, Reaching safepoint: 278632 ns, Cleanup: 5125 ns, At safepoint: 17792 ns, Total: 301549 ns
[2025-03-14T10:10:36.857+0000][1285][safepoint   ] Safepoint "Cleanup", Time since last: 1000068543 ns, Reaching safepoint: 14375 ns, Cleanup: 26959 ns, At safepoint: 5542 ns, Total: 46876 ns
[2025-03-14T10:10:39.861+0000][1285][safepoint   ] Safepoint "Cleanup", Time since last: 3003507354 ns, Reaching safepoint: 129961 ns, Cleanup: 30376 ns, At safepoint: 7417 ns, Total: 167754 ns
[2025-03-14T10:10:41.861+0000][1285][safepoint   ] Safepoint "Cleanup", Time since last: 2000298704 ns, Reaching safepoint: 208630 ns, Cleanup: 27876 ns, At safepoint: 17625 ns, Total: 254131 ns
[2025-03-14T10:10:42.863+0000][1285][safepoint   ] Safepoint "Cleanup", Time since last: 1001290800 ns, Reaching safepoint: 47501 ns, Cleanup: 72585 ns, At safepoint: 50251 ns, Total: 170337 ns
[2025-03-14T10:10:43.863+0000][1285][safepoint   ] Safepoint "Cleanup", Time since last: 1000531020 ns, Reaching safepoint: 148754 ns, Cleanup: 42667 ns, At safepoint: 33376 ns, Total: 224797 ns
[2025-03-14T10:10:45.865+0000][1285][safepoint   ] Safepoint "Cleanup", Time since last: 2000831583 ns, Reaching safepoint: 359217 ns, Cleanup: 103836 ns, At safepoint: 37334 ns, Total: 500387 ns
[2025-03-14T10:10:47.866+0000][1285][safepoint   ] Safepoint "Cleanup", Time since last: 2001166834 ns, Reaching safepoint: 4459 ns, Cleanup: 26750 ns, At safepoint: 11751 ns, Total: 42960 ns
[2025-03-14T10:10:50.867+0000][1285][safepoint   ] Safepoint "Cleanup", Time since last: 3001248915 ns, Reaching safepoint: 5500 ns, Cleanup: 5833 ns, At safepoint: 4251 ns, Total: 15584 ns
[2025-03-14T10:10:51.867+0000][1285][safepoint   ] Safepoint "Cleanup", Time since last: 1000081576 ns, Reaching safepoint: 24625 ns, Cleanup: 17917 ns, At safepoint: 5376 ns, Total: 47918 ns
[2025-03-14T10:10:54.868+0000][1285][safepoint   ] Safepoint "Cleanup", Time since last: 3000293439 ns, Reaching safepoint: 120420 ns, Cleanup: 31125 ns, At safepoint: 18459 ns, Total: 170004 ns
[2025-03-14T10:10:59.869+0000][1285][safepoint   ] Safepoint "Cleanup", Time since last: 5001389273 ns, Reaching safepoint: 6250 ns, Cleanup: 6542 ns, At safepoint: 4917 ns, Total: 17709 ns
[2025-03-14T10:11:01.869+0000][1285][safepoint   ] Safepoint "Cleanup", Time since last: 2000138836 ns, Reaching safepoint: 12208 ns, Cleanup: 14084 ns, At safepoint: 3875 ns, Total: 30167 ns
[2025-03-14T10:11:03.870+0000][1285][safepoint   ] Safepoint "Cleanup", Time since last: 2000242484 ns, Reaching safepoint: 23959 ns, Cleanup: 113377 ns, At safepoint: 56002 ns, Total: 193338 ns
[2025-03-14T10:11:05.874+0000][1285][safepoint   ] Safepoint "Cleanup", Time since last: 2003105114 ns, Reaching safepoint: 807978 ns, Cleanup: 17167 ns, At safepoint: 6167 ns, Total: 831312 ns
[2025-03-14T10:11:08.875+0000][1285][safepoint   ] Safepoint "Cleanup", Time since last: 3001185442 ns, Reaching safepoint: 32334 ns, Cleanup: 13625 ns, At safepoint: 6417 ns, Total: 52376 ns
[2025-03-14T10:11:11.875+0000][1285][safepoint   ] Safepoint "Cleanup", Time since last: 3000249516 ns, Reaching safepoint: 5542 ns, Cleanup: 16792 ns, At safepoint: 3500 ns, Total: 25834 ns
[2025-03-14T10:11:12.877+0000][1285][safepoint   ] Safepoint "Cleanup", Time since last: 1000086498 ns, Reaching safepoint: 1550788 ns, Cleanup: 5584 ns, At safepoint: 4083 ns, Total: 1560455 ns
[2025-03-14T10:11:13.878+0000][1285][safepoint   ] Safepoint "Cleanup", Time since last: 1000996753 ns, Reaching safepoint: 5000 ns, Cleanup: 10334 ns, At safepoint: 2541 ns, Total: 17875 ns
[2025-03-14T10:11:15.878+0000][1285][safepoint   ] Safepoint "Cleanup", Time since last: 2000211950 ns, Reaching safepoint: 72002 ns, Cleanup: 5291 ns, At safepoint: 3542 ns, Total: 80835 ns
[2025-03-14T10:11:17.879+0000][1285][safepoint   ] Safepoint "Cleanup", Time since last: 2000655804 ns, Reaching safepoint: 4875 ns, Cleanup: 27459 ns, At safepoint: 2291 ns, Total: 34625 ns
[2025-03-14T10:11:18.880+0000][1285][safepoint   ] Safepoint "Cleanup", Time since last: 1001039662 ns, Reaching safepoint: 6417 ns, Cleanup: 12001 ns, At safepoint: 2250 ns, Total: 20668 ns
[2025-03-14T10:11:24.781+0000][1285][safepoint   ] Safepoint "Cleanup", Time since last: 5901078802 ns, Reaching safepoint: 32459 ns, Cleanup: 35834 ns, At safepoint: 12667 ns, Total: 80960 ns
[2025-03-14T10:11:27.784+0000][1285][safepoint   ] Safepoint "Cleanup", Time since last: 3002312075 ns, Reaching safepoint: 158171 ns, Cleanup: 146837 ns, At safepoint: 31376 ns, Total: 336384 ns
[2025-03-14T10:11:29.845+0000][1285][gc,start    ] GC(26) Pause Young (Mixed) (G1 Evacuation Pause)
[2025-03-14T10:11:29.845+0000][1285][gc,task     ] GC(26) Using 1 workers of 1 for evacuation
[2025-03-14T10:11:29.845+0000][1285][gc,age      ] GC(26) Desired survivor size 77594624 bytes, new threshold 15 (max threshold 15)
[2025-03-14T10:11:29.964+0000][1285][gc,phases   ] GC(26)   Pre Evacuate Collection Set: 0.43ms
[2025-03-14T10:11:29.964+0000][1285][gc,phases   ] GC(26)   Merge Heap Roots: 0.21ms
[2025-03-14T10:11:29.964+0000][1285][gc,phases   ] GC(26)   Evacuate Collection Set: 114.78ms
[2025-03-14T10:11:29.964+0000][1285][gc,phases   ] GC(26)   Post Evacuate Collection Set: 3.48ms
[2025-03-14T10:11:29.964+0000][1285][gc,phases   ] GC(26)   Other: 0.12ms
[2025-03-14T10:11:29.964+0000][1285][gc,age      ] GC(26) Age table with threshold 15 (max threshold 15)
[2025-03-14T10:11:29.964+0000][1285][gc,age      ] GC(26) - age   1:    3451400 bytes,    3451400 total
[2025-03-14T10:11:29.964+0000][1285][gc,age      ] GC(26) - age   2:    1641288 bytes,    5092688 total
[2025-03-14T10:11:29.964+0000][1285][gc,age      ] GC(26) - age   3:      47712 bytes,    5140400 total
[2025-03-14T10:11:29.964+0000][1285][gc,age      ] GC(26) - age   4:      84008 bytes,    5224408 total
[2025-03-14T10:11:29.964+0000][1285][gc,age      ] GC(26) - age   5:   10529144 bytes,   15753552 total
[2025-03-14T10:11:29.964+0000][1285][gc,age      ] GC(26) - age   6:    2555240 bytes,   18308792 total
[2025-03-14T10:11:29.964+0000][1285][gc,age      ] GC(26) - age   7:    9798632 bytes,   28107424 total
[2025-03-14T10:11:29.964+0000][1285][gc,heap     ] GC(26) Eden regions: 285->0(285)
[2025-03-14T10:11:29.964+0000][1285][gc,heap     ] GC(26) Survivor regions: 7->7(37)
[2025-03-14T10:11:29.964+0000][1285][gc,heap     ] GC(26) Old regions: 18->18
[2025-03-14T10:11:29.964+0000][1285][gc,heap     ] GC(26) Humongous regions: 5->5
[2025-03-14T10:11:29.964+0000][1285][gc,metaspace] GC(26) Metaspace: 120439K(123584K)->120439K(123584K) NonClass: 104003K(105728K)->104003K(105728K) Class: 16435K(17856K)->16435K(17856K)
[2025-03-14T10:11:29.964+0000][1285][gc          ] GC(26) Pause Young (Mixed) (G1 Evacuation Pause) 1256M->118M(1952M) 119.203ms
[2025-03-14T10:11:29.964+0000][1285][gc,cpu      ] GC(26) User=0.11s Sys=0.00s Real=0.12s
[2025-03-14T10:11:29.966+0000][1285][safepoint   ] Safepoint "G1CollectForAllocation", Time since last: 2061350419 ns, Reaching safepoint: 7459 ns, Cleanup: 6417 ns, At safepoint: 120423824 ns, Total: 120437700 ns
[2025-03-14T10:11:30.967+0000][1285][safepoint   ] Safepoint "Cleanup", Time since last: 1000856671 ns, Reaching safepoint: 65044 ns, Cleanup: 39542 ns, At safepoint: 14584 ns, Total: 119170 ns
[2025-03-14T10:11:35.967+0000][1285][safepoint   ] Safepoint "Cleanup", Time since last: 5000573529 ns, Reaching safepoint: 4375 ns, Cleanup: 13792 ns, At safepoint: 4334 ns, Total: 22501 ns
[2025-03-14T10:11:36.967+0000][1285][safepoint   ] Safepoint "Cleanup", Time since last: 1000080815 ns, Reaching safepoint: 7542 ns, Cleanup: 8083 ns, At safepoint: 4250 ns, Total: 19875 ns
[2025-03-14T10:11:38.967+0000][1285][safepoint   ] Safepoint "Cleanup", Time since last: 2000163732 ns, Reaching safepoint: 4833 ns, Cleanup: 9584 ns, At safepoint: 4750 ns, Total: 19167 ns
[2025-03-14T10:11:41.968+0000][1285][safepoint   ] Safepoint "Cleanup", Time since last: 3000788152 ns, Reaching safepoint: 9584 ns, Cleanup: 14708 ns, At safepoint: 8500 ns, Total: 32792 ns
[2025-03-14T10:11:42.969+0000][1285][safepoint   ] Safepoint "Cleanup", Time since last: 1000792366 ns, Reaching safepoint: 29709 ns, Cleanup: 219464 ns, At safepoint: 31751 ns, Total: 280924 ns
[2025-03-14T10:11:43.970+0000][1285][safepoint   ] Safepoint "Cleanup", Time since last: 1000490711 ns, Reaching safepoint: 21584 ns, Cleanup: 35292 ns, At safepoint: 20251 ns, Total: 77127 ns
[2025-03-14T10:11:47.972+0000][1285][safepoint   ] Safepoint "Cleanup", Time since last: 4002081489 ns, Reaching safepoint: 71210 ns, Cleanup: 38876 ns, At safepoint: 4959 ns, Total: 115045 ns
[2025-03-14T10:11:48.972+0000][1285][safepoint   ] Safepoint "Cleanup", Time since last: 1000180628 ns, Reaching safepoint: 7542 ns, Cleanup: 18750 ns, At safepoint: 5792 ns, Total: 32084 ns
[2025-03-14T10:11:49.972+0000][1285][safepoint   ] Safepoint "Cleanup", Time since last: 1000099061 ns, Reaching safepoint: 11209 ns, Cleanup: 10042 ns, At safepoint: 5333 ns, Total: 26584 ns
[2025-03-14T10:11:51.973+0000][1285][safepoint   ] Safepoint "Cleanup", Time since last: 2000154341 ns, Reaching safepoint: 36126 ns, Cleanup: 17250 ns, At safepoint: 6542 ns, Total: 59918 ns
[2025-03-14T10:11:52.974+0000][1285][safepoint   ] Safepoint "Cleanup", Time since last: 1001279019 ns, Reaching safepoint: 8083 ns, Cleanup: 21126 ns, At safepoint: 5375 ns, Total: 34584 ns
[2025-03-14T10:11:53.974+0000][1285][safepoint   ] Safepoint "Cleanup", Time since last: 1000091256 ns, Reaching safepoint: 9750 ns, Cleanup: 15417 ns, At safepoint: 5709 ns, Total: 30876 ns
[2025-03-14T10:11:54.974+0000][1285][safepoint   ] Safepoint "Cleanup", Time since last: 1000098940 ns, Reaching safepoint: 11250 ns, Cleanup: 29793 ns, At safepoint: 6292 ns, Total: 47335 ns
[2025-03-14T10:11:55.974+0000][1285][safepoint   ] Safepoint "Cleanup", Time since last: 1000106957 ns, Reaching safepoint: 17167 ns, Cleanup: 25501 ns, At safepoint: 6750 ns, Total: 49418 ns
[2025-03-14T10:11:58.975+0000][1285][safepoint   ] Safepoint "Cleanup", Time since last: 3000229014 ns, Reaching safepoint: 9833 ns, Cleanup: 13209 ns, At safepoint: 6417 ns, Total: 29459 ns
[2025-03-14T10:11:59.975+0000][1285][safepoint   ] Safepoint "Cleanup", Time since last: 1000094025 ns, Reaching safepoint: 4916 ns, Cleanup: 7084 ns, At safepoint: 4792 ns, Total: 16792 ns
[2025-03-14T10:12:02.977+0000][1285][safepoint   ] Safepoint "Cleanup", Time since last: 3002160428 ns, Reaching safepoint: 11625 ns, Cleanup: 10209 ns, At safepoint: 5250 ns, Total: 27084 ns
[2025-03-14T10:12:03.977+0000][1285][safepoint   ] Safepoint "Cleanup", Time since last: 1000103256 ns, Reaching safepoint: 11959 ns, Cleanup: 22709 ns, At safepoint: 7125 ns, Total: 41793 ns
[2025-03-14T10:12:05.977+0000][1285][safepoint   ] Safepoint "Cleanup", Time since last: 2000166643 ns, Reaching safepoint: 4417 ns, Cleanup: 50585 ns, At safepoint: 4625 ns, Total: 59627 ns
[2025-03-14T10:12:06.978+0000][1285][safepoint   ] Safepoint "Cleanup", Time since last: 1000091471 ns, Reaching safepoint: 7958 ns, Cleanup: 30001 ns, At safepoint: 6458 ns, Total: 44417 ns
[2025-03-14T10:12:08.978+0000][1285][safepoint   ] Safepoint "Cleanup", Time since last: 2000539914 ns, Reaching safepoint: 7917 ns, Cleanup: 10750 ns, At safepoint: 5792 ns, Total: 24459 ns
[2025-03-14T10:12:11.979+0000][1285][safepoint   ] Safepoint "Cleanup", Time since last: 3000908446 ns, Reaching safepoint: 7334 ns, Cleanup: 13958 ns, At safepoint: 5042 ns, Total: 26334 ns
[2025-03-14T10:12:14.979+0000][1285][safepoint   ] Safepoint "Cleanup", Time since last: 3000207022 ns, Reaching safepoint: 5250 ns, Cleanup: 8125 ns, At safepoint: 4125 ns, Total: 17500 ns
[2025-03-14T10:12:15.979+0000][1285][safepoint   ] Safepoint "Cleanup", Time since last: 1000076482 ns, Reaching safepoint: 7208 ns, Cleanup: 13750 ns, At safepoint: 4376 ns, Total: 25334 ns
[2025-03-14T10:12:16.979+0000][1285][safepoint   ] Safepoint "Cleanup", Time since last: 1000097996 ns, Reaching safepoint: 7250 ns, Cleanup: 8959 ns, At safepoint: 4625 ns, Total: 20834 ns
[2025-03-14T10:12:17.980+0000][1285][safepoint   ] Safepoint "Cleanup", Time since last: 1000087969 ns, Reaching safepoint: 5125 ns, Cleanup: 12167 ns, At safepoint: 3583 ns, Total: 20875 ns
[2025-03-14T10:12:18.980+0000][1285][safepoint   ] Safepoint "Cleanup", Time since last: 1000079608 ns, Reaching safepoint: 77252 ns, Cleanup: 8417 ns, At safepoint: 5917 ns, Total: 91586 ns
[2025-03-14T10:12:21.840+0000][1285][safepoint   ] Safepoint "Cleanup", Time since last: 2860359893 ns, Reaching safepoint: 25750 ns, Cleanup: 38501 ns, At safepoint: 14626 ns, Total: 78877 ns
[2025-03-14T10:12:23.842+0000][1285][safepoint   ] Safepoint "Cleanup", Time since last: 2001818923 ns, Reaching safepoint: 11666 ns, Cleanup: 17168 ns, At safepoint: 9833 ns, Total: 38667 ns
[2025-03-14T10:12:24.842+0000][1285][safepoint   ] Safepoint "Cleanup", Time since last: 1000305487 ns, Reaching safepoint: 19209 ns, Cleanup: 21459 ns, At safepoint: 8667 ns, Total: 49335 ns
[2025-03-14T10:12:25.843+0000][1285][safepoint   ] Safepoint "Cleanup", Time since last: 1000194956 ns, Reaching safepoint: 18042 ns, Cleanup: 24251 ns, At safepoint: 12834 ns, Total: 55127 ns
[2025-03-14T10:12:26.845+0000][1285][safepoint   ] Safepoint "Cleanup", Time since last: 1002105644 ns, Reaching safepoint: 4083 ns, Cleanup: 4167 ns, At safepoint: 3750 ns, Total: 12000 ns
[2025-03-14T10:12:27.845+0000][1285][safepoint   ] Safepoint "Cleanup", Time since last: 1000062605 ns, Reaching safepoint: 6833 ns, Cleanup: 16001 ns, At safepoint: 4625 ns, Total: 27459 ns
[2025-03-14T10:12:30.847+0000][1285][safepoint   ] Safepoint "Cleanup", Time since last: 3002203112 ns, Reaching safepoint: 7333 ns, Cleanup: 9334 ns, At safepoint: 4916 ns, Total: 21583 ns
[2025-03-14T10:12:36.847+0000][1285][safepoint   ] Safepoint "Cleanup", Time since last: 6000390967 ns, Reaching safepoint: 7334 ns, Cleanup: 10500 ns, At safepoint: 5292 ns, Total: 23126 ns
[2025-03-14T10:12:39.849+0000][1285][safepoint   ] Safepoint "Cleanup", Time since last: 3001380807 ns, Reaching safepoint: 38626 ns, Cleanup: 155004 ns, At safepoint: 28167 ns, Total: 221797 ns
[2025-03-14T10:12:42.851+0000][1285][safepoint   ] Safepoint "Cleanup", Time since last: 3001614714 ns, Reaching safepoint: 40292 ns, Cleanup: 32543 ns, At safepoint: 11125 ns, Total: 83960 ns
[2025-03-14T10:12:47.853+0000][1285][safepoint   ] Safepoint "Cleanup", Time since last: 5002209522 ns, Reaching safepoint: 23584 ns, Cleanup: 17001 ns, At safepoint: 7917 ns, Total: 48502 ns
[2025-03-14T10:12:48.853+0000][1285][safepoint   ] Safepoint "Cleanup", Time since last: 1000081279 ns, Reaching safepoint: 13375 ns, Cleanup: 19626 ns, At safepoint: 5583 ns, Total: 38584 ns
[2025-03-14T10:12:50.855+0000][1285][safepoint   ] Safepoint "Cleanup", Time since last: 2000151884 ns, Reaching safepoint: 151379 ns, Cleanup: 6042 ns, At safepoint: 1474497 ns, Total: 1631918 ns
[2025-03-14T10:12:51.855+0000][1285][safepoint   ] Safepoint "Cleanup", Time since last: 1000037103 ns, Reaching safepoint: 7709 ns, Cleanup: 23000 ns, At safepoint: 6375 ns, Total: 37084 ns
[2025-03-14T10:12:53.855+0000][1285][safepoint   ] Safepoint "Cleanup", Time since last: 2000470375 ns, Reaching safepoint: 4500 ns, Cleanup: 6167 ns, At safepoint: 4667 ns, Total: 15334 ns
[2025-03-14T10:12:54.856+0000][1285][safepoint   ] Safepoint "Cleanup", Time since last: 1000082846 ns, Reaching safepoint: 6875 ns, Cleanup: 14042 ns, At safepoint: 5458 ns, Total: 26375 ns
[2025-03-14T10:13:00.862+0000][1285][safepoint   ] Safepoint "Cleanup", Time since last: 6005931355 ns, Reaching safepoint: 22334 ns, Cleanup: 70043 ns, At safepoint: 13334 ns, Total: 105711 ns
[2025-03-14T10:13:05.864+0000][1285][safepoint   ] Safepoint "Cleanup", Time since last: 5002716422 ns, Reaching safepoint: 18626 ns, Cleanup: 9917 ns, At safepoint: 5458 ns, Total: 34001 ns
[2025-03-14T10:13:06.865+0000][1285][safepoint   ] Safepoint "Cleanup", Time since last: 1000103220 ns, Reaching safepoint: 7250 ns, Cleanup: 10792 ns, At safepoint: 4833 ns, Total: 22875 ns
[2025-03-14T10:13:07.865+0000][1285][safepoint   ] Safepoint "Cleanup", Time since last: 1000089937 ns, Reaching safepoint: 7251 ns, Cleanup: 16083 ns, At safepoint: 4084 ns, Total: 27418 ns
[2025-03-14T10:13:11.865+0000][1285][safepoint   ] Safepoint "Cleanup", Time since last: 4000278842 ns, Reaching safepoint: 4334 ns, Cleanup: 6125 ns, At safepoint: 4500 ns, Total: 14959 ns
[2025-03-14T10:13:12.865+0000][1285][safepoint   ] Safepoint "Cleanup", Time since last: 1000045984 ns, Reaching safepoint: 7250 ns, Cleanup: 8500 ns, At safepoint: 4959 ns, Total: 20709 ns
[2025-03-14T10:13:14.865+0000][1285][safepoint   ] Safepoint "Cleanup", Time since last: 2000144288 ns, Reaching safepoint: 293716 ns, Cleanup: 5542 ns, At safepoint: 4791 ns, Total: 304049 ns
[2025-03-14T10:13:15.866+0000][1285][safepoint   ] Safepoint "Cleanup", Time since last: 1000082763 ns, Reaching safepoint: 7708 ns, Cleanup: 20042 ns, At safepoint: 4917 ns, Total: 32667 ns
[2025-03-14T10:13:18.868+0000][1285][safepoint   ] Safepoint "Cleanup", Time since last: 3002051431 ns, Reaching safepoint: 39834 ns, Cleanup: 40751 ns, At safepoint: 16375 ns, Total: 96960 ns
[2025-03-14T10:13:23.903+0000][1285][safepoint   ] Safepoint "Cleanup", Time since last: 5035319626 ns, Reaching safepoint: 4875 ns, Cleanup: 7584 ns, At safepoint: 4292 ns, Total: 16751 ns
[2025-03-14T10:13:27.905+0000][1285][safepoint   ] Safepoint "Cleanup", Time since last: 4001983462 ns, Reaching safepoint: 7750 ns, Cleanup: 19625 ns, At safepoint: 4625 ns, Total: 32000 ns
[2025-03-14T10:13:28.905+0000][1285][safepoint   ] Safepoint "Cleanup", Time since last: 1000089626 ns, Reaching safepoint: 9875 ns, Cleanup: 13667 ns, At safepoint: 6334 ns, Total: 29876 ns
[2025-03-14T10:13:29.910+0000][1285][safepoint   ] Safepoint "Cleanup", Time since last: 1000090800 ns, Reaching safepoint: 4868296 ns, Cleanup: 6542 ns, At safepoint: 6333 ns, Total: 4881171 ns
[2025-03-14T10:13:30.910+0000][1285][safepoint   ] Safepoint "Cleanup", Time since last: 1000083809 ns, Reaching safepoint: 7708 ns, Cleanup: 21001 ns, At safepoint: 4291 ns, Total: 33000 ns
[2025-03-14T10:13:35.911+0000][1285][safepoint   ] Safepoint "Cleanup", Time since last: 5000534833 ns, Reaching safepoint: 9041 ns, Cleanup: 13168 ns, At safepoint: 7916 ns, Total: 30125 ns
[2025-03-14T10:13:38.913+0000][1285][safepoint   ] Safepoint "Cleanup", Time since last: 3002305813 ns, Reaching safepoint: 19917 ns, Cleanup: 15542 ns, At safepoint: 10042 ns, Total: 45501 ns
[2025-03-14T10:13:39.913+0000][1285][safepoint   ] Safepoint "Cleanup", Time since last: 1000197882 ns, Reaching safepoint: 44501 ns, Cleanup: 43293 ns, At safepoint: 19834 ns, Total: 107628 ns
[2025-03-14T10:13:47.915+0000][1285][safepoint   ] Safepoint "Cleanup", Time since last: 8001476611 ns, Reaching safepoint: 7917 ns, Cleanup: 37251 ns, At safepoint: 6625 ns, Total: 51793 ns
[2025-03-14T10:13:48.916+0000][1285][safepoint   ] Safepoint "Cleanup", Time since last: 1000952218 ns, Reaching safepoint: 11000 ns, Cleanup: 12000 ns, At safepoint: 8376 ns, Total: 31376 ns
[2025-03-14T10:13:50.916+0000][1285][safepoint   ] Safepoint "Cleanup", Time since last: 2000146493 ns, Reaching safepoint: 70835 ns, Cleanup: 17750 ns, At safepoint: 4709 ns, Total: 93294 ns
[2025-03-14T10:13:51.916+0000][1285][safepoint   ] Safepoint "Cleanup", Time since last: 1000099716 ns, Reaching safepoint: 7542 ns, Cleanup: 10208 ns, At safepoint: 4459 ns, Total: 22209 ns
[2025-03-14T10:13:53.917+0000][1285][safepoint   ] Safepoint "Cleanup", Time since last: 2000151618 ns, Reaching safepoint: 13500 ns, Cleanup: 10375 ns, At safepoint: 6250 ns, Total: 30125 ns
[2025-03-14T10:13:55.918+0000][1285][safepoint   ] Safepoint "Cleanup", Time since last: 2000899498 ns, Reaching safepoint: 184839 ns, Cleanup: 66835 ns, At safepoint: 51460 ns, Total: 303134 ns
[2025-03-14T10:13:59.921+0000][1285][safepoint   ] Safepoint "Cleanup", Time since last: 4003009649 ns, Reaching safepoint: 6333 ns, Cleanup: 11542 ns, At safepoint: 5334 ns, Total: 23209 ns
[2025-03-14T10:14:03.922+0000][1285][safepoint   ] Safepoint "Cleanup", Time since last: 4001312665 ns, Reaching safepoint: 8334 ns, Cleanup: 12334 ns, At safepoint: 8500 ns, Total: 29168 ns
[2025-03-14T10:14:05.926+0000][1285][safepoint   ] Safepoint "Cleanup", Time since last: 2003393193 ns, Reaching safepoint: 618559 ns, Cleanup: 9083 ns, At safepoint: 4709 ns, Total: 632351 ns
[2025-03-14T10:14:06.926+0000][1285][safepoint   ] Safepoint "Cleanup", Time since last: 1000080229 ns, Reaching safepoint: 8000 ns, Cleanup: 28626 ns, At safepoint: 5125 ns, Total: 41751 ns
[2025-03-14T10:14:08.926+0000][1285][safepoint   ] Safepoint "Cleanup", Time since last: 2000159019 ns, Reaching safepoint: 7500 ns, Cleanup: 13417 ns, At safepoint: 5501 ns, Total: 26418 ns
[2025-03-14T10:14:11.927+0000][1285][safepoint   ] Safepoint "Cleanup", Time since last: 3000213760 ns, Reaching safepoint: 8291 ns, Cleanup: 10542 ns, At safepoint: 5417 ns, Total: 24250 ns
[2025-03-14T10:14:12.927+0000][1285][safepoint   ] Safepoint "Cleanup", Time since last: 1000085516 ns, Reaching safepoint: 9292 ns, Cleanup: 13542 ns, At safepoint: 6125 ns, Total: 28959 ns
[2025-03-14T10:14:14.927+0000][1285][safepoint   ] Safepoint "Cleanup", Time since last: 2000151756 ns, Reaching safepoint: 4333 ns, Cleanup: 5626 ns, At safepoint: 4375 ns, Total: 14334 ns
[2025-03-14T10:14:15.927+0000][1285][safepoint   ] Safepoint "Cleanup", Time since last: 1000105575 ns, Reaching safepoint: 11167 ns, Cleanup: 43626 ns, At safepoint: 8875 ns, Total: 63668 ns
[2025-03-14T10:14:17.929+0000][1285][safepoint   ] Safepoint "Cleanup", Time since last: 2001656997 ns, Reaching safepoint: 9876 ns, Cleanup: 23292 ns, At safepoint: 11625 ns, Total: 44793 ns
[2025-03-14T10:14:18.930+0000][1285][safepoint   ] Safepoint "Cleanup", Time since last: 1000640440 ns, Reaching safepoint: 22167 ns, Cleanup: 26792 ns, At safepoint: 16293 ns, Total: 65252 ns
[2025-03-14T10:14:23.959+0000][1285][safepoint   ] Safepoint "Cleanup", Time since last: 5029439692 ns, Reaching safepoint: 11209 ns, Cleanup: 10708 ns, At safepoint: 5667 ns, Total: 27584 ns
[2025-03-14T10:14:24.959+0000][1285][safepoint   ] Safepoint "Cleanup", Time since last: 1000087416 ns, Reaching safepoint: 6625 ns, Cleanup: 10667 ns, At safepoint: 3125 ns, Total: 20417 ns
[2025-03-14T10:14:26.959+0000][1285][safepoint   ] Safepoint "Cleanup", Time since last: 2000200140 ns, Reaching safepoint: 4750 ns, Cleanup: 9584 ns, At safepoint: 4208 ns, Total: 18542 ns
[2025-03-14T10:14:27.959+0000][1285][safepoint   ] Safepoint "Cleanup", Time since last: 1000087682 ns, Reaching safepoint: 7291 ns, Cleanup: 11501 ns, At safepoint: 3875 ns, Total: 22667 ns
[2025-03-14T10:14:29.960+0000][1285][safepoint   ] Safepoint "Cleanup", Time since last: 2000159586 ns, Reaching safepoint: 26751 ns, Cleanup: 14542 ns, At safepoint: 6500 ns, Total: 47793 ns
[2025-03-14T10:14:35.962+0000][1285][safepoint   ] Safepoint "Cleanup", Time since last: 6002172843 ns, Reaching safepoint: 5792 ns, Cleanup: 6792 ns, At safepoint: 3416 ns, Total: 16000 ns
[2025-03-14T10:14:36.963+0000][1285][safepoint   ] Safepoint "Cleanup", Time since last: 1001173131 ns, Reaching safepoint: 35459 ns, Cleanup: 45960 ns, At safepoint: 16875 ns, Total: 98294 ns
[2025-03-14T10:14:38.964+0000][1285][safepoint   ] Safepoint "Cleanup", Time since last: 2000846153 ns, Reaching safepoint: 6167 ns, Cleanup: 10083 ns, At safepoint: 2750 ns, Total: 19000 ns
[2025-03-14T10:14:41.966+0000][1285][safepoint   ] Safepoint "Cleanup", Time since last: 3002039410 ns, Reaching safepoint: 6000 ns, Cleanup: 18501 ns, At safepoint: 2833 ns, Total: 27334 ns
[2025-03-14T10:14:42.966+0000][1285][safepoint   ] Safepoint "Cleanup", Time since last: 1000091214 ns, Reaching safepoint: 7083 ns, Cleanup: 10334 ns, At safepoint: 3417 ns, Total: 20834 ns
[2025-03-14T10:14:43.966+0000][1285][safepoint   ] Safepoint "Cleanup", Time since last: 1000098259 ns, Reaching safepoint: 23209 ns, Cleanup: 10626 ns, At safepoint: 6250 ns, Total: 40085 ns
[2025-03-14T10:14:47.967+0000][1285][safepoint   ] Safepoint "Cleanup", Time since last: 4000409585 ns, Reaching safepoint: 5958 ns, Cleanup: 27043 ns, At safepoint: 5042 ns, Total: 38043 ns
[2025-03-14T10:14:48.967+0000][1285][safepoint   ] Safepoint "Cleanup", Time since last: 1000091990 ns, Reaching safepoint: 18792 ns, Cleanup: 10917 ns, At safepoint: 4792 ns, Total: 34501 ns
[2025-03-14T10:14:50.967+0000][1285][safepoint   ] Safepoint "Cleanup", Time since last: 2000153576 ns, Reaching safepoint: 9667 ns, Cleanup: 12126 ns, At safepoint: 5166 ns, Total: 26959 ns
[2025-03-14T10:14:52.968+0000][1285][safepoint   ] Safepoint "Cleanup", Time since last: 2000617607 ns, Reaching safepoint: 45418 ns, Cleanup: 39042 ns, At safepoint: 13084 ns, Total: 97544 ns
[2025-03-14T10:14:54.969+0000][1285][safepoint   ] Safepoint "Cleanup", Time since last: 2000868172 ns, Reaching safepoint: 52001 ns, Cleanup: 185422 ns, At safepoint: 21667 ns, Total: 259090 ns
[2025-03-14T10:14:56.969+0000][1285][safepoint   ] Safepoint "Cleanup", Time since last: 2000403301 ns, Reaching safepoint: 7208 ns, Cleanup: 11167 ns, At safepoint: 3209 ns, Total: 21584 ns
[2025-03-14T10:14:58.971+0000][1285][safepoint   ] Safepoint "Cleanup", Time since last: 2001437345 ns, Reaching safepoint: 6542 ns, Cleanup: 14208 ns, At safepoint: 3209 ns, Total: 23959 ns
[2025-03-14T10:14:59.971+0000][1285][safepoint   ] Safepoint "Cleanup", Time since last: 1000088495 ns, Reaching safepoint: 6417 ns, Cleanup: 12667 ns, At safepoint: 3958 ns, Total: 23042 ns
[2025-03-14T10:15:02.972+0000][1285][safepoint   ] Safepoint "Cleanup", Time since last: 3001131866 ns, Reaching safepoint: 9750 ns, Cleanup: 23334 ns, At safepoint: 4959 ns, Total: 38043 ns
[2025-03-14T10:15:03.972+0000][1285][safepoint   ] Safepoint "Cleanup", Time since last: 1000089344 ns, Reaching safepoint: 6834 ns, Cleanup: 11125 ns, At safepoint: 3875 ns, Total: 21834 ns
[2025-03-14T10:15:05.972+0000][1285][safepoint   ] Safepoint "Cleanup", Time since last: 2000150324 ns, Reaching safepoint: 6751 ns, Cleanup: 10666 ns, At safepoint: 3209 ns, Total: 20626 ns
[2025-03-14T10:15:11.973+0000][1285][safepoint   ] Safepoint "Cleanup", Time since last: 6000463606 ns, Reaching safepoint: 10792 ns, Cleanup: 23959 ns, At safepoint: 5917 ns, Total: 40668 ns
[2025-03-14T10:15:18.974+0000][1285][safepoint   ] Safepoint "Cleanup", Time since last: 7001335159 ns, Reaching safepoint: 12375 ns, Cleanup: 17250 ns, At safepoint: 5001 ns, Total: 34626 ns
[2025-03-14T10:15:20.975+0000][1285][safepoint   ] Safepoint "Cleanup", Time since last: 2000705865 ns, Reaching safepoint: 9417 ns, Cleanup: 21376 ns, At safepoint: 4625 ns, Total: 35418 ns
[2025-03-14T10:15:24.027+0000][1285][safepoint   ] Safepoint "Cleanup", Time since last: 3051924263 ns, Reaching safepoint: 6334 ns, Cleanup: 17792 ns, At safepoint: 4250 ns, Total: 28376 ns
[2025-03-14T10:15:30.028+0000][1285][safepoint   ] Safepoint "Cleanup", Time since last: 6000365399 ns, Reaching safepoint: 589599 ns, Cleanup: 35418 ns, At safepoint: 242756 ns, Total: 867773 ns
[2025-03-14T10:15:33.029+0000][1285][safepoint   ] Safepoint "Cleanup", Time since last: 3000790301 ns, Reaching safepoint: 46126 ns, Cleanup: 32501 ns, At safepoint: 18209 ns, Total: 96836 ns
[2025-03-14T10:15:36.031+0000][1285][safepoint   ] Safepoint "Cleanup", Time since last: 3001939359 ns, Reaching safepoint: 48960 ns, Cleanup: 21584 ns, At safepoint: 15792 ns, Total: 86336 ns
[2025-03-14T10:15:37.031+0000][1285][safepoint   ] Safepoint "Cleanup", Time since last: 1000350090 ns, Reaching safepoint: 15876 ns, Cleanup: 21625 ns, At safepoint: 6875 ns, Total: 44376 ns
[2025-03-14T10:15:39.033+0000][1285][safepoint   ] Safepoint "Cleanup", Time since last: 2001506878 ns, Reaching safepoint: 6667 ns, Cleanup: 21001 ns, At safepoint: 3916 ns, Total: 31584 ns
[2025-03-14T10:15:40.033+0000][1285][safepoint   ] Safepoint "Cleanup", Time since last: 1000085967 ns, Reaching safepoint: 7334 ns, Cleanup: 9000 ns, At safepoint: 4167 ns, Total: 20501 ns
[2025-03-14T10:15:42.033+0000][1285][safepoint   ] Safepoint "Cleanup", Time since last: 2000147734 ns, Reaching safepoint: 7500 ns, Cleanup: 23334 ns, At safepoint: 4583 ns, Total: 35417 ns
[2025-03-14T10:15:44.033+0000][1285][safepoint   ] Safepoint "Cleanup", Time since last: 2000145495 ns, Reaching safepoint: 7626 ns, Cleanup: 10083 ns, At safepoint: 4209 ns, Total: 21918 ns
[2025-03-14T10:15:48.034+0000][1285][safepoint   ] Safepoint "Cleanup", Time since last: 4000411111 ns, Reaching safepoint: 72960 ns, Cleanup: 102961 ns, At safepoint: 17375 ns, Total: 193296 ns
[2025-03-14T10:15:49.041+0000][1285][safepoint   ] Safepoint "Cleanup", Time since last: 1000257373 ns, Reaching safepoint: 6927646 ns, Cleanup: 75002 ns, At safepoint: 37835 ns, Total: 7040483 ns
[2025-03-14T10:15:50.877+0000][1285][gc,start    ] GC(27) Pause Young (Normal) (G1 Evacuation Pause)
[2025-03-14T10:15:50.877+0000][1285][gc,task     ] GC(27) Using 1 workers of 1 for evacuation
[2025-03-14T10:15:50.877+0000][1285][gc,age      ] GC(27) Desired survivor size 77594624 bytes, new threshold 15 (max threshold 15)
[2025-03-14T10:15:50.993+0000][1285][gc,phases   ] GC(27)   Pre Evacuate Collection Set: 0.59ms
[2025-03-14T10:15:50.993+0000][1285][gc,phases   ] GC(27)   Merge Heap Roots: 0.38ms
[2025-03-14T10:15:50.993+0000][1285][gc,phases   ] GC(27)   Evacuate Collection Set: 110.80ms
[2025-03-14T10:15:50.993+0000][1285][gc,phases   ] GC(27)   Post Evacuate Collection Set: 4.66ms
[2025-03-14T10:15:50.993+0000][1285][gc,phases   ] GC(27)   Other: 0.14ms
[2025-03-14T10:15:50.993+0000][1285][gc,age      ] GC(27) Age table with threshold 15 (max threshold 15)
[2025-03-14T10:15:50.993+0000][1285][gc,age      ] GC(27) - age   1:    1603072 bytes,    1603072 total
[2025-03-14T10:15:50.993+0000][1285][gc,age      ] GC(27) - age   2:    1499880 bytes,    3102952 total
[2025-03-14T10:15:50.993+0000][1285][gc,age      ] GC(27) - age   3:    1324176 bytes,    4427128 total
[2025-03-14T10:15:50.993+0000][1285][gc,age      ] GC(27) - age   4:      47712 bytes,    4474840 total
[2025-03-14T10:15:50.993+0000][1285][gc,age      ] GC(27) - age   5:      84008 bytes,    4558848 total
[2025-03-14T10:15:50.993+0000][1285][gc,age      ] GC(27) - age   6:   10508648 bytes,   15067496 total
[2025-03-14T10:15:50.993+0000][1285][gc,age      ] GC(27) - age   7:    2524240 bytes,   17591736 total
[2025-03-14T10:15:50.993+0000][1285][gc,age      ] GC(27) - age   8:    9759896 bytes,   27351632 total
[2025-03-14T10:15:50.993+0000][1285][gc,heap     ] GC(27) Eden regions: 285->0(285)
[2025-03-14T10:15:50.993+0000][1285][gc,heap     ] GC(27) Survivor regions: 7->7(37)
[2025-03-14T10:15:50.993+0000][1285][gc,heap     ] GC(27) Old regions: 18->18
[2025-03-14T10:15:50.993+0000][1285][gc,heap     ] GC(27) Humongous regions: 5->5
[2025-03-14T10:15:50.994+0000][1285][gc,metaspace] GC(27) Metaspace: 121135K(124288K)->121135K(124288K) NonClass: 104652K(106432K)->104652K(106432K) Class: 16483K(17856K)->16483K(17856K)
[2025-03-14T10:15:50.994+0000][1285][gc          ] GC(27) Pause Young (Normal) (G1 Evacuation Pause) 1258M->118M(1952M) 116.781ms
[2025-03-14T10:15:50.994+0000][1285][gc,cpu      ] GC(27) User=0.11s Sys=0.00s Real=0.12s
[2025-03-14T10:15:50.994+0000][1285][safepoint   ] Safepoint "G1CollectForAllocation", Time since last: 1835308515 ns, Reaching safepoint: 9958 ns, Cleanup: 4500 ns, At safepoint: 116921635 ns, Total: 116936093 ns
[2025-03-14T10:15:51.995+0000][1285][safepoint   ] Safepoint "Cleanup", Time since last: 1000802686 ns, Reaching safepoint: 122045 ns, Cleanup: 42710 ns, At safepoint: 17292 ns, Total: 182047 ns
[2025-03-14T10:15:53.995+0000][1285][safepoint   ] Safepoint "Cleanup", Time since last: 2000461183 ns, Reaching safepoint: 12126 ns, Cleanup: 21334 ns, At safepoint: 14958 ns, Total: 48418 ns
[2025-03-14T10:16:05.999+0000][1285][safepoint   ] Safepoint "Cleanup", Time since last: 12003565173 ns, Reaching safepoint: 9833 ns, Cleanup: 14042 ns, At safepoint: 5626 ns, Total: 29501 ns
[2025-03-14T10:16:06.999+0000][1285][safepoint   ] Safepoint "Cleanup", Time since last: 1000101330 ns, Reaching safepoint: 11626 ns, Cleanup: 21167 ns, At safepoint: 6292 ns, Total: 39085 ns
[2025-03-14T10:16:12.000+0000][1285][safepoint   ] Safepoint "Cleanup", Time since last: 5001170039 ns, Reaching safepoint: 88586 ns, Cleanup: 50251 ns, At safepoint: 13251 ns, Total: 152088 ns
[2025-03-14T10:16:13.001+0000][1285][safepoint   ] Safepoint "Cleanup", Time since last: 1000284016 ns, Reaching safepoint: 86627 ns, Cleanup: 59544 ns, At safepoint: 28417 ns, Total: 174588 ns
[2025-03-14T10:16:15.002+0000][1285][safepoint   ] Safepoint "Cleanup", Time since last: 2001366311 ns, Reaching safepoint: 38126 ns, Cleanup: 16251 ns, At safepoint: 7625 ns, Total: 62002 ns
[2025-03-14T10:16:18.004+0000][1285][safepoint   ] Safepoint "Cleanup", Time since last: 3001926105 ns, Reaching safepoint: 5416 ns, Cleanup: 10417 ns, At safepoint: 4500 ns, Total: 20333 ns
[2025-03-14T10:16:24.088+0000][1285][safepoint   ] Safepoint "Cleanup", Time since last: 6084324294 ns, Reaching safepoint: 7084 ns, Cleanup: 9250 ns, At safepoint: 5083 ns, Total: 21417 ns
[2025-03-14T10:16:27.089+0000][1285][safepoint   ] Safepoint "Cleanup", Time since last: 3000212617 ns, Reaching safepoint: 7083 ns, Cleanup: 14750 ns, At safepoint: 3667 ns, Total: 25500 ns
[2025-03-14T10:16:30.089+0000][1285][safepoint   ] Safepoint "Cleanup", Time since last: 3000816568 ns, Reaching safepoint: 12667 ns, Cleanup: 30042 ns, At safepoint: 11001 ns, Total: 53710 ns
[2025-03-14T10:16:31.090+0000][1285][safepoint   ] Safepoint "Cleanup", Time since last: 1000809360 ns, Reaching safepoint: 33376 ns, Cleanup: 45460 ns, At safepoint: 13083 ns, Total: 91919 ns
[2025-03-14T10:16:32.092+0000][1285][safepoint   ] Safepoint "Cleanup", Time since last: 1001295543 ns, Reaching safepoint: 22084 ns, Cleanup: 23917 ns, At safepoint: 13209 ns, Total: 59210 ns
[2025-03-14T10:16:33.093+0000][1285][safepoint   ] Safepoint "Cleanup", Time since last: 1000830323 ns, Reaching safepoint: 43126 ns, Cleanup: 71377 ns, At safepoint: 21417 ns, Total: 135920 ns
[2025-03-14T10:16:39.095+0000][1285][safepoint   ] Safepoint "Cleanup", Time since last: 6002454704 ns, Reaching safepoint: 58001 ns, Cleanup: 19709 ns, At safepoint: 11084 ns, Total: 88794 ns
[2025-03-14T10:16:42.096+0000][1285][safepoint   ] Safepoint "Cleanup", Time since last: 3000312164 ns, Reaching safepoint: 15084 ns, Cleanup: 38293 ns, At safepoint: 8125 ns, Total: 61502 ns
[2025-03-14T10:16:48.097+0000][1285][safepoint   ] Safepoint "Cleanup", Time since last: 6001402190 ns, Reaching safepoint: 35626 ns, Cleanup: 30251 ns, At safepoint: 11292 ns, Total: 77169 ns
[2025-03-14T10:16:49.097+0000][1285][safepoint   ] Safepoint "Cleanup", Time since last: 1000111499 ns, Reaching safepoint: 51252 ns, Cleanup: 23125 ns, At safepoint: 6292 ns, Total: 80669 ns
[2025-03-14T10:16:54.103+0000][1285][safepoint   ] Safepoint "Cleanup", Time since last: 5005117857 ns, Reaching safepoint: 108336 ns, Cleanup: 39710 ns, At safepoint: 12000 ns, Total: 160046 ns
[2025-03-14T10:17:00.106+0000][1285][safepoint   ] Safepoint "Cleanup", Time since last: 6003507035 ns, Reaching safepoint: 107253 ns, Cleanup: 14042 ns, At safepoint: 7917 ns, Total: 129212 ns
[2025-03-14T10:17:03.107+0000][1285][safepoint   ] Safepoint "Cleanup", Time since last: 3000305687 ns, Reaching safepoint: 10084 ns, Cleanup: 43417 ns, At safepoint: 7459 ns, Total: 60960 ns
[2025-03-14T10:17:06.107+0000][1285][safepoint   ] Safepoint "Cleanup", Time since last: 3000229032 ns, Reaching safepoint: 12542 ns, Cleanup: 9625 ns, At safepoint: 5250 ns, Total: 27417 ns
[2025-03-14T10:17:12.134+0000][1285][safepoint   ] Safepoint "Cleanup", Time since last: 6026607027 ns, Reaching safepoint: 217381 ns, Cleanup: 115211 ns, At safepoint: 31293 ns, Total: 363885 ns
[2025-03-14T10:17:17.137+0000][1285][safepoint   ] Safepoint "Cleanup", Time since last: 5002721406 ns, Reaching safepoint: 80166 ns, Cleanup: 69541 ns, At safepoint: 5208 ns, Total: 154915 ns
[2025-03-14T10:17:18.137+0000][1285][safepoint   ] Safepoint "Cleanup", Time since last: 1000125714 ns, Reaching safepoint: 18749 ns, Cleanup: 9209 ns, At safepoint: 7291 ns, Total: 35249 ns
[2025-03-14T10:17:19.137+0000][1285][safepoint   ] Safepoint "Cleanup", Time since last: 1000096247 ns, Reaching safepoint: 30666 ns, Cleanup: 14458 ns, At safepoint: 6042 ns, Total: 51166 ns
[2025-03-14T10:17:21.139+0000][1285][safepoint   ] Safepoint "Cleanup", Time since last: 2001727290 ns, Reaching safepoint: 19583 ns, Cleanup: 9750 ns, At safepoint: 6208 ns, Total: 35541 ns
[2025-03-14T10:17:30.191+0000][1285][safepoint   ] Safepoint "Cleanup", Time since last: 9052398848 ns, Reaching safepoint: 70166 ns, Cleanup: 21666 ns, At safepoint: 10583 ns, Total: 102415 ns
[2025-03-14T10:17:33.193+0000][1285][safepoint   ] Safepoint "Cleanup", Time since last: 3001765781 ns, Reaching safepoint: 412246 ns, Cleanup: 9375 ns, At safepoint: 9500 ns, Total: 431121 ns
[2025-03-14T10:17:36.195+0000][1285][safepoint   ] Safepoint "Cleanup", Time since last: 3001625817 ns, Reaching safepoint: 134291 ns, Cleanup: 36332 ns, At safepoint: 16584 ns, Total: 187207 ns
[2025-03-14T10:17:48.198+0000][1285][safepoint   ] Safepoint "Cleanup", Time since last: 12002765044 ns, Reaching safepoint: 79499 ns, Cleanup: 39499 ns, At safepoint: 10125 ns, Total: 129123 ns
[2025-03-14T10:17:59.204+0000][1285][safepoint   ] Safepoint "Cleanup", Time since last: 11005936637 ns, Reaching safepoint: 14624 ns, Cleanup: 12500 ns, At safepoint: 6874 ns, Total: 33998 ns
[2025-03-14T10:18:00.204+0000][1285][safepoint   ] Safepoint "Cleanup", Time since last: 1000158331 ns, Reaching safepoint: 31540 ns, Cleanup: 20832 ns, At safepoint: 8083 ns, Total: 60455 ns
[2025-03-14T10:18:07.206+0000][1285][safepoint   ] Safepoint "Cleanup", Time since last: 7001851098 ns, Reaching safepoint: 16708 ns, Cleanup: 32748 ns, At safepoint: 6041 ns, Total: 55497 ns
[2025-03-14T10:18:08.206+0000][1285][safepoint   ] Safepoint "Cleanup", Time since last: 1000120477 ns, Reaching safepoint: 44914 ns, Cleanup: 20208 ns, At safepoint: 5416 ns, Total: 70538 ns
[2025-03-14T10:18:18.209+0000][1285][safepoint   ] Safepoint "Cleanup", Time since last: 10002791920 ns, Reaching safepoint: 121832 ns, Cleanup: 27541 ns, At safepoint: 7000 ns, Total: 156373 ns
[2025-03-14T10:18:24.249+0000][1285][safepoint   ] Safepoint "Cleanup", Time since last: 6040034025 ns, Reaching safepoint: 7583 ns, Cleanup: 30958 ns, At safepoint: 6500 ns, Total: 45041 ns
[2025-03-14T10:18:27.253+0000][1285][safepoint   ] Safepoint "Cleanup", Time since last: 3003384605 ns, Reaching safepoint: 58917 ns, Cleanup: 25208 ns, At safepoint: 9249 ns, Total: 93374 ns
[2025-03-14T10:18:30.254+0000][1285][safepoint   ] Safepoint "Cleanup", Time since last: 3001119326 ns, Reaching safepoint: 9875 ns, Cleanup: 10292 ns, At safepoint: 3875 ns, Total: 24042 ns
[2025-03-14T10:18:36.258+0000][1285][safepoint   ] Safepoint "Cleanup", Time since last: 6003328376 ns, Reaching safepoint: 40291 ns, Cleanup: 72416 ns, At safepoint: 25458 ns, Total: 138165 ns
[2025-03-14T10:18:43.260+0000][1285][safepoint   ] Safepoint "Cleanup", Time since last: 7002648217 ns, Reaching safepoint: 92166 ns, Cleanup: 36041 ns, At safepoint: 6000 ns, Total: 134207 ns
[2025-03-14T10:18:45.261+0000][1285][safepoint   ] Safepoint "Cleanup", Time since last: 2000181775 ns, Reaching safepoint: 7666 ns, Cleanup: 9459 ns, At safepoint: 4708 ns, Total: 21833 ns
[2025-03-14T10:18:48.261+0000][1285][safepoint   ] Safepoint "Cleanup", Time since last: 3000217058 ns, Reaching safepoint: 8000 ns, Cleanup: 23416 ns, At safepoint: 5625 ns, Total: 37041 ns
[2025-03-14T10:18:49.261+0000][1285][safepoint   ] Safepoint "Cleanup", Time since last: 1000109491 ns, Reaching safepoint: 12709 ns, Cleanup: 20499 ns, At safepoint: 5959 ns, Total: 39167 ns
[2025-03-14T10:19:03.265+0000][1285][safepoint   ] Safepoint "Cleanup", Time since last: 14004269012 ns, Reaching safepoint: 57875 ns, Cleanup: 35416 ns, At safepoint: 6250 ns, Total: 99541 ns
[2025-03-14T10:19:06.266+0000][1285][safepoint   ] Safepoint "Cleanup", Time since last: 3000334140 ns, Reaching safepoint: 5500 ns, Cleanup: 8666 ns, At safepoint: 4167 ns, Total: 18333 ns
[2025-03-14T10:19:07.266+0000][1285][safepoint   ] Safepoint "Cleanup", Time since last: 1000098950 ns, Reaching safepoint: 16749 ns, Cleanup: 11250 ns, At safepoint: 5875 ns, Total: 33874 ns
[2025-03-14T10:19:14.268+0000][1285][safepoint   ] Safepoint "Cleanup", Time since last: 7001711134 ns, Reaching safepoint: 288622 ns, Cleanup: 155165 ns, At safepoint: 30916 ns, Total: 474703 ns
[2025-03-14T10:19:15.269+0000][1285][safepoint   ] Safepoint "Cleanup", Time since last: 1000471141 ns, Reaching safepoint: 35958 ns, Cleanup: 50000 ns, At safepoint: 8041 ns, Total: 93999 ns
[2025-03-14T10:19:16.269+0000][1285][safepoint   ] Safepoint "Cleanup", Time since last: 1000617621 ns, Reaching safepoint: 25250 ns, Cleanup: 12375 ns, At safepoint: 9708 ns, Total: 47333 ns
[2025-03-14T10:19:19.270+0000][1285][safepoint   ] Safepoint "Cleanup", Time since last: 3000938972 ns, Reaching safepoint: 49124 ns, Cleanup: 19250 ns, At safepoint: 7500 ns, Total: 75874 ns
[2025-03-14T10:19:27.304+0000][1285][safepoint   ] Safepoint "Cleanup", Time since last: 8033417069 ns, Reaching safepoint: 57666 ns, Cleanup: 17542 ns, At safepoint: 12541 ns, Total: 87749 ns
[2025-03-14T10:19:30.305+0000][1285][safepoint   ] Safepoint "Cleanup", Time since last: 3001307279 ns, Reaching safepoint: 39749 ns, Cleanup: 50166 ns, At safepoint: 8167 ns, Total: 98082 ns
[2025-03-14T10:19:33.306+0000][1285][safepoint   ] Safepoint "Cleanup", Time since last: 3000347273 ns, Reaching safepoint: 187498 ns, Cleanup: 32416 ns, At safepoint: 17458 ns, Total: 237372 ns
[2025-03-14T10:19:34.306+0000][1285][safepoint   ] Safepoint "Cleanup", Time since last: 1000365555 ns, Reaching safepoint: 73041 ns, Cleanup: 77874 ns, At safepoint: 12833 ns, Total: 163748 ns
[2025-03-14T10:19:39.307+0000][1285][safepoint   ] Safepoint "Cleanup", Time since last: 5001234715 ns, Reaching safepoint: 7417 ns, Cleanup: 17250 ns, At safepoint: 5250 ns, Total: 29917 ns
[2025-03-14T10:19:41.308+0000][1285][safepoint   ] Safepoint "Cleanup", Time since last: 2000150226 ns, Reaching safepoint: 37417 ns, Cleanup: 13333 ns, At safepoint: 5875 ns, Total: 56625 ns
[2025-03-14T10:19:42.308+0000][1285][safepoint   ] Safepoint "Cleanup", Time since last: 1000084092 ns, Reaching safepoint: 13041 ns, Cleanup: 12167 ns, At safepoint: 5583 ns, Total: 30791 ns
[2025-03-14T10:19:48.308+0000][1285][safepoint   ] Safepoint "Cleanup", Time since last: 6000386009 ns, Reaching safepoint: 63708 ns, Cleanup: 30291 ns, At safepoint: 11583 ns, Total: 105582 ns
[2025-03-14T10:19:49.308+0000][1285][safepoint   ] Safepoint "Cleanup", Time since last: 1000137466 ns, Reaching safepoint: 8000 ns, Cleanup: 10000 ns, At safepoint: 4583 ns, Total: 22583 ns
[2025-03-14T10:19:54.310+0000][1285][safepoint   ] Safepoint "Cleanup", Time since last: 5001464071 ns, Reaching safepoint: 136332 ns, Cleanup: 63207 ns, At safepoint: 26292 ns, Total: 225831 ns
[2025-03-14T10:19:55.311+0000][1285][safepoint   ] Safepoint "Cleanup", Time since last: 1000769126 ns, Reaching safepoint: 95873 ns, Cleanup: 36875 ns, At safepoint: 15458 ns, Total: 148206 ns
[2025-03-14T10:19:59.313+0000][1285][safepoint   ] Safepoint "Cleanup", Time since last: 4001832350 ns, Reaching safepoint: 30874 ns, Cleanup: 15333 ns, At safepoint: 5417 ns, Total: 51624 ns
[2025-03-14T10:20:00.314+0000][1285][safepoint   ] Safepoint "Cleanup", Time since last: 1001025581 ns, Reaching safepoint: 18375 ns, Cleanup: 19958 ns, At safepoint: 8250 ns, Total: 46583 ns
[2025-03-14T10:20:04.314+0000][1285][safepoint   ] Safepoint "Cleanup", Time since last: 4000311074 ns, Reaching safepoint: 25583 ns, Cleanup: 12916 ns, At safepoint: 5292 ns, Total: 43791 ns
[2025-03-14T10:20:06.315+0000][1285][safepoint   ] Safepoint "Cleanup", Time since last: 2000161849 ns, Reaching safepoint: 6959 ns, Cleanup: 8958 ns, At safepoint: 3166 ns, Total: 19083 ns
[2025-03-14T10:20:11.913+0000][1285][gc,start    ] GC(28) Pause Young (Concurrent Start) (G1 Evacuation Pause)
[2025-03-14T10:20:11.913+0000][1285][gc,task     ] GC(28) Using 1 workers of 1 for evacuation
[2025-03-14T10:20:11.913+0000][1285][gc,age      ] GC(28) Desired survivor size 77594624 bytes, new threshold 15 (max threshold 15)
[2025-03-14T10:20:12.012+0000][1285][gc,phases   ] GC(28)   Pre Evacuate Collection Set: 2.59ms
[2025-03-14T10:20:12.012+0000][1285][gc,phases   ] GC(28)   Merge Heap Roots: 0.17ms
[2025-03-14T10:20:12.012+0000][1285][gc,phases   ] GC(28)   Evacuate Collection Set: 91.36ms
[2025-03-14T10:20:12.012+0000][1285][gc,phases   ] GC(28)   Post Evacuate Collection Set: 4.60ms
[2025-03-14T10:20:12.012+0000][1285][gc,phases   ] GC(28)   Other: 0.33ms
[2025-03-14T10:20:12.012+0000][1285][gc,age      ] GC(28) Age table with threshold 15 (max threshold 15)
[2025-03-14T10:20:12.012+0000][1285][gc,age      ] GC(28) - age   1:    1646064 bytes,    1646064 total
[2025-03-14T10:20:12.012+0000][1285][gc,age      ] GC(28) - age   2:     380280 bytes,    2026344 total
[2025-03-14T10:20:12.012+0000][1285][gc,age      ] GC(28) - age   3:    1498688 bytes,    3525032 total
[2025-03-14T10:20:12.012+0000][1285][gc,age      ] GC(28) - age   4:    1324112 bytes,    4849144 total
[2025-03-14T10:20:12.012+0000][1285][gc,age      ] GC(28) - age   5:      47712 bytes,    4896856 total
[2025-03-14T10:20:12.012+0000][1285][gc,age      ] GC(28) - age   6:      84008 bytes,    4980864 total
[2025-03-14T10:20:12.012+0000][1285][gc,age      ] GC(28) - age   7:   10508648 bytes,   15489512 total
[2025-03-14T10:20:12.012+0000][1285][gc,age      ] GC(28) - age   8:    2524240 bytes,   18013752 total
[2025-03-14T10:20:12.012+0000][1285][gc,age      ] GC(28) - age   9:    9759896 bytes,   27773648 total
[2025-03-14T10:20:12.012+0000][1285][gc,heap     ] GC(28) Eden regions: 285->0(285)
[2025-03-14T10:20:12.012+0000][1285][gc,heap     ] GC(28) Survivor regions: 7->7(37)
[2025-03-14T10:20:12.012+0000][1285][gc,heap     ] GC(28) Old regions: 18->18
[2025-03-14T10:20:12.012+0000][1285][gc,heap     ] GC(28) Humongous regions: 5->5
[2025-03-14T10:20:12.012+0000][1285][gc,metaspace] GC(28) Metaspace: 121329K(124544K)->121329K(124544K) NonClass: 104841K(106624K)->104841K(106624K) Class: 16488K(17920K)->16488K(17920K)
[2025-03-14T10:20:12.012+0000][1285][gc          ] GC(28) Pause Young (Concurrent Start) (G1 Evacuation Pause) 1258M->118M(1952M) 99.443ms
[2025-03-14T10:20:12.012+0000][1285][gc,cpu      ] GC(28) User=0.09s Sys=0.00s Real=0.10s
[2025-03-14T10:20:12.015+0000][1285][safepoint   ] Safepoint "G1CollectForAllocation", Time since last: 5598182827 ns, Reaching safepoint: 15167 ns, Cleanup: 2875 ns, At safepoint: 102206173 ns, Total: 102224215 ns
[2025-03-14T10:20:12.015+0000][1285][gc          ] GC(29) Concurrent Mark Cycle
[2025-03-14T10:20:12.015+0000][1285][gc,marking  ] GC(29) Concurrent Scan Root Regions
[2025-03-14T10:20:12.034+0000][1285][gc,marking  ] GC(29) Concurrent Scan Root Regions 18.564ms
[2025-03-14T10:20:12.034+0000][1285][gc,marking  ] GC(29) Concurrent Mark
[2025-03-14T10:20:12.034+0000][1285][gc,marking  ] GC(29) Concurrent Mark From Roots
[2025-03-14T10:20:12.034+0000][1285][gc,task     ] GC(29) Using 1 workers of 1 for marking
[2025-03-14T10:20:12.121+0000][1285][gc,marking  ] GC(29) Concurrent Mark From Roots 87.569ms
[2025-03-14T10:20:12.121+0000][1285][gc,marking  ] GC(29) Concurrent Preclean
[2025-03-14T10:20:12.121+0000][1285][gc,marking  ] GC(29) Concurrent Preclean 0.126ms
[2025-03-14T10:20:12.121+0000][1285][gc,start    ] GC(29) Pause Remark
[2025-03-14T10:20:12.176+0000][1285][gc          ] GC(29) Pause Remark 123M->123M(1952M) 54.230ms
[2025-03-14T10:20:12.176+0000][1285][gc,cpu      ] GC(29) User=0.05s Sys=0.00s Real=0.05s
[2025-03-14T10:20:12.176+0000][1285][safepoint   ] Safepoint "G1PauseRemark", Time since last: 106371338 ns, Reaching safepoint: 9667 ns, Cleanup: 4208 ns, At safepoint: 54303178 ns, Total: 54317053 ns
[2025-03-14T10:20:12.177+0000][1285][gc,marking  ] GC(29) Concurrent Mark 143.135ms
[2025-03-14T10:20:12.177+0000][1285][gc,marking  ] GC(29) Concurrent Rebuild Remembered Sets and Scrub Regions
[2025-03-14T10:20:12.203+0000][1285][gc,marking  ] GC(29) Concurrent Rebuild Remembered Sets and Scrub Regions 26.172ms
[2025-03-14T10:20:12.203+0000][1285][gc,start    ] GC(29) Pause Cleanup
[2025-03-14T10:20:12.203+0000][1285][gc          ] GC(29) Pause Cleanup 123M->123M(1952M) 0.039ms
[2025-03-14T10:20:12.203+0000][1285][gc,cpu      ] GC(29) User=0.00s Sys=0.00s Real=0.00s
[2025-03-14T10:20:12.203+0000][1285][safepoint   ] Safepoint "G1PauseCleanup", Time since last: 27254671 ns, Reaching safepoint: 4209 ns, Cleanup: 47832 ns, At safepoint: 59792 ns, Total: 111833 ns
[2025-03-14T10:20:12.203+0000][1285][gc,marking  ] GC(29) Concurrent Clear Claimed Marks
[2025-03-14T10:20:12.203+0000][1285][gc,marking  ] GC(29) Concurrent Clear Claimed Marks 0.158ms
[2025-03-14T10:20:12.203+0000][1285][gc,marking  ] GC(29) Concurrent Cleanup for Next Mark
[2025-03-14T10:20:12.217+0000][1285][gc,marking  ] GC(29) Concurrent Cleanup for Next Mark 13.823ms
[2025-03-14T10:20:12.217+0000][1285][gc          ] GC(29) Concurrent Mark Cycle 202.031ms
[2025-03-14T10:20:15.204+0000][1285][safepoint   ] Safepoint "Cleanup", Time since last: 3001048345 ns, Reaching safepoint: 38958 ns, Cleanup: 29208 ns, At safepoint: 12875 ns, Total: 81041 ns
[2025-03-14T10:20:16.205+0000][1285][safepoint   ] Safepoint "Cleanup", Time since last: 1000227224 ns, Reaching safepoint: 63041 ns, Cleanup: 39208 ns, At safepoint: 17542 ns, Total: 119791 ns
[2025-03-14T10:20:18.206+0000][1285][safepoint   ] Safepoint "Cleanup", Time since last: 2000925030 ns, Reaching safepoint: 95999 ns, Cleanup: 50249 ns, At safepoint: 31208 ns, Total: 177456 ns
[2025-03-14T10:20:24.380+0000][1285][safepoint   ] Safepoint "Cleanup", Time since last: 6174798639 ns, Reaching safepoint: 15708 ns, Cleanup: 29166 ns, At safepoint: 5709 ns, Total: 50583 ns
[2025-03-14T10:20:25.381+0000][1285][safepoint   ] Safepoint "Cleanup", Time since last: 1000133459 ns, Reaching safepoint: 17041 ns, Cleanup: 24083 ns, At safepoint: 9667 ns, Total: 50791 ns
[2025-03-14T10:20:28.381+0000][1285][safepoint   ] Safepoint "Cleanup", Time since last: 3000317589 ns, Reaching safepoint: 89374 ns, Cleanup: 15125 ns, At safepoint: 12583 ns, Total: 117082 ns
[2025-03-14T10:20:30.383+0000][1285][safepoint   ] Safepoint "Cleanup", Time since last: 2001692758 ns, Reaching safepoint: 7874 ns, Cleanup: 10959 ns, At safepoint: 6083 ns, Total: 24916 ns
[2025-03-14T10:20:31.383+0000][1285][safepoint   ] Safepoint "Cleanup", Time since last: 1000079645 ns, Reaching safepoint: 16999 ns, Cleanup: 24250 ns, At safepoint: 5500 ns, Total: 46749 ns
[2025-03-14T10:20:42.387+0000][1285][safepoint   ] Safepoint "Cleanup", Time since last: 11004039913 ns, Reaching safepoint: 266539 ns, Cleanup: 70583 ns, At safepoint: 23416 ns, Total: 360538 ns
[2025-03-14T10:20:45.389+0000][1285][safepoint   ] Safepoint "Cleanup", Time since last: 3001281397 ns, Reaching safepoint: 10167 ns, Cleanup: 15250 ns, At safepoint: 5333 ns, Total: 30750 ns
[2025-03-14T10:20:48.389+0000][1285][safepoint   ] Safepoint "Cleanup", Time since last: 3000223366 ns, Reaching safepoint: 7458 ns, Cleanup: 19291 ns, At safepoint: 21917 ns, Total: 48666 ns
[2025-03-14T10:20:49.389+0000][1285][safepoint   ] Safepoint "Cleanup", Time since last: 1000083747 ns, Reaching safepoint: 7083 ns, Cleanup: 10083 ns, At safepoint: 4708 ns, Total: 21874 ns
[2025-03-14T10:20:51.389+0000][1285][safepoint   ] Safepoint "Cleanup", Time since last: 2000185118 ns, Reaching safepoint: 8125 ns, Cleanup: 7417 ns, At safepoint: 4750 ns, Total: 20292 ns
[2025-03-14T10:20:52.389+0000][1285][safepoint   ] Safepoint "Cleanup", Time since last: 1000132746 ns, Reaching safepoint: 56666 ns, Cleanup: 15042 ns, At safepoint: 5875 ns, Total: 77583 ns
[2025-03-14T10:20:54.390+0000][1285][safepoint   ] Safepoint "Cleanup", Time since last: 2000562572 ns, Reaching safepoint: 15000 ns, Cleanup: 10375 ns, At safepoint: 11291 ns, Total: 36666 ns
[2025-03-14T10:20:56.390+0000][1285][safepoint   ] Safepoint "Cleanup", Time since last: 2000169910 ns, Reaching safepoint: 8333 ns, Cleanup: 10417 ns, At safepoint: 4750 ns, Total: 23500 ns
[2025-03-14T10:21:03.393+0000][1285][safepoint   ] Safepoint "Cleanup", Time since last: 7002662704 ns, Reaching safepoint: 37333 ns, Cleanup: 11042 ns, At safepoint: 6125 ns, Total: 54500 ns
[2025-03-14T10:21:09.400+0000][1285][safepoint   ] Safepoint "Cleanup", Time since last: 6007162077 ns, Reaching safepoint: 249164 ns, Cleanup: 92249 ns, At safepoint: 26500 ns, Total: 367913 ns
[2025-03-14T10:21:10.413+0000][1285][safepoint   ] Safepoint "Cleanup", Time since last: 1012684409 ns, Reaching safepoint: 242539 ns, Cleanup: 25541 ns, At safepoint: 13042 ns, Total: 281122 ns
[2025-03-14T10:21:11.414+0000][1285][safepoint   ] Safepoint "Cleanup", Time since last: 1000136287 ns, Reaching safepoint: 6625 ns, Cleanup: 55583 ns, At safepoint: 5750 ns, Total: 67958 ns
[2025-03-14T10:21:12.414+0000][1285][safepoint   ] Safepoint "Cleanup", Time since last: 1000143663 ns, Reaching safepoint: 125040 ns, Cleanup: 92207 ns, At safepoint: 23292 ns, Total: 240539 ns
[2025-03-14T10:21:15.415+0000][1285][safepoint   ] Safepoint "Cleanup", Time since last: 3000324100 ns, Reaching safepoint: 111874 ns, Cleanup: 62958 ns, At safepoint: 7833 ns, Total: 182665 ns
[2025-03-14T10:21:21.417+0000][1285][safepoint   ] Safepoint "Cleanup", Time since last: 6002428228 ns, Reaching safepoint: 372163 ns, Cleanup: 62832 ns, At safepoint: 39000 ns, Total: 473995 ns
[2025-03-14T10:21:22.459+0000][1285][safepoint   ] Safepoint "Cleanup", Time since last: 1041707886 ns, Reaching safepoint: 54291 ns, Cleanup: 87791 ns, At safepoint: 30500 ns, Total: 172582 ns
[2025-03-14T10:21:24.460+0000][1285][safepoint   ] Safepoint "Cleanup", Time since last: 2001041140 ns, Reaching safepoint: 62499 ns, Cleanup: 46417 ns, At safepoint: 20458 ns, Total: 129374 ns
[2025-03-14T10:21:36.462+0000][1285][safepoint   ] Safepoint "Cleanup", Time since last: 12001773077 ns, Reaching safepoint: 79624 ns, Cleanup: 26124 ns, At safepoint: 11334 ns, Total: 117082 ns
[2025-03-14T10:21:39.463+0000][1285][safepoint   ] Safepoint "Cleanup", Time since last: 3000275006 ns, Reaching safepoint: 17166 ns, Cleanup: 14292 ns, At safepoint: 6000 ns, Total: 37458 ns
[2025-03-14T10:21:40.463+0000][1285][safepoint   ] Safepoint "Cleanup", Time since last: 1000108042 ns, Reaching safepoint: 94540 ns, Cleanup: 35000 ns, At safepoint: 8542 ns, Total: 138082 ns
[2025-03-14T10:21:42.464+0000][1285][safepoint   ] Safepoint "Cleanup", Time since last: 2001034490 ns, Reaching safepoint: 78125 ns, Cleanup: 47208 ns, At safepoint: 25499 ns, Total: 150832 ns
[2025-03-14T10:21:43.466+0000][1285][safepoint   ] Safepoint "Cleanup", Time since last: 1001899523 ns, Reaching safepoint: 12333 ns, Cleanup: 27083 ns, At safepoint: 10459 ns, Total: 49875 ns
[2025-03-14T10:21:44.467+0000][1285][safepoint   ] Safepoint "Cleanup", Time since last: 1001187154 ns, Reaching safepoint: 27750 ns, Cleanup: 23250 ns, At safepoint: 11875 ns, Total: 62875 ns
[2025-03-14T10:21:45.468+0000][1285][safepoint   ] Safepoint "Cleanup", Time since last: 1000671534 ns, Reaching safepoint: 7292 ns, Cleanup: 11458 ns, At safepoint: 4750 ns, Total: 23500 ns
[2025-03-14T10:21:46.468+0000][1285][safepoint   ] Safepoint "Cleanup", Time since last: 1000158081 ns, Reaching safepoint: 32417 ns, Cleanup: 30291 ns, At safepoint: 18000 ns, Total: 80708 ns
[2025-03-14T10:21:48.469+0000][1285][safepoint   ] Safepoint "Cleanup", Time since last: 2000639076 ns, Reaching safepoint: 20749 ns, Cleanup: 28250 ns, At safepoint: 4500 ns, Total: 53499 ns
[2025-03-14T10:21:49.470+0000][1285][safepoint   ] Safepoint "Cleanup", Time since last: 1000631243 ns, Reaching safepoint: 18500 ns, Cleanup: 21291 ns, At safepoint: 6250 ns, Total: 46041 ns
[2025-03-14T10:21:51.470+0000][1285][safepoint   ] Safepoint "Cleanup", Time since last: 2000190830 ns, Reaching safepoint: 37583 ns, Cleanup: 25792 ns, At safepoint: 14000 ns, Total: 77375 ns
[2025-03-14T10:21:52.470+0000][1285][safepoint   ] Safepoint "Cleanup", Time since last: 1000104664 ns, Reaching safepoint: 9667 ns, Cleanup: 12167 ns, At safepoint: 6208 ns, Total: 28042 ns
[2025-03-14T10:21:54.470+0000][1285][safepoint   ] Safepoint "Cleanup", Time since last: 2000166372 ns, Reaching safepoint: 28791 ns, Cleanup: 21750 ns, At safepoint: 5708 ns, Total: 56249 ns
[2025-03-14T10:21:57.471+0000][1285][safepoint   ] Safepoint "Cleanup", Time since last: 3000911905 ns, Reaching safepoint: 43750 ns, Cleanup: 29291 ns, At safepoint: 15792 ns, Total: 88833 ns
[2025-03-14T10:22:03.472+0000][1285][safepoint   ] Safepoint "Cleanup", Time since last: 6000858070 ns, Reaching safepoint: 112457 ns, Cleanup: 155040 ns, At safepoint: 38166 ns, Total: 305663 ns
[2025-03-14T10:22:06.475+0000][1285][safepoint   ] Safepoint "Cleanup", Time since last: 3002650388 ns, Reaching safepoint: 34916 ns, Cleanup: 36917 ns, At safepoint: 18833 ns, Total: 90666 ns
[2025-03-14T10:22:12.478+0000][1285][safepoint   ] Safepoint "Cleanup", Time since last: 6002861925 ns, Reaching safepoint: 45124 ns, Cleanup: 11917 ns, At safepoint: 8125 ns, Total: 65166 ns
[2025-03-14T10:22:13.478+0000][1285][safepoint   ] Safepoint "Cleanup", Time since last: 1000129539 ns, Reaching safepoint: 7542 ns, Cleanup: 11166 ns, At safepoint: 4875 ns, Total: 23583 ns
[2025-03-14T10:22:14.479+0000][1285][safepoint   ] Safepoint "Cleanup", Time since last: 1000240895 ns, Reaching safepoint: 41249 ns, Cleanup: 9500 ns, At safepoint: 6292 ns, Total: 57041 ns
[2025-03-14T10:22:15.479+0000][1285][safepoint   ] Safepoint "Cleanup", Time since last: 1000080258 ns, Reaching safepoint: 7666 ns, Cleanup: 14875 ns, At safepoint: 4583 ns, Total: 27124 ns
[2025-03-14T10:22:24.544+0000][1285][safepoint   ] Safepoint "Cleanup", Time since last: 9065138069 ns, Reaching safepoint: 45291 ns, Cleanup: 136873 ns, At safepoint: 49583 ns, Total: 231747 ns
[2025-03-14T10:22:27.545+0000][1285][safepoint   ] Safepoint "Cleanup", Time since last: 3000951616 ns, Reaching safepoint: 76624 ns, Cleanup: 36625 ns, At safepoint: 17833 ns, Total: 131082 ns
[2025-03-14T10:22:41.548+0000][1285][safepoint   ] Safepoint "Cleanup", Time since last: 14002863628 ns, Reaching safepoint: 269580 ns, Cleanup: 40875 ns, At safepoint: 35000 ns, Total: 345455 ns
[2025-03-14T10:22:42.549+0000][1285][safepoint   ] Safepoint "Cleanup", Time since last: 1000235512 ns, Reaching safepoint: 14708 ns, Cleanup: 14750 ns, At safepoint: 7292 ns, Total: 36750 ns
[2025-03-14T10:22:48.551+0000][1285][safepoint   ] Safepoint "Cleanup", Time since last: 6001768192 ns, Reaching safepoint: 309872 ns, Cleanup: 141166 ns, At safepoint: 12791 ns, Total: 463829 ns
[2025-03-14T10:22:51.553+0000][1285][safepoint   ] Safepoint "Cleanup", Time since last: 3002516558 ns, Reaching safepoint: 10542 ns, Cleanup: 18375 ns, At safepoint: 7166 ns, Total: 36083 ns
[2025-03-14T10:22:53.109+0000][1285][safepoint   ] Safepoint "Cleanup", Time since last: 1555814482 ns, Reaching safepoint: 2792 ns, Cleanup: 16708 ns, At safepoint: 2958 ns, Total: 22458 ns
[2025-03-14T10:22:54.126+0000][1285][safepoint   ] Safepoint "Cleanup", Time since last: 1016811435 ns, Reaching safepoint: 31999 ns, Cleanup: 59542 ns, At safepoint: 9374 ns, Total: 100915 ns
[2025-03-14T10:22:55.126+0000][1285][safepoint   ] Safepoint "Cleanup", Time since last: 1000328344 ns, Reaching safepoint: 7000 ns, Cleanup: 24750 ns, At safepoint: 6791 ns, Total: 38541 ns
[2025-03-14T10:22:56.127+0000][1285][safepoint   ] Safepoint "Cleanup", Time since last: 1000090430 ns, Reaching safepoint: 23541 ns, Cleanup: 21917 ns, At safepoint: 5458 ns, Total: 50916 ns
[2025-03-14T10:22:57.127+0000][1285][safepoint   ] Safepoint "Cleanup", Time since last: 1000084263 ns, Reaching safepoint: 17833 ns, Cleanup: 16500 ns, At safepoint: 6208 ns, Total: 40541 ns
[2025-03-14T10:22:58.127+0000][1285][safepoint   ] Safepoint "Cleanup", Time since last: 1000099888 ns, Reaching safepoint: 9749 ns, Cleanup: 22250 ns, At safepoint: 6375 ns, Total: 38374 ns
[2025-03-14T10:22:59.127+0000][1285][safepoint   ] Safepoint "Cleanup", Time since last: 1000093638 ns, Reaching safepoint: 12291 ns, Cleanup: 17792 ns, At safepoint: 4625 ns, Total: 34708 ns
[2025-03-14T10:23:00.127+0000][1285][safepoint   ] Safepoint "Cleanup", Time since last: 1000217261 ns, Reaching safepoint: 12375 ns, Cleanup: 25875 ns, At safepoint: 5875 ns, Total: 44125 ns
[2025-03-14T10:23:02.127+0000][1285][safepoint   ] Safepoint "Cleanup", Time since last: 2000156234 ns, Reaching safepoint: 7375 ns, Cleanup: 21041 ns, At safepoint: 6208 ns, Total: 34624 ns
[2025-03-14T10:23:03.128+0000][1285][safepoint   ] Safepoint "Cleanup", Time since last: 1000120846 ns, Reaching safepoint: 18875 ns, Cleanup: 29000 ns, At safepoint: 11916 ns, Total: 59791 ns
[2025-03-14T10:23:06.128+0000][1285][safepoint   ] Safepoint "Cleanup", Time since last: 3000631785 ns, Reaching safepoint: 12083 ns, Cleanup: 27666 ns, At safepoint: 7833 ns, Total: 47582 ns
[2025-03-14T10:23:08.129+0000][1285][safepoint   ] Safepoint "Cleanup", Time since last: 2000736729 ns, Reaching safepoint: 143832 ns, Cleanup: 84707 ns, At safepoint: 27667 ns, Total: 256206 ns
[2025-03-14T10:23:09.130+0000][1285][safepoint   ] Safepoint "Cleanup", Time since last: 1000596674 ns, Reaching safepoint: 40583 ns, Cleanup: 93041 ns, At safepoint: 13750 ns, Total: 147374 ns
[2025-03-14T10:23:10.131+0000][1285][safepoint   ] Safepoint "Cleanup", Time since last: 1000477800 ns, Reaching safepoint: 50000 ns, Cleanup: 153665 ns, At safepoint: 14291 ns, Total: 217956 ns
[2025-03-14T10:23:12.131+0000][1285][safepoint   ] Safepoint "Cleanup", Time since last: 2000607980 ns, Reaching safepoint: 23208 ns, Cleanup: 15833 ns, At safepoint: 10833 ns, Total: 49874 ns
[2025-03-14T10:23:14.132+0000][1285][safepoint   ] Safepoint "Cleanup", Time since last: 2000162973 ns, Reaching safepoint: 6875 ns, Cleanup: 15458 ns, At safepoint: 4250 ns, Total: 26583 ns
[2025-03-14T10:23:15.132+0000][1285][safepoint   ] Safepoint "Cleanup", Time since last: 1000087879 ns, Reaching safepoint: 6333 ns, Cleanup: 16916 ns, At safepoint: 3125 ns, Total: 26374 ns
[2025-03-14T10:23:16.132+0000][1285][safepoint   ] Safepoint "Cleanup", Time since last: 1000089227 ns, Reaching safepoint: 6791 ns, Cleanup: 9250 ns, At safepoint: 3167 ns, Total: 19208 ns
[2025-03-14T10:23:17.132+0000][1285][safepoint   ] Safepoint "Cleanup", Time since last: 1000103617 ns, Reaching safepoint: 7583 ns, Cleanup: 26583 ns, At safepoint: 4333 ns, Total: 38499 ns
[2025-03-14T10:23:18.132+0000][1285][safepoint   ] Safepoint "Cleanup", Time since last: 1000093535 ns, Reaching safepoint: 12250 ns, Cleanup: 29583 ns, At safepoint: 5333 ns, Total: 47166 ns
[2025-03-14T10:23:20.133+0000][1285][safepoint   ] Safepoint "Cleanup", Time since last: 2000944780 ns, Reaching safepoint: 12541 ns, Cleanup: 15375 ns, At safepoint: 6000 ns, Total: 33916 ns
[2025-03-14T10:23:21.598+0000][1285][safepoint   ] Safepoint "Cleanup", Time since last: 1464791533 ns, Reaching safepoint: 2667 ns, Cleanup: 7833 ns, At safepoint: 1250 ns, Total: 11750 ns
[2025-03-14T10:23:23.598+0000][1285][safepoint   ] Safepoint "Cleanup", Time since last: 2000108929 ns, Reaching safepoint: 7625 ns, Cleanup: 10333 ns, At safepoint: 4167 ns, Total: 22125 ns
[2025-03-14T10:23:24.598+0000][1285][safepoint   ] Safepoint "Cleanup", Time since last: 1000082478 ns, Reaching safepoint: 7584 ns, Cleanup: 12875 ns, At safepoint: 4250 ns, Total: 24709 ns
[2025-03-14T10:23:25.599+0000][1285][safepoint   ] Safepoint "Cleanup", Time since last: 1000368783 ns, Reaching safepoint: 47625 ns, Cleanup: 59541 ns, At safepoint: 17708 ns, Total: 124874 ns
[2025-03-14T10:23:27.599+0000][1285][safepoint   ] Safepoint "Cleanup", Time since last: 2000742841 ns, Reaching safepoint: 54083 ns, Cleanup: 66666 ns, At safepoint: 24250 ns, Total: 144999 ns
[2025-03-14T10:23:33.602+0000][1285][safepoint   ] Safepoint "Cleanup", Time since last: 6002614040 ns, Reaching safepoint: 13000 ns, Cleanup: 13625 ns, At safepoint: 5708 ns, Total: 32333 ns
[2025-03-14T10:23:36.602+0000][1285][safepoint   ] Safepoint "Cleanup", Time since last: 3000208778 ns, Reaching safepoint: 7083 ns, Cleanup: 17167 ns, At safepoint: 5041 ns, Total: 29291 ns
[2025-03-14T10:23:39.603+0000][1285][safepoint   ] Safepoint "Cleanup", Time since last: 3000232466 ns, Reaching safepoint: 49291 ns, Cleanup: 10625 ns, At safepoint: 7666 ns, Total: 67582 ns
[2025-03-14T10:23:42.603+0000][1285][safepoint   ] Safepoint "Cleanup", Time since last: 3000234915 ns, Reaching safepoint: 12292 ns, Cleanup: 25125 ns, At safepoint: 5708 ns, Total: 43125 ns
[2025-03-14T10:23:47.605+0000][1285][safepoint   ] Safepoint "Cleanup", Time since last: 5001615145 ns, Reaching safepoint: 51625 ns, Cleanup: 71999 ns, At safepoint: 24458 ns, Total: 148082 ns
[2025-03-14T10:23:48.605+0000][1285][safepoint   ] Safepoint "Cleanup", Time since last: 1000612743 ns, Reaching safepoint: 24667 ns, Cleanup: 51749 ns, At safepoint: 13375 ns, Total: 89791 ns
[2025-03-14T10:23:49.606+0000][1285][safepoint   ] Safepoint "Cleanup", Time since last: 1000299329 ns, Reaching safepoint: 6458 ns, Cleanup: 9042 ns, At safepoint: 3791 ns, Total: 19291 ns
[2025-03-14T10:23:51.606+0000][1285][safepoint   ] Safepoint "Cleanup", Time since last: 2000151370 ns, Reaching safepoint: 7250 ns, Cleanup: 13667 ns, At safepoint: 6416 ns, Total: 27333 ns
[2025-03-14T10:23:53.606+0000][1285][safepoint   ] Safepoint "Cleanup", Time since last: 2000135454 ns, Reaching safepoint: 14791 ns, Cleanup: 20042 ns, At safepoint: 7166 ns, Total: 41999 ns
[2025-03-14T10:23:54.607+0000][1285][safepoint   ] Safepoint "Cleanup", Time since last: 1000887615 ns, Reaching safepoint: 9208 ns, Cleanup: 10084 ns, At safepoint: 5333 ns, Total: 24625 ns
[2025-03-14T10:23:55.607+0000][1285][safepoint   ] Safepoint "Cleanup", Time since last: 1000095080 ns, Reaching safepoint: 14334 ns, Cleanup: 10833 ns, At safepoint: 7083 ns, Total: 32250 ns
[2025-03-14T10:24:04.609+0000][1285][safepoint   ] Safepoint "Cleanup", Time since last: 9001056764 ns, Reaching safepoint: 251998 ns, Cleanup: 66083 ns, At safepoint: 38166 ns, Total: 356247 ns
[2025-03-14T10:24:06.610+0000][1285][safepoint   ] Safepoint "Cleanup", Time since last: 2001596690 ns, Reaching safepoint: 40458 ns, Cleanup: 27291 ns, At safepoint: 20250 ns, Total: 87999 ns
[2025-03-14T10:24:07.611+0000][1285][safepoint   ] Safepoint "Cleanup", Time since last: 1000258246 ns, Reaching safepoint: 35166 ns, Cleanup: 29333 ns, At safepoint: 16792 ns, Total: 81291 ns
[2025-03-14T10:24:09.612+0000][1285][safepoint   ] Safepoint "Cleanup", Time since last: 2001409274 ns, Reaching safepoint: 10375 ns, Cleanup: 9125 ns, At safepoint: 5042 ns, Total: 24542 ns
[2025-03-14T10:24:11.612+0000][1285][safepoint   ] Safepoint "Cleanup", Time since last: 2000161203 ns, Reaching safepoint: 11750 ns, Cleanup: 14916 ns, At safepoint: 5000 ns, Total: 31666 ns
[2025-03-14T10:24:12.612+0000][1285][safepoint   ] Safepoint "Cleanup", Time since last: 1000109122 ns, Reaching safepoint: 8875 ns, Cleanup: 22041 ns, At safepoint: 6250 ns, Total: 37166 ns
[2025-03-14T10:24:17.929+0000][1285][gc,start    ] GC(30) Pause Young (Prepare Mixed) (G1 Evacuation Pause)
[2025-03-14T10:24:17.931+0000][1285][gc,task     ] GC(30) Using 1 workers of 1 for evacuation
[2025-03-14T10:24:17.931+0000][1285][gc,age      ] GC(30) Desired survivor size 77594624 bytes, new threshold 15 (max threshold 15)
[2025-03-14T10:24:18.032+0000][1285][gc,phases   ] GC(30)   Pre Evacuate Collection Set: 0.48ms
[2025-03-14T10:24:18.032+0000][1285][gc,phases   ] GC(30)   Merge Heap Roots: 0.29ms
[2025-03-14T10:24:18.032+0000][1285][gc,phases   ] GC(30)   Evacuate Collection Set: 94.64ms
[2025-03-14T10:24:18.032+0000][1285][gc,phases   ] GC(30)   Post Evacuate Collection Set: 4.06ms
[2025-03-14T10:24:18.033+0000][1285][gc,phases   ] GC(30)   Other: 1.30ms
[2025-03-14T10:24:18.033+0000][1285][gc,age      ] GC(30) Age table with threshold 15 (max threshold 15)
[2025-03-14T10:24:18.033+0000][1285][gc,age      ] GC(30) - age   1:    1989416 bytes,    1989416 total
[2025-03-14T10:24:18.033+0000][1285][gc,age      ] GC(30) - age   2:     111792 bytes,    2101208 total
[2025-03-14T10:24:18.033+0000][1285][gc,age      ] GC(30) - age   3:     367272 bytes,    2468480 total
[2025-03-14T10:24:18.033+0000][1285][gc,age      ] GC(30) - age   4:    1470656 bytes,    3939136 total
[2025-03-14T10:24:18.033+0000][1285][gc,age      ] GC(30) - age   5:    1316184 bytes,    5255320 total
[2025-03-14T10:24:18.033+0000][1285][gc,age      ] GC(30) - age   6:      47712 bytes,    5303032 total
[2025-03-14T10:24:18.033+0000][1285][gc,age      ] GC(30) - age   7:      84008 bytes,    5387040 total
[2025-03-14T10:24:18.033+0000][1285][gc,age      ] GC(30) - age   8:   10506776 bytes,   15893816 total
[2025-03-14T10:24:18.033+0000][1285][gc,age      ] GC(30) - age   9:    2524240 bytes,   18418056 total
[2025-03-14T10:24:18.033+0000][1285][gc,age      ] GC(30) - age  10:    9759552 bytes,   28177608 total
[2025-03-14T10:24:18.033+0000][1285][gc,heap     ] GC(30) Eden regions: 285->0(285)
[2025-03-14T10:24:18.033+0000][1285][gc,heap     ] GC(30) Survivor regions: 7->7(37)
[2025-03-14T10:24:18.033+0000][1285][gc,heap     ] GC(30) Old regions: 18->18
[2025-03-14T10:24:18.033+0000][1285][gc,heap     ] GC(30) Humongous regions: 5->5
[2025-03-14T10:24:18.033+0000][1285][gc,metaspace] GC(30) Metaspace: 121665K(124864K)->121665K(124864K) NonClass: 105151K(106944K)->105151K(106944K) Class: 16514K(17920K)->16514K(17920K)
[2025-03-14T10:24:18.033+0000][1285][gc          ] GC(30) Pause Young (Prepare Mixed) (G1 Evacuation Pause) 1258M->118M(1952M) 103.258ms
[2025-03-14T10:24:18.033+0000][1285][gc,cpu      ] GC(30) User=0.10s Sys=0.00s Real=0.11s
[2025-03-14T10:24:18.036+0000][1285][safepoint   ] Safepoint "G1CollectForAllocation", Time since last: 5314561674 ns, Reaching safepoint: 25208 ns, Cleanup: 5625 ns, At safepoint: 109029951 ns, Total: 109060784 ns
[2025-03-14T10:24:19.036+0000][1285][safepoint   ] Safepoint "Cleanup", Time since last: 1000084086 ns, Reaching safepoint: 34500 ns, Cleanup: 16875 ns, At safepoint: 5875 ns, Total: 57250 ns
[2025-03-14T10:24:20.036+0000][1285][safepoint   ] Safepoint "Cleanup", Time since last: 1000100562 ns, Reaching safepoint: 8584 ns, Cleanup: 10416 ns, At safepoint: 5750 ns, Total: 24750 ns
[2025-03-14T10:24:21.037+0000][1285][safepoint   ] Safepoint "Cleanup", Time since last: 1000745633 ns, Reaching safepoint: 13541 ns, Cleanup: 9625 ns, At safepoint: 4417 ns, Total: 27583 ns
[2025-03-14T10:24:22.650+0000][1285][safepoint   ] Safepoint "Cleanup", Time since last: 1612620700 ns, Reaching safepoint: 7042 ns, Cleanup: 14708 ns, At safepoint: 6375 ns, Total: 28125 ns
[2025-03-14T10:24:23.650+0000][1285][safepoint   ] Safepoint "Cleanup", Time since last: 1000271976 ns, Reaching safepoint: 29667 ns, Cleanup: 35458 ns, At safepoint: 13250 ns, Total: 78375 ns
[2025-03-14T10:24:24.651+0000][1285][safepoint   ] Safepoint "Cleanup", Time since last: 1000589081 ns, Reaching safepoint: 67624 ns, Cleanup: 142041 ns, At safepoint: 28916 ns, Total: 238581 ns
[2025-03-14T10:24:25.651+0000][1285][safepoint   ] Safepoint "Cleanup", Time since last: 1000351529 ns, Reaching safepoint: 48750 ns, Cleanup: 40791 ns, At safepoint: 25791 ns, Total: 115332 ns
[2025-03-14T10:24:27.652+0000][1285][safepoint   ] Safepoint "Cleanup", Time since last: 2000752405 ns, Reaching safepoint: 11750 ns, Cleanup: 16125 ns, At safepoint: 8333 ns, Total: 36208 ns
[2025-03-14T10:24:29.653+0000][1285][safepoint   ] Safepoint "Cleanup", Time since last: 2000521176 ns, Reaching safepoint: 16584 ns, Cleanup: 10333 ns, At safepoint: 8375 ns, Total: 35292 ns
[2025-03-14T10:24:30.654+0000][1285][safepoint   ] Safepoint "Cleanup", Time since last: 1001172574 ns, Reaching safepoint: 10459 ns, Cleanup: 20749 ns, At safepoint: 6500 ns, Total: 37708 ns
[2025-03-14T10:24:31.654+0000][1285][safepoint   ] Safepoint "Cleanup", Time since last: 1000089749 ns, Reaching safepoint: 10708 ns, Cleanup: 20834 ns, At safepoint: 5291 ns, Total: 36833 ns
[2025-03-14T10:24:39.655+0000][1285][safepoint   ] Safepoint "Cleanup", Time since last: 8000542997 ns, Reaching safepoint: 58208 ns, Cleanup: 14708 ns, At safepoint: 11833 ns, Total: 84749 ns
[2025-03-14T10:24:42.655+0000][1285][safepoint   ] Safepoint "Cleanup", Time since last: 3000253602 ns, Reaching safepoint: 15500 ns, Cleanup: 9917 ns, At safepoint: 5333 ns, Total: 30750 ns
[2025-03-14T10:24:48.657+0000][1285][safepoint   ] Safepoint "Cleanup", Time since last: 6001697233 ns, Reaching safepoint: 20250 ns, Cleanup: 14166 ns, At safepoint: 6459 ns, Total: 40875 ns
[2025-03-14T10:24:51.657+0000][1285][safepoint   ] Safepoint "Cleanup", Time since last: 3000453515 ns, Reaching safepoint: 18125 ns, Cleanup: 14708 ns, At safepoint: 5459 ns, Total: 38292 ns
[2025-03-14T10:24:52.658+0000][1285][safepoint   ] Safepoint "Cleanup", Time since last: 1000813068 ns, Reaching safepoint: 32875 ns, Cleanup: 15250 ns, At safepoint: 7083 ns, Total: 55208 ns
[2025-03-14T10:25:03.660+0000][1285][safepoint   ] Safepoint "Cleanup", Time since last: 11001807736 ns, Reaching safepoint: 128666 ns, Cleanup: 60374 ns, At safepoint: 19833 ns, Total: 208873 ns
[2025-03-14T10:25:04.661+0000][1285][safepoint   ] Safepoint "Cleanup", Time since last: 1000919943 ns, Reaching safepoint: 74999 ns, Cleanup: 41625 ns, At safepoint: 16041 ns, Total: 132665 ns
[2025-03-14T10:25:06.662+0000][1285][safepoint   ] Safepoint "Cleanup", Time since last: 2001115975 ns, Reaching safepoint: 44000 ns, Cleanup: 39083 ns, At safepoint: 15000 ns, Total: 98083 ns
[2025-03-14T10:25:07.663+0000][1285][safepoint   ] Safepoint "Cleanup", Time since last: 1000813485 ns, Reaching safepoint: 19083 ns, Cleanup: 14083 ns, At safepoint: 10542 ns, Total: 43708 ns
[2025-03-14T10:25:12.664+0000][1285][safepoint   ] Safepoint "Cleanup", Time since last: 5000756790 ns, Reaching safepoint: 94666 ns, Cleanup: 37458 ns, At safepoint: 6708 ns, Total: 138832 ns
[2025-03-14T10:25:13.664+0000][1285][safepoint   ] Safepoint "Cleanup", Time since last: 1000122366 ns, Reaching safepoint: 12750 ns, Cleanup: 13167 ns, At safepoint: 6208 ns, Total: 32125 ns
[2025-03-14T10:25:17.665+0000][1285][safepoint   ] Safepoint "Cleanup", Time since last: 4000301084 ns, Reaching safepoint: 25334 ns, Cleanup: 13333 ns, At safepoint: 11708 ns, Total: 50375 ns
[2025-03-14T10:25:18.665+0000][1285][safepoint   ] Safepoint "Cleanup", Time since last: 1000127342 ns, Reaching safepoint: 43375 ns, Cleanup: 24166 ns, At safepoint: 10792 ns, Total: 78333 ns
[2025-03-14T10:25:19.665+0000][1285][safepoint   ] Safepoint "Cleanup", Time since last: 1000167096 ns, Reaching safepoint: 177540 ns, Cleanup: 17999 ns, At safepoint: 6209 ns, Total: 201748 ns
[2025-03-14T10:25:36.723+0000][1285][safepoint   ] Safepoint "Cleanup", Time since last: 17057841099 ns, Reaching safepoint: 83958 ns, Cleanup: 21083 ns, At safepoint: 6291 ns, Total: 111332 ns
[2025-03-14T10:25:38.723+0000][1285][safepoint   ] Safepoint "Cleanup", Time since last: 2000209385 ns, Reaching safepoint: 75332 ns, Cleanup: 23042 ns, At safepoint: 17874 ns, Total: 116248 ns
[2025-03-14T10:25:42.724+0000][1285][safepoint   ] Safepoint "Cleanup", Time since last: 4000362604 ns, Reaching safepoint: 83708 ns, Cleanup: 36333 ns, At safepoint: 6166 ns, Total: 126207 ns
[2025-03-14T10:25:44.724+0000][1285][safepoint   ] Safepoint "Cleanup", Time since last: 2000357051 ns, Reaching safepoint: 64124 ns, Cleanup: 97416 ns, At safepoint: 26666 ns, Total: 188206 ns
[2025-03-14T10:25:45.725+0000][1285][safepoint   ] Safepoint "Cleanup", Time since last: 1000597064 ns, Reaching safepoint: 45499 ns, Cleanup: 41083 ns, At safepoint: 28292 ns, Total: 114874 ns
[2025-03-14T10:25:48.727+0000][1285][safepoint   ] Safepoint "Cleanup", Time since last: 3002144977 ns, Reaching safepoint: 52458 ns, Cleanup: 52958 ns, At safepoint: 16583 ns, Total: 121999 ns
[2025-03-14T10:25:49.728+0000][1285][safepoint   ] Safepoint "Cleanup", Time since last: 1000602813 ns, Reaching safepoint: 18084 ns, Cleanup: 21541 ns, At safepoint: 8625 ns, Total: 48250 ns
[2025-03-14T10:25:52.729+0000][1285][safepoint   ] Safepoint "Cleanup", Time since last: 3000986572 ns, Reaching safepoint: 56416 ns, Cleanup: 27125 ns, At safepoint: 15333 ns, Total: 98874 ns
[2025-03-14T10:25:54.729+0000][1285][safepoint   ] Safepoint "Cleanup", Time since last: 2000176844 ns, Reaching safepoint: 8042 ns, Cleanup: 8625 ns, At safepoint: 4750 ns, Total: 21417 ns
[2025-03-14T10:26:00.731+0000][1285][safepoint   ] Safepoint "Cleanup", Time since last: 6001899269 ns, Reaching safepoint: 15750 ns, Cleanup: 8709 ns, At safepoint: 5166 ns, Total: 29625 ns
[2025-03-14T10:26:06.735+0000][1285][safepoint   ] Safepoint "Cleanup", Time since last: 6003690712 ns, Reaching safepoint: 130207 ns, Cleanup: 49166 ns, At safepoint: 24625 ns, Total: 203998 ns
[2025-03-14T10:26:07.736+0000][1285][safepoint   ] Safepoint "Cleanup", Time since last: 1000499439 ns, Reaching safepoint: 24666 ns, Cleanup: 27000 ns, At safepoint: 8750 ns, Total: 60416 ns
[2025-03-14T10:26:12.737+0000][1285][safepoint   ] Safepoint "Cleanup", Time since last: 5001706745 ns, Reaching safepoint: 31124 ns, Cleanup: 11750 ns, At safepoint: 23250 ns, Total: 66124 ns
[2025-03-14T10:26:18.739+0000][1285][safepoint   ] Safepoint "Cleanup", Time since last: 6000865962 ns, Reaching safepoint: 189915 ns, Cleanup: 35417 ns, At safepoint: 13083 ns, Total: 238415 ns
[2025-03-14T10:26:24.784+0000][1285][safepoint   ] Safepoint "Cleanup", Time since last: 6044887478 ns, Reaching safepoint: 140957 ns, Cleanup: 42000 ns, At safepoint: 12083 ns, Total: 195040 ns
[2025-03-14T10:26:25.784+0000][1285][safepoint   ] Safepoint "Cleanup", Time since last: 1000122633 ns, Reaching safepoint: 16416 ns, Cleanup: 9833 ns, At safepoint: 6625 ns, Total: 32874 ns
[2025-03-14T10:26:28.786+0000][1285][safepoint   ] Safepoint "Cleanup", Time since last: 3001760434 ns, Reaching safepoint: 240665 ns, Cleanup: 199581 ns, At safepoint: 18750 ns, Total: 458996 ns
[2025-03-14T10:26:33.788+0000][1285][safepoint   ] Safepoint "Cleanup", Time since last: 5001970716 ns, Reaching safepoint: 115624 ns, Cleanup: 36292 ns, At safepoint: 6500 ns, Total: 158416 ns
[2025-03-14T10:26:36.790+0000][1285][safepoint   ] Safepoint "Cleanup", Time since last: 3002025357 ns, Reaching safepoint: 51833 ns, Cleanup: 59416 ns, At safepoint: 18958 ns, Total: 130207 ns
[2025-03-14T10:26:39.791+0000][1285][safepoint   ] Safepoint "Cleanup", Time since last: 3000798412 ns, Reaching safepoint: 103999 ns, Cleanup: 35666 ns, At safepoint: 11917 ns, Total: 151582 ns
[2025-03-14T10:26:42.792+0000][1285][safepoint   ] Safepoint "Cleanup", Time since last: 3000382248 ns, Reaching safepoint: 58917 ns, Cleanup: 20541 ns, At safepoint: 11042 ns, Total: 90500 ns
[2025-03-14T10:26:48.793+0000][1285][safepoint   ] Safepoint "Cleanup", Time since last: 6000580916 ns, Reaching safepoint: 252414 ns, Cleanup: 56874 ns, At safepoint: 27959 ns, Total: 337247 ns
[2025-03-14T10:26:51.796+0000][1285][safepoint   ] Safepoint "Cleanup", Time since last: 3002885017 ns, Reaching safepoint: 85124 ns, Cleanup: 50541 ns, At safepoint: 16209 ns, Total: 151874 ns
[2025-03-14T10:26:57.797+0000][1285][safepoint   ] Safepoint "Cleanup", Time since last: 6001553323 ns, Reaching safepoint: 69041 ns, Cleanup: 36750 ns, At safepoint: 6500 ns, Total: 112291 ns
[2025-03-14T10:27:03.798+0000][1285][safepoint   ] Safepoint "Cleanup", Time since last: 6000911538 ns, Reaching safepoint: 86249 ns, Cleanup: 15459 ns, At safepoint: 6291 ns, Total: 107999 ns
[2025-03-14T10:27:08.799+0000][1285][safepoint   ] Safepoint "Cleanup", Time since last: 5000544194 ns, Reaching safepoint: 72416 ns, Cleanup: 24458 ns, At safepoint: 13166 ns, Total: 110040 ns
[2025-03-14T10:27:30.842+0000][1285][safepoint   ] Safepoint "Cleanup", Time since last: 22043194600 ns, Reaching safepoint: 141415 ns, Cleanup: 59124 ns, At safepoint: 31750 ns, Total: 232289 ns
[2025-03-14T10:27:36.844+0000][1285][safepoint   ] Safepoint "Cleanup", Time since last: 6001497373 ns, Reaching safepoint: 65416 ns, Cleanup: 24709 ns, At safepoint: 6791 ns, Total: 96916 ns
[2025-03-14T10:27:39.845+0000][1285][safepoint   ] Safepoint "Cleanup", Time since last: 3001020577 ns, Reaching safepoint: 11292 ns, Cleanup: 11958 ns, At safepoint: 5042 ns, Total: 28292 ns
[2025-03-14T10:27:42.845+0000][1285][safepoint   ] Safepoint "Cleanup", Time since last: 3000237125 ns, Reaching safepoint: 54750 ns, Cleanup: 24249 ns, At safepoint: 8667 ns, Total: 87666 ns
[2025-03-14T10:27:43.846+0000][1285][safepoint   ] Safepoint "Cleanup", Time since last: 1000126375 ns, Reaching safepoint: 38624 ns, Cleanup: 14042 ns, At safepoint: 7375 ns, Total: 60041 ns
[2025-03-14T10:27:47.846+0000][1285][safepoint   ] Safepoint "Cleanup", Time since last: 4000712746 ns, Reaching safepoint: 19583 ns, Cleanup: 30750 ns, At safepoint: 18375 ns, Total: 68708 ns
[2025-03-14T10:27:51.848+0000][1285][safepoint   ] Safepoint "Cleanup", Time since last: 4001147867 ns, Reaching safepoint: 51541 ns, Cleanup: 56583 ns, At safepoint: 19875 ns, Total: 127999 ns
[2025-03-14T10:28:00.850+0000][1285][safepoint   ] Safepoint "Cleanup", Time since last: 9001787782 ns, Reaching safepoint: 122665 ns, Cleanup: 20000 ns, At safepoint: 7667 ns, Total: 150332 ns
[2025-03-14T10:28:03.850+0000][1285][safepoint   ] Safepoint "Cleanup", Time since last: 3000276249 ns, Reaching safepoint: 121666 ns, Cleanup: 23791 ns, At safepoint: 10750 ns, Total: 156207 ns
[2025-03-14T10:28:15.855+0000][1285][safepoint   ] Safepoint "Cleanup", Time since last: 12004415510 ns, Reaching safepoint: 114583 ns, Cleanup: 15333 ns, At safepoint: 4750 ns, Total: 134666 ns
[2025-03-14T10:28:24.942+0000][1285][safepoint   ] Safepoint "Cleanup", Time since last: 9086680111 ns, Reaching safepoint: 245665 ns, Cleanup: 31583 ns, At safepoint: 13000 ns, Total: 290248 ns
[2025-03-14T10:28:27.944+0000][1285][safepoint   ] Safepoint "Cleanup", Time since last: 3002405130 ns, Reaching safepoint: 14250 ns, Cleanup: 25499 ns, At safepoint: 8709 ns, Total: 48458 ns
[2025-03-14T10:28:30.946+0000][1285][safepoint   ] Safepoint "Cleanup", Time since last: 3001174849 ns, Reaching safepoint: 374164 ns, Cleanup: 74749 ns, At safepoint: 30166 ns, Total: 479079 ns
[2025-03-14T10:28:36.949+0000][1285][safepoint   ] Safepoint "Cleanup", Time since last: 6003580146 ns, Reaching safepoint: 136707 ns, Cleanup: 20375 ns, At safepoint: 6542 ns, Total: 163624 ns
[2025-03-14T10:28:38.818+0000][1285][gc,start    ] GC(31) Pause Young (Mixed) (G1 Evacuation Pause)
[2025-03-14T10:28:38.818+0000][1285][gc,task     ] GC(31) Using 1 workers of 1 for evacuation
[2025-03-14T10:28:38.818+0000][1285][gc,age      ] GC(31) Desired survivor size 77594624 bytes, new threshold 15 (max threshold 15)
[2025-03-14T10:28:38.957+0000][1285][gc,phases   ] GC(31)   Pre Evacuate Collection Set: 0.82ms
[2025-03-14T10:28:38.957+0000][1285][gc,phases   ] GC(31)   Merge Heap Roots: 0.37ms
[2025-03-14T10:28:38.957+0000][1285][gc,phases   ] GC(31)   Evacuate Collection Set: 132.17ms
[2025-03-14T10:28:38.957+0000][1285][gc,phases   ] GC(31)   Post Evacuate Collection Set: 5.34ms
[2025-03-14T10:28:38.957+0000][1285][gc,phases   ] GC(31)   Other: 0.18ms
[2025-03-14T10:28:38.957+0000][1285][gc,age      ] GC(31) Age table with threshold 15 (max threshold 15)
[2025-03-14T10:28:38.957+0000][1285][gc,age      ] GC(31) - age   1:    1202544 bytes,    1202544 total
[2025-03-14T10:28:38.957+0000][1285][gc,age      ] GC(31) - age   2:     326200 bytes,    1528744 total
[2025-03-14T10:28:38.957+0000][1285][gc,age      ] GC(31) - age   3:      28504 bytes,    1557248 total
[2025-03-14T10:28:38.957+0000][1285][gc,age      ] GC(31) - age   4:     290664 bytes,    1847912 total
[2025-03-14T10:28:38.957+0000][1285][gc,age      ] GC(31) - age   5:    1396344 bytes,    3244256 total
[2025-03-14T10:28:38.957+0000][1285][gc,age      ] GC(31) - age   6:    1316184 bytes,    4560440 total
[2025-03-14T10:28:38.957+0000][1285][gc,age      ] GC(31) - age   7:      47712 bytes,    4608152 total
[2025-03-14T10:28:38.957+0000][1285][gc,age      ] GC(31) - age   8:      84008 bytes,    4692160 total
[2025-03-14T10:28:38.957+0000][1285][gc,age      ] GC(31) - age   9:   10506600 bytes,   15198760 total
[2025-03-14T10:28:38.957+0000][1285][gc,age      ] GC(31) - age  10:    2498728 bytes,   17697488 total
[2025-03-14T10:28:38.957+0000][1285][gc,age      ] GC(31) - age  11:    9743856 bytes,   27441344 total
[2025-03-14T10:28:38.957+0000][1285][gc,heap     ] GC(31) Eden regions: 285->0(285)
[2025-03-14T10:28:38.957+0000][1285][gc,heap     ] GC(31) Survivor regions: 7->7(37)
[2025-03-14T10:28:38.957+0000][1285][gc,heap     ] GC(31) Old regions: 18->18
[2025-03-14T10:28:38.957+0000][1285][gc,heap     ] GC(31) Humongous regions: 5->5
[2025-03-14T10:28:38.957+0000][1285][gc,metaspace] GC(31) Metaspace: 121774K(124928K)->121774K(124928K) NonClass: 105257K(107008K)->105257K(107008K) Class: 16517K(17920K)->16517K(17920K)
[2025-03-14T10:28:38.957+0000][1285][gc          ] GC(31) Pause Young (Mixed) (G1 Evacuation Pause) 1258M->117M(1952M) 139.242ms
[2025-03-14T10:28:38.957+0000][1285][gc,cpu      ] GC(31) User=0.14s Sys=0.00s Real=0.14s
[2025-03-14T10:28:38.961+0000][1285][safepoint   ] Safepoint "G1CollectForAllocation", Time since last: 1868235051 ns, Reaching safepoint: 22625 ns, Cleanup: 4250 ns, At safepoint: 143268982 ns, Total: 143295857 ns
[2025-03-14T10:28:41.964+0000][1285][safepoint   ] Safepoint "Cleanup", Time since last: 3001885648 ns, Reaching safepoint: 121332 ns, Cleanup: 10291 ns, At safepoint: 1026491 ns, Total: 1158114 ns
[2025-03-14T10:28:42.964+0000][1285][safepoint   ] Safepoint "Cleanup", Time since last: 1000443565 ns, Reaching safepoint: 20249 ns, Cleanup: 13917 ns, At safepoint: 6250 ns, Total: 40416 ns
[2025-03-14T10:28:47.968+0000][1285][safepoint   ] Safepoint "Cleanup", Time since last: 5002896483 ns, Reaching safepoint: 549286 ns, Cleanup: 34417 ns, At safepoint: 8791 ns, Total: 592494 ns
[2025-03-14T10:28:48.968+0000][1285][safepoint   ] Safepoint "Cleanup", Time since last: 1000134484 ns, Reaching safepoint: 16417 ns, Cleanup: 15750 ns, At safepoint: 8458 ns, Total: 40625 ns
[2025-03-14T10:28:51.970+0000][1285][safepoint   ] Safepoint "Cleanup", Time since last: 3001597982 ns, Reaching safepoint: 19083 ns, Cleanup: 25459 ns, At safepoint: 10124 ns, Total: 54666 ns
[2025-03-14T10:28:54.972+0000][1285][safepoint   ] Safepoint "Cleanup", Time since last: 3001502859 ns, Reaching safepoint: 280289 ns, Cleanup: 27499 ns, At safepoint: 17542 ns, Total: 325330 ns
[2025-03-14T10:28:59.973+0000][1285][safepoint   ] Safepoint "Cleanup", Time since last: 5001461454 ns, Reaching safepoint: 12541 ns, Cleanup: 13208 ns, At safepoint: 4875 ns, Total: 30624 ns
[2025-03-14T10:29:00.973+0000][1285][safepoint   ] Safepoint "Cleanup", Time since last: 1000094985 ns, Reaching safepoint: 62374 ns, Cleanup: 25750 ns, At safepoint: 6416 ns, Total: 94540 ns
[2025-03-14T10:29:03.974+0000][1285][safepoint   ] Safepoint "Cleanup", Time since last: 3000234537 ns, Reaching safepoint: 8333 ns, Cleanup: 10958 ns, At safepoint: 7000 ns, Total: 26291 ns
[2025-03-14T10:29:08.976+0000][1285][safepoint   ] Safepoint "Cleanup", Time since last: 5001487412 ns, Reaching safepoint: 525704 ns, Cleanup: 25083 ns, At safepoint: 11500 ns, Total: 562287 ns
[2025-03-14T10:29:11.977+0000][1285][safepoint   ] Safepoint "Cleanup", Time since last: 3000429576 ns, Reaching safepoint: 669827 ns, Cleanup: 120707 ns, At safepoint: 41917 ns, Total: 832451 ns
[2025-03-14T10:29:15.980+0000][1285][safepoint   ] Safepoint "Cleanup", Time since last: 4002917088 ns, Reaching safepoint: 301706 ns, Cleanup: 60749 ns, At safepoint: 21833 ns, Total: 384288 ns
[2025-03-14T10:29:20.983+0000][1285][safepoint   ] Safepoint "Cleanup", Time since last: 5002384801 ns, Reaching safepoint: 125999 ns, Cleanup: 17375 ns, At safepoint: 9958 ns, Total: 153332 ns
[2025-03-14T10:29:36.039+0000][1285][safepoint   ] Safepoint "Cleanup", Time since last: 15055608037 ns, Reaching safepoint: 297997 ns, Cleanup: 40000 ns, At safepoint: 13083 ns, Total: 351080 ns
[2025-03-14T10:29:39.040+0000][1285][safepoint   ] Safepoint "Cleanup", Time since last: 3000729692 ns, Reaching safepoint: 186540 ns, Cleanup: 11542 ns, At safepoint: 6833 ns, Total: 204915 ns
[2025-03-14T10:29:40.041+0000][1285][safepoint   ] Safepoint "Cleanup", Time since last: 1000829128 ns, Reaching safepoint: 48124 ns, Cleanup: 25375 ns, At safepoint: 17750 ns, Total: 91249 ns
[2025-03-14T10:29:42.042+0000][1285][safepoint   ] Safepoint "Cleanup", Time since last: 2001468757 ns, Reaching safepoint: 394329 ns, Cleanup: 39750 ns, At safepoint: 6500 ns, Total: 440579 ns
[2025-03-14T10:29:43.043+0000][1285][safepoint   ] Safepoint "Cleanup", Time since last: 1000524255 ns, Reaching safepoint: 5083 ns, Cleanup: 18667 ns, At safepoint: 4625 ns, Total: 28375 ns
[2025-03-14T10:29:44.043+0000][1285][safepoint   ] Safepoint "Cleanup", Time since last: 1000336423 ns, Reaching safepoint: 9666 ns, Cleanup: 18125 ns, At safepoint: 9333 ns, Total: 37124 ns
[2025-03-14T10:29:47.045+0000][1285][safepoint   ] Safepoint "Cleanup", Time since last: 3001654014 ns, Reaching safepoint: 43083 ns, Cleanup: 145582 ns, At safepoint: 11625 ns, Total: 200290 ns
[2025-03-14T10:29:48.045+0000][1285][safepoint   ] Safepoint "Cleanup", Time since last: 1000131424 ns, Reaching safepoint: 63833 ns, Cleanup: 34958 ns, At safepoint: 19250 ns, Total: 118041 ns
[2025-03-14T10:29:52.046+0000][1285][safepoint   ] Safepoint "Cleanup", Time since last: 4000324409 ns, Reaching safepoint: 11459 ns, Cleanup: 16208 ns, At safepoint: 28125 ns, Total: 55792 ns
[2025-03-14T10:29:54.047+0000][1285][safepoint   ] Safepoint "Cleanup", Time since last: 2001139341 ns, Reaching safepoint: 23667 ns, Cleanup: 12083 ns, At safepoint: 32291 ns, Total: 68041 ns
[2025-03-14T10:29:57.048+0000][1285][safepoint   ] Safepoint "Cleanup", Time since last: 3000475607 ns, Reaching safepoint: 380663 ns, Cleanup: 23000 ns, At safepoint: 18125 ns, Total: 421788 ns
[2025-03-14T10:30:02.050+0000][1285][safepoint   ] Safepoint "Cleanup", Time since last: 5001782614 ns, Reaching safepoint: 18666 ns, Cleanup: 22500 ns, At safepoint: 9417 ns, Total: 50583 ns
[2025-03-14T10:30:03.051+0000][1285][safepoint   ] Safepoint "Cleanup", Time since last: 1001174457 ns, Reaching safepoint: 10708 ns, Cleanup: 6416 ns, At safepoint: 12417 ns, Total: 29541 ns
[2025-03-14T10:30:04.052+0000][1285][safepoint   ] Safepoint "Cleanup", Time since last: 1000976709 ns, Reaching safepoint: 72957 ns, Cleanup: 13167 ns, At safepoint: 9167 ns, Total: 95291 ns
[2025-03-14T10:30:06.053+0000][1285][safepoint   ] Safepoint "Cleanup", Time since last: 2000541138 ns, Reaching safepoint: 7750 ns, Cleanup: 12167 ns, At safepoint: 5625 ns, Total: 25542 ns
[2025-03-14T10:30:09.053+0000][1285][safepoint   ] Safepoint "Cleanup", Time since last: 3000237484 ns, Reaching safepoint: 8875 ns, Cleanup: 26291 ns, At safepoint: 7667 ns, Total: 42833 ns
[2025-03-14T10:30:11.053+0000][1285][safepoint   ] Safepoint "Cleanup", Time since last: 2000169892 ns, Reaching safepoint: 48416 ns, Cleanup: 13833 ns, At safepoint: 5708 ns, Total: 67957 ns
[2025-03-14T10:30:12.053+0000][1285][safepoint   ] Safepoint "Cleanup", Time since last: 1000099967 ns, Reaching safepoint: 12792 ns, Cleanup: 9708 ns, At safepoint: 22125 ns, Total: 44625 ns
[2025-03-14T10:30:18.055+0000][1285][safepoint   ] Safepoint "Cleanup", Time since last: 6001692210 ns, Reaching safepoint: 14833 ns, Cleanup: 17083 ns, At safepoint: 11667 ns, Total: 43583 ns
[2025-03-14T10:30:21.056+0000][1285][safepoint   ] Safepoint "Cleanup", Time since last: 3000915054 ns, Reaching safepoint: 31500 ns, Cleanup: 55874 ns, At safepoint: 8334 ns, Total: 95708 ns
[2025-03-14T10:30:25.136+0000][1285][safepoint   ] Safepoint "Cleanup", Time since last: 4079930360 ns, Reaching safepoint: 30041 ns, Cleanup: 39917 ns, At safepoint: 6916 ns, Total: 76874 ns
[2025-03-14T10:30:33.158+0000][1285][safepoint   ] Safepoint "Cleanup", Time since last: 8021694831 ns, Reaching safepoint: 134124 ns, Cleanup: 19416 ns, At safepoint: 9875 ns, Total: 163415 ns
[2025-03-14T10:30:42.163+0000][1285][safepoint   ] Safepoint "Cleanup", Time since last: 9005187218 ns, Reaching safepoint: 136416 ns, Cleanup: 36749 ns, At safepoint: 16042 ns, Total: 189207 ns
[2025-03-14T10:30:43.167+0000][1285][safepoint   ] Safepoint "Cleanup", Time since last: 1003697582 ns, Reaching safepoint: 139874 ns, Cleanup: 47375 ns, At safepoint: 13166 ns, Total: 200415 ns
[2025-03-14T10:30:44.168+0000][1285][safepoint   ] Safepoint "Cleanup", Time since last: 1000640984 ns, Reaching safepoint: 41208 ns, Cleanup: 38000 ns, At safepoint: 13833 ns, Total: 93041 ns
[2025-03-14T10:30:48.168+0000][1285][safepoint   ] Safepoint "Cleanup", Time since last: 4000309665 ns, Reaching safepoint: 135541 ns, Cleanup: 18625 ns, At safepoint: 7041 ns, Total: 161207 ns
[2025-03-14T10:30:49.169+0000][1285][safepoint   ] Safepoint "Cleanup", Time since last: 1000091364 ns, Reaching safepoint: 14792 ns, Cleanup: 12875 ns, At safepoint: 6083 ns, Total: 33750 ns
[2025-03-14T10:30:54.169+0000][1285][safepoint   ] Safepoint "Cleanup", Time since last: 5000523361 ns, Reaching safepoint: 31458 ns, Cleanup: 24375 ns, At safepoint: 6833 ns, Total: 62666 ns
[2025-03-14T10:31:03.173+0000][1285][safepoint   ] Safepoint "Cleanup", Time since last: 9003898206 ns, Reaching safepoint: 98707 ns, Cleanup: 21375 ns, At safepoint: 9834 ns, Total: 129916 ns
[2025-03-14T10:31:07.175+0000][1285][safepoint   ] Safepoint "Cleanup", Time since last: 4001671402 ns, Reaching safepoint: 28250 ns, Cleanup: 16499 ns, At safepoint: 5375 ns, Total: 50124 ns
[2025-03-14T10:31:08.175+0000][1285][safepoint   ] Safepoint "Cleanup", Time since last: 1000126114 ns, Reaching safepoint: 24708 ns, Cleanup: 64541 ns, At safepoint: 6333 ns, Total: 95582 ns
[2025-03-14T10:31:09.176+0000][1285][safepoint   ] Safepoint "Cleanup", Time since last: 1000450820 ns, Reaching safepoint: 6208 ns, Cleanup: 25791 ns, At safepoint: 4334 ns, Total: 36333 ns
[2025-03-14T10:31:10.177+0000][1285][safepoint   ] Safepoint "Cleanup", Time since last: 1001406393 ns, Reaching safepoint: 9334 ns, Cleanup: 26291 ns, At safepoint: 9958 ns, Total: 45583 ns
[2025-03-14T10:31:18.188+0000][1285][safepoint   ] Safepoint "Cleanup", Time since last: 8010677950 ns, Reaching safepoint: 114041 ns, Cleanup: 18083 ns, At safepoint: 9208 ns, Total: 141332 ns
[2025-03-14T10:31:22.190+0000][1285][safepoint   ] Safepoint "Cleanup", Time since last: 4001206793 ns, Reaching safepoint: 347081 ns, Cleanup: 85916 ns, At safepoint: 42083 ns, Total: 475080 ns
[2025-03-14T10:31:24.211+0000][1285][safepoint   ] Safepoint "Cleanup", Time since last: 2021806497 ns, Reaching safepoint: 11958 ns, Cleanup: 12666 ns, At safepoint: 4084 ns, Total: 28708 ns
[2025-03-14T10:31:26.212+0000][1285][safepoint   ] Safepoint "Cleanup", Time since last: 2000540366 ns, Reaching safepoint: 82708 ns, Cleanup: 26500 ns, At safepoint: 7541 ns, Total: 116749 ns
[2025-03-14T10:31:27.212+0000][1285][safepoint   ] Safepoint "Cleanup", Time since last: 1000107818 ns, Reaching safepoint: 7875 ns, Cleanup: 17292 ns, At safepoint: 10291 ns, Total: 35458 ns
[2025-03-14T10:31:30.213+0000][1285][safepoint   ] Safepoint "Cleanup", Time since last: 3000955540 ns, Reaching safepoint: 11959 ns, Cleanup: 22916 ns, At safepoint: 4458 ns, Total: 39333 ns
[2025-03-14T10:31:34.214+0000][1285][safepoint   ] Safepoint "Cleanup", Time since last: 4000270587 ns, Reaching safepoint: 81958 ns, Cleanup: 12583 ns, At safepoint: 9625 ns, Total: 104166 ns
[2025-03-14T10:31:39.215+0000][1285][safepoint   ] Safepoint "Cleanup", Time since last: 5001016557 ns, Reaching safepoint: 136415 ns, Cleanup: 43416 ns, At safepoint: 44542 ns, Total: 224373 ns
[2025-03-14T10:31:42.216+0000][1285][safepoint   ] Safepoint "Cleanup", Time since last: 3001519643 ns, Reaching safepoint: 33333 ns, Cleanup: 37166 ns, At safepoint: 17125 ns, Total: 87624 ns
[2025-03-14T10:31:43.217+0000][1285][safepoint   ] Safepoint "Cleanup", Time since last: 1000328966 ns, Reaching safepoint: 51166 ns, Cleanup: 36333 ns, At safepoint: 24958 ns, Total: 112457 ns
[2025-03-14T10:31:48.219+0000][1285][safepoint   ] Safepoint "Cleanup", Time since last: 5001460869 ns, Reaching safepoint: 210790 ns, Cleanup: 108041 ns, At safepoint: 16208 ns, Total: 335039 ns
[2025-03-14T10:31:51.219+0000][1285][safepoint   ] Safepoint "Cleanup", Time since last: 3000321026 ns, Reaching safepoint: 11458 ns, Cleanup: 14500 ns, At safepoint: 11458 ns, Total: 37416 ns
[2025-03-14T10:31:54.219+0000][1285][safepoint   ] Safepoint "Cleanup", Time since last: 3000258609 ns, Reaching safepoint: 58542 ns, Cleanup: 14124 ns, At safepoint: 6417 ns, Total: 79083 ns
[2025-03-14T10:31:57.221+0000][1285][safepoint   ] Safepoint "Cleanup", Time since last: 3001385433 ns, Reaching safepoint: 166790 ns, Cleanup: 19792 ns, At safepoint: 7041 ns, Total: 193623 ns
[2025-03-14T10:32:00.221+0000][1285][safepoint   ] Safepoint "Cleanup", Time since last: 3000514441 ns, Reaching safepoint: 59958 ns, Cleanup: 20041 ns, At safepoint: 7292 ns, Total: 87291 ns
[2025-03-14T10:32:04.225+0000][1285][safepoint   ] Safepoint "Cleanup", Time since last: 4002242101 ns, Reaching safepoint: 67708 ns, Cleanup: 1545445 ns, At safepoint: 11458 ns, Total: 1624611 ns
[2025-03-14T10:32:06.226+0000][1285][safepoint   ] Safepoint "Cleanup", Time since last: 2000440932 ns, Reaching safepoint: 50666 ns, Cleanup: 35541 ns, At safepoint: 18583 ns, Total: 104790 ns
[2025-03-14T10:32:08.227+0000][1285][safepoint   ] Safepoint "Cleanup", Time since last: 2001015802 ns, Reaching safepoint: 204373 ns, Cleanup: 56583 ns, At safepoint: 23458 ns, Total: 284414 ns
[2025-03-14T10:32:12.228+0000][1285][safepoint   ] Safepoint "Cleanup", Time since last: 4000605074 ns, Reaching safepoint: 47667 ns, Cleanup: 19666 ns, At safepoint: 8542 ns, Total: 75875 ns
[2025-03-14T10:32:12.504+0000][1285][gc,start    ] GC(32) Pause Young (Concurrent Start) (G1 Evacuation Pause)
[2025-03-14T10:32:12.504+0000][1285][gc,task     ] GC(32) Using 1 workers of 1 for evacuation
[2025-03-14T10:32:12.504+0000][1285][gc,age      ] GC(32) Desired survivor size 77594624 bytes, new threshold 15 (max threshold 15)
[2025-03-14T10:32:12.605+0000][1285][gc,phases   ] GC(32)   Pre Evacuate Collection Set: 0.62ms
[2025-03-14T10:32:12.606+0000][1285][gc,phases   ] GC(32)   Merge Heap Roots: 0.21ms
[2025-03-14T10:32:12.606+0000][1285][gc,phases   ] GC(32)   Evacuate Collection Set: 93.81ms
[2025-03-14T10:32:12.606+0000][1285][gc,phases   ] GC(32)   Post Evacuate Collection Set: 6.17ms
[2025-03-14T10:32:12.606+0000][1285][gc,phases   ] GC(32)   Other: 0.23ms
[2025-03-14T10:32:12.606+0000][1285][gc,age      ] GC(32) Age table with threshold 15 (max threshold 15)
[2025-03-14T10:32:12.606+0000][1285][gc,age      ] GC(32) - age   1:    3679904 bytes,    3679904 total
[2025-03-14T10:32:12.606+0000][1285][gc,age      ] GC(32) - age   2:      83984 bytes,    3763888 total
[2025-03-14T10:32:12.606+0000][1285][gc,age      ] GC(32) - age   3:     108240 bytes,    3872128 total
[2025-03-14T10:32:12.606+0000][1285][gc,age      ] GC(32) - age   4:      28048 bytes,    3900176 total
[2025-03-14T10:32:12.606+0000][1285][gc,age      ] GC(32) - age   5:     270160 bytes,    4170336 total
[2025-03-14T10:32:12.606+0000][1285][gc,age      ] GC(32) - age   6:    1224944 bytes,    5395280 total
[2025-03-14T10:32:12.606+0000][1285][gc,age      ] GC(32) - age   7:    1309712 bytes,    6704992 total
[2025-03-14T10:32:12.606+0000][1285][gc,age      ] GC(32) - age   8:      47712 bytes,    6752704 total
[2025-03-14T10:32:12.606+0000][1285][gc,age      ] GC(32) - age   9:      84008 bytes,    6836712 total
[2025-03-14T10:32:12.606+0000][1285][gc,age      ] GC(32) - age  10:    9393992 bytes,   16230704 total
[2025-03-14T10:32:12.606+0000][1285][gc,age      ] GC(32) - age  11:    2498600 bytes,   18729304 total
[2025-03-14T10:32:12.606+0000][1285][gc,age      ] GC(32) - age  12:    9553512 bytes,   28282816 total
[2025-03-14T10:32:12.606+0000][1285][gc,heap     ] GC(32) Eden regions: 285->0(285)
[2025-03-14T10:32:12.606+0000][1285][gc,heap     ] GC(32) Survivor regions: 7->7(37)
[2025-03-14T10:32:12.606+0000][1285][gc,heap     ] GC(32) Old regions: 18->18
[2025-03-14T10:32:12.606+0000][1285][gc,heap     ] GC(32) Humongous regions: 5->5
[2025-03-14T10:32:12.606+0000][1285][gc,metaspace] GC(32) Metaspace: 122037K(125248K)->122037K(125248K) NonClass: 105486K(107264K)->105486K(107264K) Class: 16550K(17984K)->16550K(17984K)
[2025-03-14T10:32:12.606+0000][1285][gc          ] GC(32) Pause Young (Concurrent Start) (G1 Evacuation Pause) 1257M->117M(1952M) 101.304ms
[2025-03-14T10:32:12.606+0000][1285][gc          ] GC(33) Concurrent Mark Cycle
[2025-03-14T10:32:12.606+0000][1285][gc,marking  ] GC(33) Concurrent Scan Root Regions
[2025-03-14T10:32:12.607+0000][1285][gc,cpu      ] GC(32) User=0.10s Sys=0.00s Real=0.10s
[2025-03-14T10:32:12.608+0000][1285][safepoint   ] Safepoint "G1CollectForAllocation", Time since last: 276362762 ns, Reaching safepoint: 4667 ns, Cleanup: 2292 ns, At safepoint: 103717722 ns, Total: 103724681 ns
[2025-03-14T10:32:12.630+0000][1285][gc,marking  ] GC(33) Concurrent Scan Root Regions 24.189ms
[2025-03-14T10:32:12.630+0000][1285][gc,marking  ] GC(33) Concurrent Mark
[2025-03-14T10:32:12.630+0000][1285][gc,marking  ] GC(33) Concurrent Mark From Roots
[2025-03-14T10:32:12.630+0000][1285][gc,task     ] GC(33) Using 1 workers of 1 for marking
[2025-03-14T10:32:12.708+0000][1285][gc,marking  ] GC(33) Concurrent Mark From Roots 78.018ms
[2025-03-14T10:32:12.708+0000][1285][gc,marking  ] GC(33) Concurrent Preclean
[2025-03-14T10:32:12.708+0000][1285][gc,marking  ] GC(33) Concurrent Preclean 0.272ms
[2025-03-14T10:32:12.708+0000][1285][gc,start    ] GC(33) Pause Remark
[2025-03-14T10:32:12.824+0000][1285][gc          ] GC(33) Pause Remark 128M->128M(1952M) 116.062ms
[2025-03-14T10:32:12.824+0000][1285][gc,cpu      ] GC(33) User=0.11s Sys=0.00s Real=0.12s
[2025-03-14T10:32:12.827+0000][1285][safepoint   ] Safepoint "G1PauseRemark", Time since last: 100245337 ns, Reaching safepoint: 5375 ns, Cleanup: 17833 ns, At safepoint: 118752633 ns, Total: 118775841 ns
[2025-03-14T10:32:12.827+0000][1285][gc,marking  ] GC(33) Concurrent Mark 197.156ms
[2025-03-14T10:32:12.827+0000][1285][gc,marking  ] GC(33) Concurrent Rebuild Remembered Sets and Scrub Regions
[2025-03-14T10:32:12.877+0000][1285][gc,marking  ] GC(33) Concurrent Rebuild Remembered Sets and Scrub Regions 49.940ms
[2025-03-14T10:32:12.878+0000][1285][gc,start    ] GC(33) Pause Cleanup
[2025-03-14T10:32:12.878+0000][1285][gc          ] GC(33) Pause Cleanup 129M->129M(1952M) 0.050ms
[2025-03-14T10:32:12.878+0000][1285][gc,cpu      ] GC(33) User=0.00s Sys=0.00s Real=0.00s
[2025-03-14T10:32:12.878+0000][1285][safepoint   ] Safepoint "G1PauseCleanup", Time since last: 50030357 ns, Reaching safepoint: 948158 ns, Cleanup: 39875 ns, At safepoint: 75041 ns, Total: 1063074 ns
[2025-03-14T10:32:12.878+0000][1285][gc,marking  ] GC(33) Concurrent Clear Claimed Marks
[2025-03-14T10:32:12.878+0000][1285][gc,marking  ] GC(33) Concurrent Clear Claimed Marks 0.226ms
[2025-03-14T10:32:12.878+0000][1285][gc,marking  ] GC(33) Concurrent Cleanup for Next Mark
[2025-03-14T10:32:12.904+0000][1285][gc,marking  ] GC(33) Concurrent Cleanup for Next Mark 25.852ms
[2025-03-14T10:32:12.904+0000][1285][gc          ] GC(33) Concurrent Mark Cycle 298.572ms
[2025-03-14T10:32:13.878+0000][1285][safepoint   ] Safepoint "Cleanup", Time since last: 1000071884 ns, Reaching safepoint: 19000 ns, Cleanup: 19666 ns, At safepoint: 8542 ns, Total: 47208 ns
[2025-03-14T10:32:15.878+0000][1285][safepoint   ] Safepoint "Cleanup", Time since last: 2000100175 ns, Reaching safepoint: 7584 ns, Cleanup: 11916 ns, At safepoint: 5083 ns, Total: 24583 ns
[2025-03-14T10:32:16.878+0000][1285][safepoint   ] Safepoint "Cleanup", Time since last: 1000093600 ns, Reaching safepoint: 31291 ns, Cleanup: 25500 ns, At safepoint: 6208 ns, Total: 62999 ns
[2025-03-14T10:32:18.879+0000][1285][safepoint   ] Safepoint "Cleanup", Time since last: 2000158065 ns, Reaching safepoint: 14667 ns, Cleanup: 18791 ns, At safepoint: 5833 ns, Total: 39291 ns
[2025-03-14T10:32:22.278+0000][1285][safepoint   ] Safepoint "Cleanup", Time since last: 3398749012 ns, Reaching safepoint: 117665 ns, Cleanup: 89125 ns, At safepoint: 10833 ns, Total: 217623 ns
[2025-03-14T10:32:24.278+0000][1285][safepoint   ] Safepoint "Cleanup", Time since last: 2000335733 ns, Reaching safepoint: 14500 ns, Cleanup: 14417 ns, At safepoint: 5791 ns, Total: 34708 ns
[2025-03-14T10:32:27.283+0000][1285][safepoint   ] Safepoint "Cleanup", Time since last: 3002157311 ns, Reaching safepoint: 2648853 ns, Cleanup: 47166 ns, At safepoint: 17833 ns, Total: 2713852 ns
[2025-03-14T10:32:30.283+0000][1285][safepoint   ] Safepoint "Cleanup", Time since last: 3000316366 ns, Reaching safepoint: 43666 ns, Cleanup: 25958 ns, At safepoint: 6875 ns, Total: 76499 ns
[2025-03-14T10:32:32.285+0000][1285][safepoint   ] Safepoint "Cleanup", Time since last: 2001051167 ns, Reaching safepoint: 223414 ns, Cleanup: 46708 ns, At safepoint: 42542 ns, Total: 312664 ns
[2025-03-14T10:32:36.288+0000][1285][safepoint   ] Safepoint "Cleanup", Time since last: 4001882124 ns, Reaching safepoint: 595620 ns, Cleanup: 91499 ns, At safepoint: 337164 ns, Total: 1024283 ns
[2025-03-14T10:32:39.288+0000][1285][safepoint   ] Safepoint "Cleanup", Time since last: 3000466792 ns, Reaching safepoint: 128708 ns, Cleanup: 26624 ns, At safepoint: 11292 ns, Total: 166624 ns
[2025-03-14T10:32:48.289+0000][1285][safepoint   ] Safepoint "Cleanup", Time since last: 9000817611 ns, Reaching safepoint: 100875 ns, Cleanup: 24541 ns, At safepoint: 7417 ns, Total: 132833 ns
[2025-03-14T10:32:53.293+0000][1285][safepoint   ] Safepoint "Cleanup", Time since last: 5004059598 ns, Reaching safepoint: 168748 ns, Cleanup: 26417 ns, At safepoint: 11416 ns, Total: 206581 ns
[2025-03-14T10:32:59.296+0000][1285][safepoint   ] Safepoint "Cleanup", Time since last: 6002100099 ns, Reaching safepoint: 148040 ns, Cleanup: 24042 ns, At safepoint: 10250 ns, Total: 182332 ns
[2025-03-14T10:33:03.300+0000][1285][safepoint   ] Safepoint "Cleanup", Time since last: 4004383526 ns, Reaching safepoint: 110416 ns, Cleanup: 14208 ns, At safepoint: 7625 ns, Total: 132249 ns
[2025-03-14T10:33:04.300+0000][1285][safepoint   ] Safepoint "Cleanup", Time since last: 1000160734 ns, Reaching safepoint: 26333 ns, Cleanup: 40291 ns, At safepoint: 4542 ns, Total: 71166 ns
[2025-03-14T10:33:12.302+0000][1285][safepoint   ] Safepoint "Cleanup", Time since last: 8001646863 ns, Reaching safepoint: 80375 ns, Cleanup: 19125 ns, At safepoint: 6750 ns, Total: 106250 ns
[2025-03-14T10:33:15.303+0000][1285][safepoint   ] Safepoint "Cleanup", Time since last: 3000979994 ns, Reaching safepoint: 69833 ns, Cleanup: 37666 ns, At safepoint: 8750 ns, Total: 116249 ns
[2025-03-14T10:33:25.377+0000][1285][safepoint   ] Safepoint "Cleanup", Time since last: 10074044498 ns, Reaching safepoint: 67207 ns, Cleanup: 28917 ns, At safepoint: 13750 ns, Total: 109874 ns
[2025-03-14T10:33:26.378+0000][1285][safepoint   ] Safepoint "Cleanup", Time since last: 1000396019 ns, Reaching safepoint: 12375 ns, Cleanup: 12125 ns, At safepoint: 5625 ns, Total: 30125 ns
[2025-03-14T10:33:27.378+0000][1285][safepoint   ] Safepoint "Cleanup", Time since last: 1000132911 ns, Reaching safepoint: 74333 ns, Cleanup: 25875 ns, At safepoint: 6083 ns, Total: 106291 ns
[2025-03-14T10:33:30.378+0000][1285][safepoint   ] Safepoint "Cleanup", Time since last: 3000240050 ns, Reaching safepoint: 61999 ns, Cleanup: 18000 ns, At safepoint: 13917 ns, Total: 93916 ns
[2025-03-14T10:33:33.379+0000][1285][safepoint   ] Safepoint "Cleanup", Time since last: 3000277218 ns, Reaching safepoint: 41917 ns, Cleanup: 15458 ns, At safepoint: 6000 ns, Total: 63375 ns
[2025-03-14T10:33:34.379+0000][1285][safepoint   ] Safepoint "Cleanup", Time since last: 1000098883 ns, Reaching safepoint: 12709 ns, Cleanup: 29291 ns, At safepoint: 6500 ns, Total: 48500 ns
[2025-03-14T10:33:35.380+0000][1285][safepoint   ] Safepoint "Cleanup", Time since last: 1001051664 ns, Reaching safepoint: 7625 ns, Cleanup: 12542 ns, At safepoint: 4792 ns, Total: 24959 ns
[2025-03-14T10:33:41.384+0000][1285][safepoint   ] Safepoint "Cleanup", Time since last: 6003176442 ns, Reaching safepoint: 213415 ns, Cleanup: 65083 ns, At safepoint: 42499 ns, Total: 320997 ns
[2025-03-14T10:33:43.385+0000][1285][safepoint   ] Safepoint "Cleanup", Time since last: 2001278489 ns, Reaching safepoint: 22416 ns, Cleanup: 18125 ns, At safepoint: 6083 ns, Total: 46624 ns
[2025-03-14T10:33:48.387+0000][1285][safepoint   ] Safepoint "Cleanup", Time since last: 5001803563 ns, Reaching safepoint: 19916 ns, Cleanup: 13542 ns, At safepoint: 8416 ns, Total: 41874 ns
[2025-03-14T10:33:49.387+0000][1285][safepoint   ] Safepoint "Cleanup", Time since last: 1000101165 ns, Reaching safepoint: 12416 ns, Cleanup: 21833 ns, At safepoint: 5792 ns, Total: 40041 ns
[2025-03-14T10:33:59.389+0000][1285][safepoint   ] Safepoint "Cleanup", Time since last: 10001201308 ns, Reaching safepoint: 465204 ns, Cleanup: 46583 ns, At safepoint: 87958 ns, Total: 599745 ns
[2025-03-14T10:34:21.400+0000][1285][safepoint   ] Safepoint "Cleanup", Time since last: 22010889235 ns, Reaching safepoint: 204665 ns, Cleanup: 56041 ns, At safepoint: 23417 ns, Total: 284123 ns
[2025-03-14T10:34:25.438+0000][1285][safepoint   ] Safepoint "Cleanup", Time since last: 4037738048 ns, Reaching safepoint: 410913 ns, Cleanup: 123499 ns, At safepoint: 41541 ns, Total: 575953 ns
[2025-03-14T10:34:27.439+0000][1285][safepoint   ] Safepoint "Cleanup", Time since last: 2000457142 ns, Reaching safepoint: 13208 ns, Cleanup: 14833 ns, At safepoint: 5209 ns, Total: 33250 ns
[2025-03-14T10:34:28.445+0000][1285][safepoint   ] Safepoint "Cleanup", Time since last: 1000497281 ns, Reaching safepoint: 1957442 ns, Cleanup: 40958 ns, At safepoint: 3840095 ns, Total: 5838495 ns
[2025-03-14T10:34:28.533+0000][1285][gc,heap,exit] Heap
[2025-03-14T10:34:28.533+0000][1285][gc,heap,exit]  garbage-first heap   total reserved 1998848K, committed 1998848K, used 750926K [0x0000000086000000, 0x0000000100000000)
[2025-03-14T10:34:28.533+0000][1285][gc,heap,exit]   region size 4096K, 161 young (659456K), 7 survivors (28672K)
[2025-03-14T10:34:28.533+0000][1285][gc,heap,exit]  Metaspace       used 122179K, committed 125312K, reserved 1179648K
[2025-03-14T10:34:28.533+0000][1285][gc,heap,exit]   class space    used 16554K, committed 17984K, reserved 1048576K
