[2025-03-14T06:13:41.612+0000][1442][gc,init] CardTable entry size: 512
[2025-03-14T06:13:41.616+0000][1442][gc     ] Using G1
[2025-03-14T06:13:41.677+0000][1442][gc,init] Version: 22.0.2+9-70 (release)
[2025-03-14T06:13:41.677+0000][1442][gc,init] CPUs: 1 total, 1 available
[2025-03-14T06:13:41.677+0000][1442][gc,init] Memory: 3903M
[2025-03-14T06:13:41.677+0000][1442][gc,init] Large Page Support: Disabled
[2025-03-14T06:13:41.677+0000][1442][gc,init] NUMA Support: Disabled
[2025-03-14T06:13:41.677+0000][1442][gc,init] Compressed Oops: Enabled (32-bit)
[2025-03-14T06:13:41.677+0000][1442][gc,init] Heap Region Size: 1M
[2025-03-14T06:13:41.677+0000][1442][gc,init] Heap Min Capacity: 1952M
[2025-03-14T06:13:41.677+0000][1442][gc,init] Heap Initial Capacity: 1952M
[2025-03-14T06:13:41.677+0000][1442][gc,init] Heap Max Capacity: 1952M
[2025-03-14T06:13:41.677+0000][1442][gc,init] Pre-touch: Disabled
[2025-03-14T06:13:41.677+0000][1442][gc,init] Parallel Workers: 1
[2025-03-14T06:13:41.677+0000][1442][gc,init] Concurrent Workers: 1
[2025-03-14T06:13:41.677+0000][1442][gc,init] Concurrent Refinement Workers: 1
[2025-03-14T06:13:41.677+0000][1442][gc,init] Periodic GC: Disabled
[2025-03-14T06:13:41.678+0000][1442][gc,metaspace] CDS archive(s) not mapped
[2025-03-14T06:13:41.678+0000][1442][gc,metaspace] Compressed class space mapped at: 0x0000000013000000-0x0000000053000000, reserved size: 1073741824
[2025-03-14T06:13:41.678+0000][1442][gc,metaspace] Narrow klass base: 0x0000000000000000, Narrow klass shift: 0, Narrow klass range: 0x53000000
[2025-03-14T06:13:41.909+0000][1442][gc,heap,exit] Heap
[2025-03-14T06:13:41.909+0000][1442][gc,heap,exit]  garbage-first heap   total reserved 1998848K, committed 1998848K, used 2560K [0x0000000086000000, 0x0000000100000000)
[2025-03-14T06:13:41.909+0000][1442][gc,heap,exit]   region size 1024K, 3 young (3072K), 0 survivors (0K)
[2025-03-14T06:13:41.909+0000][1442][gc,heap,exit]  Metaspace       used 3948K, committed 3968K, reserved 1114112K
[2025-03-14T06:13:41.909+0000][1442][gc,heap,exit]   class space    used 306K, committed 320K, reserved 1048576K
