[2025-03-14T06:42:54.112+0000][1021][gc,init] CardTable entry size: 512
[2025-03-14T06:42:54.112+0000][1021][gc     ] Using G1
[2025-03-14T06:42:56.964+0000][1021][gc,init] Version: 22.0.2+9-70 (release)
[2025-03-14T06:42:56.964+0000][1021][gc,init] CPUs: 1 total, 1 available
[2025-03-14T06:42:56.964+0000][1021][gc,init] Memory: 3903M
[2025-03-14T06:42:56.964+0000][1021][gc,init] Large Page Support: Disabled
[2025-03-14T06:42:56.964+0000][1021][gc,init] NUMA Support: Disabled
[2025-03-14T06:42:56.964+0000][1021][gc,init] Compressed Oops: Enabled (32-bit)
[2025-03-14T06:42:56.964+0000][1021][gc,init] Heap Region Size: 4M
[2025-03-14T06:42:56.964+0000][1021][gc,init] Heap Min Capacity: 1952M
[2025-03-14T06:42:56.964+0000][1021][gc,init] Heap Initial Capacity: 1952M
[2025-03-14T06:42:56.964+0000][1021][gc,init] Heap Max Capacity: 1952M
[2025-03-14T06:42:56.964+0000][1021][gc,init] Pre-touch: Enabled
[2025-03-14T06:42:56.964+0000][1021][gc,init] Parallel Workers: 1
[2025-03-14T06:42:56.964+0000][1021][gc,init] Concurrent Workers: 1
[2025-03-14T06:42:56.964+0000][1021][gc,init] Concurrent Refinement Workers: 1
[2025-03-14T06:42:56.964+0000][1021][gc,init] Periodic GC: Disabled
[2025-03-14T06:42:56.987+0000][1021][gc,metaspace] CDS archive(s) mapped at: [0x00001ffe00000000-0x00001ffe00c80000-0x00001ffe00c80000), size 13107200, SharedBaseAddress: 0x00001ffe00000000, ArchiveRelocationMode: 1.
[2025-03-14T06:42:56.987+0000][1021][gc,metaspace] Compressed class space mapped at: 0x00001ffe01000000-0x00001ffe41000000, reserved size: 1073741824
[2025-03-14T06:42:56.987+0000][1021][gc,metaspace] Narrow klass base: 0x00001ffe00000000, Narrow klass shift: 0, Narrow klass range: 0x100000000
[2025-03-14T06:42:57.612+0000][1021][safepoint   ] Safepoint "ICBufferFull", Time since last: 617347792 ns, Reaching safepoint: 445375 ns, Cleanup: 71167 ns, At safepoint: 4708 ns, Total: 521250 ns
[2025-03-14T06:42:58.194+0000][1021][safepoint   ] Safepoint "ICBufferFull", Time since last: 582152876 ns, Reaching safepoint: 2791 ns, Cleanup: 68250 ns, At safepoint: 7417 ns, Total: 78458 ns
[2025-03-14T06:42:59.132+0000][1021][safepoint   ] Safepoint "ICBufferFull", Time since last: 938086209 ns, Reaching safepoint: 1750 ns, Cleanup: 56166 ns, At safepoint: 9792 ns, Total: 67708 ns
[2025-03-14T06:42:59.761+0000][1021][safepoint   ] Safepoint "ICBufferFull", Time since last: 628746584 ns, Reaching safepoint: 2000 ns, Cleanup: 58333 ns, At safepoint: 4458 ns, Total: 64791 ns
[2025-03-14T06:43:00.257+0000][1021][safepoint   ] Safepoint "ICBufferFull", Time since last: 496080376 ns, Reaching safepoint: 2000 ns, Cleanup: 71208 ns, At safepoint: 4792 ns, Total: 78000 ns
[2025-03-14T06:43:01.228+0000][1021][safepoint   ] Safepoint "ICBufferFull", Time since last: 970819667 ns, Reaching safepoint: 2166 ns, Cleanup: 65459 ns, At safepoint: 3833 ns, Total: 71458 ns
[2025-03-14T06:43:01.727+0000][1021][gc,start    ] GC(0) Pause Young (Normal) (G1 Evacuation Pause)
[2025-03-14T06:43:01.727+0000][1021][gc,task     ] GC(0) Using 1 workers of 1 for evacuation
[2025-03-14T06:43:01.727+0000][1021][gc,age      ] GC(0) Desired survivor size 6291456 bytes, new threshold 15 (max threshold 15)
[2025-03-14T06:43:01.773+0000][1021][gc,phases   ] GC(0)   Pre Evacuate Collection Set: 1.21ms
[2025-03-14T06:43:01.773+0000][1021][gc,phases   ] GC(0)   Merge Heap Roots: 1.83ms
[2025-03-14T06:43:01.773+0000][1021][gc,phases   ] GC(0)   Evacuate Collection Set: 42.19ms
[2025-03-14T06:43:01.773+0000][1021][gc,phases   ] GC(0)   Post Evacuate Collection Set: 0.89ms
[2025-03-14T06:43:01.773+0000][1021][gc,phases   ] GC(0)   Other: 0.04ms
[2025-03-14T06:43:01.773+0000][1021][gc,age      ] GC(0) Age table with threshold 15 (max threshold 15)
[2025-03-14T06:43:01.773+0000][1021][gc,age      ] GC(0) - age   1:    8233536 bytes,    8233536 total
[2025-03-14T06:43:01.773+0000][1021][gc,heap     ] GC(0) Eden regions: 24->0(22)
[2025-03-14T06:43:01.773+0000][1021][gc,heap     ] GC(0) Survivor regions: 0->2(3)
[2025-03-14T06:43:01.773+0000][1021][gc,heap     ] GC(0) Old regions: 1->1
[2025-03-14T06:43:01.773+0000][1021][gc,heap     ] GC(0) Humongous regions: 0->0
[2025-03-14T06:43:01.773+0000][1021][gc,metaspace] GC(0) Metaspace: 16189K(16512K)->16189K(16512K) NonClass: 14295K(14464K)->14295K(14464K) Class: 1893K(2048K)->1893K(2048K)
[2025-03-14T06:43:01.773+0000][1021][gc          ] GC(0) Pause Young (Normal) (G1 Evacuation Pause) 97M->9M(1952M) 46.272ms
[2025-03-14T06:43:01.773+0000][1021][gc,cpu      ] GC(0) User=0.01s Sys=0.00s Real=0.04s
[2025-03-14T06:43:01.773+0000][1021][safepoint   ] Safepoint "G1CollectForAllocation", Time since last: 497765084 ns, Reaching safepoint: 829750 ns, Cleanup: 45041 ns, At safepoint: 46293917 ns, Total: 47168708 ns
[2025-03-14T06:43:02.249+0000][1021][gc,start    ] GC(1) Pause Young (Normal) (G1 Evacuation Pause)
[2025-03-14T06:43:02.249+0000][1021][gc,task     ] GC(1) Using 1 workers of 1 for evacuation
[2025-03-14T06:43:02.249+0000][1021][gc,age      ] GC(1) Desired survivor size 6291456 bytes, new threshold 1 (max threshold 15)
[2025-03-14T06:43:02.268+0000][1021][gc,phases   ] GC(1)   Pre Evacuate Collection Set: 0.08ms
[2025-03-14T06:43:02.268+0000][1021][gc,phases   ] GC(1)   Merge Heap Roots: 0.02ms
[2025-03-14T06:43:02.268+0000][1021][gc,phases   ] GC(1)   Evacuate Collection Set: 18.28ms
[2025-03-14T06:43:02.268+0000][1021][gc,phases   ] GC(1)   Post Evacuate Collection Set: 0.51ms
[2025-03-14T06:43:02.268+0000][1021][gc,phases   ] GC(1)   Other: 0.04ms
[2025-03-14T06:43:02.268+0000][1021][gc,age      ] GC(1) Age table with threshold 1 (max threshold 15)
[2025-03-14T06:43:02.268+0000][1021][gc,age      ] GC(1) - age   1:    3388936 bytes,    3388936 total
[2025-03-14T06:43:02.268+0000][1021][gc,heap     ] GC(1) Eden regions: 22->0(23)
[2025-03-14T06:43:02.268+0000][1021][gc,heap     ] GC(1) Survivor regions: 2->1(3)
[2025-03-14T06:43:02.268+0000][1021][gc,heap     ] GC(1) Old regions: 1->3
[2025-03-14T06:43:02.268+0000][1021][gc,heap     ] GC(1) Humongous regions: 0->0
[2025-03-14T06:43:02.268+0000][1021][gc,metaspace] GC(1) Metaspace: 18229K(18560K)->18229K(18560K) NonClass: 16087K(16256K)->16087K(16256K) Class: 2142K(2304K)->2142K(2304K)
[2025-03-14T06:43:02.268+0000][1021][gc          ] GC(1) Pause Young (Normal) (G1 Evacuation Pause) 97M->13M(1952M) 19.122ms
[2025-03-14T06:43:02.268+0000][1021][gc,cpu      ] GC(1) User=0.01s Sys=0.00s Real=0.02s
[2025-03-14T06:43:02.268+0000][1021][safepoint   ] Safepoint "G1CollectForAllocation", Time since last: 476137709 ns, Reaching safepoint: 2375 ns, Cleanup: 85541 ns, At safepoint: 19149584 ns, Total: 19237500 ns
[2025-03-14T06:43:02.590+0000][1021][gc,start    ] GC(2) Pause Young (Normal) (G1 Evacuation Pause)
[2025-03-14T06:43:02.590+0000][1021][gc,task     ] GC(2) Using 1 workers of 1 for evacuation
[2025-03-14T06:43:02.590+0000][1021][gc,age      ] GC(2) Desired survivor size 6291456 bytes, new threshold 15 (max threshold 15)
[2025-03-14T06:43:02.598+0000][1021][gc,phases   ] GC(2)   Pre Evacuate Collection Set: 0.07ms
[2025-03-14T06:43:02.598+0000][1021][gc,phases   ] GC(2)   Merge Heap Roots: 0.01ms
[2025-03-14T06:43:02.598+0000][1021][gc,phases   ] GC(2)   Evacuate Collection Set: 6.29ms
[2025-03-14T06:43:02.598+0000][1021][gc,phases   ] GC(2)   Post Evacuate Collection Set: 1.40ms
[2025-03-14T06:43:02.598+0000][1021][gc,phases   ] GC(2)   Other: 0.03ms
[2025-03-14T06:43:02.598+0000][1021][gc,age      ] GC(2) Age table with threshold 15 (max threshold 15)
[2025-03-14T06:43:02.598+0000][1021][gc,age      ] GC(2) - age   1:    2585800 bytes,    2585800 total
[2025-03-14T06:43:02.598+0000][1021][gc,age      ] GC(2) - age   2:    1765216 bytes,    4351016 total
[2025-03-14T06:43:02.598+0000][1021][gc,heap     ] GC(2) Eden regions: 23->0(22)
[2025-03-14T06:43:02.598+0000][1021][gc,heap     ] GC(2) Survivor regions: 1->2(3)
[2025-03-14T06:43:02.598+0000][1021][gc,heap     ] GC(2) Old regions: 3->3
[2025-03-14T06:43:02.598+0000][1021][gc,heap     ] GC(2) Humongous regions: 0->0
[2025-03-14T06:43:02.598+0000][1021][gc,metaspace] GC(2) Metaspace: 18837K(19264K)->18837K(19264K) NonClass: 16586K(16832K)->16586K(16832K) Class: 2251K(2432K)->2251K(2432K)
[2025-03-14T06:43:02.598+0000][1021][gc          ] GC(2) Pause Young (Normal) (G1 Evacuation Pause) 105M->13M(1952M) 7.877ms
[2025-03-14T06:43:02.598+0000][1021][gc,cpu      ] GC(2) User=0.00s Sys=0.00s Real=0.01s
[2025-03-14T06:43:02.599+0000][1021][safepoint   ] Safepoint "G1CollectForAllocation", Time since last: 321819666 ns, Reaching safepoint: 1667 ns, Cleanup: 58625 ns, At safepoint: 8693042 ns, Total: 8753334 ns
[2025-03-14T06:43:02.915+0000][1021][gc,start    ] GC(3) Pause Young (Normal) (G1 Evacuation Pause)
[2025-03-14T06:43:02.916+0000][1021][gc,task     ] GC(3) Using 1 workers of 1 for evacuation
[2025-03-14T06:43:02.916+0000][1021][gc,age      ] GC(3) Desired survivor size 6291456 bytes, new threshold 15 (max threshold 15)
[2025-03-14T06:43:02.925+0000][1021][gc,phases   ] GC(3)   Pre Evacuate Collection Set: 1.54ms
[2025-03-14T06:43:02.925+0000][1021][gc,phases   ] GC(3)   Merge Heap Roots: 0.01ms
[2025-03-14T06:43:02.925+0000][1021][gc,phases   ] GC(3)   Evacuate Collection Set: 4.58ms
[2025-03-14T06:43:02.925+0000][1021][gc,phases   ] GC(3)   Post Evacuate Collection Set: 2.96ms
[2025-03-14T06:43:02.925+0000][1021][gc,phases   ] GC(3)   Other: 0.03ms
[2025-03-14T06:43:02.925+0000][1021][gc,age      ] GC(3) Age table with threshold 15 (max threshold 15)
[2025-03-14T06:43:02.925+0000][1021][gc,age      ] GC(3) - age   1:     801488 bytes,     801488 total
[2025-03-14T06:43:02.925+0000][1021][gc,age      ] GC(3) - age   2:    1678352 bytes,    2479840 total
[2025-03-14T06:43:02.925+0000][1021][gc,age      ] GC(3) - age   3:    1763224 bytes,    4243064 total
[2025-03-14T06:43:02.925+0000][1021][gc,heap     ] GC(3) Eden regions: 22->0(22)
[2025-03-14T06:43:02.925+0000][1021][gc,heap     ] GC(3) Survivor regions: 2->2(3)
[2025-03-14T06:43:02.925+0000][1021][gc,heap     ] GC(3) Old regions: 3->3
[2025-03-14T06:43:02.925+0000][1021][gc,heap     ] GC(3) Humongous regions: 0->0
[2025-03-14T06:43:02.925+0000][1021][gc,metaspace] GC(3) Metaspace: 19310K(19712K)->19310K(19712K) NonClass: 16973K(17152K)->16973K(17152K) Class: 2337K(2560K)->2337K(2560K)
[2025-03-14T06:43:02.925+0000][1021][gc          ] GC(3) Pause Young (Normal) (G1 Evacuation Pause) 101M->13M(1952M) 9.191ms
[2025-03-14T06:43:02.925+0000][1021][gc,cpu      ] GC(3) User=0.01s Sys=0.00s Real=0.01s
[2025-03-14T06:43:02.925+0000][1021][safepoint   ] Safepoint "G1CollectForAllocation", Time since last: 316608167 ns, Reaching safepoint: 2375 ns, Cleanup: 27500 ns, At safepoint: 9209208 ns, Total: 9239083 ns
[2025-03-14T06:43:03.181+0000][1021][gc,start    ] GC(4) Pause Young (Normal) (G1 Evacuation Pause)
[2025-03-14T06:43:03.182+0000][1021][gc,task     ] GC(4) Using 1 workers of 1 for evacuation
[2025-03-14T06:43:03.182+0000][1021][gc,age      ] GC(4) Desired survivor size 6291456 bytes, new threshold 15 (max threshold 15)
[2025-03-14T06:43:03.191+0000][1021][gc,phases   ] GC(4)   Pre Evacuate Collection Set: 0.22ms
[2025-03-14T06:43:03.191+0000][1021][gc,phases   ] GC(4)   Merge Heap Roots: 0.02ms
[2025-03-14T06:43:03.191+0000][1021][gc,phases   ] GC(4)   Evacuate Collection Set: 8.76ms
[2025-03-14T06:43:03.191+0000][1021][gc,phases   ] GC(4)   Post Evacuate Collection Set: 0.69ms
[2025-03-14T06:43:03.191+0000][1021][gc,phases   ] GC(4)   Other: 0.05ms
[2025-03-14T06:43:03.191+0000][1021][gc,age      ] GC(4) Age table with threshold 15 (max threshold 15)
[2025-03-14T06:43:03.191+0000][1021][gc,age      ] GC(4) - age   1:    3975360 bytes,    3975360 total
[2025-03-14T06:43:03.191+0000][1021][gc,age      ] GC(4) - age   2:     793552 bytes,    4768912 total
[2025-03-14T06:43:03.191+0000][1021][gc,age      ] GC(4) - age   3:    1678256 bytes,    6447168 total
[2025-03-14T06:43:03.191+0000][1021][gc,age      ] GC(4) - age   4:    1762472 bytes,    8209640 total
[2025-03-14T06:43:03.191+0000][1021][gc,heap     ] GC(4) Eden regions: 22->0(21)
[2025-03-14T06:43:03.191+0000][1021][gc,heap     ] GC(4) Survivor regions: 2->3(3)
[2025-03-14T06:43:03.191+0000][1021][gc,heap     ] GC(4) Old regions: 3->3
[2025-03-14T06:43:03.191+0000][1021][gc,heap     ] GC(4) Humongous regions: 0->0
[2025-03-14T06:43:03.191+0000][1021][gc,metaspace] GC(4) Metaspace: 19611K(20096K)->19611K(20096K) NonClass: 17246K(17536K)->17246K(17536K) Class: 2364K(2560K)->2364K(2560K)
[2025-03-14T06:43:03.191+0000][1021][gc          ] GC(4) Pause Young (Normal) (G1 Evacuation Pause) 101M->18M(1952M) 9.814ms
[2025-03-14T06:43:03.191+0000][1021][gc,cpu      ] GC(4) User=0.00s Sys=0.00s Real=0.01s
[2025-03-14T06:43:03.191+0000][1021][safepoint   ] Safepoint "G1CollectForAllocation", Time since last: 256759625 ns, Reaching safepoint: 2542 ns, Cleanup: 16958 ns, At safepoint: 9837125 ns, Total: 9856625 ns
[2025-03-14T06:43:03.367+0000][1021][gc,start    ] GC(5) Pause Young (Normal) (G1 Evacuation Pause)
[2025-03-14T06:43:03.367+0000][1021][gc,task     ] GC(5) Using 1 workers of 1 for evacuation
[2025-03-14T06:43:03.367+0000][1021][gc,age      ] GC(5) Desired survivor size 6291456 bytes, new threshold 3 (max threshold 15)
[2025-03-14T06:43:03.374+0000][1021][gc,phases   ] GC(5)   Pre Evacuate Collection Set: 0.62ms
[2025-03-14T06:43:03.374+0000][1021][gc,phases   ] GC(5)   Merge Heap Roots: 0.01ms
[2025-03-14T06:43:03.374+0000][1021][gc,phases   ] GC(5)   Evacuate Collection Set: 4.96ms
[2025-03-14T06:43:03.374+0000][1021][gc,phases   ] GC(5)   Post Evacuate Collection Set: 1.69ms
[2025-03-14T06:43:03.374+0000][1021][gc,phases   ] GC(5)   Other: 0.03ms
[2025-03-14T06:43:03.374+0000][1021][gc,age      ] GC(5) Age table with threshold 3 (max threshold 15)
[2025-03-14T06:43:03.374+0000][1021][gc,age      ] GC(5) - age   1:    2007240 bytes,    2007240 total
[2025-03-14T06:43:03.374+0000][1021][gc,age      ] GC(5) - age   2:    1736296 bytes,    3743536 total
[2025-03-14T06:43:03.374+0000][1021][gc,age      ] GC(5) - age   3:     793448 bytes,    4536984 total
[2025-03-14T06:43:03.374+0000][1021][gc,heap     ] GC(5) Eden regions: 21->0(23)
[2025-03-14T06:43:03.374+0000][1021][gc,heap     ] GC(5) Survivor regions: 3->2(3)
[2025-03-14T06:43:03.374+0000][1021][gc,heap     ] GC(5) Old regions: 3->4
[2025-03-14T06:43:03.374+0000][1021][gc,heap     ] GC(5) Humongous regions: 0->0
[2025-03-14T06:43:03.374+0000][1021][gc,metaspace] GC(5) Metaspace: 19761K(20224K)->19761K(20224K) NonClass: 17381K(17664K)->17381K(17664K) Class: 2380K(2560K)->2380K(2560K)
[2025-03-14T06:43:03.374+0000][1021][gc          ] GC(5) Pause Young (Normal) (G1 Evacuation Pause) 102M->17M(1952M) 7.397ms
[2025-03-14T06:43:03.374+0000][1021][gc,cpu      ] GC(5) User=0.00s Sys=0.00s Real=0.01s
[2025-03-14T06:43:03.374+0000][1021][safepoint   ] Safepoint "G1CollectForAllocation", Time since last: 175537083 ns, Reaching safepoint: 1917 ns, Cleanup: 13333 ns, At safepoint: 7420125 ns, Total: 7435375 ns
[2025-03-14T06:43:03.593+0000][1021][gc,start    ] GC(6) Pause Young (Normal) (G1 Evacuation Pause)
[2025-03-14T06:43:03.593+0000][1021][gc,task     ] GC(6) Using 1 workers of 1 for evacuation
[2025-03-14T06:43:03.593+0000][1021][gc,age      ] GC(6) Desired survivor size 8388608 bytes, new threshold 15 (max threshold 15)
[2025-03-14T06:43:03.599+0000][1021][gc,phases   ] GC(6)   Pre Evacuate Collection Set: 0.07ms
[2025-03-14T06:43:03.599+0000][1021][gc,phases   ] GC(6)   Merge Heap Roots: 0.01ms
[2025-03-14T06:43:03.599+0000][1021][gc,phases   ] GC(6)   Evacuate Collection Set: 5.91ms
[2025-03-14T06:43:03.599+0000][1021][gc,phases   ] GC(6)   Post Evacuate Collection Set: 0.26ms
[2025-03-14T06:43:03.599+0000][1021][gc,phases   ] GC(6)   Other: 0.03ms
[2025-03-14T06:43:03.599+0000][1021][gc,age      ] GC(6) Age table with threshold 15 (max threshold 15)
[2025-03-14T06:43:03.599+0000][1021][gc,age      ] GC(6) - age   1:    2394080 bytes,    2394080 total
[2025-03-14T06:43:03.599+0000][1021][gc,age      ] GC(6) - age   2:    1516376 bytes,    3910456 total
[2025-03-14T06:43:03.599+0000][1021][gc,age      ] GC(6) - age   3:    1735904 bytes,    5646360 total
[2025-03-14T06:43:03.599+0000][1021][gc,age      ] GC(6) - age   4:     793416 bytes,    6439776 total
[2025-03-14T06:43:03.599+0000][1021][gc,heap     ] GC(6) Eden regions: 23->0(30)
[2025-03-14T06:43:03.599+0000][1021][gc,heap     ] GC(6) Survivor regions: 2->2(4)
[2025-03-14T06:43:03.599+0000][1021][gc,heap     ] GC(6) Old regions: 4->4
[2025-03-14T06:43:03.599+0000][1021][gc,heap     ] GC(6) Humongous regions: 0->0
[2025-03-14T06:43:03.599+0000][1021][gc,metaspace] GC(6) Metaspace: 20203K(20672K)->20203K(20672K) NonClass: 17764K(18048K)->17764K(18048K) Class: 2439K(2624K)->2439K(2624K)
[2025-03-14T06:43:03.599+0000][1021][gc          ] GC(6) Pause Young (Normal) (G1 Evacuation Pause) 109M->19M(1952M) 6.356ms
[2025-03-14T06:43:03.599+0000][1021][gc,cpu      ] GC(6) User=0.00s Sys=0.00s Real=0.01s
[2025-03-14T06:43:03.601+0000][1021][safepoint   ] Safepoint "G1CollectForAllocation", Time since last: 218567209 ns, Reaching safepoint: 2375 ns, Cleanup: 25000 ns, At safepoint: 8063958 ns, Total: 8091333 ns
[2025-03-14T06:43:03.847+0000][1021][gc,start    ] GC(7) Pause Young (Normal) (G1 Evacuation Pause)
[2025-03-14T06:43:03.847+0000][1021][gc,task     ] GC(7) Using 1 workers of 1 for evacuation
[2025-03-14T06:43:03.847+0000][1021][gc,age      ] GC(7) Desired survivor size 8388608 bytes, new threshold 15 (max threshold 15)
[2025-03-14T06:43:03.856+0000][1021][gc,phases   ] GC(7)   Pre Evacuate Collection Set: 0.07ms
[2025-03-14T06:43:03.856+0000][1021][gc,phases   ] GC(7)   Merge Heap Roots: 0.01ms
[2025-03-14T06:43:03.856+0000][1021][gc,phases   ] GC(7)   Evacuate Collection Set: 7.15ms
[2025-03-14T06:43:03.856+0000][1021][gc,phases   ] GC(7)   Post Evacuate Collection Set: 2.35ms
[2025-03-14T06:43:03.856+0000][1021][gc,phases   ] GC(7)   Other: 0.03ms
[2025-03-14T06:43:03.856+0000][1021][gc,age      ] GC(7) Age table with threshold 15 (max threshold 15)
[2025-03-14T06:43:03.856+0000][1021][gc,age      ] GC(7) - age   1:    1831648 bytes,    1831648 total
[2025-03-14T06:43:03.856+0000][1021][gc,age      ] GC(7) - age   2:     333784 bytes,    2165432 total
[2025-03-14T06:43:03.856+0000][1021][gc,age      ] GC(7) - age   3:    1516256 bytes,    3681688 total
[2025-03-14T06:43:03.856+0000][1021][gc,age      ] GC(7) - age   4:    1735872 bytes,    5417560 total
[2025-03-14T06:43:03.856+0000][1021][gc,age      ] GC(7) - age   5:     792744 bytes,    6210304 total
[2025-03-14T06:43:03.856+0000][1021][gc,heap     ] GC(7) Eden regions: 30->0(198)
[2025-03-14T06:43:03.856+0000][1021][gc,heap     ] GC(7) Survivor regions: 2->2(4)
[2025-03-14T06:43:03.856+0000][1021][gc,heap     ] GC(7) Old regions: 4->4
[2025-03-14T06:43:03.856+0000][1021][gc,heap     ] GC(7) Humongous regions: 0->0
[2025-03-14T06:43:03.856+0000][1021][gc,metaspace] GC(7) Metaspace: 20505K(20992K)->20505K(20992K) NonClass: 18014K(18304K)->18014K(18304K) Class: 2490K(2688K)->2490K(2688K)
[2025-03-14T06:43:03.856+0000][1021][gc          ] GC(7) Pause Young (Normal) (G1 Evacuation Pause) 139M->18M(1952M) 9.687ms
[2025-03-14T06:43:03.856+0000][1021][gc,cpu      ] GC(7) User=0.01s Sys=0.00s Real=0.01s
[2025-03-14T06:43:03.856+0000][1021][safepoint   ] Safepoint "G1CollectForAllocation", Time since last: 245743500 ns, Reaching safepoint: 2334 ns, Cleanup: 39875 ns, At safepoint: 9714625 ns, Total: 9756834 ns
[2025-03-14T06:43:04.346+0000][1021][gc,start    ] GC(8) Pause Young (Concurrent Start) (Metadata GC Threshold)
[2025-03-14T06:43:04.346+0000][1021][gc,task     ] GC(8) Using 1 workers of 1 for evacuation
[2025-03-14T06:43:04.346+0000][1021][gc,age      ] GC(8) Desired survivor size 52428800 bytes, new threshold 15 (max threshold 15)
[2025-03-14T06:43:04.360+0000][1021][gc,phases   ] GC(8)   Pre Evacuate Collection Set: 0.06ms
[2025-03-14T06:43:04.360+0000][1021][gc,phases   ] GC(8)   Merge Heap Roots: 0.01ms
[2025-03-14T06:43:04.360+0000][1021][gc,phases   ] GC(8)   Evacuate Collection Set: 13.31ms
[2025-03-14T06:43:04.360+0000][1021][gc,phases   ] GC(8)   Post Evacuate Collection Set: 0.29ms
[2025-03-14T06:43:04.360+0000][1021][gc,phases   ] GC(8)   Other: 0.03ms
[2025-03-14T06:43:04.360+0000][1021][gc,age      ] GC(8) Age table with threshold 15 (max threshold 15)
[2025-03-14T06:43:04.360+0000][1021][gc,age      ] GC(8) - age   1:    1599304 bytes,    1599304 total
[2025-03-14T06:43:04.360+0000][1021][gc,age      ] GC(8) - age   2:     261944 bytes,    1861248 total
[2025-03-14T06:43:04.360+0000][1021][gc,age      ] GC(8) - age   3:     333600 bytes,    2194848 total
[2025-03-14T06:43:04.360+0000][1021][gc,age      ] GC(8) - age   4:    1516224 bytes,    3711072 total
[2025-03-14T06:43:04.360+0000][1021][gc,age      ] GC(8) - age   5:    1734624 bytes,    5445696 total
[2025-03-14T06:43:04.360+0000][1021][gc,age      ] GC(8) - age   6:     790040 bytes,    6235736 total
[2025-03-14T06:43:04.360+0000][1021][gc,heap     ] GC(8) Eden regions: 47->0(148)
[2025-03-14T06:43:04.360+0000][1021][gc,heap     ] GC(8) Survivor regions: 2->2(25)
[2025-03-14T06:43:04.360+0000][1021][gc,heap     ] GC(8) Old regions: 4->4
[2025-03-14T06:43:04.360+0000][1021][gc,heap     ] GC(8) Humongous regions: 0->0
[2025-03-14T06:43:04.360+0000][1021][gc,metaspace] GC(8) Metaspace: 21033K(21504K)->21033K(21504K) NonClass: 18464K(18752K)->18464K(18752K) Class: 2568K(2752K)->2568K(2752K)
[2025-03-14T06:43:04.360+0000][1021][gc          ] GC(8) Pause Young (Concurrent Start) (Metadata GC Threshold) 204M->18M(1952M) 13.976ms
[2025-03-14T06:43:04.360+0000][1021][gc,cpu      ] GC(8) User=0.01s Sys=0.00s Real=0.01s
[2025-03-14T06:43:04.360+0000][1021][safepoint   ] Safepoint "CollectForMetadataAllocation", Time since last: 489501417 ns, Reaching safepoint: 4416 ns, Cleanup: 20417 ns, At safepoint: 14071583 ns, Total: 14096416 ns
[2025-03-14T06:43:04.362+0000][1021][gc          ] GC(9) Concurrent Mark Cycle
[2025-03-14T06:43:04.363+0000][1021][gc,marking  ] GC(9) Concurrent Scan Root Regions
[2025-03-14T06:43:04.364+0000][1021][gc,marking  ] GC(9) Concurrent Scan Root Regions 1.971ms
[2025-03-14T06:43:04.364+0000][1021][gc,marking  ] GC(9) Concurrent Mark
[2025-03-14T06:43:04.364+0000][1021][gc,marking  ] GC(9) Concurrent Mark From Roots
[2025-03-14T06:43:04.364+0000][1021][gc,task     ] GC(9) Using 1 workers of 1 for marking
[2025-03-14T06:43:04.389+0000][1021][safepoint   ] Safepoint "CollectForMetadataAllocation", Time since last: 28971459 ns, Reaching safepoint: 20416 ns, Cleanup: 7500 ns, At safepoint: 47417 ns, Total: 75333 ns
[2025-03-14T06:43:04.391+0000][1021][gc,marking  ] GC(9) Concurrent Mark From Roots 26.661ms
[2025-03-14T06:43:04.391+0000][1021][gc,marking  ] GC(9) Concurrent Preclean
[2025-03-14T06:43:04.391+0000][1021][gc,marking  ] GC(9) Concurrent Preclean 0.019ms
[2025-03-14T06:43:04.391+0000][1021][gc,start    ] GC(9) Pause Remark
[2025-03-14T06:43:04.397+0000][1021][gc          ] GC(9) Pause Remark 21M->21M(1952M) 5.364ms
[2025-03-14T06:43:04.397+0000][1021][gc,cpu      ] GC(9) User=0.01s Sys=0.00s Real=0.01s
[2025-03-14T06:43:04.397+0000][1021][safepoint   ] Safepoint "G1PauseRemark", Time since last: 2128583 ns, Reaching safepoint: 917 ns, Cleanup: 4083 ns, At safepoint: 5385750 ns, Total: 5390750 ns
[2025-03-14T06:43:04.397+0000][1021][gc,marking  ] GC(9) Concurrent Mark 32.121ms
[2025-03-14T06:43:04.397+0000][1021][gc,marking  ] GC(9) Concurrent Rebuild Remembered Sets and Scrub Regions
[2025-03-14T06:43:04.409+0000][1021][gc,marking  ] GC(9) Concurrent Rebuild Remembered Sets and Scrub Regions 12.495ms
[2025-03-14T06:43:04.409+0000][1021][gc,start    ] GC(9) Pause Cleanup
[2025-03-14T06:43:04.409+0000][1021][gc          ] GC(9) Pause Cleanup 21M->21M(1952M) 0.040ms
[2025-03-14T06:43:04.409+0000][1021][gc,cpu      ] GC(9) User=0.00s Sys=0.00s Real=0.00s
[2025-03-14T06:43:04.409+0000][1021][safepoint   ] Safepoint "G1PauseCleanup", Time since last: 12520292 ns, Reaching safepoint: 1333 ns, Cleanup: 959 ns, At safepoint: 49291 ns, Total: 51583 ns
[2025-03-14T06:43:04.409+0000][1021][gc,marking  ] GC(9) Concurrent Clear Claimed Marks
[2025-03-14T06:43:04.409+0000][1021][gc,marking  ] GC(9) Concurrent Clear Claimed Marks 0.015ms
[2025-03-14T06:43:04.409+0000][1021][gc,marking  ] GC(9) Concurrent Cleanup for Next Mark
[2025-03-14T06:43:04.441+0000][1021][gc,marking  ] GC(9) Concurrent Cleanup for Next Mark 31.452ms
[2025-03-14T06:43:04.441+0000][1021][gc          ] GC(9) Concurrent Mark Cycle 78.195ms
[2025-03-14T06:43:05.126+0000][1021][safepoint   ] Safepoint "ICBufferFull", Time since last: 716734751 ns, Reaching safepoint: 2875 ns, Cleanup: 108875 ns, At safepoint: 4791 ns, Total: 116541 ns
[2025-03-14T06:43:05.208+0000][1021][gc,start    ] GC(10) Pause Young (Prepare Mixed) (G1 Evacuation Pause)
[2025-03-14T06:43:05.208+0000][1021][gc,task     ] GC(10) Using 1 workers of 1 for evacuation
[2025-03-14T06:43:05.208+0000][1021][gc,age      ] GC(10) Desired survivor size 23068672 bytes, new threshold 15 (max threshold 15)
[2025-03-14T06:43:05.222+0000][1021][gc,phases   ] GC(10)   Pre Evacuate Collection Set: 0.17ms
[2025-03-14T06:43:05.222+0000][1021][gc,phases   ] GC(10)   Merge Heap Roots: 0.02ms
[2025-03-14T06:43:05.222+0000][1021][gc,phases   ] GC(10)   Evacuate Collection Set: 12.18ms
[2025-03-14T06:43:05.222+0000][1021][gc,phases   ] GC(10)   Post Evacuate Collection Set: 1.29ms
[2025-03-14T06:43:05.222+0000][1021][gc,phases   ] GC(10)   Other: 0.09ms
[2025-03-14T06:43:05.222+0000][1021][gc,age      ] GC(10) Age table with threshold 15 (max threshold 15)
[2025-03-14T06:43:05.222+0000][1021][gc,age      ] GC(10) - age   1:    2318128 bytes,    2318128 total
[2025-03-14T06:43:05.222+0000][1021][gc,age      ] GC(10) - age   2:    1588888 bytes,    3907016 total
[2025-03-14T06:43:05.222+0000][1021][gc,age      ] GC(10) - age   3:     261304 bytes,    4168320 total
[2025-03-14T06:43:05.222+0000][1021][gc,age      ] GC(10) - age   4:     333056 bytes,    4501376 total
[2025-03-14T06:43:05.222+0000][1021][gc,age      ] GC(10) - age   5:    1516128 bytes,    6017504 total
[2025-03-14T06:43:05.222+0000][1021][gc,age      ] GC(10) - age   6:    1734320 bytes,    7751824 total
[2025-03-14T06:43:05.222+0000][1021][gc,age      ] GC(10) - age   7:     789888 bytes,    8541712 total
[2025-03-14T06:43:05.222+0000][1021][gc,heap     ] GC(10) Eden regions: 85->0(95)
[2025-03-14T06:43:05.222+0000][1021][gc,heap     ] GC(10) Survivor regions: 2->3(11)
[2025-03-14T06:43:05.222+0000][1021][gc,heap     ] GC(10) Old regions: 4->4
[2025-03-14T06:43:05.222+0000][1021][gc,heap     ] GC(10) Humongous regions: 0->0
[2025-03-14T06:43:05.222+0000][1021][gc,metaspace] GC(10) Metaspace: 21907K(22528K)->21907K(22528K) NonClass: 19214K(19584K)->19214K(19584K) Class: 2693K(2944K)->2693K(2944K)
[2025-03-14T06:43:05.222+0000][1021][gc          ] GC(10) Pause Young (Prepare Mixed) (G1 Evacuation Pause) 358M->22M(1952M) 13.903ms
[2025-03-14T06:43:05.222+0000][1021][gc,cpu      ] GC(10) User=0.00s Sys=0.00s Real=0.01s
[2025-03-14T06:43:05.223+0000][1021][safepoint   ] Safepoint "G1CollectForAllocation", Time since last: 81857209 ns, Reaching safepoint: 3125 ns, Cleanup: 30083 ns, At safepoint: 14928667 ns, Total: 14961875 ns
[2025-03-14T06:43:05.693+0000][1021][safepoint   ] Safepoint "ICBufferFull", Time since last: 469599500 ns, Reaching safepoint: 2000 ns, Cleanup: 56250 ns, At safepoint: 4667 ns, Total: 62917 ns
[2025-03-14T06:43:06.228+0000][1021][safepoint   ] Safepoint "ICBufferFull", Time since last: 535548000 ns, Reaching safepoint: 1708 ns, Cleanup: 48917 ns, At safepoint: 2542 ns, Total: 53167 ns
[2025-03-14T06:43:06.812+0000][1021][safepoint   ] Safepoint "ICBufferFull", Time since last: 583632125 ns, Reaching safepoint: 1958 ns, Cleanup: 68375 ns, At safepoint: 5125 ns, Total: 75458 ns
[2025-03-14T06:43:07.417+0000][1021][safepoint   ] Safepoint "ICBufferFull", Time since last: 604631875 ns, Reaching safepoint: 2334 ns, Cleanup: 52208 ns, At safepoint: 3792 ns, Total: 58334 ns
[2025-03-14T06:43:07.690+0000][1021][safepoint   ] Safepoint "ICBufferFull", Time since last: 273340292 ns, Reaching safepoint: 1541 ns, Cleanup: 64500 ns, At safepoint: 3625 ns, Total: 69666 ns
[2025-03-14T06:43:07.727+0000][1021][gc,start    ] GC(11) Pause Young (Mixed) (Metadata GC Threshold)
[2025-03-14T06:43:07.727+0000][1021][gc,task     ] GC(11) Using 1 workers of 1 for evacuation
[2025-03-14T06:43:07.727+0000][1021][gc,age      ] GC(11) Desired survivor size 25165824 bytes, new threshold 15 (max threshold 15)
[2025-03-14T06:43:07.764+0000][1021][gc,phases   ] GC(11)   Pre Evacuate Collection Set: 0.07ms
[2025-03-14T06:43:07.764+0000][1021][gc,phases   ] GC(11)   Merge Heap Roots: 0.05ms
[2025-03-14T06:43:07.764+0000][1021][gc,phases   ] GC(11)   Evacuate Collection Set: 36.56ms
[2025-03-14T06:43:07.764+0000][1021][gc,phases   ] GC(11)   Post Evacuate Collection Set: 0.71ms
[2025-03-14T06:43:07.764+0000][1021][gc,phases   ] GC(11)   Other: 0.04ms
[2025-03-14T06:43:07.764+0000][1021][gc,age      ] GC(11) Age table with threshold 15 (max threshold 15)
[2025-03-14T06:43:07.764+0000][1021][gc,age      ] GC(11) - age   1:   27258904 bytes,   27258904 total
[2025-03-14T06:43:07.764+0000][1021][gc,age      ] GC(11) - age   2:    1299376 bytes,   28558280 total
[2025-03-14T06:43:07.764+0000][1021][gc,age      ] GC(11) - age   3:    1578208 bytes,   30136488 total
[2025-03-14T06:43:07.764+0000][1021][gc,age      ] GC(11) - age   4:     259816 bytes,   30396304 total
[2025-03-14T06:43:07.764+0000][1021][gc,age      ] GC(11) - age   5:     332832 bytes,   30729136 total
[2025-03-14T06:43:07.764+0000][1021][gc,age      ] GC(11) - age   6:    1515032 bytes,   32244168 total
[2025-03-14T06:43:07.764+0000][1021][gc,age      ] GC(11) - age   7:    1731136 bytes,   33975304 total
[2025-03-14T06:43:07.764+0000][1021][gc,age      ] GC(11) - age   8:     785608 bytes,   34760912 total
[2025-03-14T06:43:07.764+0000][1021][gc,heap     ] GC(11) Eden regions: 81->0(58)
[2025-03-14T06:43:07.764+0000][1021][gc,heap     ] GC(11) Survivor regions: 3->9(12)
[2025-03-14T06:43:07.764+0000][1021][gc,heap     ] GC(11) Old regions: 4->4
[2025-03-14T06:43:07.764+0000][1021][gc,heap     ] GC(11) Humongous regions: 0->0
[2025-03-14T06:43:07.764+0000][1021][gc,metaspace] GC(11) Metaspace: 35519K(36480K)->35519K(36480K) NonClass: 30826K(31424K)->30826K(31424K) Class: 4693K(5056K)->4693K(5056K)
[2025-03-14T06:43:07.764+0000][1021][gc          ] GC(11) Pause Young (Mixed) (Metadata GC Threshold) 344M->46M(1952M) 37.523ms
[2025-03-14T06:43:07.764+0000][1021][gc,cpu      ] GC(11) User=0.04s Sys=0.00s Real=0.04s
[2025-03-14T06:43:07.766+0000][1021][safepoint   ] Safepoint "CollectForMetadataAllocation", Time since last: 36889500 ns, Reaching safepoint: 1750 ns, Cleanup: 12209 ns, At safepoint: 39006916 ns, Total: 39020875 ns
[2025-03-14T06:43:07.784+0000][1021][gc,start    ] GC(12) Pause Young (Concurrent Start) (Metadata GC Threshold)
[2025-03-14T06:43:07.784+0000][1021][gc,task     ] GC(12) Using 1 workers of 1 for evacuation
[2025-03-14T06:43:07.784+0000][1021][gc,age      ] GC(12) Desired survivor size 16777216 bytes, new threshold 1 (max threshold 15)
[2025-03-14T06:43:07.819+0000][1021][gc,phases   ] GC(12)   Pre Evacuate Collection Set: 0.07ms
[2025-03-14T06:43:07.819+0000][1021][gc,phases   ] GC(12)   Merge Heap Roots: 0.01ms
[2025-03-14T06:43:07.819+0000][1021][gc,phases   ] GC(12)   Evacuate Collection Set: 34.39ms
[2025-03-14T06:43:07.819+0000][1021][gc,phases   ] GC(12)   Post Evacuate Collection Set: 0.34ms
[2025-03-14T06:43:07.819+0000][1021][gc,phases   ] GC(12)   Other: 0.04ms
[2025-03-14T06:43:07.819+0000][1021][gc,age      ] GC(12) Age table with threshold 1 (max threshold 15)
[2025-03-14T06:43:07.819+0000][1021][gc,age      ] GC(12) - age   1:      26824 bytes,      26824 total
[2025-03-14T06:43:07.819+0000][1021][gc,heap     ] GC(12) Eden regions: 1->0(135)
[2025-03-14T06:43:07.819+0000][1021][gc,heap     ] GC(12) Survivor regions: 9->1(8)
[2025-03-14T06:43:07.819+0000][1021][gc,heap     ] GC(12) Old regions: 4->12
[2025-03-14T06:43:07.819+0000][1021][gc,heap     ] GC(12) Humongous regions: 0->0
[2025-03-14T06:43:07.819+0000][1021][gc,metaspace] GC(12) Metaspace: 35796K(36800K)->35796K(36800K) NonClass: 31077K(31680K)->31077K(31680K) Class: 4718K(5120K)->4718K(5120K)
[2025-03-14T06:43:07.819+0000][1021][gc          ] GC(12) Pause Young (Concurrent Start) (Metadata GC Threshold) 48M->48M(1952M) 34.915ms
[2025-03-14T06:43:07.819+0000][1021][gc,cpu      ] GC(12) User=0.03s Sys=0.00s Real=0.04s
[2025-03-14T06:43:07.820+0000][1021][gc          ] GC(13) Concurrent Mark Cycle
[2025-03-14T06:43:07.820+0000][1021][gc,marking  ] GC(13) Concurrent Scan Root Regions
[2025-03-14T06:43:07.820+0000][1021][safepoint   ] Safepoint "CollectForMetadataAllocation", Time since last: 17876792 ns, Reaching safepoint: 71542 ns, Cleanup: 1833 ns, At safepoint: 36112458 ns, Total: 36185833 ns
[2025-03-14T06:43:07.854+0000][1021][safepoint   ] Safepoint "CollectForMetadataAllocation", Time since last: 33955042 ns, Reaching safepoint: 1750 ns, Cleanup: 6958 ns, At safepoint: 41084 ns, Total: 49792 ns
[2025-03-14T06:43:07.856+0000][1021][gc,marking  ] GC(13) Concurrent Scan Root Regions 36.394ms
[2025-03-14T06:43:07.856+0000][1021][gc,marking  ] GC(13) Concurrent Mark
[2025-03-14T06:43:07.856+0000][1021][gc,marking  ] GC(13) Concurrent Mark From Roots
[2025-03-14T06:43:07.856+0000][1021][gc,task     ] GC(13) Using 1 workers of 1 for marking
[2025-03-14T06:43:07.877+0000][1021][safepoint   ] Safepoint "CollectForMetadataAllocation", Time since last: 21313333 ns, Reaching safepoint: 1304542 ns, Cleanup: 11208 ns, At safepoint: 36417 ns, Total: 1352167 ns
[2025-03-14T06:43:07.877+0000][1021][gc,marking  ] GC(13) Concurrent Mark From Roots 21.074ms
[2025-03-14T06:43:07.877+0000][1021][gc,marking  ] GC(13) Concurrent Preclean
[2025-03-14T06:43:07.877+0000][1021][gc,marking  ] GC(13) Concurrent Preclean 0.032ms
[2025-03-14T06:43:07.878+0000][1021][gc,start    ] GC(13) Pause Remark
[2025-03-14T06:43:07.882+0000][1021][gc          ] GC(13) Pause Remark 52M->52M(1952M) 4.672ms
[2025-03-14T06:43:07.882+0000][1021][gc,cpu      ] GC(13) User=0.00s Sys=0.00s Real=0.00s
[2025-03-14T06:43:07.884+0000][1021][safepoint   ] Safepoint "G1PauseRemark", Time since last: 987625 ns, Reaching safepoint: 916 ns, Cleanup: 542 ns, At safepoint: 6309750 ns, Total: 6311208 ns
[2025-03-14T06:43:07.884+0000][1021][gc,marking  ] GC(13) Concurrent Mark 27.598ms
[2025-03-14T06:43:07.884+0000][1021][gc,marking  ] GC(13) Concurrent Rebuild Remembered Sets and Scrub Regions
[2025-03-14T06:43:07.921+0000][1021][gc,marking  ] GC(13) Concurrent Rebuild Remembered Sets and Scrub Regions 36.972ms
[2025-03-14T06:43:07.921+0000][1021][gc,start    ] GC(13) Pause Cleanup
[2025-03-14T06:43:07.921+0000][1021][gc          ] GC(13) Pause Cleanup 54M->54M(1952M) 0.028ms
[2025-03-14T06:43:07.921+0000][1021][gc,cpu      ] GC(13) User=0.00s Sys=0.00s Real=0.00s
[2025-03-14T06:43:07.921+0000][1021][safepoint   ] Safepoint "G1PauseCleanup", Time since last: 37009542 ns, Reaching safepoint: 1541 ns, Cleanup: 10209 ns, At safepoint: 40000 ns, Total: 51750 ns
[2025-03-14T06:43:07.921+0000][1021][gc,marking  ] GC(13) Concurrent Clear Claimed Marks
[2025-03-14T06:43:07.921+0000][1021][gc,marking  ] GC(13) Concurrent Clear Claimed Marks 0.047ms
[2025-03-14T06:43:07.921+0000][1021][gc,marking  ] GC(13) Concurrent Cleanup for Next Mark
[2025-03-14T06:43:07.923+0000][1021][gc,marking  ] GC(13) Concurrent Cleanup for Next Mark 2.485ms
[2025-03-14T06:43:07.923+0000][1021][gc          ] GC(13) Concurrent Mark Cycle 103.621ms
[2025-03-14T06:43:08.110+0000][1021][safepoint   ] Safepoint "ICBufferFull", Time since last: 188926166 ns, Reaching safepoint: 2084 ns, Cleanup: 57875 ns, At safepoint: 4375 ns, Total: 64334 ns
[2025-03-14T06:43:08.659+0000][1021][safepoint   ] Safepoint "ICBufferFull", Time since last: 549401708 ns, Reaching safepoint: 1792 ns, Cleanup: 62000 ns, At safepoint: 2792 ns, Total: 66584 ns
[2025-03-14T06:43:09.351+0000][1021][safepoint   ] Safepoint "ICBufferFull", Time since last: 691625833 ns, Reaching safepoint: 2042 ns, Cleanup: 55125 ns, At safepoint: 4042 ns, Total: 61209 ns
[2025-03-14T06:43:09.666+0000][1021][safepoint   ] Safepoint "ICBufferFull", Time since last: 314983625 ns, Reaching safepoint: 1625 ns, Cleanup: 59958 ns, At safepoint: 3000 ns, Total: 64583 ns
[2025-03-14T06:43:10.077+0000][1021][safepoint   ] Safepoint "ICBufferFull", Time since last: 411213292 ns, Reaching safepoint: 2375 ns, Cleanup: 71500 ns, At safepoint: 2125 ns, Total: 76000 ns
[2025-03-14T06:43:10.658+0000][1021][safepoint   ] Safepoint "ICBufferFull", Time since last: 580177709 ns, Reaching safepoint: 2291 ns, Cleanup: 98000 ns, At safepoint: 3834 ns, Total: 104125 ns
[2025-03-14T06:43:10.841+0000][1021][gc,start    ] GC(14) Pause Young (Concurrent Start) (Metadata GC Threshold)
[2025-03-14T06:43:10.841+0000][1021][gc,task     ] GC(14) Using 1 workers of 1 for evacuation
[2025-03-14T06:43:10.841+0000][1021][gc,age      ] GC(14) Desired survivor size 31457280 bytes, new threshold 15 (max threshold 15)
[2025-03-14T06:43:10.862+0000][1021][gc,phases   ] GC(14)   Pre Evacuate Collection Set: 0.06ms
[2025-03-14T06:43:10.862+0000][1021][gc,phases   ] GC(14)   Merge Heap Roots: 0.84ms
[2025-03-14T06:43:10.862+0000][1021][gc,phases   ] GC(14)   Evacuate Collection Set: 19.34ms
[2025-03-14T06:43:10.862+0000][1021][gc,phases   ] GC(14)   Post Evacuate Collection Set: 0.73ms
[2025-03-14T06:43:10.862+0000][1021][gc,phases   ] GC(14)   Other: 0.05ms
[2025-03-14T06:43:10.862+0000][1021][gc,age      ] GC(14) Age table with threshold 15 (max threshold 15)
[2025-03-14T06:43:10.862+0000][1021][gc,age      ] GC(14) - age   1:   11718832 bytes,   11718832 total
[2025-03-14T06:43:10.862+0000][1021][gc,age      ] GC(14) - age   2:      26640 bytes,   11745472 total
[2025-03-14T06:43:10.862+0000][1021][gc,heap     ] GC(14) Eden regions: 116->0(104)
[2025-03-14T06:43:10.862+0000][1021][gc,heap     ] GC(14) Survivor regions: 1->3(15)
[2025-03-14T06:43:10.862+0000][1021][gc,heap     ] GC(14) Old regions: 12->12
[2025-03-14T06:43:10.862+0000][1021][gc,heap     ] GC(14) Humongous regions: 0->0
[2025-03-14T06:43:10.862+0000][1021][gc,metaspace] GC(14) Metaspace: 61224K(62528K)->61224K(62528K) NonClass: 52926K(53696K)->52926K(53696K) Class: 8297K(8832K)->8297K(8832K)
[2025-03-14T06:43:10.862+0000][1021][gc          ] GC(14) Pause Young (Concurrent Start) (Metadata GC Threshold) 512M->58M(1952M) 21.093ms
[2025-03-14T06:43:10.862+0000][1021][gc          ] GC(15) Concurrent Mark Cycle
[2025-03-14T06:43:10.862+0000][1021][gc,marking  ] GC(15) Concurrent Scan Root Regions
[2025-03-14T06:43:10.862+0000][1021][gc,cpu      ] GC(14) User=0.02s Sys=0.00s Real=0.02s
[2025-03-14T06:43:10.866+0000][1021][safepoint   ] Safepoint "CollectForMetadataAllocation", Time since last: 183178500 ns, Reaching safepoint: 2125 ns, Cleanup: 38958 ns, At safepoint: 24934250 ns, Total: 24975333 ns
[2025-03-14T06:43:10.882+0000][1021][gc,marking  ] GC(15) Concurrent Scan Root Regions 19.511ms
[2025-03-14T06:43:10.882+0000][1021][gc,marking  ] GC(15) Concurrent Mark
[2025-03-14T06:43:10.882+0000][1021][gc,marking  ] GC(15) Concurrent Mark From Roots
[2025-03-14T06:43:10.882+0000][1021][gc,task     ] GC(15) Using 1 workers of 1 for marking
[2025-03-14T06:43:10.915+0000][1021][safepoint   ] Safepoint "CollectForMetadataAllocation", Time since last: 48180000 ns, Reaching safepoint: 1030083 ns, Cleanup: 10209 ns, At safepoint: 47875 ns, Total: 1088167 ns
[2025-03-14T06:43:10.968+0000][1021][safepoint   ] Safepoint "CollectForMetadataAllocation", Time since last: 52738041 ns, Reaching safepoint: 15292 ns, Cleanup: 6333 ns, At safepoint: 40459 ns, Total: 62084 ns
[2025-03-14T06:43:10.974+0000][1021][gc,marking  ] GC(15) Concurrent Mark From Roots 92.297ms
[2025-03-14T06:43:10.974+0000][1021][gc,marking  ] GC(15) Concurrent Preclean
[2025-03-14T06:43:10.974+0000][1021][gc,marking  ] GC(15) Concurrent Preclean 0.093ms
[2025-03-14T06:43:10.974+0000][1021][gc,start    ] GC(15) Pause Remark
[2025-03-14T06:43:10.981+0000][1021][gc          ] GC(15) Pause Remark 64M->64M(1952M) 6.321ms
[2025-03-14T06:43:10.981+0000][1021][gc,cpu      ] GC(15) User=0.00s Sys=0.00s Real=0.00s
[2025-03-14T06:43:10.981+0000][1021][safepoint   ] Safepoint "G1PauseRemark", Time since last: 6050416 ns, Reaching safepoint: 247667 ns, Cleanup: 1042 ns, At safepoint: 6342458 ns, Total: 6591167 ns
[2025-03-14T06:43:10.981+0000][1021][gc,marking  ] GC(15) Concurrent Mark 99.011ms
[2025-03-14T06:43:10.981+0000][1021][gc,marking  ] GC(15) Concurrent Rebuild Remembered Sets and Scrub Regions
[2025-03-14T06:43:11.020+0000][1021][gc,marking  ] GC(15) Concurrent Rebuild Remembered Sets and Scrub Regions 39.084ms
[2025-03-14T06:43:11.020+0000][1021][gc,start    ] GC(15) Pause Cleanup
[2025-03-14T06:43:11.020+0000][1021][gc          ] GC(15) Pause Cleanup 66M->66M(1952M) 0.036ms
[2025-03-14T06:43:11.020+0000][1021][gc,cpu      ] GC(15) User=0.00s Sys=0.00s Real=0.00s
[2025-03-14T06:43:11.020+0000][1021][safepoint   ] Safepoint "G1PauseCleanup", Time since last: 39125542 ns, Reaching safepoint: 136583 ns, Cleanup: 8875 ns, At safepoint: 50375 ns, Total: 195833 ns
[2025-03-14T06:43:11.020+0000][1021][gc,marking  ] GC(15) Concurrent Clear Claimed Marks
[2025-03-14T06:43:11.020+0000][1021][gc,marking  ] GC(15) Concurrent Clear Claimed Marks 0.062ms
[2025-03-14T06:43:11.020+0000][1021][gc,marking  ] GC(15) Concurrent Cleanup for Next Mark
[2025-03-14T06:43:11.021+0000][1021][gc,marking  ] GC(15) Concurrent Cleanup for Next Mark 1.141ms
[2025-03-14T06:43:11.021+0000][1021][gc          ] GC(15) Concurrent Mark Cycle 159.086ms
[2025-03-14T06:43:11.782+0000][1021][safepoint   ] Safepoint "ICBufferFull", Time since last: 760974417 ns, Reaching safepoint: 997750 ns, Cleanup: 61500 ns, At safepoint: 5000 ns, Total: 1064250 ns
[2025-03-14T06:43:11.912+0000][1021][safepoint   ] Safepoint "ICBufferFull", Time since last: 130109167 ns, Reaching safepoint: 1833 ns, Cleanup: 67834 ns, At safepoint: 4000 ns, Total: 73667 ns
[2025-03-14T06:43:12.318+0000][1021][safepoint   ] Safepoint "ICBufferFull", Time since last: 405473041 ns, Reaching safepoint: 2209 ns, Cleanup: 74000 ns, At safepoint: 3500 ns, Total: 79709 ns
[2025-03-14T06:43:12.581+0000][1021][safepoint   ] Safepoint "ICBufferFull", Time since last: 263048958 ns, Reaching safepoint: 2167 ns, Cleanup: 55583 ns, At safepoint: 3959 ns, Total: 61709 ns
[2025-03-14T06:43:12.743+0000][1021][safepoint   ] Safepoint "ICBufferFull", Time since last: 161732458 ns, Reaching safepoint: 1833 ns, Cleanup: 62167 ns, At safepoint: 5667 ns, Total: 69667 ns
[2025-03-14T06:43:12.869+0000][1021][safepoint   ] Safepoint "ICBufferFull", Time since last: 126547666 ns, Reaching safepoint: 2209 ns, Cleanup: 49666 ns, At safepoint: 4084 ns, Total: 55959 ns
[2025-03-14T06:43:12.938+0000][1021][safepoint   ] Safepoint "ICBufferFull", Time since last: 68649250 ns, Reaching safepoint: 2541 ns, Cleanup: 73334 ns, At safepoint: 3625 ns, Total: 79500 ns
[2025-03-14T06:43:12.954+0000][1021][safepoint   ] Safepoint "ICBufferFull", Time since last: 15957166 ns, Reaching safepoint: 1875 ns, Cleanup: 59667 ns, At safepoint: 2875 ns, Total: 64417 ns
[2025-03-14T06:43:13.058+0000][1021][safepoint   ] Safepoint "ICBufferFull", Time since last: 103935542 ns, Reaching safepoint: 2000 ns, Cleanup: 53333 ns, At safepoint: 2917 ns, Total: 58250 ns
[2025-03-14T06:43:13.239+0000][1021][safepoint   ] Safepoint "ICBufferFull", Time since last: 180964542 ns, Reaching safepoint: 198166 ns, Cleanup: 55500 ns, At safepoint: 3625 ns, Total: 257291 ns
[2025-03-14T06:43:13.282+0000][1021][safepoint   ] Safepoint "ICBufferFull", Time since last: 42718375 ns, Reaching safepoint: 2959 ns, Cleanup: 51541 ns, At safepoint: 2584 ns, Total: 57084 ns
[2025-03-14T06:43:13.338+0000][1021][safepoint   ] Safepoint "ICBufferFull", Time since last: 56420375 ns, Reaching safepoint: 2583 ns, Cleanup: 59042 ns, At safepoint: 2791 ns, Total: 64416 ns
[2025-03-14T06:43:13.534+0000][1021][safepoint   ] Safepoint "ICBufferFull", Time since last: 196028750 ns, Reaching safepoint: 2709 ns, Cleanup: 59208 ns, At safepoint: 3833 ns, Total: 65750 ns
[2025-03-14T06:43:13.561+0000][1021][safepoint   ] Safepoint "ICBufferFull", Time since last: 26730334 ns, Reaching safepoint: 2083 ns, Cleanup: 37375 ns, At safepoint: 1708 ns, Total: 41166 ns
[2025-03-14T06:43:13.777+0000][1021][safepoint   ] Safepoint "ICBufferFull", Time since last: 215728709 ns, Reaching safepoint: 3333 ns, Cleanup: 48042 ns, At safepoint: 3625 ns, Total: 55000 ns
[2025-03-14T06:43:13.951+0000][1021][safepoint   ] Safepoint "ICBufferFull", Time since last: 173927958 ns, Reaching safepoint: 2834 ns, Cleanup: 46000 ns, At safepoint: 4375 ns, Total: 53209 ns
[2025-03-14T06:43:14.258+0000][1021][gc,start    ] GC(16) Pause Young (Normal) (G1 Evacuation Pause)
[2025-03-14T06:43:14.258+0000][1021][gc,task     ] GC(16) Using 1 workers of 1 for evacuation
[2025-03-14T06:43:14.258+0000][1021][gc,age      ] GC(16) Desired survivor size 27262976 bytes, new threshold 15 (max threshold 15)
[2025-03-14T06:43:14.297+0000][1021][gc,phases   ] GC(16)   Pre Evacuate Collection Set: 0.49ms
[2025-03-14T06:43:14.297+0000][1021][gc,phases   ] GC(16)   Merge Heap Roots: 0.05ms
[2025-03-14T06:43:14.297+0000][1021][gc,phases   ] GC(16)   Evacuate Collection Set: 37.19ms
[2025-03-14T06:43:14.297+0000][1021][gc,phases   ] GC(16)   Post Evacuate Collection Set: 1.21ms
[2025-03-14T06:43:14.297+0000][1021][gc,phases   ] GC(16)   Other: 0.06ms
[2025-03-14T06:43:14.297+0000][1021][gc,age      ] GC(16) Age table with threshold 15 (max threshold 15)
[2025-03-14T06:43:14.297+0000][1021][gc,age      ] GC(16) - age   1:   19641360 bytes,   19641360 total
[2025-03-14T06:43:14.297+0000][1021][gc,age      ] GC(16) - age   2:   11035384 bytes,   30676744 total
[2025-03-14T06:43:14.297+0000][1021][gc,age      ] GC(16) - age   3:      26312 bytes,   30703056 total
[2025-03-14T06:43:14.297+0000][1021][gc,heap     ] GC(16) Eden regions: 94->0(31)
[2025-03-14T06:43:14.297+0000][1021][gc,heap     ] GC(16) Survivor regions: 3->8(13)
[2025-03-14T06:43:14.297+0000][1021][gc,heap     ] GC(16) Old regions: 12->12
[2025-03-14T06:43:14.297+0000][1021][gc,heap     ] GC(16) Humongous regions: 0->0
[2025-03-14T06:43:14.297+0000][1021][gc,metaspace] GC(16) Metaspace: 99145K(101952K)->99145K(101952K) NonClass: 85078K(86592K)->85078K(86592K) Class: 14067K(15360K)->14067K(15360K)
[2025-03-14T06:43:14.297+0000][1021][gc          ] GC(16) Pause Young (Normal) (G1 Evacuation Pause) 434M->76M(1952M) 39.096ms
[2025-03-14T06:43:14.297+0000][1021][gc,cpu      ] GC(16) User=0.03s Sys=0.00s Real=0.04s
[2025-03-14T06:43:14.299+0000][1021][safepoint   ] Safepoint "G1CollectForAllocation", Time since last: 307177750 ns, Reaching safepoint: 8708 ns, Cleanup: 65250 ns, At safepoint: 40504000 ns, Total: 40577958 ns
[2025-03-14T06:43:14.589+0000][1021][safepoint   ] Safepoint "ICBufferFull", Time since last: 287075250 ns, Reaching safepoint: 3048667 ns, Cleanup: 76250 ns, At safepoint: 4458 ns, Total: 3129375 ns
[2025-03-14T06:43:14.892+0000][1021][safepoint   ] Safepoint "ICBufferFull", Time since last: 302574375 ns, Reaching safepoint: 9750 ns, Cleanup: 61584 ns, At safepoint: 2875 ns, Total: 74209 ns
[2025-03-14T06:43:14.912+0000][1021][gc,start    ] GC(17) Pause Young (Concurrent Start) (Metadata GC Threshold)
[2025-03-14T06:43:14.912+0000][1021][gc,task     ] GC(17) Using 1 workers of 1 for evacuation
[2025-03-14T06:43:14.912+0000][1021][gc,age      ] GC(17) Desired survivor size 10485760 bytes, new threshold 1 (max threshold 15)
[2025-03-14T06:43:14.969+0000][1021][gc,phases   ] GC(17)   Pre Evacuate Collection Set: 0.08ms
[2025-03-14T06:43:14.969+0000][1021][gc,phases   ] GC(17)   Merge Heap Roots: 0.02ms
[2025-03-14T06:43:14.969+0000][1021][gc,phases   ] GC(17)   Evacuate Collection Set: 56.62ms
[2025-03-14T06:43:14.969+0000][1021][gc,phases   ] GC(17)   Post Evacuate Collection Set: 1.06ms
[2025-03-14T06:43:14.969+0000][1021][gc,phases   ] GC(17)   Other: 0.03ms
[2025-03-14T06:43:14.969+0000][1021][gc,age      ] GC(17) Age table with threshold 1 (max threshold 15)
[2025-03-14T06:43:14.969+0000][1021][gc,age      ] GC(17) - age   1:    6500040 bytes,    6500040 total
[2025-03-14T06:43:14.969+0000][1021][gc,heap     ] GC(17) Eden regions: 18->0(113)
[2025-03-14T06:43:14.969+0000][1021][gc,heap     ] GC(17) Survivor regions: 8->2(5)
[2025-03-14T06:43:14.969+0000][1021][gc,heap     ] GC(17) Old regions: 12->19
[2025-03-14T06:43:14.969+0000][1021][gc,heap     ] GC(17) Humongous regions: 5->5
[2025-03-14T06:43:14.969+0000][1021][gc,metaspace] GC(17) Metaspace: 102673K(105536K)->102673K(105536K) NonClass: 88076K(89664K)->88076K(89664K) Class: 14597K(15872K)->14597K(15872K)
[2025-03-14T06:43:14.969+0000][1021][gc          ] GC(17) Pause Young (Concurrent Start) (Metadata GC Threshold) 165M->102M(1952M) 57.911ms
[2025-03-14T06:43:14.969+0000][1021][gc,cpu      ] GC(17) User=0.06s Sys=0.01s Real=0.06s
[2025-03-14T06:43:14.970+0000][1021][safepoint   ] Safepoint "CollectForMetadataAllocation", Time since last: 19871625 ns, Reaching safepoint: 2791 ns, Cleanup: 13667 ns, At safepoint: 58009333 ns, Total: 58025791 ns
[2025-03-14T06:43:14.973+0000][1021][gc          ] GC(18) Concurrent Mark Cycle
[2025-03-14T06:43:14.973+0000][1021][gc,marking  ] GC(18) Concurrent Scan Root Regions
[2025-03-14T06:43:15.022+0000][1021][gc,marking  ] GC(18) Concurrent Scan Root Regions 48.961ms
[2025-03-14T06:43:15.022+0000][1021][gc,marking  ] GC(18) Concurrent Mark
[2025-03-14T06:43:15.022+0000][1021][gc,marking  ] GC(18) Concurrent Mark From Roots
[2025-03-14T06:43:15.022+0000][1021][gc,task     ] GC(18) Using 1 workers of 1 for marking
[2025-03-14T06:43:15.024+0000][1021][safepoint   ] Safepoint "CollectForMetadataAllocation", Time since last: 54386167 ns, Reaching safepoint: 71208 ns, Cleanup: 15334 ns, At safepoint: 40458 ns, Total: 127000 ns
[2025-03-14T06:43:15.068+0000][1021][safepoint   ] Safepoint "CollectForMetadataAllocation", Time since last: 40844875 ns, Reaching safepoint: 3107583 ns, Cleanup: 17834 ns, At safepoint: 86208 ns, Total: 3211625 ns
[2025-03-14T06:43:15.135+0000][1021][safepoint   ] Safepoint "CollectForMetadataAllocation", Time since last: 61934208 ns, Reaching safepoint: 2368750 ns, Cleanup: 31667 ns, At safepoint: 2310333 ns, Total: 4710750 ns
[2025-03-14T06:43:15.145+0000][1021][safepoint   ] Safepoint "CollectForMetadataAllocation", Time since last: 3113167 ns, Reaching safepoint: 2323792 ns, Cleanup: 8166 ns, At safepoint: 4660917 ns, Total: 6992875 ns
[2025-03-14T06:43:15.151+0000][1021][safepoint   ] Safepoint "CollectForMetadataAllocation", Time since last: 3000333 ns, Reaching safepoint: 3527417 ns, Cleanup: 1333 ns, At safepoint: 5542 ns, Total: 3534292 ns
[2025-03-14T06:43:15.154+0000][1021][safepoint   ] Safepoint "CollectForMetadataAllocation", Time since last: 1543458 ns, Reaching safepoint: 112125 ns, Cleanup: 1834 ns, At safepoint: 1162458 ns, Total: 1276417 ns
[2025-03-14T06:43:15.203+0000][1021][safepoint   ] Safepoint "CollectForMetadataAllocation", Time since last: 47750458 ns, Reaching safepoint: 985292 ns, Cleanup: 28458 ns, At safepoint: 35292 ns, Total: 1049042 ns
[2025-03-14T06:43:15.206+0000][1021][safepoint   ] Safepoint "CollectForMetadataAllocation", Time since last: 849417 ns, Reaching safepoint: 66583 ns, Cleanup: 458 ns, At safepoint: 1929625 ns, Total: 1996666 ns
[2025-03-14T06:43:15.207+0000][1021][gc,marking  ] GC(18) Concurrent Mark From Roots 185.295ms
[2025-03-14T06:43:15.207+0000][1021][gc,marking  ] GC(18) Concurrent Preclean
[2025-03-14T06:43:15.207+0000][1021][gc,marking  ] GC(18) Concurrent Preclean 0.096ms
[2025-03-14T06:43:15.207+0000][1021][safepoint   ] Safepoint "CollectForMetadataAllocation", Time since last: 1388959 ns, Reaching safepoint: 1333 ns, Cleanup: 708 ns, At safepoint: 1292 ns, Total: 3333 ns
[2025-03-14T06:43:15.209+0000][1021][gc,start    ] GC(18) Pause Remark
[2025-03-14T06:43:15.217+0000][1021][gc          ] GC(18) Pause Remark 136M->136M(1952M) 8.396ms
[2025-03-14T06:43:15.217+0000][1021][gc,cpu      ] GC(18) User=0.00s Sys=0.00s Real=0.01s
[2025-03-14T06:43:15.228+0000][1021][safepoint   ] Safepoint "G1PauseRemark", Time since last: 1608250 ns, Reaching safepoint: 67042 ns, Cleanup: 541 ns, At safepoint: 18944375 ns, Total: 19011958 ns
[2025-03-14T06:43:15.228+0000][1021][gc,marking  ] GC(18) Concurrent Mark 206.043ms
[2025-03-14T06:43:15.228+0000][1021][gc,marking  ] GC(18) Concurrent Rebuild Remembered Sets and Scrub Regions
[2025-03-14T06:43:15.367+0000][1021][gc,marking  ] GC(18) Concurrent Rebuild Remembered Sets and Scrub Regions 138.928ms
[2025-03-14T06:43:15.369+0000][1021][gc,start    ] GC(18) Pause Cleanup
[2025-03-14T06:43:15.369+0000][1021][gc          ] GC(18) Pause Cleanup 156M->156M(1952M) 0.052ms
[2025-03-14T06:43:15.369+0000][1021][gc,cpu      ] GC(18) User=0.00s Sys=0.00s Real=0.00s
[2025-03-14T06:43:15.369+0000][1021][safepoint   ] Safepoint "G1PauseCleanup", Time since last: 138971501 ns, Reaching safepoint: 2072000 ns, Cleanup: 39208 ns, At safepoint: 75625 ns, Total: 2186833 ns
[2025-03-14T06:43:15.369+0000][1021][gc,marking  ] GC(18) Concurrent Clear Claimed Marks
[2025-03-14T06:43:15.369+0000][1021][gc,marking  ] GC(18) Concurrent Clear Claimed Marks 0.231ms
[2025-03-14T06:43:15.369+0000][1021][gc,marking  ] GC(18) Concurrent Cleanup for Next Mark
[2025-03-14T06:43:15.378+0000][1021][gc,marking  ] GC(18) Concurrent Cleanup for Next Mark 8.317ms
[2025-03-14T06:43:15.378+0000][1021][gc          ] GC(18) Concurrent Mark Cycle 404.749ms
[2025-03-14T06:43:15.488+0000][1021][safepoint   ] Safepoint "ICBufferFull", Time since last: 116769625 ns, Reaching safepoint: 2112792 ns, Cleanup: 66125 ns, At safepoint: 6125 ns, Total: 2185042 ns
[2025-03-14T06:43:15.637+0000][1021][safepoint   ] Safepoint "ICBufferFull", Time since last: 146882208 ns, Reaching safepoint: 1990417 ns, Cleanup: 75416 ns, At safepoint: 7084 ns, Total: 2072917 ns
[2025-03-14T06:43:15.780+0000][1021][safepoint   ] Safepoint "ICBufferFull", Time since last: 142081791 ns, Reaching safepoint: 833750 ns, Cleanup: 60792 ns, At safepoint: 6833 ns, Total: 901375 ns
[2025-03-14T06:43:16.002+0000][1021][safepoint   ] Safepoint "ICBufferFull", Time since last: 219443167 ns, Reaching safepoint: 2547834 ns, Cleanup: 63875 ns, At safepoint: 7291 ns, Total: 2619000 ns
[2025-03-14T06:43:16.188+0000][1021][safepoint   ] Safepoint "ICBufferFull", Time since last: 184999459 ns, Reaching safepoint: 873000 ns, Cleanup: 60333 ns, At safepoint: 5958 ns, Total: 939291 ns
[2025-03-14T06:43:16.364+0000][1021][safepoint   ] Safepoint "ICBufferFull", Time since last: 175653125 ns, Reaching safepoint: 71667 ns, Cleanup: 60292 ns, At safepoint: 4833 ns, Total: 136792 ns
[2025-03-14T06:43:16.730+0000][1021][safepoint   ] Safepoint "ICBufferFull", Time since last: 364432584 ns, Reaching safepoint: 2093583 ns, Cleanup: 53125 ns, At safepoint: 6375 ns, Total: 2153083 ns
[2025-03-14T06:43:16.875+0000][1021][safepoint   ] Safepoint "ICBufferFull", Time since last: 142209250 ns, Reaching safepoint: 2403042 ns, Cleanup: 60291 ns, At safepoint: 7500 ns, Total: 2470833 ns
[2025-03-14T06:43:16.963+0000][1021][safepoint   ] Safepoint "ICBufferFull", Time since last: 83602459 ns, Reaching safepoint: 2328708 ns, Cleanup: 57333 ns, At safepoint: 1885792 ns, Total: 4271833 ns
[2025-03-14T06:43:17.149+0000][1021][safepoint   ] Safepoint "ICBufferFull", Time since last: 183012000 ns, Reaching safepoint: 3051792 ns, Cleanup: 57708 ns, At safepoint: 7333 ns, Total: 3116833 ns
[2025-03-14T06:43:17.541+0000][1021][safepoint   ] Safepoint "ICBufferFull", Time since last: 392326917 ns, Reaching safepoint: 3709 ns, Cleanup: 61500 ns, At safepoint: 3958 ns, Total: 69167 ns
[2025-03-14T06:43:17.627+0000][1021][gc,start    ] GC(19) Pause Young (Prepare Mixed) (G1 Evacuation Pause)
[2025-03-14T06:43:17.627+0000][1021][gc,task     ] GC(19) Using 1 workers of 1 for evacuation
[2025-03-14T06:43:17.627+0000][1021][gc,age      ] GC(19) Desired survivor size 29360128 bytes, new threshold 15 (max threshold 15)
[2025-03-14T06:43:17.644+0000][1021][gc,phases   ] GC(19)   Pre Evacuate Collection Set: 0.10ms
[2025-03-14T06:43:17.644+0000][1021][gc,phases   ] GC(19)   Merge Heap Roots: 0.11ms
[2025-03-14T06:43:17.644+0000][1021][gc,phases   ] GC(19)   Evacuate Collection Set: 15.44ms
[2025-03-14T06:43:17.644+0000][1021][gc,phases   ] GC(19)   Post Evacuate Collection Set: 0.87ms
[2025-03-14T06:43:17.644+0000][1021][gc,phases   ] GC(19)   Other: 0.06ms
[2025-03-14T06:43:17.644+0000][1021][gc,age      ] GC(19) Age table with threshold 15 (max threshold 15)
[2025-03-14T06:43:17.644+0000][1021][gc,age      ] GC(19) - age   1:    6616544 bytes,    6616544 total
[2025-03-14T06:43:17.644+0000][1021][gc,age      ] GC(19) - age   2:    6187272 bytes,   12803816 total
[2025-03-14T06:43:17.644+0000][1021][gc,heap     ] GC(19) Eden regions: 103->0(119)
[2025-03-14T06:43:17.644+0000][1021][gc,heap     ] GC(19) Survivor regions: 2->4(14)
[2025-03-14T06:43:17.644+0000][1021][gc,heap     ] GC(19) Old regions: 19->20
[2025-03-14T06:43:17.644+0000][1021][gc,heap     ] GC(19) Humongous regions: 5->5
[2025-03-14T06:43:17.644+0000][1021][gc,metaspace] GC(19) Metaspace: 108592K(111488K)->108592K(111488K) NonClass: 93231K(94848K)->93231K(94848K) Class: 15361K(16640K)->15361K(16640K)
[2025-03-14T06:43:17.644+0000][1021][gc          ] GC(19) Pause Young (Prepare Mixed) (G1 Evacuation Pause) (Evacuation Failure: Pinned) 514M->112M(1952M) 16.680ms
[2025-03-14T06:43:17.644+0000][1021][gc,cpu      ] GC(19) User=0.02s Sys=0.00s Real=0.01s
[2025-03-14T06:43:17.647+0000][1021][safepoint   ] Safepoint "G1CollectForAllocation", Time since last: 85537417 ns, Reaching safepoint: 72625 ns, Cleanup: 24166 ns, At safepoint: 19570834 ns, Total: 19667625 ns
[2025-03-14T06:43:17.776+0000][1021][safepoint   ] Safepoint "ICBufferFull", Time since last: 129278125 ns, Reaching safepoint: 377625 ns, Cleanup: 53875 ns, At safepoint: 4541 ns, Total: 436041 ns
[2025-03-14T06:43:17.862+0000][1021][safepoint   ] Safepoint "ICBufferFull", Time since last: 85107209 ns, Reaching safepoint: 453500 ns, Cleanup: 63208 ns, At safepoint: 6542 ns, Total: 523250 ns
[2025-03-14T06:43:18.225+0000][1021][safepoint   ] Safepoint "ICBufferFull", Time since last: 363134833 ns, Reaching safepoint: 6459 ns, Cleanup: 52750 ns, At safepoint: 4750 ns, Total: 63959 ns
[2025-03-14T06:43:18.443+0000][1021][safepoint   ] Safepoint "ICBufferFull", Time since last: 217842583 ns, Reaching safepoint: 3833 ns, Cleanup: 50125 ns, At safepoint: 4042 ns, Total: 58000 ns
[2025-03-14T06:43:18.508+0000][1021][safepoint   ] Safepoint "ICBufferFull", Time since last: 65084417 ns, Reaching safepoint: 3916 ns, Cleanup: 41334 ns, At safepoint: 1916 ns, Total: 47166 ns
[2025-03-14T06:43:18.625+0000][1021][safepoint   ] Safepoint "ICBufferFull", Time since last: 116727834 ns, Reaching safepoint: 3708 ns, Cleanup: 53875 ns, At safepoint: 4333 ns, Total: 61916 ns
[2025-03-14T06:43:19.625+0000][1021][safepoint   ] Safepoint "Cleanup", Time since last: 1000078126 ns, Reaching safepoint: 7250 ns, Cleanup: 50375 ns, At safepoint: 5667 ns, Total: 63292 ns
[2025-03-14T06:43:19.963+0000][1021][safepoint   ] Safepoint "ICBufferFull", Time since last: 337900458 ns, Reaching safepoint: 17833 ns, Cleanup: 72250 ns, At safepoint: 8000 ns, Total: 98083 ns
[2025-03-14T06:43:20.088+0000][1021][safepoint   ] Safepoint "ICBufferFull", Time since last: 124828542 ns, Reaching safepoint: 96250 ns, Cleanup: 55833 ns, At safepoint: 6000 ns, Total: 158083 ns
[2025-03-14T06:43:20.174+0000][1021][safepoint   ] Safepoint "ICBufferFull", Time since last: 85381375 ns, Reaching safepoint: 3834 ns, Cleanup: 65083 ns, At safepoint: 4292 ns, Total: 73209 ns
[2025-03-14T06:43:20.186+0000][1021][safepoint   ] Safepoint "ICBufferFull", Time since last: 3332208 ns, Reaching safepoint: 9049542 ns, Cleanup: 1541 ns, At safepoint: 10750 ns, Total: 9061833 ns
[2025-03-14T06:43:20.339+0000][1021][safepoint   ] Safepoint "ICBufferFull", Time since last: 152403417 ns, Reaching safepoint: 999625 ns, Cleanup: 86417 ns, At safepoint: 3708 ns, Total: 1089750 ns
[2025-03-14T06:43:20.445+0000][1021][safepoint   ] Safepoint "ICBufferFull", Time since last: 105170584 ns, Reaching safepoint: 151333 ns, Cleanup: 59375 ns, At safepoint: 5167 ns, Total: 215875 ns
[2025-03-14T06:43:20.446+0000][1021][safepoint   ] Safepoint "ICBufferFull", Time since last: 1057666 ns, Reaching safepoint: 468250 ns, Cleanup: 7792 ns, At safepoint: 3333 ns, Total: 479375 ns
[2025-03-14T06:43:21.015+0000][1021][safepoint   ] Safepoint "ICBufferFull", Time since last: 568825417 ns, Reaching safepoint: 9125 ns, Cleanup: 88667 ns, At safepoint: 2958 ns, Total: 100750 ns
[2025-03-14T06:43:22.016+0000][1021][safepoint   ] Safepoint "Cleanup", Time since last: 1000626792 ns, Reaching safepoint: 6459 ns, Cleanup: 36708 ns, At safepoint: 2917 ns, Total: 46084 ns
[2025-03-14T06:49:45.557+0000][1021][safepoint   ] Safepoint "ICBufferFull", Time since last: 930523375 ns, Reaching safepoint: 3792 ns, Cleanup: 60125 ns, At safepoint: 3750 ns, Total: 67667 ns
[2025-03-14T06:49:45.778+0000][1021][safepoint   ] Safepoint "ICBufferFull", Time since last: 220209667 ns, Reaching safepoint: 4333 ns, Cleanup: 84625 ns, At safepoint: 4167 ns, Total: 93125 ns
[2025-03-14T06:49:46.779+0000][1021][safepoint   ] Safepoint "Cleanup", Time since last: 1001030792 ns, Reaching safepoint: 9416 ns, Cleanup: 39084 ns, At safepoint: 4791 ns, Total: 53291 ns
[2025-03-14T06:49:47.779+0000][1021][safepoint   ] Safepoint "Cleanup", Time since last: 1000094293 ns, Reaching safepoint: 21166 ns, Cleanup: 21792 ns, At safepoint: 6208 ns, Total: 49166 ns
[2025-03-14T06:49:48.779+0000][1021][safepoint   ] Safepoint "Cleanup", Time since last: 1000092626 ns, Reaching safepoint: 14958 ns, Cleanup: 57583 ns, At safepoint: 11125 ns, Total: 83666 ns
[2025-03-14T06:49:49.779+0000][1021][safepoint   ] Safepoint "Cleanup", Time since last: 1000088459 ns, Reaching safepoint: 11375 ns, Cleanup: 11375 ns, At safepoint: 5750 ns, Total: 28500 ns
[2025-03-14T06:49:50.779+0000][1021][safepoint   ] Safepoint "Cleanup", Time since last: 1000082959 ns, Reaching safepoint: 6250 ns, Cleanup: 22875 ns, At safepoint: 2500 ns, Total: 31625 ns
[2025-03-14T06:49:51.487+0000][1021][safepoint   ] Safepoint "ICBufferFull", Time since last: 707821292 ns, Reaching safepoint: 6000 ns, Cleanup: 71417 ns, At safepoint: 5458 ns, Total: 82875 ns
[2025-03-14T06:49:52.026+0000][1021][safepoint   ] Safepoint "ICBufferFull", Time since last: 538470084 ns, Reaching safepoint: 29666 ns, Cleanup: 68084 ns, At safepoint: 3541 ns, Total: 101291 ns
[2025-03-14T06:49:53.026+0000][1021][safepoint   ] Safepoint "Cleanup", Time since last: 1000079376 ns, Reaching safepoint: 9708 ns, Cleanup: 29000 ns, At safepoint: 7708 ns, Total: 46416 ns
[2025-03-14T06:49:54.027+0000][1021][safepoint   ] Safepoint "Cleanup", Time since last: 1000527209 ns, Reaching safepoint: 47584 ns, Cleanup: 48625 ns, At safepoint: 14708 ns, Total: 110917 ns
[2025-03-14T06:49:55.028+0000][1021][safepoint   ] Safepoint "Cleanup", Time since last: 1000913792 ns, Reaching safepoint: 14708 ns, Cleanup: 87500 ns, At safepoint: 9125 ns, Total: 111333 ns
[2025-03-14T06:49:56.029+0000][1021][safepoint   ] Safepoint "Cleanup", Time since last: 1001227501 ns, Reaching safepoint: 34083 ns, Cleanup: 24958 ns, At safepoint: 12042 ns, Total: 71083 ns
[2025-03-14T06:49:57.542+0000][1021][safepoint   ] Safepoint "ICBufferFull", Time since last: 1513492168 ns, Reaching safepoint: 6208 ns, Cleanup: 65417 ns, At safepoint: 4541 ns, Total: 76166 ns
[2025-03-14T06:49:58.057+0000][1021][safepoint   ] Safepoint "ICBufferFull", Time since last: 514817000 ns, Reaching safepoint: 4250 ns, Cleanup: 65125 ns, At safepoint: 4625 ns, Total: 74000 ns
[2025-03-14T06:49:58.071+0000][1021][safepoint   ] Safepoint "ICBufferFull", Time since last: 13369042 ns, Reaching safepoint: 3292 ns, Cleanup: 76916 ns, At safepoint: 2792 ns, Total: 83000 ns
[2025-03-14T06:49:59.071+0000][1021][safepoint   ] Safepoint "Cleanup", Time since last: 1000072792 ns, Reaching safepoint: 5459 ns, Cleanup: 55208 ns, At safepoint: 7583 ns, Total: 68250 ns
[2025-03-14T06:50:00.072+0000][1021][safepoint   ] Safepoint "Cleanup", Time since last: 1000511417 ns, Reaching safepoint: 162542 ns, Cleanup: 111500 ns, At safepoint: 4250 ns, Total: 278292 ns
[2025-03-14T06:50:01.073+0000][1021][safepoint   ] Safepoint "Cleanup", Time since last: 1000992792 ns, Reaching safepoint: 50459 ns, Cleanup: 38250 ns, At safepoint: 7791 ns, Total: 96500 ns
[2025-03-14T06:50:03.073+0000][1021][safepoint   ] Safepoint "Cleanup", Time since last: 2000154793 ns, Reaching safepoint: 44500 ns, Cleanup: 14583 ns, At safepoint: 5709 ns, Total: 64792 ns
[2025-03-14T06:50:04.074+0000][1021][safepoint   ] Safepoint "Cleanup", Time since last: 1000660125 ns, Reaching safepoint: 97500 ns, Cleanup: 78292 ns, At safepoint: 9958 ns, Total: 185750 ns
[2025-03-14T06:50:05.075+0000][1021][safepoint   ] Safepoint "Cleanup", Time since last: 1000837334 ns, Reaching safepoint: 20083 ns, Cleanup: 42542 ns, At safepoint: 5333 ns, Total: 67958 ns
[2025-03-14T06:50:06.076+0000][1021][safepoint   ] Safepoint "Cleanup", Time since last: 1000944417 ns, Reaching safepoint: 21417 ns, Cleanup: 37917 ns, At safepoint: 6416 ns, Total: 65750 ns
[2025-03-14T06:50:07.076+0000][1021][safepoint   ] Safepoint "Cleanup", Time since last: 1000148709 ns, Reaching safepoint: 97125 ns, Cleanup: 127875 ns, At safepoint: 11458 ns, Total: 236458 ns
[2025-03-14T06:50:08.077+0000][1021][safepoint   ] Safepoint "Cleanup", Time since last: 1000246251 ns, Reaching safepoint: 51125 ns, Cleanup: 45875 ns, At safepoint: 4625 ns, Total: 101625 ns
[2025-03-14T06:50:09.077+0000][1021][safepoint   ] Safepoint "Cleanup", Time since last: 1000137000 ns, Reaching safepoint: 49667 ns, Cleanup: 18667 ns, At safepoint: 5583 ns, Total: 73917 ns
[2025-03-14T06:50:10.077+0000][1021][safepoint   ] Safepoint "Cleanup", Time since last: 1000099709 ns, Reaching safepoint: 116292 ns, Cleanup: 112833 ns, At safepoint: 15875 ns, Total: 245000 ns
[2025-03-14T06:50:11.077+0000][1021][safepoint   ] Safepoint "Cleanup", Time since last: 1000125042 ns, Reaching safepoint: 22417 ns, Cleanup: 31083 ns, At safepoint: 8458 ns, Total: 61958 ns
[2025-03-14T06:50:13.078+0000][1021][safepoint   ] Safepoint "Cleanup", Time since last: 2000207501 ns, Reaching safepoint: 143167 ns, Cleanup: 172875 ns, At safepoint: 48417 ns, Total: 364459 ns
[2025-03-14T06:50:14.078+0000][1021][safepoint   ] Safepoint "Cleanup", Time since last: 1000274833 ns, Reaching safepoint: 49875 ns, Cleanup: 29542 ns, At safepoint: 9500 ns, Total: 88917 ns
[2025-03-14T06:50:15.078+0000][1021][safepoint   ] Safepoint "Cleanup", Time since last: 1000167209 ns, Reaching safepoint: 10458 ns, Cleanup: 10792 ns, At safepoint: 4333 ns, Total: 25583 ns
[2025-03-14T06:50:16.081+0000][1021][safepoint   ] Safepoint "Cleanup", Time since last: 1001632042 ns, Reaching safepoint: 79792 ns, Cleanup: 398417 ns, At safepoint: 31500 ns, Total: 509709 ns
[2025-03-14T06:50:17.954+0000][1021][safepoint   ] Safepoint "Cleanup", Time since last: 1873489417 ns, Reaching safepoint: 48959 ns, Cleanup: 127125 ns, At safepoint: 31000 ns, Total: 207084 ns
[2025-03-14T06:50:18.955+0000][1021][safepoint   ] Safepoint "Cleanup", Time since last: 1000978601 ns, Reaching safepoint: 86087 ns, Cleanup: 88671 ns, At safepoint: 21750 ns, Total: 196508 ns
[2025-03-14T06:50:21.957+0000][1021][safepoint   ] Safepoint "Cleanup", Time since last: 3001426825 ns, Reaching safepoint: 129379 ns, Cleanup: 80128 ns, At safepoint: 5958 ns, Total: 215465 ns
[2025-03-14T06:50:22.957+0000][1021][safepoint   ] Safepoint "Cleanup", Time since last: 1000172274 ns, Reaching safepoint: 7542 ns, Cleanup: 26625 ns, At safepoint: 6126 ns, Total: 40293 ns
[2025-03-14T06:50:24.958+0000][1021][safepoint   ] Safepoint "Cleanup", Time since last: 2000160351 ns, Reaching safepoint: 13793 ns, Cleanup: 47542 ns, At safepoint: 8126 ns, Total: 69461 ns
[2025-03-14T06:50:25.958+0000][1021][safepoint   ] Safepoint "Cleanup", Time since last: 1000095361 ns, Reaching safepoint: 15501 ns, Cleanup: 13083 ns, At safepoint: 4500 ns, Total: 33084 ns
[2025-03-14T06:50:27.666+0000][1021][safepoint   ] Safepoint "ICBufferFull", Time since last: 1708138130 ns, Reaching safepoint: 51168 ns, Cleanup: 83960 ns, At safepoint: 6167 ns, Total: 141295 ns
[2025-03-14T06:50:28.666+0000][1021][safepoint   ] Safepoint "Cleanup", Time since last: 1000382472 ns, Reaching safepoint: 19500 ns, Cleanup: 47418 ns, At safepoint: 19875 ns, Total: 86793 ns
[2025-03-14T06:50:29.667+0000][1021][safepoint   ] Safepoint "Cleanup", Time since last: 1000103606 ns, Reaching safepoint: 27042 ns, Cleanup: 21000 ns, At safepoint: 6167 ns, Total: 54209 ns
[2025-03-14T06:50:30.667+0000][1021][safepoint   ] Safepoint "Cleanup", Time since last: 1000109956 ns, Reaching safepoint: 13000 ns, Cleanup: 30125 ns, At safepoint: 10542 ns, Total: 53667 ns
[2025-03-14T06:50:31.668+0000][1021][safepoint   ] Safepoint "Cleanup", Time since last: 1000903441 ns, Reaching safepoint: 13459 ns, Cleanup: 14958 ns, At safepoint: 6709 ns, Total: 35126 ns
[2025-03-14T06:50:32.668+0000][1021][safepoint   ] Safepoint "Cleanup", Time since last: 1000078137 ns, Reaching safepoint: 18584 ns, Cleanup: 12208 ns, At safepoint: 3584 ns, Total: 34376 ns
[2025-03-14T06:50:33.668+0000][1021][safepoint   ] Safepoint "Cleanup", Time since last: 1000175047 ns, Reaching safepoint: 70334 ns, Cleanup: 45042 ns, At safepoint: 5042 ns, Total: 120418 ns
[2025-03-14T06:50:34.668+0000][1021][safepoint   ] Safepoint "Cleanup", Time since last: 1000190937 ns, Reaching safepoint: 18209 ns, Cleanup: 40959 ns, At safepoint: 4500 ns, Total: 63668 ns
[2025-03-14T06:50:35.668+0000][1021][safepoint   ] Safepoint "Cleanup", Time since last: 1000096262 ns, Reaching safepoint: 7917 ns, Cleanup: 17709 ns, At safepoint: 5250 ns, Total: 30876 ns
[2025-03-14T06:50:36.669+0000][1021][safepoint   ] Safepoint "Cleanup", Time since last: 1000867782 ns, Reaching safepoint: 7333 ns, Cleanup: 35542 ns, At safepoint: 4959 ns, Total: 47834 ns
[2025-03-14T06:50:37.670+0000][1021][safepoint   ] Safepoint "Cleanup", Time since last: 1000939723 ns, Reaching safepoint: 19292 ns, Cleanup: 54209 ns, At safepoint: 9708 ns, Total: 83209 ns
[2025-03-14T06:50:38.672+0000][1021][safepoint   ] Safepoint "Cleanup", Time since last: 1001059714 ns, Reaching safepoint: 87542 ns, Cleanup: 60084 ns, At safepoint: 25209 ns, Total: 172835 ns
[2025-03-14T06:50:39.673+0000][1021][safepoint   ] Safepoint "Cleanup", Time since last: 1001366795 ns, Reaching safepoint: 41459 ns, Cleanup: 51750 ns, At safepoint: 8084 ns, Total: 101293 ns
[2025-03-14T06:50:40.674+0000][1021][safepoint   ] Safepoint "Cleanup", Time since last: 1000918323 ns, Reaching safepoint: 32959 ns, Cleanup: 55917 ns, At safepoint: 13334 ns, Total: 102210 ns
[2025-03-14T06:50:41.676+0000][1021][safepoint   ] Safepoint "Cleanup", Time since last: 1001289408 ns, Reaching safepoint: 35875 ns, Cleanup: 133626 ns, At safepoint: 9625 ns, Total: 179126 ns
[2025-03-14T06:50:42.676+0000][1021][safepoint   ] Safepoint "Cleanup", Time since last: 1000168102 ns, Reaching safepoint: 6375 ns, Cleanup: 61042 ns, At safepoint: 5000 ns, Total: 72417 ns
[2025-03-14T06:50:43.676+0000][1021][safepoint   ] Safepoint "Cleanup", Time since last: 1000518178 ns, Reaching safepoint: 16667 ns, Cleanup: 102501 ns, At safepoint: 29084 ns, Total: 148252 ns
[2025-03-14T06:50:45.677+0000][1021][safepoint   ] Safepoint "Cleanup", Time since last: 2000145957 ns, Reaching safepoint: 9792 ns, Cleanup: 83959 ns, At safepoint: 13542 ns, Total: 107293 ns
[2025-03-14T06:50:46.677+0000][1021][safepoint   ] Safepoint "Cleanup", Time since last: 1000092137 ns, Reaching safepoint: 27542 ns, Cleanup: 19375 ns, At safepoint: 4542 ns, Total: 51459 ns
[2025-03-14T06:50:47.677+0000][1021][safepoint   ] Safepoint "Cleanup", Time since last: 1000208630 ns, Reaching safepoint: 8500 ns, Cleanup: 22083 ns, At safepoint: 4875 ns, Total: 35458 ns
[2025-03-14T06:50:48.677+0000][1021][safepoint   ] Safepoint "Cleanup", Time since last: 1000103939 ns, Reaching safepoint: 10125 ns, Cleanup: 39209 ns, At safepoint: 5000 ns, Total: 54334 ns
[2025-03-14T06:50:49.677+0000][1021][safepoint   ] Safepoint "Cleanup", Time since last: 1000083481 ns, Reaching safepoint: 6500 ns, Cleanup: 100667 ns, At safepoint: 4209 ns, Total: 111376 ns
[2025-03-14T06:50:50.287+0000][1021][gc,start    ] GC(20) Pause Young (Mixed) (G1 Evacuation Pause)
[2025-03-14T06:50:50.287+0000][1021][gc,task     ] GC(20) Using 1 workers of 1 for evacuation
[2025-03-14T06:50:50.287+0000][1021][gc,age      ] GC(20) Desired survivor size 31457280 bytes, new threshold 15 (max threshold 15)
[2025-03-14T06:50:50.380+0000][1021][gc,phases   ] GC(20)   Pre Evacuate Collection Set: 0.56ms
[2025-03-14T06:50:50.380+0000][1021][gc,phases   ] GC(20)   Merge Heap Roots: 0.20ms
[2025-03-14T06:50:50.380+0000][1021][gc,phases   ] GC(20)   Evacuate Collection Set: 88.07ms
[2025-03-14T06:50:50.380+0000][1021][gc,phases   ] GC(20)   Post Evacuate Collection Set: 3.62ms
[2025-03-14T06:50:50.380+0000][1021][gc,phases   ] GC(20)   Other: 0.12ms
[2025-03-14T06:50:50.380+0000][1021][gc,age      ] GC(20) Age table with threshold 15 (max threshold 15)
[2025-03-14T06:50:50.380+0000][1021][gc,age      ] GC(20) - age   1:    8989408 bytes,    8989408 total
[2025-03-14T06:50:50.380+0000][1021][gc,age      ] GC(20) - age   2:    5456288 bytes,   14445696 total
[2025-03-14T06:50:50.380+0000][1021][gc,age      ] GC(20) - age   3:    6178264 bytes,   20623960 total
[2025-03-14T06:50:50.380+0000][1021][gc,heap     ] GC(20) Eden regions: 109->0(125)
[2025-03-14T06:50:50.380+0000][1021][gc,heap     ] GC(20) Survivor regions: 4->5(15)
[2025-03-14T06:50:50.380+0000][1021][gc,heap     ] GC(20) Old regions: 20->19
[2025-03-14T06:50:50.380+0000][1021][gc,heap     ] GC(20) Humongous regions: 5->5
[2025-03-14T06:50:50.380+0000][1021][gc,metaspace] GC(20) Metaspace: 114711K(117824K)->114711K(117824K) NonClass: 98700K(100416K)->98700K(100416K) Class: 16010K(17408K)->16010K(17408K)
[2025-03-14T06:50:50.380+0000][1021][gc          ] GC(20) Pause Young (Mixed) (G1 Evacuation Pause) 548M->114M(1952M) 92.721ms
[2025-03-14T06:50:50.380+0000][1021][gc,cpu      ] GC(20) User=0.09s Sys=0.00s Real=0.09s
[2025-03-14T06:50:50.382+0000][1021][safepoint   ] Safepoint "G1CollectForAllocation", Time since last: 609587497 ns, Reaching safepoint: 4125 ns, Cleanup: 14125 ns, At safepoint: 94655028 ns, Total: 94673278 ns
[2025-03-14T06:50:51.383+0000][1021][safepoint   ] Safepoint "Cleanup", Time since last: 1001003027 ns, Reaching safepoint: 6084 ns, Cleanup: 8500 ns, At safepoint: 38833 ns, Total: 53417 ns
[2025-03-14T06:50:52.383+0000][1021][safepoint   ] Safepoint "Cleanup", Time since last: 1000094375 ns, Reaching safepoint: 50876 ns, Cleanup: 131583 ns, At safepoint: 14542 ns, Total: 197001 ns
[2025-03-14T06:50:53.383+0000][1021][safepoint   ] Safepoint "Cleanup", Time since last: 1000147665 ns, Reaching safepoint: 17083 ns, Cleanup: 20208 ns, At safepoint: 5334 ns, Total: 42625 ns
[2025-03-14T06:50:55.383+0000][1021][safepoint   ] Safepoint "Cleanup", Time since last: 2000159018 ns, Reaching safepoint: 25791 ns, Cleanup: 27751 ns, At safepoint: 6291 ns, Total: 59833 ns
[2025-03-14T06:50:58.386+0000][1021][safepoint   ] Safepoint "Cleanup", Time since last: 3001890127 ns, Reaching safepoint: 38833 ns, Cleanup: 415251 ns, At safepoint: 19292 ns, Total: 473376 ns
[2025-03-14T06:50:59.387+0000][1021][safepoint   ] Safepoint "Cleanup", Time since last: 1001083584 ns, Reaching safepoint: 65291 ns, Cleanup: 97792 ns, At safepoint: 20542 ns, Total: 183625 ns
[2025-03-14T06:51:00.388+0000][1021][safepoint   ] Safepoint "Cleanup", Time since last: 1000512102 ns, Reaching safepoint: 33126 ns, Cleanup: 110667 ns, At safepoint: 12750 ns, Total: 156543 ns
[2025-03-14T06:51:01.389+0000][1021][safepoint   ] Safepoint "Cleanup", Time since last: 1001281304 ns, Reaching safepoint: 37625 ns, Cleanup: 89292 ns, At safepoint: 10333 ns, Total: 137250 ns
[2025-03-14T06:51:03.390+0000][1021][safepoint   ] Safepoint "Cleanup", Time since last: 2000614326 ns, Reaching safepoint: 8583 ns, Cleanup: 15667 ns, At safepoint: 4417 ns, Total: 28667 ns
[2025-03-14T06:51:04.390+0000][1021][safepoint   ] Safepoint "Cleanup", Time since last: 1000096003 ns, Reaching safepoint: 27041 ns, Cleanup: 66751 ns, At safepoint: 8166 ns, Total: 101958 ns
[2025-03-14T06:51:05.390+0000][1021][safepoint   ] Safepoint "Cleanup", Time since last: 1000098409 ns, Reaching safepoint: 9125 ns, Cleanup: 15042 ns, At safepoint: 5083 ns, Total: 29250 ns
[2025-03-14T06:51:06.390+0000][1021][safepoint   ] Safepoint "Cleanup", Time since last: 1000093449 ns, Reaching safepoint: 6709 ns, Cleanup: 24666 ns, At safepoint: 5792 ns, Total: 37167 ns
[2025-03-14T06:51:07.390+0000][1021][safepoint   ] Safepoint "Cleanup", Time since last: 1000089038 ns, Reaching safepoint: 8916 ns, Cleanup: 14209 ns, At safepoint: 5333 ns, Total: 28458 ns
[2025-03-14T06:51:08.391+0000][1021][safepoint   ] Safepoint "Cleanup", Time since last: 1000092885 ns, Reaching safepoint: 7250 ns, Cleanup: 15208 ns, At safepoint: 17333 ns, Total: 39791 ns
[2025-03-14T06:51:10.391+0000][1021][safepoint   ] Safepoint "Cleanup", Time since last: 2000215378 ns, Reaching safepoint: 43792 ns, Cleanup: 53334 ns, At safepoint: 13583 ns, Total: 110709 ns
[2025-03-14T06:51:11.391+0000][1021][safepoint   ] Safepoint "Cleanup", Time since last: 1000168964 ns, Reaching safepoint: 6834 ns, Cleanup: 8375 ns, At safepoint: 4708 ns, Total: 19917 ns
[2025-03-14T06:51:13.391+0000][1021][safepoint   ] Safepoint "Cleanup", Time since last: 2000165217 ns, Reaching safepoint: 80834 ns, Cleanup: 49625 ns, At safepoint: 5791 ns, Total: 136250 ns
[2025-03-14T06:51:16.393+0000][1021][safepoint   ] Safepoint "Cleanup", Time since last: 3001277540 ns, Reaching safepoint: 52334 ns, Cleanup: 481375 ns, At safepoint: 16208 ns, Total: 549917 ns
[2025-03-14T06:51:18.010+0000][1021][safepoint   ] Safepoint "Cleanup", Time since last: 1616732619 ns, Reaching safepoint: 29833 ns, Cleanup: 58542 ns, At safepoint: 11208 ns, Total: 99583 ns
[2025-03-14T06:51:19.011+0000][1021][safepoint   ] Safepoint "Cleanup", Time since last: 1000767762 ns, Reaching safepoint: 37708 ns, Cleanup: 48959 ns, At safepoint: 24833 ns, Total: 111500 ns
[2025-03-14T06:51:22.012+0000][1021][safepoint   ] Safepoint "Cleanup", Time since last: 3000814561 ns, Reaching safepoint: 22917 ns, Cleanup: 76669 ns, At safepoint: 7333 ns, Total: 106919 ns
[2025-03-14T06:51:23.012+0000][1021][safepoint   ] Safepoint "Cleanup", Time since last: 1000130799 ns, Reaching safepoint: 7333 ns, Cleanup: 7584 ns, At safepoint: 4917 ns, Total: 19834 ns
[2025-03-14T06:51:24.012+0000][1021][safepoint   ] Safepoint "Cleanup", Time since last: 1000096144 ns, Reaching safepoint: 12375 ns, Cleanup: 8792 ns, At safepoint: 5958 ns, Total: 27125 ns
[2025-03-14T06:51:25.012+0000][1021][safepoint   ] Safepoint "Cleanup", Time since last: 1000298141 ns, Reaching safepoint: 9209 ns, Cleanup: 7208 ns, At safepoint: 5584 ns, Total: 22001 ns
[2025-03-14T06:51:28.013+0000][1021][safepoint   ] Safepoint "Cleanup", Time since last: 3000218029 ns, Reaching safepoint: 19208 ns, Cleanup: 41668 ns, At safepoint: 4000 ns, Total: 64876 ns
[2025-03-14T06:51:31.014+0000][1021][safepoint   ] Safepoint "Cleanup", Time since last: 3001138409 ns, Reaching safepoint: 8125 ns, Cleanup: 7500 ns, At safepoint: 5250 ns, Total: 20875 ns
[2025-03-14T06:51:33.014+0000][1021][safepoint   ] Safepoint "Cleanup", Time since last: 2000147879 ns, Reaching safepoint: 6458 ns, Cleanup: 20376 ns, At safepoint: 4375 ns, Total: 31209 ns
[2025-03-14T06:51:34.015+0000][1021][safepoint   ] Safepoint "Cleanup", Time since last: 1001169795 ns, Reaching safepoint: 61376 ns, Cleanup: 98419 ns, At safepoint: 18833 ns, Total: 178628 ns
[2025-03-14T06:51:35.019+0000][1021][safepoint   ] Safepoint "Cleanup", Time since last: 1003339050 ns, Reaching safepoint: 10250 ns, Cleanup: 38168 ns, At safepoint: 7000 ns, Total: 55418 ns
[2025-03-14T06:51:36.019+0000][1021][safepoint   ] Safepoint "Cleanup", Time since last: 1000307270 ns, Reaching safepoint: 23209 ns, Cleanup: 21417 ns, At safepoint: 8625 ns, Total: 53251 ns
[2025-03-14T06:51:37.020+0000][1021][safepoint   ] Safepoint "Cleanup", Time since last: 1000264309 ns, Reaching safepoint: 39293 ns, Cleanup: 67209 ns, At safepoint: 14042 ns, Total: 120544 ns
[2025-03-14T06:51:38.021+0000][1021][safepoint   ] Safepoint "Cleanup", Time since last: 1001221753 ns, Reaching safepoint: 43459 ns, Cleanup: 26959 ns, At safepoint: 12125 ns, Total: 82543 ns
[2025-03-14T06:51:40.022+0000][1021][safepoint   ] Safepoint "Cleanup", Time since last: 2000708031 ns, Reaching safepoint: 4250 ns, Cleanup: 58084 ns, At safepoint: 4708 ns, Total: 67042 ns
[2025-03-14T06:51:41.022+0000][1021][safepoint   ] Safepoint "Cleanup", Time since last: 1000090728 ns, Reaching safepoint: 722428 ns, Cleanup: 29625 ns, At safepoint: 6542 ns, Total: 758595 ns
[2025-03-14T06:51:43.024+0000][1021][safepoint   ] Safepoint "Cleanup", Time since last: 2001843854 ns, Reaching safepoint: 19958 ns, Cleanup: 69835 ns, At safepoint: 5708 ns, Total: 95501 ns
[2025-03-14T06:51:45.025+0000][1021][safepoint   ] Safepoint "Cleanup", Time since last: 2000148646 ns, Reaching safepoint: 17541 ns, Cleanup: 9042 ns, At safepoint: 8250 ns, Total: 34833 ns
[2025-03-14T06:51:46.026+0000][1021][safepoint   ] Safepoint "Cleanup", Time since last: 1001406025 ns, Reaching safepoint: 5333 ns, Cleanup: 38917 ns, At safepoint: 5459 ns, Total: 49709 ns
[2025-03-14T06:51:49.026+0000][1021][safepoint   ] Safepoint "Cleanup", Time since last: 3000231008 ns, Reaching safepoint: 5750 ns, Cleanup: 13000 ns, At safepoint: 4458 ns, Total: 23208 ns
[2025-03-14T06:51:50.026+0000][1021][safepoint   ] Safepoint "Cleanup", Time since last: 1000087769 ns, Reaching safepoint: 5250 ns, Cleanup: 13167 ns, At safepoint: 4709 ns, Total: 23126 ns
[2025-03-14T06:51:51.026+0000][1021][safepoint   ] Safepoint "Cleanup", Time since last: 1000085265 ns, Reaching safepoint: 6126 ns, Cleanup: 9083 ns, At safepoint: 4500 ns, Total: 19709 ns
[2025-03-14T06:51:52.027+0000][1021][safepoint   ] Safepoint "Cleanup", Time since last: 1000086438 ns, Reaching safepoint: 6000 ns, Cleanup: 58876 ns, At safepoint: 4333 ns, Total: 69209 ns
[2025-03-14T06:51:53.027+0000][1021][safepoint   ] Safepoint "Cleanup", Time since last: 1000499374 ns, Reaching safepoint: 15875 ns, Cleanup: 37043 ns, At safepoint: 9916 ns, Total: 62834 ns
[2025-03-14T06:51:55.028+0000][1021][safepoint   ] Safepoint "Cleanup", Time since last: 2000406906 ns, Reaching safepoint: 89209 ns, Cleanup: 44334 ns, At safepoint: 8541 ns, Total: 142084 ns
[2025-03-14T06:51:58.028+0000][1021][safepoint   ] Safepoint "Cleanup", Time since last: 3000616261 ns, Reaching safepoint: 9417 ns, Cleanup: 55375 ns, At safepoint: 3709 ns, Total: 68501 ns
[2025-03-14T06:51:59.029+0000][1021][safepoint   ] Safepoint "Cleanup", Time since last: 1000265590 ns, Reaching safepoint: 5541 ns, Cleanup: 7917 ns, At safepoint: 4625 ns, Total: 18083 ns
[2025-03-14T06:52:00.029+0000][1021][safepoint   ] Safepoint "Cleanup", Time since last: 1000083700 ns, Reaching safepoint: 4625 ns, Cleanup: 7000 ns, At safepoint: 4459 ns, Total: 16084 ns
[2025-03-14T06:52:01.030+0000][1021][safepoint   ] Safepoint "Cleanup", Time since last: 1000882200 ns, Reaching safepoint: 5750 ns, Cleanup: 8584 ns, At safepoint: 4792 ns, Total: 19126 ns
[2025-03-14T06:52:02.031+0000][1021][safepoint   ] Safepoint "Cleanup", Time since last: 1000982660 ns, Reaching safepoint: 16375 ns, Cleanup: 29333 ns, At safepoint: 6042 ns, Total: 51750 ns
[2025-03-14T06:52:03.031+0000][1021][safepoint   ] Safepoint "Cleanup", Time since last: 1000096283 ns, Reaching safepoint: 6417 ns, Cleanup: 11709 ns, At safepoint: 4500 ns, Total: 22626 ns
[2025-03-14T06:52:04.031+0000][1021][safepoint   ] Safepoint "Cleanup", Time since last: 1000097880 ns, Reaching safepoint: 23958 ns, Cleanup: 40667 ns, At safepoint: 7458 ns, Total: 72083 ns
[2025-03-14T06:52:05.031+0000][1021][safepoint   ] Safepoint "Cleanup", Time since last: 1000097108 ns, Reaching safepoint: 6083 ns, Cleanup: 6834 ns, At safepoint: 5333 ns, Total: 18250 ns
[2025-03-14T06:52:06.031+0000][1021][safepoint   ] Safepoint "Cleanup", Time since last: 1000092674 ns, Reaching safepoint: 16750 ns, Cleanup: 21250 ns, At safepoint: 6000 ns, Total: 44000 ns
[2025-03-14T06:52:07.031+0000][1021][safepoint   ] Safepoint "Cleanup", Time since last: 1000118830 ns, Reaching safepoint: 6167 ns, Cleanup: 9750 ns, At safepoint: 3417 ns, Total: 19334 ns
[2025-03-14T06:52:08.032+0000][1021][safepoint   ] Safepoint "Cleanup", Time since last: 1000091282 ns, Reaching safepoint: 5917 ns, Cleanup: 15542 ns, At safepoint: 5417 ns, Total: 26876 ns
[2025-03-14T06:52:10.032+0000][1021][safepoint   ] Safepoint "Cleanup", Time since last: 2000147987 ns, Reaching safepoint: 6792 ns, Cleanup: 30625 ns, At safepoint: 4667 ns, Total: 42084 ns
[2025-03-14T06:52:13.032+0000][1021][safepoint   ] Safepoint "Cleanup", Time since last: 3000460823 ns, Reaching safepoint: 60583 ns, Cleanup: 147168 ns, At safepoint: 34459 ns, Total: 242210 ns
[2025-03-14T06:52:16.033+0000][1021][safepoint   ] Safepoint "Cleanup", Time since last: 3000555752 ns, Reaching safepoint: 27666 ns, Cleanup: 41126 ns, At safepoint: 9833 ns, Total: 78625 ns
[2025-03-14T06:52:18.065+0000][1021][safepoint   ] Safepoint "Cleanup", Time since last: 2031573787 ns, Reaching safepoint: 5833 ns, Cleanup: 10000 ns, At safepoint: 4834 ns, Total: 20667 ns
[2025-03-14T06:52:19.065+0000][1021][safepoint   ] Safepoint "Cleanup", Time since last: 1000122790 ns, Reaching safepoint: 16000 ns, Cleanup: 84293 ns, At safepoint: 10458 ns, Total: 110751 ns
[2025-03-14T06:52:20.065+0000][1021][safepoint   ] Safepoint "Cleanup", Time since last: 1000139965 ns, Reaching safepoint: 6250 ns, Cleanup: 9417 ns, At safepoint: 4625 ns, Total: 20292 ns
[2025-03-14T06:52:22.065+0000][1021][safepoint   ] Safepoint "Cleanup", Time since last: 2000151800 ns, Reaching safepoint: 9458 ns, Cleanup: 14750 ns, At safepoint: 5542 ns, Total: 29750 ns
[2025-03-14T06:52:24.066+0000][1021][safepoint   ] Safepoint "Cleanup", Time since last: 2000169956 ns, Reaching safepoint: 77751 ns, Cleanup: 24583 ns, At safepoint: 5667 ns, Total: 108001 ns
[2025-03-14T06:52:25.066+0000][1021][safepoint   ] Safepoint "Cleanup", Time since last: 1000173431 ns, Reaching safepoint: 8042 ns, Cleanup: 20750 ns, At safepoint: 5666 ns, Total: 34458 ns
[2025-03-14T06:52:28.067+0000][1021][safepoint   ] Safepoint "Cleanup", Time since last: 3001090476 ns, Reaching safepoint: 5959 ns, Cleanup: 26708 ns, At safepoint: 4125 ns, Total: 36792 ns
[2025-03-14T06:52:29.068+0000][1021][safepoint   ] Safepoint "Cleanup", Time since last: 1000845940 ns, Reaching safepoint: 6083 ns, Cleanup: 9417 ns, At safepoint: 4375 ns, Total: 19875 ns
[2025-03-14T06:52:31.069+0000][1021][safepoint   ] Safepoint "Cleanup", Time since last: 2001445832 ns, Reaching safepoint: 40000 ns, Cleanup: 123709 ns, At safepoint: 12584 ns, Total: 176293 ns
[2025-03-14T06:52:33.071+0000][1021][safepoint   ] Safepoint "Cleanup", Time since last: 2001932555 ns, Reaching safepoint: 41001 ns, Cleanup: 39500 ns, At safepoint: 21125 ns, Total: 101626 ns
[2025-03-14T06:52:34.072+0000][1021][safepoint   ] Safepoint "Cleanup", Time since last: 1000760204 ns, Reaching safepoint: 34625 ns, Cleanup: 70334 ns, At safepoint: 18708 ns, Total: 123667 ns
[2025-03-14T06:52:35.073+0000][1021][safepoint   ] Safepoint "Cleanup", Time since last: 1000693964 ns, Reaching safepoint: 21333 ns, Cleanup: 9417 ns, At safepoint: 5083 ns, Total: 35833 ns
[2025-03-14T06:52:36.074+0000][1021][safepoint   ] Safepoint "Cleanup", Time since last: 1000700976 ns, Reaching safepoint: 5250 ns, Cleanup: 18209 ns, At safepoint: 3917 ns, Total: 27376 ns
[2025-03-14T06:52:37.075+0000][1021][safepoint   ] Safepoint "Cleanup", Time since last: 1001007909 ns, Reaching safepoint: 5625 ns, Cleanup: 84500 ns, At safepoint: 2542 ns, Total: 92667 ns
[2025-03-14T06:52:38.075+0000][1021][safepoint   ] Safepoint "Cleanup", Time since last: 1000087672 ns, Reaching safepoint: 6875 ns, Cleanup: 9833 ns, At safepoint: 3250 ns, Total: 19958 ns
[2025-03-14T06:52:39.075+0000][1021][safepoint   ] Safepoint "Cleanup", Time since last: 1000087358 ns, Reaching safepoint: 5833 ns, Cleanup: 8292 ns, At safepoint: 2875 ns, Total: 17000 ns
[2025-03-14T06:52:40.075+0000][1021][safepoint   ] Safepoint "Cleanup", Time since last: 1000088337 ns, Reaching safepoint: 5917 ns, Cleanup: 12041 ns, At safepoint: 3417 ns, Total: 21375 ns
[2025-03-14T06:52:43.075+0000][1021][safepoint   ] Safepoint "Cleanup", Time since last: 3000215699 ns, Reaching safepoint: 24417 ns, Cleanup: 63708 ns, At safepoint: 6375 ns, Total: 94500 ns
[2025-03-14T06:52:44.076+0000][1021][safepoint   ] Safepoint "Cleanup", Time since last: 1000127274 ns, Reaching safepoint: 7042 ns, Cleanup: 10625 ns, At safepoint: 4708 ns, Total: 22375 ns
[2025-03-14T06:52:46.076+0000][1021][safepoint   ] Safepoint "Cleanup", Time since last: 2000157182 ns, Reaching safepoint: 8333 ns, Cleanup: 26542 ns, At safepoint: 5250 ns, Total: 40125 ns
[2025-03-14T06:52:48.077+0000][1021][safepoint   ] Safepoint "Cleanup", Time since last: 2000758986 ns, Reaching safepoint: 46125 ns, Cleanup: 62917 ns, At safepoint: 40250 ns, Total: 149292 ns
[2025-03-14T06:52:49.077+0000][1021][safepoint   ] Safepoint "Cleanup", Time since last: 1000476318 ns, Reaching safepoint: 98792 ns, Cleanup: 151959 ns, At safepoint: 17917 ns, Total: 268668 ns
[2025-03-14T06:52:50.078+0000][1021][safepoint   ] Safepoint "Cleanup", Time since last: 1000833441 ns, Reaching safepoint: 34791 ns, Cleanup: 49126 ns, At safepoint: 11708 ns, Total: 95625 ns
[2025-03-14T06:52:52.079+0000][1021][safepoint   ] Safepoint "Cleanup", Time since last: 2000989623 ns, Reaching safepoint: 12250 ns, Cleanup: 18084 ns, At safepoint: 5292 ns, Total: 35626 ns
[2025-03-14T06:52:53.080+0000][1021][safepoint   ] Safepoint "Cleanup", Time since last: 1000111893 ns, Reaching safepoint: 5917 ns, Cleanup: 12958 ns, At safepoint: 2917 ns, Total: 21792 ns
[2025-03-14T06:52:55.080+0000][1021][safepoint   ] Safepoint "Cleanup", Time since last: 2000748295 ns, Reaching safepoint: 6625 ns, Cleanup: 59667 ns, At safepoint: 3459 ns, Total: 69751 ns
[2025-03-14T06:52:56.080+0000][1021][safepoint   ] Safepoint "Cleanup", Time since last: 1000088486 ns, Reaching safepoint: 7291 ns, Cleanup: 12417 ns, At safepoint: 3917 ns, Total: 23625 ns
[2025-03-14T06:52:57.842+0000][1021][gc,start    ] GC(21) Pause Young (Normal) (G1 Evacuation Pause)
[2025-03-14T06:52:57.843+0000][1021][gc,task     ] GC(21) Using 1 workers of 1 for evacuation
[2025-03-14T06:52:57.843+0000][1021][gc,age      ] GC(21) Desired survivor size 33554432 bytes, new threshold 15 (max threshold 15)
[2025-03-14T06:52:57.894+0000][1021][gc,phases   ] GC(21)   Pre Evacuate Collection Set: 0.48ms
[2025-03-14T06:52:57.894+0000][1021][gc,phases   ] GC(21)   Merge Heap Roots: 0.10ms
[2025-03-14T06:52:57.894+0000][1021][gc,phases   ] GC(21)   Evacuate Collection Set: 48.57ms
[2025-03-14T06:52:57.894+0000][1021][gc,phases   ] GC(21)   Post Evacuate Collection Set: 1.96ms
[2025-03-14T06:52:57.894+0000][1021][gc,phases   ] GC(21)   Other: 0.11ms
[2025-03-14T06:52:57.894+0000][1021][gc,age      ] GC(21) Age table with threshold 15 (max threshold 15)
[2025-03-14T06:52:57.894+0000][1021][gc,age      ] GC(21) - age   1:     943928 bytes,     943928 total
[2025-03-14T06:52:57.894+0000][1021][gc,age      ] GC(21) - age   2:    8198664 bytes,    9142592 total
[2025-03-14T06:52:57.894+0000][1021][gc,age      ] GC(21) - age   3:    5455448 bytes,   14598040 total
[2025-03-14T06:52:57.894+0000][1021][gc,age      ] GC(21) - age   4:    6178264 bytes,   20776304 total
[2025-03-14T06:52:57.894+0000][1021][gc,heap     ] GC(21) Eden regions: 117->0(287)
[2025-03-14T06:52:57.894+0000][1021][gc,heap     ] GC(21) Survivor regions: 5->5(16)
[2025-03-14T06:52:57.894+0000][1021][gc,heap     ] GC(21) Old regions: 19->19
[2025-03-14T06:52:57.894+0000][1021][gc,heap     ] GC(21) Humongous regions: 5->5
[2025-03-14T06:52:57.894+0000][1021][gc,metaspace] GC(21) Metaspace: 115997K(119104K)->115997K(119104K) NonClass: 99986K(101696K)->99986K(101696K) Class: 16010K(17408K)->16010K(17408K)
[2025-03-14T06:52:57.894+0000][1021][gc          ] GC(21) Pause Young (Normal) (G1 Evacuation Pause) 582M->114M(1952M) 51.339ms
[2025-03-14T06:52:57.894+0000][1021][gc,cpu      ] GC(21) User=0.05s Sys=0.00s Real=0.05s
[2025-03-14T06:52:57.895+0000][1021][safepoint   ] Safepoint "G1CollectForAllocation", Time since last: 1761847651 ns, Reaching safepoint: 4709 ns, Cleanup: 16500 ns, At safepoint: 52365286 ns, Total: 52386495 ns
[2025-03-14T06:53:00.896+0000][1021][safepoint   ] Safepoint "Cleanup", Time since last: 3001107398 ns, Reaching safepoint: 7250 ns, Cleanup: 21958 ns, At safepoint: 5084 ns, Total: 34292 ns
[2025-03-14T06:53:02.896+0000][1021][safepoint   ] Safepoint "Cleanup", Time since last: 2000151134 ns, Reaching safepoint: 7708 ns, Cleanup: 9500 ns, At safepoint: 4625 ns, Total: 21833 ns
[2025-03-14T06:53:03.896+0000][1021][safepoint   ] Safepoint "Cleanup", Time since last: 1000092939 ns, Reaching safepoint: 18167 ns, Cleanup: 22584 ns, At safepoint: 5916 ns, Total: 46667 ns
[2025-03-14T06:53:05.897+0000][1021][safepoint   ] Safepoint "Cleanup", Time since last: 2001228049 ns, Reaching safepoint: 55000 ns, Cleanup: 18917 ns, At safepoint: 7833 ns, Total: 81750 ns
[2025-03-14T06:53:06.554+0000][1021][gc,start    ] GC(22) Pause Young (Concurrent Start) (CodeCache GC Threshold)
[2025-03-14T06:53:06.554+0000][1021][gc,task     ] GC(22) Using 1 workers of 1 for evacuation
[2025-03-14T06:53:06.554+0000][1021][gc,age      ] GC(22) Desired survivor size 77594624 bytes, new threshold 15 (max threshold 15)
[2025-03-14T06:53:06.584+0000][1021][gc,phases   ] GC(22)   Pre Evacuate Collection Set: 0.13ms
[2025-03-14T06:53:06.584+0000][1021][gc,phases   ] GC(22)   Merge Heap Roots: 0.04ms
[2025-03-14T06:53:06.584+0000][1021][gc,phases   ] GC(22)   Evacuate Collection Set: 28.96ms
[2025-03-14T06:53:06.584+0000][1021][gc,phases   ] GC(22)   Post Evacuate Collection Set: 1.07ms
[2025-03-14T06:53:06.584+0000][1021][gc,phases   ] GC(22)   Other: 0.05ms
[2025-03-14T06:53:06.584+0000][1021][gc,age      ] GC(22) Age table with threshold 15 (max threshold 15)
[2025-03-14T06:53:06.584+0000][1021][gc,age      ] GC(22) - age   1:     552136 bytes,     552136 total
[2025-03-14T06:53:06.584+0000][1021][gc,age      ] GC(22) - age   2:     426144 bytes,     978280 total
[2025-03-14T06:53:06.584+0000][1021][gc,age      ] GC(22) - age   3:    8198568 bytes,    9176848 total
[2025-03-14T06:53:06.584+0000][1021][gc,age      ] GC(22) - age   4:    5455448 bytes,   14632296 total
[2025-03-14T06:53:06.584+0000][1021][gc,age      ] GC(22) - age   5:    6178264 bytes,   20810560 total
[2025-03-14T06:53:06.584+0000][1021][gc,heap     ] GC(22) Eden regions: 9->0(287)
[2025-03-14T06:53:06.584+0000][1021][gc,heap     ] GC(22) Survivor regions: 5->5(37)
[2025-03-14T06:53:06.584+0000][1021][gc,heap     ] GC(22) Old regions: 19->19
[2025-03-14T06:53:06.584+0000][1021][gc,heap     ] GC(22) Humongous regions: 5->5
[2025-03-14T06:53:06.584+0000][1021][gc,metaspace] GC(22) Metaspace: 116073K(119168K)->116073K(119168K) NonClass: 100060K(101760K)->100060K(101760K) Class: 16012K(17408K)->16012K(17408K)
[2025-03-14T06:53:06.584+0000][1021][gc          ] GC(22) Pause Young (Concurrent Start) (CodeCache GC Threshold) 149M->114M(1952M) 30.323ms
[2025-03-14T06:53:06.584+0000][1021][gc,cpu      ] GC(22) User=0.03s Sys=0.00s Real=0.03s
[2025-03-14T06:53:06.584+0000][1021][gc          ] GC(23) Concurrent Mark Cycle
[2025-03-14T06:53:06.584+0000][1021][gc,marking  ] GC(23) Concurrent Scan Root Regions
[2025-03-14T06:53:06.586+0000][1021][safepoint   ] Safepoint "G1TryInitiateConcMark", Time since last: 656298201 ns, Reaching safepoint: 3751 ns, Cleanup: 25958 ns, At safepoint: 31891115 ns, Total: 31920824 ns
[2025-03-14T06:53:06.598+0000][1021][gc,marking  ] GC(23) Concurrent Scan Root Regions 13.902ms
[2025-03-14T06:53:06.598+0000][1021][gc,marking  ] GC(23) Concurrent Mark
[2025-03-14T06:53:06.598+0000][1021][gc,marking  ] GC(23) Concurrent Mark From Roots
[2025-03-14T06:53:06.598+0000][1021][gc,task     ] GC(23) Using 1 workers of 1 for marking
[2025-03-14T06:53:06.719+0000][1021][gc,marking  ] GC(23) Concurrent Mark From Roots 121.206ms
[2025-03-14T06:53:06.719+0000][1021][gc,marking  ] GC(23) Concurrent Preclean
[2025-03-14T06:53:06.719+0000][1021][gc,marking  ] GC(23) Concurrent Preclean 0.126ms
[2025-03-14T06:53:06.720+0000][1021][gc,start    ] GC(23) Pause Remark
[2025-03-14T06:53:06.757+0000][1021][gc          ] GC(23) Pause Remark 118M->118M(1952M) 37.000ms
[2025-03-14T06:53:06.757+0000][1021][gc,cpu      ] GC(23) User=0.04s Sys=0.00s Real=0.04s
[2025-03-14T06:53:06.757+0000][1021][safepoint   ] Safepoint "G1PauseRemark", Time since last: 133781524 ns, Reaching safepoint: 9083 ns, Cleanup: 11917 ns, At safepoint: 37081133 ns, Total: 37102133 ns
[2025-03-14T06:53:06.757+0000][1021][gc,marking  ] GC(23) Concurrent Mark 158.484ms
[2025-03-14T06:53:06.757+0000][1021][gc,marking  ] GC(23) Concurrent Rebuild Remembered Sets and Scrub Regions
[2025-03-14T06:53:06.780+0000][1021][gc,marking  ] GC(23) Concurrent Rebuild Remembered Sets and Scrub Regions 23.423ms
[2025-03-14T06:53:06.780+0000][1021][gc,start    ] GC(23) Pause Cleanup
[2025-03-14T06:53:06.780+0000][1021][gc          ] GC(23) Pause Cleanup 118M->118M(1952M) 0.016ms
[2025-03-14T06:53:06.780+0000][1021][gc,cpu      ] GC(23) User=0.00s Sys=0.00s Real=0.00s
[2025-03-14T06:53:06.780+0000][1021][safepoint   ] Safepoint "G1PauseCleanup", Time since last: 23453335 ns, Reaching safepoint: 2917 ns, Cleanup: 15708 ns, At safepoint: 27292 ns, Total: 45917 ns
[2025-03-14T06:53:06.780+0000][1021][gc,marking  ] GC(23) Concurrent Clear Claimed Marks
[2025-03-14T06:53:06.780+0000][1021][gc,marking  ] GC(23) Concurrent Clear Claimed Marks 0.071ms
[2025-03-14T06:53:06.780+0000][1021][gc,marking  ] GC(23) Concurrent Cleanup for Next Mark
[2025-03-14T06:53:06.793+0000][1021][gc,marking  ] GC(23) Concurrent Cleanup for Next Mark 12.514ms
[2025-03-14T06:53:06.793+0000][1021][gc          ] GC(23) Concurrent Mark Cycle 208.556ms
[2025-03-14T06:53:07.781+0000][1021][safepoint   ] Safepoint "Cleanup", Time since last: 1001080088 ns, Reaching safepoint: 81167 ns, Cleanup: 57333 ns, At safepoint: 45250 ns, Total: 183750 ns
[2025-03-14T06:53:09.783+0000][1021][safepoint   ] Safepoint "Cleanup", Time since last: 2001137223 ns, Reaching safepoint: 10417 ns, Cleanup: 60500 ns, At safepoint: 8625 ns, Total: 79542 ns
[2025-03-14T06:53:10.783+0000][1021][safepoint   ] Safepoint "Cleanup", Time since last: 1000109762 ns, Reaching safepoint: 12417 ns, Cleanup: 56000 ns, At safepoint: 12167 ns, Total: 80584 ns
[2025-03-14T06:53:12.783+0000][1021][safepoint   ] Safepoint "Cleanup", Time since last: 2000175456 ns, Reaching safepoint: 4500 ns, Cleanup: 44833 ns, At safepoint: 4458 ns, Total: 53791 ns
[2025-03-14T06:53:13.783+0000][1021][safepoint   ] Safepoint "Cleanup", Time since last: 1000148946 ns, Reaching safepoint: 6292 ns, Cleanup: 23542 ns, At safepoint: 4750 ns, Total: 34584 ns
[2025-03-14T06:53:15.784+0000][1021][safepoint   ] Safepoint "Cleanup", Time since last: 2000544831 ns, Reaching safepoint: 25417 ns, Cleanup: 15416 ns, At safepoint: 5959 ns, Total: 46792 ns
[2025-03-14T06:53:19.121+0000][1021][safepoint   ] Safepoint "Cleanup", Time since last: 3337535268 ns, Reaching safepoint: 14417 ns, Cleanup: 22125 ns, At safepoint: 4583 ns, Total: 41125 ns
[2025-03-14T06:53:22.122+0000][1021][safepoint   ] Safepoint "Cleanup", Time since last: 3000222050 ns, Reaching safepoint: 8500 ns, Cleanup: 25917 ns, At safepoint: 8583 ns, Total: 43000 ns
[2025-03-14T06:53:25.122+0000][1021][safepoint   ] Safepoint "Cleanup", Time since last: 3000523408 ns, Reaching safepoint: 34875 ns, Cleanup: 34167 ns, At safepoint: 7542 ns, Total: 76584 ns
[2025-03-14T06:53:28.124+0000][1021][safepoint   ] Safepoint "Cleanup", Time since last: 3001708698 ns, Reaching safepoint: 93376 ns, Cleanup: 97083 ns, At safepoint: 23917 ns, Total: 214376 ns
[2025-03-14T06:53:30.125+0000][1021][safepoint   ] Safepoint "Cleanup", Time since last: 2001137773 ns, Reaching safepoint: 6417 ns, Cleanup: 12791 ns, At safepoint: 3584 ns, Total: 22792 ns
[2025-03-14T06:53:31.125+0000][1021][safepoint   ] Safepoint "Cleanup", Time since last: 1000091510 ns, Reaching safepoint: 5875 ns, Cleanup: 77295 ns, At safepoint: 5958 ns, Total: 89128 ns
[2025-03-14T06:53:32.126+0000][1021][safepoint   ] Safepoint "Cleanup", Time since last: 1000508147 ns, Reaching safepoint: 17292 ns, Cleanup: 11584 ns, At safepoint: 6333 ns, Total: 35209 ns
[2025-03-14T06:53:33.126+0000][1021][safepoint   ] Safepoint "Cleanup", Time since last: 1000088473 ns, Reaching safepoint: 9834 ns, Cleanup: 14000 ns, At safepoint: 16501 ns, Total: 40335 ns
[2025-03-14T06:53:34.126+0000][1021][safepoint   ] Safepoint "Cleanup", Time since last: 1000102741 ns, Reaching safepoint: 7542 ns, Cleanup: 18292 ns, At safepoint: 5167 ns, Total: 31001 ns
[2025-03-14T06:53:37.128+0000][1021][safepoint   ] Safepoint "Cleanup", Time since last: 3001563710 ns, Reaching safepoint: 7292 ns, Cleanup: 20167 ns, At safepoint: 5084 ns, Total: 32543 ns
[2025-03-14T06:53:38.128+0000][1021][safepoint   ] Safepoint "Cleanup", Time since last: 1000092059 ns, Reaching safepoint: 6917 ns, Cleanup: 16459 ns, At safepoint: 5042 ns, Total: 28418 ns
[2025-03-14T06:53:40.128+0000][1021][safepoint   ] Safepoint "Cleanup", Time since last: 2000153215 ns, Reaching safepoint: 33626 ns, Cleanup: 22543 ns, At safepoint: 10333 ns, Total: 66502 ns
[2025-03-14T06:53:43.129+0000][1021][safepoint   ] Safepoint "Cleanup", Time since last: 3000246970 ns, Reaching safepoint: 7459 ns, Cleanup: 52002 ns, At safepoint: 5417 ns, Total: 64878 ns
[2025-03-14T06:53:45.129+0000][1021][safepoint   ] Safepoint "Cleanup", Time since last: 2000684403 ns, Reaching safepoint: 77545 ns, Cleanup: 72252 ns, At safepoint: 29418 ns, Total: 179215 ns
[2025-03-14T06:53:46.130+0000][1021][safepoint   ] Safepoint "Cleanup", Time since last: 1000833044 ns, Reaching safepoint: 14209 ns, Cleanup: 58419 ns, At safepoint: 16542 ns, Total: 89170 ns
[2025-03-14T06:53:49.133+0000][1021][safepoint   ] Safepoint "Cleanup", Time since last: 3002209962 ns, Reaching safepoint: 19251 ns, Cleanup: 85044 ns, At safepoint: 15250 ns, Total: 119545 ns
[2025-03-14T06:53:52.134+0000][1021][safepoint   ] Safepoint "Cleanup", Time since last: 3001072920 ns, Reaching safepoint: 22542 ns, Cleanup: 24751 ns, At safepoint: 4792 ns, Total: 52085 ns
[2025-03-14T06:53:53.135+0000][1021][safepoint   ] Safepoint "Cleanup", Time since last: 1000950734 ns, Reaching safepoint: 6417 ns, Cleanup: 12250 ns, At safepoint: 4959 ns, Total: 23626 ns
[2025-03-14T06:53:55.135+0000][1021][safepoint   ] Safepoint "Cleanup", Time since last: 2000140856 ns, Reaching safepoint: 4417 ns, Cleanup: 35668 ns, At safepoint: 3666 ns, Total: 43751 ns
[2025-03-14T06:53:58.136+0000][1021][safepoint   ] Safepoint "Cleanup", Time since last: 3000785374 ns, Reaching safepoint: 20084 ns, Cleanup: 40001 ns, At safepoint: 7583 ns, Total: 67668 ns
[2025-03-14T06:53:59.136+0000][1021][safepoint   ] Safepoint "Cleanup", Time since last: 1000083419 ns, Reaching safepoint: 17584 ns, Cleanup: 10126 ns, At safepoint: 6000 ns, Total: 33710 ns
[2025-03-14T06:54:00.136+0000][1021][safepoint   ] Safepoint "Cleanup", Time since last: 1000086446 ns, Reaching safepoint: 5625 ns, Cleanup: 9959 ns, At safepoint: 5459 ns, Total: 21043 ns
[2025-03-14T06:54:01.137+0000][1021][safepoint   ] Safepoint "Cleanup", Time since last: 1000083270 ns, Reaching safepoint: 626518 ns, Cleanup: 13459 ns, At safepoint: 5917 ns, Total: 645894 ns
[2025-03-14T06:54:05.139+0000][1021][safepoint   ] Safepoint "Cleanup", Time since last: 4001561385 ns, Reaching safepoint: 187922 ns, Cleanup: 30375 ns, At safepoint: 15251 ns, Total: 233548 ns
[2025-03-14T06:54:06.139+0000][1021][safepoint   ] Safepoint "Cleanup", Time since last: 1000735075 ns, Reaching safepoint: 5959 ns, Cleanup: 8833 ns, At safepoint: 4625 ns, Total: 19417 ns
[2025-03-14T06:54:07.140+0000][1021][safepoint   ] Safepoint "Cleanup", Time since last: 1000326916 ns, Reaching safepoint: 17709 ns, Cleanup: 53960 ns, At safepoint: 6708 ns, Total: 78377 ns
[2025-03-14T06:54:08.140+0000][1021][safepoint   ] Safepoint "Cleanup", Time since last: 1000633910 ns, Reaching safepoint: 15958 ns, Cleanup: 49918 ns, At safepoint: 7584 ns, Total: 73460 ns
[2025-03-14T06:54:09.141+0000][1021][safepoint   ] Safepoint "Cleanup", Time since last: 1000115427 ns, Reaching safepoint: 12209 ns, Cleanup: 31042 ns, At safepoint: 8375 ns, Total: 51626 ns
[2025-03-14T06:54:10.141+0000][1021][safepoint   ] Safepoint "Cleanup", Time since last: 1000435430 ns, Reaching safepoint: 7459 ns, Cleanup: 22584 ns, At safepoint: 4292 ns, Total: 34335 ns
[2025-03-14T06:54:11.142+0000][1021][safepoint   ] Safepoint "Cleanup", Time since last: 1000683018 ns, Reaching safepoint: 7167 ns, Cleanup: 9584 ns, At safepoint: 4417 ns, Total: 21168 ns
[2025-03-14T06:54:13.143+0000][1021][safepoint   ] Safepoint "Cleanup", Time since last: 2000866540 ns, Reaching safepoint: 68752 ns, Cleanup: 73376 ns, At safepoint: 5542 ns, Total: 147670 ns
[2025-03-14T06:54:15.143+0000][1021][safepoint   ] Safepoint "Cleanup", Time since last: 2000228951 ns, Reaching safepoint: 6750 ns, Cleanup: 14417 ns, At safepoint: 4583 ns, Total: 25750 ns
[2025-03-14T06:54:16.143+0000][1021][safepoint   ] Safepoint "Cleanup", Time since last: 1000098901 ns, Reaching safepoint: 12209 ns, Cleanup: 27000 ns, At safepoint: 6250 ns, Total: 45459 ns
[2025-03-14T06:54:19.178+0000][1021][safepoint   ] Safepoint "Cleanup", Time since last: 3034571664 ns, Reaching safepoint: 15125 ns, Cleanup: 44835 ns, At safepoint: 10125 ns, Total: 70085 ns
[2025-03-14T06:54:20.178+0000][1021][safepoint   ] Safepoint "Cleanup", Time since last: 1000184688 ns, Reaching safepoint: 7417 ns, Cleanup: 17209 ns, At safepoint: 4917 ns, Total: 29543 ns
[2025-03-14T06:54:22.179+0000][1021][safepoint   ] Safepoint "Cleanup", Time since last: 2000594220 ns, Reaching safepoint: 77960 ns, Cleanup: 42709 ns, At safepoint: 5834 ns, Total: 126503 ns
[2025-03-14T06:54:23.179+0000][1021][safepoint   ] Safepoint "Cleanup", Time since last: 1000345787 ns, Reaching safepoint: 26668 ns, Cleanup: 18792 ns, At safepoint: 6208 ns, Total: 51668 ns
[2025-03-14T06:54:24.180+0000][1021][safepoint   ] Safepoint "Cleanup", Time since last: 1001050483 ns, Reaching safepoint: 29084 ns, Cleanup: 31459 ns, At safepoint: 18250 ns, Total: 78793 ns
[2025-03-14T06:54:25.181+0000][1021][safepoint   ] Safepoint "Cleanup", Time since last: 1000951287 ns, Reaching safepoint: 20209 ns, Cleanup: 148253 ns, At safepoint: 12209 ns, Total: 180671 ns
[2025-03-14T06:54:26.183+0000][1021][safepoint   ] Safepoint "Cleanup", Time since last: 1001279105 ns, Reaching safepoint: 97919 ns, Cleanup: 84044 ns, At safepoint: 18458 ns, Total: 200421 ns
[2025-03-14T06:54:28.185+0000][1021][safepoint   ] Safepoint "Cleanup", Time since last: 2001861598 ns, Reaching safepoint: 15667 ns, Cleanup: 23042 ns, At safepoint: 8625 ns, Total: 47334 ns
[2025-03-14T06:54:29.186+0000][1021][safepoint   ] Safepoint "Cleanup", Time since last: 1000956093 ns, Reaching safepoint: 35459 ns, Cleanup: 153170 ns, At safepoint: 33584 ns, Total: 222213 ns
[2025-03-14T06:54:30.187+0000][1021][safepoint   ] Safepoint "Cleanup", Time since last: 1000775163 ns, Reaching safepoint: 9791 ns, Cleanup: 11376 ns, At safepoint: 5750 ns, Total: 26917 ns
[2025-03-14T06:54:31.187+0000][1021][safepoint   ] Safepoint "Cleanup", Time since last: 1000102519 ns, Reaching safepoint: 13917 ns, Cleanup: 33084 ns, At safepoint: 6417 ns, Total: 53418 ns
[2025-03-14T06:54:32.187+0000][1021][safepoint   ] Safepoint "Cleanup", Time since last: 1000099350 ns, Reaching safepoint: 14084 ns, Cleanup: 10458 ns, At safepoint: 5500 ns, Total: 30042 ns
[2025-03-14T06:54:33.187+0000][1021][safepoint   ] Safepoint "Cleanup", Time since last: 1000096978 ns, Reaching safepoint: 29250 ns, Cleanup: 13126 ns, At safepoint: 6375 ns, Total: 48751 ns
[2025-03-14T06:54:34.187+0000][1021][safepoint   ] Safepoint "Cleanup", Time since last: 1000130441 ns, Reaching safepoint: 38251 ns, Cleanup: 41126 ns, At safepoint: 6583 ns, Total: 85960 ns
[2025-03-14T06:54:35.188+0000][1021][safepoint   ] Safepoint "Cleanup", Time since last: 1000127325 ns, Reaching safepoint: 19125 ns, Cleanup: 43751 ns, At safepoint: 7458 ns, Total: 70334 ns
[2025-03-14T06:54:36.188+0000][1021][safepoint   ] Safepoint "Cleanup", Time since last: 1000099336 ns, Reaching safepoint: 12292 ns, Cleanup: 12625 ns, At safepoint: 4750 ns, Total: 29667 ns
[2025-03-14T06:54:37.188+0000][1021][safepoint   ] Safepoint "Cleanup", Time since last: 1000093599 ns, Reaching safepoint: 7084 ns, Cleanup: 23042 ns, At safepoint: 8917 ns, Total: 39043 ns
[2025-03-14T06:54:38.188+0000][1021][safepoint   ] Safepoint "Cleanup", Time since last: 1000093783 ns, Reaching safepoint: 8001 ns, Cleanup: 15875 ns, At safepoint: 5917 ns, Total: 29793 ns
[2025-03-14T06:54:39.188+0000][1021][safepoint   ] Safepoint "Cleanup", Time since last: 1000094470 ns, Reaching safepoint: 9834 ns, Cleanup: 14084 ns, At safepoint: 6208 ns, Total: 30126 ns
[2025-03-14T06:54:40.188+0000][1021][safepoint   ] Safepoint "Cleanup", Time since last: 1000096578 ns, Reaching safepoint: 7875 ns, Cleanup: 11042 ns, At safepoint: 5250 ns, Total: 24167 ns
[2025-03-14T06:54:42.637+0000][1021][safepoint   ] Safepoint "Cleanup", Time since last: 2448741731 ns, Reaching safepoint: 13250 ns, Cleanup: 52960 ns, At safepoint: 7000 ns, Total: 73210 ns
[2025-03-14T06:54:42.762+0000][1021][safepoint   ] Safepoint "ICBufferFull", Time since last: 121675880 ns, Reaching safepoint: 3061931 ns, Cleanup: 96043 ns, At safepoint: 10459 ns, Total: 3168433 ns
[2025-03-14T06:54:42.899+0000][1021][safepoint   ] Safepoint "ICBufferFull", Time since last: 137182954 ns, Reaching safepoint: 72002 ns, Cleanup: 91376 ns, At safepoint: 5500 ns, Total: 168878 ns
[2025-03-14T06:54:43.083+0000][1021][safepoint   ] Safepoint "ICBufferFull", Time since last: 183400365 ns, Reaching safepoint: 6250 ns, Cleanup: 89793 ns, At safepoint: 5500 ns, Total: 101543 ns
[2025-03-14T06:54:43.485+0000][1021][safepoint   ] Safepoint "ICBufferFull", Time since last: 402064663 ns, Reaching safepoint: 4167 ns, Cleanup: 80876 ns, At safepoint: 4917 ns, Total: 89960 ns
[2025-03-14T06:54:43.837+0000][1021][safepoint   ] Safepoint "ICBufferFull", Time since last: 348823744 ns, Reaching safepoint: 3332436 ns, Cleanup: 92585 ns, At safepoint: 6291 ns, Total: 3431312 ns
[2025-03-14T06:54:44.837+0000][1021][safepoint   ] Safepoint "Cleanup", Time since last: 1000091505 ns, Reaching safepoint: 47376 ns, Cleanup: 91543 ns, At safepoint: 13167 ns, Total: 152086 ns
[2025-03-14T06:54:45.295+0000][1021][safepoint   ] Safepoint "ICBufferFull", Time since last: 457508533 ns, Reaching safepoint: 7251 ns, Cleanup: 82834 ns, At safepoint: 5959 ns, Total: 96044 ns
[2025-03-14T06:54:46.296+0000][1021][safepoint   ] Safepoint "Cleanup", Time since last: 1000393056 ns, Reaching safepoint: 48125 ns, Cleanup: 97585 ns, At safepoint: 14001 ns, Total: 159711 ns
[2025-03-14T06:54:47.297+0000][1021][safepoint   ] Safepoint "Cleanup", Time since last: 1001263448 ns, Reaching safepoint: 73376 ns, Cleanup: 128169 ns, At safepoint: 38251 ns, Total: 239796 ns
[2025-03-14T06:54:48.298+0000][1021][safepoint   ] Safepoint "Cleanup", Time since last: 1000781401 ns, Reaching safepoint: 20875 ns, Cleanup: 61376 ns, At safepoint: 17042 ns, Total: 99293 ns
[2025-03-14T06:54:49.298+0000][1021][safepoint   ] Safepoint "Cleanup", Time since last: 1000341025 ns, Reaching safepoint: 31209 ns, Cleanup: 34751 ns, At safepoint: 16625 ns, Total: 82585 ns
[2025-03-14T06:54:50.299+0000][1021][safepoint   ] Safepoint "Cleanup", Time since last: 1000392701 ns, Reaching safepoint: 52376 ns, Cleanup: 60251 ns, At safepoint: 24875 ns, Total: 137502 ns
[2025-03-14T06:54:52.300+0000][1021][safepoint   ] Safepoint "Cleanup", Time since last: 2000588727 ns, Reaching safepoint: 69376 ns, Cleanup: 16083 ns, At safepoint: 5959 ns, Total: 91418 ns
[2025-03-14T06:54:53.301+0000][1021][safepoint   ] Safepoint "Cleanup", Time since last: 1001160879 ns, Reaching safepoint: 72918 ns, Cleanup: 84001 ns, At safepoint: 9750 ns, Total: 166669 ns
[2025-03-14T06:54:55.301+0000][1021][safepoint   ] Safepoint "Cleanup", Time since last: 2000392201 ns, Reaching safepoint: 10000 ns, Cleanup: 30334 ns, At safepoint: 6000 ns, Total: 46334 ns
[2025-03-14T06:54:58.302+0000][1021][safepoint   ] Safepoint "Cleanup", Time since last: 3000247849 ns, Reaching safepoint: 13626 ns, Cleanup: 18458 ns, At safepoint: 5417 ns, Total: 37501 ns
[2025-03-14T06:54:59.302+0000][1021][safepoint   ] Safepoint "Cleanup", Time since last: 1000115007 ns, Reaching safepoint: 58084 ns, Cleanup: 42834 ns, At safepoint: 6583 ns, Total: 107501 ns
[2025-03-14T06:55:01.302+0000][1021][safepoint   ] Safepoint "Cleanup", Time since last: 2000225529 ns, Reaching safepoint: 51000 ns, Cleanup: 66835 ns, At safepoint: 19958 ns, Total: 137793 ns
[2025-03-14T06:55:02.302+0000][1021][safepoint   ] Safepoint "Cleanup", Time since last: 1000165318 ns, Reaching safepoint: 7084 ns, Cleanup: 9666 ns, At safepoint: 4500 ns, Total: 21250 ns
[2025-03-14T06:55:03.303+0000][1021][safepoint   ] Safepoint "Cleanup", Time since last: 1000099522 ns, Reaching safepoint: 8834 ns, Cleanup: 12708 ns, At safepoint: 6000 ns, Total: 27542 ns
[2025-03-14T06:55:04.303+0000][1021][safepoint   ] Safepoint "Cleanup", Time since last: 1000114812 ns, Reaching safepoint: 59043 ns, Cleanup: 83001 ns, At safepoint: 6500 ns, Total: 148544 ns
[2025-03-14T06:55:05.305+0000][1021][safepoint   ] Safepoint "Cleanup", Time since last: 1000129813 ns, Reaching safepoint: 1076057 ns, Cleanup: 755011 ns, At safepoint: 15626 ns, Total: 1846694 ns
[2025-03-14T06:55:06.307+0000][1021][safepoint   ] Safepoint "Cleanup", Time since last: 1001787630 ns, Reaching safepoint: 9209 ns, Cleanup: 19750 ns, At safepoint: 6084 ns, Total: 35043 ns
[2025-03-14T06:55:07.307+0000][1021][safepoint   ] Safepoint "Cleanup", Time since last: 1000454907 ns, Reaching safepoint: 63084 ns, Cleanup: 120127 ns, At safepoint: 28834 ns, Total: 212045 ns
[2025-03-14T06:55:08.308+0000][1021][safepoint   ] Safepoint "Cleanup", Time since last: 1000632665 ns, Reaching safepoint: 41293 ns, Cleanup: 60417 ns, At safepoint: 23334 ns, Total: 125044 ns
[2025-03-14T06:55:09.309+0000][1021][safepoint   ] Safepoint "Cleanup", Time since last: 1000754175 ns, Reaching safepoint: 39293 ns, Cleanup: 60792 ns, At safepoint: 13334 ns, Total: 113419 ns
[2025-03-14T06:55:10.310+0000][1021][safepoint   ] Safepoint "Cleanup", Time since last: 1001285818 ns, Reaching safepoint: 65584 ns, Cleanup: 141919 ns, At safepoint: 24875 ns, Total: 232378 ns
[2025-03-14T06:55:11.311+0000][1021][safepoint   ] Safepoint "Cleanup", Time since last: 1000458526 ns, Reaching safepoint: 49834 ns, Cleanup: 83251 ns, At safepoint: 16709 ns, Total: 149794 ns
[2025-03-14T06:55:13.313+0000][1021][safepoint   ] Safepoint "Cleanup", Time since last: 2001697853 ns, Reaching safepoint: 20542 ns, Cleanup: 21042 ns, At safepoint: 5625 ns, Total: 47209 ns
[2025-03-14T06:55:14.314+0000][1021][safepoint   ] Safepoint "Cleanup", Time since last: 1000974453 ns, Reaching safepoint: 33792 ns, Cleanup: 17042 ns, At safepoint: 5500 ns, Total: 56334 ns
[2025-03-14T06:55:16.314+0000][1021][safepoint   ] Safepoint "Cleanup", Time since last: 2000584736 ns, Reaching safepoint: 12250 ns, Cleanup: 9583 ns, At safepoint: 8167 ns, Total: 30000 ns
[2025-03-14T06:55:18.239+0000][1021][safepoint   ] Safepoint "Cleanup", Time since last: 1924287678 ns, Reaching safepoint: 8625 ns, Cleanup: 10000 ns, At safepoint: 10500 ns, Total: 29125 ns
[2025-03-14T06:55:19.239+0000][1021][safepoint   ] Safepoint "Cleanup", Time since last: 1000100016 ns, Reaching safepoint: 16167 ns, Cleanup: 17459 ns, At safepoint: 6000 ns, Total: 39626 ns
[2025-03-14T06:55:20.239+0000][1021][safepoint   ] Safepoint "Cleanup", Time since last: 1000096625 ns, Reaching safepoint: 12917 ns, Cleanup: 38876 ns, At safepoint: 5750 ns, Total: 57543 ns
[2025-03-14T06:55:22.247+0000][1021][safepoint   ] Safepoint "Cleanup", Time since last: 2007406430 ns, Reaching safepoint: 108418 ns, Cleanup: 95876 ns, At safepoint: 33418 ns, Total: 237712 ns
[2025-03-14T06:55:23.247+0000][1021][safepoint   ] Safepoint "Cleanup", Time since last: 1000296674 ns, Reaching safepoint: 15917 ns, Cleanup: 21500 ns, At safepoint: 7709 ns, Total: 45126 ns
[2025-03-14T06:55:25.248+0000][1021][safepoint   ] Safepoint "Cleanup", Time since last: 2000792992 ns, Reaching safepoint: 30750 ns, Cleanup: 37959 ns, At safepoint: 6250 ns, Total: 74959 ns
[2025-03-14T06:55:26.248+0000][1021][safepoint   ] Safepoint "Cleanup", Time since last: 1000092566 ns, Reaching safepoint: 18875 ns, Cleanup: 22459 ns, At safepoint: 5291 ns, Total: 46625 ns
[2025-03-14T06:55:30.251+0000][1021][safepoint   ] Safepoint "Cleanup", Time since last: 4002157291 ns, Reaching safepoint: 310504 ns, Cleanup: 160877 ns, At safepoint: 46292 ns, Total: 517673 ns
[2025-03-14T06:55:31.253+0000][1021][safepoint   ] Safepoint "Cleanup", Time since last: 1001830493 ns, Reaching safepoint: 8084 ns, Cleanup: 33875 ns, At safepoint: 7084 ns, Total: 49043 ns
[2025-03-14T06:55:32.253+0000][1021][safepoint   ] Safepoint "Cleanup", Time since last: 1000450686 ns, Reaching safepoint: 28458 ns, Cleanup: 28584 ns, At safepoint: 12084 ns, Total: 69126 ns
[2025-03-14T06:55:34.254+0000][1021][safepoint   ] Safepoint "Cleanup", Time since last: 2000392376 ns, Reaching safepoint: 25250 ns, Cleanup: 24750 ns, At safepoint: 5250 ns, Total: 55250 ns
[2025-03-14T06:55:35.255+0000][1021][safepoint   ] Safepoint "Cleanup", Time since last: 1001196791 ns, Reaching safepoint: 43167 ns, Cleanup: 11959 ns, At safepoint: 5916 ns, Total: 61042 ns
[2025-03-14T06:55:36.255+0000][1021][safepoint   ] Safepoint "Cleanup", Time since last: 1000113327 ns, Reaching safepoint: 14792 ns, Cleanup: 14041 ns, At safepoint: 8001 ns, Total: 36834 ns
[2025-03-14T06:55:37.255+0000][1021][safepoint   ] Safepoint "Cleanup", Time since last: 1000117001 ns, Reaching safepoint: 7625 ns, Cleanup: 35542 ns, At safepoint: 6041 ns, Total: 49208 ns
[2025-03-14T06:55:38.255+0000][1021][safepoint   ] Safepoint "Cleanup", Time since last: 1000105136 ns, Reaching safepoint: 7541 ns, Cleanup: 31292 ns, At safepoint: 4875 ns, Total: 43708 ns
[2025-03-14T06:55:41.256+0000][1021][safepoint   ] Safepoint "Cleanup", Time since last: 3000267888 ns, Reaching safepoint: 124377 ns, Cleanup: 19583 ns, At safepoint: 6375 ns, Total: 150335 ns
[2025-03-14T06:55:43.256+0000][1021][safepoint   ] Safepoint "Cleanup", Time since last: 2000186381 ns, Reaching safepoint: 12417 ns, Cleanup: 31500 ns, At safepoint: 5334 ns, Total: 49251 ns
[2025-03-14T06:55:46.256+0000][1021][safepoint   ] Safepoint "Cleanup", Time since last: 3000307902 ns, Reaching safepoint: 29917 ns, Cleanup: 24250 ns, At safepoint: 6875 ns, Total: 61042 ns
[2025-03-14T06:55:49.257+0000][1021][safepoint   ] Safepoint "Cleanup", Time since last: 3000341574 ns, Reaching safepoint: 18542 ns, Cleanup: 255252 ns, At safepoint: 11917 ns, Total: 285711 ns
[2025-03-14T06:55:50.258+0000][1021][safepoint   ] Safepoint "Cleanup", Time since last: 1000439710 ns, Reaching safepoint: 39583 ns, Cleanup: 105501 ns, At safepoint: 19751 ns, Total: 164835 ns
[2025-03-14T06:55:52.259+0000][1021][safepoint   ] Safepoint "Cleanup", Time since last: 2001273701 ns, Reaching safepoint: 35959 ns, Cleanup: 45625 ns, At safepoint: 12625 ns, Total: 94209 ns
[2025-03-14T06:55:53.260+0000][1021][safepoint   ] Safepoint "Cleanup", Time since last: 1000616950 ns, Reaching safepoint: 19500 ns, Cleanup: 75167 ns, At safepoint: 15292 ns, Total: 109959 ns
[2025-03-14T06:55:55.261+0000][1021][safepoint   ] Safepoint "Cleanup", Time since last: 2001124101 ns, Reaching safepoint: 9000 ns, Cleanup: 16417 ns, At safepoint: 4916 ns, Total: 30333 ns
[2025-03-14T06:55:58.261+0000][1021][safepoint   ] Safepoint "Cleanup", Time since last: 3000213365 ns, Reaching safepoint: 8125 ns, Cleanup: 16292 ns, At safepoint: 5833 ns, Total: 30250 ns
[2025-03-14T06:56:01.261+0000][1021][safepoint   ] Safepoint "Cleanup", Time since last: 3000223593 ns, Reaching safepoint: 44251 ns, Cleanup: 41667 ns, At safepoint: 9708 ns, Total: 95626 ns
[2025-03-14T06:56:02.261+0000][1021][safepoint   ] Safepoint "Cleanup", Time since last: 1000152791 ns, Reaching safepoint: 6833 ns, Cleanup: 11167 ns, At safepoint: 5750 ns, Total: 23750 ns
[2025-03-14T06:56:04.262+0000][1021][safepoint   ] Safepoint "Cleanup", Time since last: 2000169471 ns, Reaching safepoint: 28334 ns, Cleanup: 67751 ns, At safepoint: 10708 ns, Total: 106793 ns
[2025-03-14T06:56:05.263+0000][1021][safepoint   ] Safepoint "Cleanup", Time since last: 1000958859 ns, Reaching safepoint: 11709 ns, Cleanup: 8625 ns, At safepoint: 5500 ns, Total: 25834 ns
[2025-03-14T06:56:06.264+0000][1021][safepoint   ] Safepoint "Cleanup", Time since last: 1000766684 ns, Reaching safepoint: 6667 ns, Cleanup: 8958 ns, At safepoint: 5250 ns, Total: 20875 ns
[2025-03-14T06:56:07.264+0000][1021][safepoint   ] Safepoint "Cleanup", Time since last: 1000136006 ns, Reaching safepoint: 181961 ns, Cleanup: 120709 ns, At safepoint: 19542 ns, Total: 322212 ns
[2025-03-14T06:56:08.265+0000][1021][safepoint   ] Safepoint "Cleanup", Time since last: 1000319003 ns, Reaching safepoint: 270628 ns, Cleanup: 83959 ns, At safepoint: 22917 ns, Total: 377504 ns
[2025-03-14T06:56:10.266+0000][1021][safepoint   ] Safepoint "Cleanup", Time since last: 2001058417 ns, Reaching safepoint: 123709 ns, Cleanup: 23042 ns, At safepoint: 13584 ns, Total: 160335 ns
[2025-03-14T06:56:13.268+0000][1021][safepoint   ] Safepoint "Cleanup", Time since last: 3001612691 ns, Reaching safepoint: 72751 ns, Cleanup: 27250 ns, At safepoint: 9876 ns, Total: 109877 ns
[2025-03-14T06:56:15.269+0000][1021][safepoint   ] Safepoint "Cleanup", Time since last: 2000888984 ns, Reaching safepoint: 90334 ns, Cleanup: 230877 ns, At safepoint: 69542 ns, Total: 390753 ns
[2025-03-14T06:56:19.331+0000][1021][safepoint   ] Safepoint "Cleanup", Time since last: 4061700593 ns, Reaching safepoint: 15542 ns, Cleanup: 24833 ns, At safepoint: 6084 ns, Total: 46459 ns
[2025-03-14T06:56:22.332+0000][1021][safepoint   ] Safepoint "Cleanup", Time since last: 3001216721 ns, Reaching safepoint: 78043 ns, Cleanup: 32458 ns, At safepoint: 8500 ns, Total: 119001 ns
[2025-03-14T06:56:25.332+0000][1021][safepoint   ] Safepoint "Cleanup", Time since last: 3000256635 ns, Reaching safepoint: 23750 ns, Cleanup: 34500 ns, At safepoint: 9833 ns, Total: 68083 ns
[2025-03-14T06:56:28.333+0000][1021][safepoint   ] Safepoint "Cleanup", Time since last: 3000213988 ns, Reaching safepoint: 22875 ns, Cleanup: 22875 ns, At safepoint: 6459 ns, Total: 52209 ns
[2025-03-14T06:56:31.333+0000][1021][safepoint   ] Safepoint "Cleanup", Time since last: 3000204189 ns, Reaching safepoint: 42958 ns, Cleanup: 18209 ns, At safepoint: 6916 ns, Total: 68083 ns
[2025-03-14T06:56:33.335+0000][1021][safepoint   ] Safepoint "Cleanup", Time since last: 2001765816 ns, Reaching safepoint: 231127 ns, Cleanup: 86334 ns, At safepoint: 21833 ns, Total: 339294 ns
[2025-03-14T06:56:34.337+0000][1021][safepoint   ] Safepoint "Cleanup", Time since last: 1001131072 ns, Reaching safepoint: 475546 ns, Cleanup: 231669 ns, At safepoint: 15167 ns, Total: 722382 ns
[2025-03-14T06:56:36.338+0000][1021][safepoint   ] Safepoint "Cleanup", Time since last: 2001019625 ns, Reaching safepoint: 22542 ns, Cleanup: 45125 ns, At safepoint: 22250 ns, Total: 89917 ns
[2025-03-14T06:56:37.339+0000][1021][safepoint   ] Safepoint "Cleanup", Time since last: 1000538144 ns, Reaching safepoint: 15417 ns, Cleanup: 27500 ns, At safepoint: 5959 ns, Total: 48876 ns
[2025-03-14T06:56:38.339+0000][1021][safepoint   ] Safepoint "Cleanup", Time since last: 1000090777 ns, Reaching safepoint: 7167 ns, Cleanup: 9500 ns, At safepoint: 5708 ns, Total: 22375 ns
[2025-03-14T06:56:40.340+0000][1021][safepoint   ] Safepoint "Cleanup", Time since last: 2000972645 ns, Reaching safepoint: 150959 ns, Cleanup: 32709 ns, At safepoint: 10542 ns, Total: 194210 ns
[2025-03-14T06:56:41.340+0000][1021][safepoint   ] Safepoint "Cleanup", Time since last: 1000242237 ns, Reaching safepoint: 4125 ns, Cleanup: 6625 ns, At safepoint: 3500 ns, Total: 14250 ns
[2025-03-14T06:56:42.340+0000][1021][safepoint   ] Safepoint "Cleanup", Time since last: 1000130167 ns, Reaching safepoint: 101918 ns, Cleanup: 65417 ns, At safepoint: 17875 ns, Total: 185210 ns
[2025-03-14T06:56:43.342+0000][1021][safepoint   ] Safepoint "Cleanup", Time since last: 1000415977 ns, Reaching safepoint: 777131 ns, Cleanup: 110085 ns, At safepoint: 17875 ns, Total: 905091 ns
[2025-03-14T06:56:43.809+0000][1021][gc,start    ] GC(24) Pause Young (Normal) (G1 Evacuation Pause)
[2025-03-14T06:56:43.809+0000][1021][gc,task     ] GC(24) Using 1 workers of 1 for evacuation
[2025-03-14T06:56:43.809+0000][1021][gc,age      ] GC(24) Desired survivor size 77594624 bytes, new threshold 15 (max threshold 15)
[2025-03-14T06:56:43.914+0000][1021][gc,phases   ] GC(24)   Pre Evacuate Collection Set: 0.58ms
[2025-03-14T06:56:43.914+0000][1021][gc,phases   ] GC(24)   Merge Heap Roots: 0.29ms
[2025-03-14T06:56:43.914+0000][1021][gc,phases   ] GC(24)   Evacuate Collection Set: 99.31ms
[2025-03-14T06:56:43.914+0000][1021][gc,phases   ] GC(24)   Post Evacuate Collection Set: 5.03ms
[2025-03-14T06:56:43.914+0000][1021][gc,phases   ] GC(24)   Other: 0.24ms
[2025-03-14T06:56:43.914+0000][1021][gc,age      ] GC(24) Age table with threshold 15 (max threshold 15)
[2025-03-14T06:56:43.914+0000][1021][gc,age      ] GC(24) - age   1:    3926224 bytes,    3926224 total
[2025-03-14T06:56:43.914+0000][1021][gc,age      ] GC(24) - age   2:       3456 bytes,    3929680 total
[2025-03-14T06:56:43.914+0000][1021][gc,age      ] GC(24) - age   3:      69320 bytes,    3999000 total
[2025-03-14T06:56:43.914+0000][1021][gc,age      ] GC(24) - age   4:    7895192 bytes,   11894192 total
[2025-03-14T06:56:43.914+0000][1021][gc,age      ] GC(24) - age   5:    5385272 bytes,   17279464 total
[2025-03-14T06:56:43.914+0000][1021][gc,age      ] GC(24) - age   6:    6176168 bytes,   23455632 total
[2025-03-14T06:56:43.914+0000][1021][gc,heap     ] GC(24) Eden regions: 287->0(286)
[2025-03-14T06:56:43.914+0000][1021][gc,heap     ] GC(24) Survivor regions: 5->6(37)
[2025-03-14T06:56:43.914+0000][1021][gc,heap     ] GC(24) Old regions: 19->19
[2025-03-14T06:56:43.914+0000][1021][gc,heap     ] GC(24) Humongous regions: 5->5
[2025-03-14T06:56:43.914+0000][1021][gc,metaspace] GC(24) Metaspace: 119734K(122944K)->119734K(122944K) NonClass: 103319K(105088K)->103319K(105088K) Class: 16415K(17856K)->16415K(17856K)
[2025-03-14T06:56:43.914+0000][1021][gc          ] GC(24) Pause Young (Normal) (G1 Evacuation Pause) 1262M->118M(1952M) 105.759ms
[2025-03-14T06:56:43.914+0000][1021][gc,cpu      ] GC(24) User=0.10s Sys=0.00s Real=0.10s
[2025-03-14T06:56:43.915+0000][1021][safepoint   ] Safepoint "G1CollectForAllocation", Time since last: 464056290 ns, Reaching safepoint: 2806274 ns, Cleanup: 24167 ns, At safepoint: 106069965 ns, Total: 108900406 ns
[2025-03-14T06:56:44.524+0000][1021][safepoint   ] Safepoint "ICBufferFull", Time since last: 608783745 ns, Reaching safepoint: 295211 ns, Cleanup: 139834 ns, At safepoint: 376628 ns, Total: 811673 ns
[2025-03-14T06:56:45.014+0000][1021][safepoint   ] Safepoint "ICBufferFull", Time since last: 489486540 ns, Reaching safepoint: 6834 ns, Cleanup: 154876 ns, At safepoint: 16083 ns, Total: 177793 ns
[2025-03-14T06:56:45.354+0000][1021][safepoint   ] Safepoint "ICBufferFull", Time since last: 340399780 ns, Reaching safepoint: 9000 ns, Cleanup: 88084 ns, At safepoint: 6292 ns, Total: 103376 ns
[2025-03-14T06:56:45.420+0000][1021][safepoint   ] Safepoint "ICBufferFull", Time since last: 65626151 ns, Reaching safepoint: 4833 ns, Cleanup: 75251 ns, At safepoint: 8333 ns, Total: 88417 ns
[2025-03-14T06:56:45.660+0000][1021][safepoint   ] Safepoint "ICBufferFull", Time since last: 239594574 ns, Reaching safepoint: 10333 ns, Cleanup: 77876 ns, At safepoint: 6292 ns, Total: 94501 ns
[2025-03-14T06:56:46.660+0000][1021][safepoint   ] Safepoint "Cleanup", Time since last: 1000101013 ns, Reaching safepoint: 63584 ns, Cleanup: 36000 ns, At safepoint: 7334 ns, Total: 106918 ns
[2025-03-14T06:56:47.660+0000][1021][safepoint   ] Safepoint "Cleanup", Time since last: 1000127072 ns, Reaching safepoint: 7500 ns, Cleanup: 10625 ns, At safepoint: 4625 ns, Total: 22750 ns
[2025-03-14T06:56:48.660+0000][1021][safepoint   ] Safepoint "Cleanup", Time since last: 1000091839 ns, Reaching safepoint: 10208 ns, Cleanup: 40501 ns, At safepoint: 10375 ns, Total: 61084 ns
[2025-03-14T06:56:51.661+0000][1021][safepoint   ] Safepoint "Cleanup", Time since last: 3000216873 ns, Reaching safepoint: 22375 ns, Cleanup: 23626 ns, At safepoint: 6083 ns, Total: 52084 ns
[2025-03-14T06:56:52.661+0000][1021][safepoint   ] Safepoint "Cleanup", Time since last: 1000101162 ns, Reaching safepoint: 13083 ns, Cleanup: 28334 ns, At safepoint: 6291 ns, Total: 47708 ns
[2025-03-14T06:56:54.662+0000][1021][safepoint   ] Safepoint "Cleanup", Time since last: 2000988138 ns, Reaching safepoint: 95292 ns, Cleanup: 30751 ns, At safepoint: 6000 ns, Total: 132043 ns
[2025-03-14T06:56:55.662+0000][1021][safepoint   ] Safepoint "Cleanup", Time since last: 1000163845 ns, Reaching safepoint: 6917 ns, Cleanup: 14042 ns, At safepoint: 4583 ns, Total: 25542 ns
[2025-03-14T06:56:57.663+0000][1021][safepoint   ] Safepoint "Cleanup", Time since last: 2000500794 ns, Reaching safepoint: 4834 ns, Cleanup: 57125 ns, At safepoint: 6084 ns, Total: 68043 ns
[2025-03-14T06:56:58.663+0000][1021][safepoint   ] Safepoint "Cleanup", Time since last: 1000322366 ns, Reaching safepoint: 11875 ns, Cleanup: 129918 ns, At safepoint: 15375 ns, Total: 157168 ns
[2025-03-14T06:56:59.664+0000][1021][safepoint   ] Safepoint "Cleanup", Time since last: 1000548098 ns, Reaching safepoint: 124542 ns, Cleanup: 96418 ns, At safepoint: 32959 ns, Total: 253919 ns
[2025-03-14T06:57:00.665+0000][1021][safepoint   ] Safepoint "Cleanup", Time since last: 1001075331 ns, Reaching safepoint: 10084 ns, Cleanup: 18125 ns, At safepoint: 9708 ns, Total: 37917 ns
[2025-03-14T06:57:06.667+0000][1021][safepoint   ] Safepoint "Cleanup", Time since last: 6001909545 ns, Reaching safepoint: 80334 ns, Cleanup: 24042 ns, At safepoint: 6458 ns, Total: 110834 ns
[2025-03-14T06:57:07.668+0000][1021][safepoint   ] Safepoint "Cleanup", Time since last: 1000665237 ns, Reaching safepoint: 6625 ns, Cleanup: 20083 ns, At safepoint: 4750 ns, Total: 31458 ns
[2025-03-14T06:57:08.668+0000][1021][safepoint   ] Safepoint "Cleanup", Time since last: 1000051089 ns, Reaching safepoint: 6959 ns, Cleanup: 8916 ns, At safepoint: 4584 ns, Total: 20459 ns
[2025-03-14T06:57:09.668+0000][1021][safepoint   ] Safepoint "Cleanup", Time since last: 1000082821 ns, Reaching safepoint: 4750 ns, Cleanup: 8584 ns, At safepoint: 36833 ns, Total: 50167 ns
[2025-03-14T06:57:10.671+0000][1021][safepoint   ] Safepoint "Cleanup", Time since last: 1000077513 ns, Reaching safepoint: 3153192 ns, Cleanup: 18834 ns, At safepoint: 13125 ns, Total: 3185151 ns
[2025-03-14T06:57:11.671+0000][1021][safepoint   ] Safepoint "Cleanup", Time since last: 1000124287 ns, Reaching safepoint: 50459 ns, Cleanup: 63417 ns, At safepoint: 6209 ns, Total: 120085 ns
[2025-03-14T06:57:12.672+0000][1021][safepoint   ] Safepoint "Cleanup", Time since last: 1000112979 ns, Reaching safepoint: 9541 ns, Cleanup: 18667 ns, At safepoint: 5167 ns, Total: 33375 ns
[2025-03-14T06:57:13.672+0000][1021][safepoint   ] Safepoint "Cleanup", Time since last: 1000093879 ns, Reaching safepoint: 6875 ns, Cleanup: 35792 ns, At safepoint: 4791 ns, Total: 47458 ns
[2025-03-14T06:57:19.398+0000][1021][safepoint   ] Safepoint "Cleanup", Time since last: 5726151792 ns, Reaching safepoint: 127542 ns, Cleanup: 42459 ns, At safepoint: 16750 ns, Total: 186751 ns
[2025-03-14T06:57:21.400+0000][1021][safepoint   ] Safepoint "Cleanup", Time since last: 2001547379 ns, Reaching safepoint: 68042 ns, Cleanup: 152209 ns, At safepoint: 30376 ns, Total: 250627 ns
[2025-03-14T06:57:22.401+0000][1021][safepoint   ] Safepoint "Cleanup", Time since last: 1000867085 ns, Reaching safepoint: 24708 ns, Cleanup: 21459 ns, At safepoint: 5666 ns, Total: 51833 ns
[2025-03-14T06:57:23.401+0000][1021][safepoint   ] Safepoint "Cleanup", Time since last: 1000097315 ns, Reaching safepoint: 16917 ns, Cleanup: 19583 ns, At safepoint: 5334 ns, Total: 41834 ns
[2025-03-14T06:57:25.401+0000][1021][safepoint   ] Safepoint "Cleanup", Time since last: 2000174337 ns, Reaching safepoint: 54334 ns, Cleanup: 42625 ns, At safepoint: 9834 ns, Total: 106793 ns
[2025-03-14T06:57:28.401+0000][1021][safepoint   ] Safepoint "Cleanup", Time since last: 3000225863 ns, Reaching safepoint: 24292 ns, Cleanup: 15792 ns, At safepoint: 4417 ns, Total: 44501 ns
[2025-03-14T06:57:31.402+0000][1021][safepoint   ] Safepoint "Cleanup", Time since last: 3000212289 ns, Reaching safepoint: 8042 ns, Cleanup: 27625 ns, At safepoint: 4542 ns, Total: 40209 ns
[2025-03-14T06:57:34.402+0000][1021][safepoint   ] Safepoint "Cleanup", Time since last: 3000226304 ns, Reaching safepoint: 7833 ns, Cleanup: 17208 ns, At safepoint: 5084 ns, Total: 30125 ns
[2025-03-14T06:57:36.402+0000][1021][safepoint   ] Safepoint "Cleanup", Time since last: 2000164602 ns, Reaching safepoint: 29917 ns, Cleanup: 16833 ns, At safepoint: 8584 ns, Total: 55334 ns
[2025-03-14T06:57:37.402+0000][1021][safepoint   ] Safepoint "Cleanup", Time since last: 1000131471 ns, Reaching safepoint: 10501 ns, Cleanup: 29125 ns, At safepoint: 6417 ns, Total: 46043 ns
[2025-03-14T06:57:38.403+0000][1021][safepoint   ] Safepoint "Cleanup", Time since last: 1000931758 ns, Reaching safepoint: 11958 ns, Cleanup: 22459 ns, At safepoint: 7250 ns, Total: 41667 ns
[2025-03-14T06:57:43.405+0000][1021][safepoint   ] Safepoint "Cleanup", Time since last: 5001553607 ns, Reaching safepoint: 18000 ns, Cleanup: 35292 ns, At safepoint: 5792 ns, Total: 59084 ns
[2025-03-14T06:57:44.405+0000][1021][safepoint   ] Safepoint "Cleanup", Time since last: 1000115522 ns, Reaching safepoint: 7708 ns, Cleanup: 13584 ns, At safepoint: 4625 ns, Total: 25917 ns
[2025-03-14T06:57:46.405+0000][1021][safepoint   ] Safepoint "Cleanup", Time since last: 2000179847 ns, Reaching safepoint: 14708 ns, Cleanup: 10750 ns, At safepoint: 6167 ns, Total: 31625 ns
[2025-03-14T06:57:49.406+0000][1021][safepoint   ] Safepoint "Cleanup", Time since last: 3000237490 ns, Reaching safepoint: 21916 ns, Cleanup: 50751 ns, At safepoint: 12667 ns, Total: 85334 ns
[2025-03-14T06:57:50.406+0000][1021][safepoint   ] Safepoint "Cleanup", Time since last: 1000078089 ns, Reaching safepoint: 7333 ns, Cleanup: 17333 ns, At safepoint: 4667 ns, Total: 29333 ns
[2025-03-14T06:57:51.406+0000][1021][safepoint   ] Safepoint "Cleanup", Time since last: 1000095205 ns, Reaching safepoint: 16584 ns, Cleanup: 11000 ns, At safepoint: 5250 ns, Total: 32834 ns
[2025-03-14T06:57:55.407+0000][1021][safepoint   ] Safepoint "Cleanup", Time since last: 4001281113 ns, Reaching safepoint: 39375 ns, Cleanup: 163918 ns, At safepoint: 28917 ns, Total: 232210 ns
[2025-03-14T06:57:58.410+0000][1021][safepoint   ] Safepoint "Cleanup", Time since last: 3002731270 ns, Reaching safepoint: 14209 ns, Cleanup: 24750 ns, At safepoint: 9833 ns, Total: 48792 ns
[2025-03-14T06:58:01.411+0000][1021][safepoint   ] Safepoint "Cleanup", Time since last: 3000924934 ns, Reaching safepoint: 17709 ns, Cleanup: 60084 ns, At safepoint: 5583 ns, Total: 83376 ns
[2025-03-14T06:58:03.412+0000][1021][safepoint   ] Safepoint "Cleanup", Time since last: 2001018226 ns, Reaching safepoint: 42334 ns, Cleanup: 16875 ns, At safepoint: 6042 ns, Total: 65251 ns
[2025-03-14T06:58:06.413+0000][1021][safepoint   ] Safepoint "Cleanup", Time since last: 3000239482 ns, Reaching safepoint: 7750 ns, Cleanup: 12542 ns, At safepoint: 4875 ns, Total: 25167 ns
[2025-03-14T06:58:07.413+0000][1021][safepoint   ] Safepoint "Cleanup", Time since last: 1000093077 ns, Reaching safepoint: 9458 ns, Cleanup: 30667 ns, At safepoint: 6209 ns, Total: 46334 ns
[2025-03-14T06:58:09.413+0000][1021][safepoint   ] Safepoint "Cleanup", Time since last: 2000112258 ns, Reaching safepoint: 37833 ns, Cleanup: 9792 ns, At safepoint: 5083 ns, Total: 52708 ns
[2025-03-14T06:58:10.413+0000][1021][safepoint   ] Safepoint "Cleanup", Time since last: 1000082932 ns, Reaching safepoint: 7042 ns, Cleanup: 14583 ns, At safepoint: 5083 ns, Total: 26708 ns
[2025-03-14T06:58:13.415+0000][1021][safepoint   ] Safepoint "Cleanup", Time since last: 3001914684 ns, Reaching safepoint: 33417 ns, Cleanup: 43792 ns, At safepoint: 9334 ns, Total: 86543 ns
[2025-03-14T06:58:14.415+0000][1021][safepoint   ] Safepoint "Cleanup", Time since last: 1000224698 ns, Reaching safepoint: 37125 ns, Cleanup: 39251 ns, At safepoint: 24375 ns, Total: 100751 ns
[2025-03-14T06:58:16.417+0000][1021][safepoint   ] Safepoint "Cleanup", Time since last: 2001215717 ns, Reaching safepoint: 32875 ns, Cleanup: 39833 ns, At safepoint: 20876 ns, Total: 93584 ns
[2025-03-14T06:58:19.454+0000][1021][safepoint   ] Safepoint "Cleanup", Time since last: 3037736504 ns, Reaching safepoint: 6917 ns, Cleanup: 17333 ns, At safepoint: 3875 ns, Total: 28125 ns
[2025-03-14T06:58:21.455+0000][1021][safepoint   ] Safepoint "Cleanup", Time since last: 2000151900 ns, Reaching safepoint: 7500 ns, Cleanup: 12833 ns, At safepoint: 4459 ns, Total: 24792 ns
[2025-03-14T06:58:22.455+0000][1021][safepoint   ] Safepoint "Cleanup", Time since last: 1000093066 ns, Reaching safepoint: 32917 ns, Cleanup: 26917 ns, At safepoint: 6000 ns, Total: 65834 ns
[2025-03-14T06:58:25.456+0000][1021][safepoint   ] Safepoint "Cleanup", Time since last: 3001548051 ns, Reaching safepoint: 20042 ns, Cleanup: 35792 ns, At safepoint: 10583 ns, Total: 66417 ns
[2025-03-14T06:58:28.457+0000][1021][safepoint   ] Safepoint "Cleanup", Time since last: 3000259744 ns, Reaching safepoint: 7751 ns, Cleanup: 11375 ns, At safepoint: 4791 ns, Total: 23917 ns
[2025-03-14T06:58:31.458+0000][1021][safepoint   ] Safepoint "Cleanup", Time since last: 3000963996 ns, Reaching safepoint: 11000 ns, Cleanup: 22709 ns, At safepoint: 8583 ns, Total: 42292 ns
[2025-03-14T06:58:34.461+0000][1021][safepoint   ] Safepoint "Cleanup", Time since last: 3003650598 ns, Reaching safepoint: 34417 ns, Cleanup: 22417 ns, At safepoint: 18750 ns, Total: 75584 ns
[2025-03-14T06:58:37.463+0000][1021][safepoint   ] Safepoint "Cleanup", Time since last: 3001211081 ns, Reaching safepoint: 8167 ns, Cleanup: 29750 ns, At safepoint: 3583 ns, Total: 41500 ns
[2025-03-14T06:58:38.463+0000][1021][safepoint   ] Safepoint "Cleanup", Time since last: 1000191822 ns, Reaching safepoint: 84876 ns, Cleanup: 8208 ns, At safepoint: 5959 ns, Total: 99043 ns
[2025-03-14T06:58:43.464+0000][1021][safepoint   ] Safepoint "Cleanup", Time since last: 5000943089 ns, Reaching safepoint: 5625 ns, Cleanup: 25125 ns, At safepoint: 4833 ns, Total: 35583 ns
[2025-03-14T06:58:44.464+0000][1021][safepoint   ] Safepoint "Cleanup", Time since last: 1000082714 ns, Reaching safepoint: 6708 ns, Cleanup: 15250 ns, At safepoint: 7625 ns, Total: 29583 ns
[2025-03-14T06:58:45.464+0000][1021][safepoint   ] Safepoint "Cleanup", Time since last: 1000085501 ns, Reaching safepoint: 8917 ns, Cleanup: 13167 ns, At safepoint: 5041 ns, Total: 27125 ns
[2025-03-14T06:58:46.464+0000][1021][safepoint   ] Safepoint "Cleanup", Time since last: 1000094623 ns, Reaching safepoint: 10250 ns, Cleanup: 33875 ns, At safepoint: 6834 ns, Total: 50959 ns
[2025-03-14T06:58:48.464+0000][1021][safepoint   ] Safepoint "Cleanup", Time since last: 2000144441 ns, Reaching safepoint: 4667 ns, Cleanup: 9791 ns, At safepoint: 5042 ns, Total: 19500 ns
[2025-03-14T06:58:49.464+0000][1021][safepoint   ] Safepoint "Cleanup", Time since last: 1000090486 ns, Reaching safepoint: 8042 ns, Cleanup: 9958 ns, At safepoint: 5459 ns, Total: 23459 ns
[2025-03-14T06:58:51.465+0000][1021][safepoint   ] Safepoint "Cleanup", Time since last: 2000617465 ns, Reaching safepoint: 39667 ns, Cleanup: 27916 ns, At safepoint: 9542 ns, Total: 77125 ns
[2025-03-14T06:58:52.467+0000][1021][safepoint   ] Safepoint "Cleanup", Time since last: 1001235442 ns, Reaching safepoint: 50376 ns, Cleanup: 47250 ns, At safepoint: 15125 ns, Total: 112751 ns
[2025-03-14T06:58:55.468+0000][1021][safepoint   ] Safepoint "Cleanup", Time since last: 3001552416 ns, Reaching safepoint: 14750 ns, Cleanup: 11625 ns, At safepoint: 5500 ns, Total: 31875 ns
[2025-03-14T06:58:58.468+0000][1021][safepoint   ] Safepoint "Cleanup", Time since last: 3000215752 ns, Reaching safepoint: 23666 ns, Cleanup: 15959 ns, At safepoint: 7583 ns, Total: 47208 ns
[2025-03-14T06:59:01.474+0000][1021][safepoint   ] Safepoint "Cleanup", Time since last: 3002376948 ns, Reaching safepoint: 181834 ns, Cleanup: 17792 ns, At safepoint: 2766520 ns, Total: 2966146 ns
[2025-03-14T06:59:02.474+0000][1021][safepoint   ] Safepoint "Cleanup", Time since last: 1000078485 ns, Reaching safepoint: 5667 ns, Cleanup: 6458 ns, At safepoint: 4250 ns, Total: 16375 ns
[2025-03-14T06:59:04.474+0000][1021][safepoint   ] Safepoint "Cleanup", Time since last: 2000180087 ns, Reaching safepoint: 17834 ns, Cleanup: 21250 ns, At safepoint: 5917 ns, Total: 45001 ns
[2025-03-14T06:59:06.474+0000][1021][safepoint   ] Safepoint "Cleanup", Time since last: 2000155658 ns, Reaching safepoint: 5750 ns, Cleanup: 21625 ns, At safepoint: 4709 ns, Total: 32084 ns
[2025-03-14T06:59:07.474+0000][1021][safepoint   ] Safepoint "Cleanup", Time since last: 1000091762 ns, Reaching safepoint: 72459 ns, Cleanup: 20125 ns, At safepoint: 5542 ns, Total: 98126 ns
[2025-03-14T06:59:08.475+0000][1021][safepoint   ] Safepoint "Cleanup", Time since last: 1000158094 ns, Reaching safepoint: 27834 ns, Cleanup: 52125 ns, At safepoint: 12458 ns, Total: 92417 ns
[2025-03-14T06:59:10.476+0000][1021][safepoint   ] Safepoint "Cleanup", Time since last: 2001096644 ns, Reaching safepoint: 165418 ns, Cleanup: 102001 ns, At safepoint: 24250 ns, Total: 291669 ns
[2025-03-14T06:59:16.478+0000][1021][safepoint   ] Safepoint "Cleanup", Time since last: 6001674359 ns, Reaching safepoint: 35208 ns, Cleanup: 13334 ns, At safepoint: 11375 ns, Total: 59917 ns
[2025-03-14T06:59:19.502+0000][1021][safepoint   ] Safepoint "Cleanup", Time since last: 3024448129 ns, Reaching safepoint: 6958 ns, Cleanup: 9667 ns, At safepoint: 4584 ns, Total: 21209 ns
[2025-03-14T06:59:21.502+0000][1021][safepoint   ] Safepoint "Cleanup", Time since last: 2000152083 ns, Reaching safepoint: 7209 ns, Cleanup: 11416 ns, At safepoint: 4751 ns, Total: 23376 ns
[2025-03-14T06:59:22.503+0000][1021][safepoint   ] Safepoint "Cleanup", Time since last: 1000087976 ns, Reaching safepoint: 7583 ns, Cleanup: 92251 ns, At safepoint: 5750 ns, Total: 105584 ns
[2025-03-14T06:59:23.504+0000][1021][safepoint   ] Safepoint "Cleanup", Time since last: 1001073648 ns, Reaching safepoint: 5458 ns, Cleanup: 15167 ns, At safepoint: 2500 ns, Total: 23125 ns
[2025-03-14T06:59:25.504+0000][1021][safepoint   ] Safepoint "Cleanup", Time since last: 2000159025 ns, Reaching safepoint: 7792 ns, Cleanup: 19250 ns, At safepoint: 4667 ns, Total: 31709 ns
[2025-03-14T06:59:26.505+0000][1021][safepoint   ] Safepoint "Cleanup", Time since last: 1000504637 ns, Reaching safepoint: 36917 ns, Cleanup: 39334 ns, At safepoint: 11583 ns, Total: 87834 ns
[2025-03-14T06:59:33.507+0000][1021][safepoint   ] Safepoint "Cleanup", Time since last: 7002931237 ns, Reaching safepoint: 11917 ns, Cleanup: 14417 ns, At safepoint: 5792 ns, Total: 32126 ns
[2025-03-14T06:59:34.508+0000][1021][safepoint   ] Safepoint "Cleanup", Time since last: 1000089286 ns, Reaching safepoint: 12708 ns, Cleanup: 10125 ns, At safepoint: 4750 ns, Total: 27583 ns
[2025-03-14T06:59:35.508+0000][1021][safepoint   ] Safepoint "Cleanup", Time since last: 1000101326 ns, Reaching safepoint: 17000 ns, Cleanup: 24042 ns, At safepoint: 5333 ns, Total: 46375 ns
[2025-03-14T06:59:37.509+0000][1021][safepoint   ] Safepoint "Cleanup", Time since last: 2000991861 ns, Reaching safepoint: 6042 ns, Cleanup: 35750 ns, At safepoint: 5584 ns, Total: 47376 ns
[2025-03-14T06:59:38.510+0000][1021][safepoint   ] Safepoint "Cleanup", Time since last: 1000934076 ns, Reaching safepoint: 10584 ns, Cleanup: 17542 ns, At safepoint: 4125 ns, Total: 32251 ns
[2025-03-14T06:59:39.510+0000][1021][safepoint   ] Safepoint "Cleanup", Time since last: 1000098402 ns, Reaching safepoint: 7167 ns, Cleanup: 11250 ns, At safepoint: 4625 ns, Total: 23042 ns
[2025-03-14T06:59:40.510+0000][1021][safepoint   ] Safepoint "Cleanup", Time since last: 1000091151 ns, Reaching safepoint: 24583 ns, Cleanup: 14584 ns, At safepoint: 3666 ns, Total: 42833 ns
[2025-03-14T06:59:42.510+0000][1021][safepoint   ] Safepoint "Cleanup", Time since last: 2000141922 ns, Reaching safepoint: 5667 ns, Cleanup: 12791 ns, At safepoint: 4417 ns, Total: 22875 ns
[2025-03-14T06:59:43.510+0000][1021][safepoint   ] Safepoint "Cleanup", Time since last: 1000095313 ns, Reaching safepoint: 11333 ns, Cleanup: 42001 ns, At safepoint: 8958 ns, Total: 62292 ns
[2025-03-14T06:59:44.510+0000][1021][safepoint   ] Safepoint "Cleanup", Time since last: 1000093228 ns, Reaching safepoint: 34000 ns, Cleanup: 13834 ns, At safepoint: 8291 ns, Total: 56125 ns
[2025-03-14T06:59:46.512+0000][1021][safepoint   ] Safepoint "Cleanup", Time since last: 2001621420 ns, Reaching safepoint: 40334 ns, Cleanup: 71709 ns, At safepoint: 22708 ns, Total: 134751 ns
[2025-03-14T06:59:47.514+0000][1021][safepoint   ] Safepoint "Cleanup", Time since last: 1001561734 ns, Reaching safepoint: 39042 ns, Cleanup: 76334 ns, At safepoint: 13250 ns, Total: 128626 ns
[2025-03-14T06:59:49.516+0000][1021][safepoint   ] Safepoint "Cleanup", Time since last: 2001812621 ns, Reaching safepoint: 7208 ns, Cleanup: 23375 ns, At safepoint: 7917 ns, Total: 38500 ns
[2025-03-14T06:59:50.516+0000][1021][safepoint   ] Safepoint "Cleanup", Time since last: 1000092011 ns, Reaching safepoint: 7083 ns, Cleanup: 14167 ns, At safepoint: 4000 ns, Total: 25250 ns
[2025-03-14T06:59:52.517+0000][1021][safepoint   ] Safepoint "Cleanup", Time since last: 2000841939 ns, Reaching safepoint: 6834 ns, Cleanup: 22791 ns, At safepoint: 3292 ns, Total: 32917 ns
[2025-03-14T06:59:55.517+0000][1021][safepoint   ] Safepoint "Cleanup", Time since last: 3000204558 ns, Reaching safepoint: 6916 ns, Cleanup: 8334 ns, At safepoint: 2958 ns, Total: 18208 ns
[2025-03-14T06:59:58.517+0000][1021][safepoint   ] Safepoint "Cleanup", Time since last: 3000230171 ns, Reaching safepoint: 7750 ns, Cleanup: 10084 ns, At safepoint: 4083 ns, Total: 21917 ns
[2025-03-14T07:00:00.517+0000][1021][safepoint   ] Safepoint "Cleanup", Time since last: 2000149831 ns, Reaching safepoint: 22250 ns, Cleanup: 8541 ns, At safepoint: 10959 ns, Total: 41750 ns
[2025-03-14T07:00:01.518+0000][1021][safepoint   ] Safepoint "Cleanup", Time since last: 1000085080 ns, Reaching safepoint: 7250 ns, Cleanup: 11125 ns, At safepoint: 5000 ns, Total: 23375 ns
[2025-03-14T07:00:03.519+0000][1021][safepoint   ] Safepoint "Cleanup", Time since last: 2000859495 ns, Reaching safepoint: 38834 ns, Cleanup: 62500 ns, At safepoint: 24667 ns, Total: 126001 ns
[2025-03-14T07:00:06.521+0000][1021][safepoint   ] Safepoint "Cleanup", Time since last: 3001965239 ns, Reaching safepoint: 273627 ns, Cleanup: 60084 ns, At safepoint: 32708 ns, Total: 366419 ns
[2025-03-14T07:00:07.522+0000][1021][safepoint   ] Safepoint "Cleanup", Time since last: 1000749162 ns, Reaching safepoint: 56584 ns, Cleanup: 23750 ns, At safepoint: 8250 ns, Total: 88584 ns
[2025-03-14T07:00:08.524+0000][1021][safepoint   ] Safepoint "Cleanup", Time since last: 1002047961 ns, Reaching safepoint: 30001 ns, Cleanup: 38291 ns, At safepoint: 9792 ns, Total: 78084 ns
[2025-03-14T07:00:10.525+0000][1021][safepoint   ] Safepoint "Cleanup", Time since last: 2000910481 ns, Reaching safepoint: 7083 ns, Cleanup: 16667 ns, At safepoint: 3083 ns, Total: 26833 ns
[2025-03-14T07:00:11.525+0000][1021][safepoint   ] Safepoint "Cleanup", Time since last: 1000088694 ns, Reaching safepoint: 6334 ns, Cleanup: 10750 ns, At safepoint: 2875 ns, Total: 19959 ns
[2025-03-14T07:00:13.494+0000][1021][gc,start    ] GC(25) Pause Young (Normal) (G1 Evacuation Pause)
[2025-03-14T07:00:13.494+0000][1021][gc,task     ] GC(25) Using 1 workers of 1 for evacuation
[2025-03-14T07:00:13.494+0000][1021][gc,age      ] GC(25) Desired survivor size 77594624 bytes, new threshold 15 (max threshold 15)
[2025-03-14T07:00:13.588+0000][1021][gc,phases   ] GC(25)   Pre Evacuate Collection Set: 1.04ms
[2025-03-14T07:00:13.588+0000][1021][gc,phases   ] GC(25)   Merge Heap Roots: 0.26ms
[2025-03-14T07:00:13.588+0000][1021][gc,phases   ] GC(25)   Evacuate Collection Set: 87.87ms
[2025-03-14T07:00:13.588+0000][1021][gc,phases   ] GC(25)   Post Evacuate Collection Set: 4.49ms
[2025-03-14T07:00:13.588+0000][1021][gc,phases   ] GC(25)   Other: 0.20ms
[2025-03-14T07:00:13.588+0000][1021][gc,age      ] GC(25) Age table with threshold 15 (max threshold 15)
[2025-03-14T07:00:13.588+0000][1021][gc,age      ] GC(25) - age   1:    2416200 bytes,    2416200 total
[2025-03-14T07:00:13.588+0000][1021][gc,age      ] GC(25) - age   2:    2190624 bytes,    4606824 total
[2025-03-14T07:00:13.588+0000][1021][gc,age      ] GC(25) - age   3:       3200 bytes,    4610024 total
[2025-03-14T07:00:13.588+0000][1021][gc,age      ] GC(25) - age   4:      69064 bytes,    4679088 total
[2025-03-14T07:00:13.588+0000][1021][gc,age      ] GC(25) - age   5:    7889144 bytes,   12568232 total
[2025-03-14T07:00:13.588+0000][1021][gc,age      ] GC(25) - age   6:    5340248 bytes,   17908480 total
[2025-03-14T07:00:13.588+0000][1021][gc,age      ] GC(25) - age   7:    6175160 bytes,   24083640 total
[2025-03-14T07:00:13.588+0000][1021][gc,heap     ] GC(25) Eden regions: 286->0(286)
[2025-03-14T07:00:13.588+0000][1021][gc,heap     ] GC(25) Survivor regions: 6->6(37)
[2025-03-14T07:00:13.588+0000][1021][gc,heap     ] GC(25) Old regions: 19->19
[2025-03-14T07:00:13.588+0000][1021][gc,heap     ] GC(25) Humongous regions: 5->5
[2025-03-14T07:00:13.588+0000][1021][gc,metaspace] GC(25) Metaspace: 120567K(123712K)->120567K(123712K) NonClass: 104111K(105856K)->104111K(105856K) Class: 16456K(17856K)->16456K(17856K)
[2025-03-14T07:00:13.588+0000][1021][gc          ] GC(25) Pause Young (Normal) (G1 Evacuation Pause) 1262M->118M(1952M) 94.186ms
[2025-03-14T07:00:13.588+0000][1021][gc,cpu      ] GC(25) User=0.09s Sys=0.00s Real=0.10s
[2025-03-14T07:00:13.593+0000][1021][safepoint   ] Safepoint "G1CollectForAllocation", Time since last: 1968998289 ns, Reaching safepoint: 125209 ns, Cleanup: 22917 ns, At safepoint: 99014871 ns, Total: 99162997 ns
[2025-03-14T07:00:15.595+0000][1021][safepoint   ] Safepoint "Cleanup", Time since last: 2001712392 ns, Reaching safepoint: 4792 ns, Cleanup: 5834 ns, At safepoint: 4791 ns, Total: 15417 ns
[2025-03-14T07:00:16.595+0000][1021][safepoint   ] Safepoint "Cleanup", Time since last: 1000092398 ns, Reaching safepoint: 10750 ns, Cleanup: 14334 ns, At safepoint: 5750 ns, Total: 30834 ns
[2025-03-14T07:00:18.554+0000][1021][safepoint   ] Safepoint "Cleanup", Time since last: 1959147376 ns, Reaching safepoint: 71834 ns, Cleanup: 10500 ns, At safepoint: 6917 ns, Total: 89251 ns
[2025-03-14T07:00:19.555+0000][1021][safepoint   ] Safepoint "Cleanup", Time since last: 1000502398 ns, Reaching safepoint: 7083 ns, Cleanup: 41834 ns, At safepoint: 4917 ns, Total: 53834 ns
[2025-03-14T07:00:23.556+0000][1021][safepoint   ] Safepoint "Cleanup", Time since last: 4001469288 ns, Reaching safepoint: 41709 ns, Cleanup: 58625 ns, At safepoint: 16084 ns, Total: 116418 ns
[2025-03-14T07:00:25.558+0000][1021][safepoint   ] Safepoint "Cleanup", Time since last: 2001751542 ns, Reaching safepoint: 36167 ns, Cleanup: 27334 ns, At safepoint: 13166 ns, Total: 76667 ns
[2025-03-14T07:00:31.561+0000][1021][safepoint   ] Safepoint "Cleanup", Time since last: 6002832342 ns, Reaching safepoint: 20875 ns, Cleanup: 14750 ns, At safepoint: 4375 ns, Total: 40000 ns
[2025-03-14T07:00:33.561+0000][1021][safepoint   ] Safepoint "Cleanup", Time since last: 2000140227 ns, Reaching safepoint: 4750 ns, Cleanup: 7500 ns, At safepoint: 4417 ns, Total: 16667 ns
[2025-03-14T07:00:34.561+0000][1021][safepoint   ] Safepoint "Cleanup", Time since last: 1000095675 ns, Reaching safepoint: 48417 ns, Cleanup: 57584 ns, At safepoint: 8583 ns, Total: 114584 ns
[2025-03-14T07:00:35.561+0000][1021][safepoint   ] Safepoint "Cleanup", Time since last: 1000108217 ns, Reaching safepoint: 6500 ns, Cleanup: 22500 ns, At safepoint: 5708 ns, Total: 34708 ns
[2025-03-14T07:00:36.562+0000][1021][safepoint   ] Safepoint "Cleanup", Time since last: 1000078466 ns, Reaching safepoint: 4916 ns, Cleanup: 9500 ns, At safepoint: 4209 ns, Total: 18625 ns
[2025-03-14T07:00:40.562+0000][1021][safepoint   ] Safepoint "Cleanup", Time since last: 4000299646 ns, Reaching safepoint: 4209 ns, Cleanup: 4375 ns, At safepoint: 4625 ns, Total: 13209 ns
[2025-03-14T07:00:42.563+0000][1021][safepoint   ] Safepoint "Cleanup", Time since last: 2001191847 ns, Reaching safepoint: 11167 ns, Cleanup: 34917 ns, At safepoint: 8292 ns, Total: 54376 ns
[2025-03-14T07:00:43.564+0000][1021][safepoint   ] Safepoint "Cleanup", Time since last: 1000573131 ns, Reaching safepoint: 65917 ns, Cleanup: 46959 ns, At safepoint: 14958 ns, Total: 127834 ns
[2025-03-14T07:00:44.564+0000][1021][safepoint   ] Safepoint "Cleanup", Time since last: 1000352046 ns, Reaching safepoint: 35500 ns, Cleanup: 30417 ns, At safepoint: 19583 ns, Total: 85500 ns
[2025-03-14T07:00:46.565+0000][1021][safepoint   ] Safepoint "Cleanup", Time since last: 2001183843 ns, Reaching safepoint: 6459 ns, Cleanup: 33375 ns, At safepoint: 4708 ns, Total: 44542 ns
[2025-03-14T07:00:54.568+0000][1021][safepoint   ] Safepoint "Cleanup", Time since last: 8002364500 ns, Reaching safepoint: 74417 ns, Cleanup: 22167 ns, At safepoint: 4583 ns, Total: 101167 ns
[2025-03-14T07:00:55.568+0000][1021][safepoint   ] Safepoint "Cleanup", Time since last: 1000097330 ns, Reaching safepoint: 8583 ns, Cleanup: 8167 ns, At safepoint: 5500 ns, Total: 22250 ns
[2025-03-14T07:00:57.568+0000][1021][safepoint   ] Safepoint "Cleanup", Time since last: 2000158699 ns, Reaching safepoint: 4792 ns, Cleanup: 14500 ns, At safepoint: 23125 ns, Total: 42417 ns
[2025-03-14T07:01:00.572+0000][1021][safepoint   ] Safepoint "Cleanup", Time since last: 3000916279 ns, Reaching safepoint: 2585893 ns, Cleanup: 9500 ns, At safepoint: 6667 ns, Total: 2602060 ns
[2025-03-14T07:01:01.572+0000][1021][safepoint   ] Safepoint "Cleanup", Time since last: 1000306120 ns, Reaching safepoint: 38792 ns, Cleanup: 87834 ns, At safepoint: 27208 ns, Total: 153834 ns
[2025-03-14T07:01:03.573+0000][1021][safepoint   ] Safepoint "Cleanup", Time since last: 2000648572 ns, Reaching safepoint: 22042 ns, Cleanup: 20625 ns, At safepoint: 7208 ns, Total: 49875 ns
[2025-03-14T07:01:10.575+0000][1021][safepoint   ] Safepoint "Cleanup", Time since last: 7002143863 ns, Reaching safepoint: 10041 ns, Cleanup: 10376 ns, At safepoint: 27083 ns, Total: 47500 ns
[2025-03-14T07:01:12.575+0000][1021][safepoint   ] Safepoint "Cleanup", Time since last: 2000154853 ns, Reaching safepoint: 4166 ns, Cleanup: 6584 ns, At safepoint: 4416 ns, Total: 15166 ns
[2025-03-14T07:01:18.608+0000][1021][safepoint   ] Safepoint "Cleanup", Time since last: 6032354192 ns, Reaching safepoint: 4750 ns, Cleanup: 25292 ns, At safepoint: 16625 ns, Total: 46667 ns
[2025-03-14T07:01:19.608+0000][1021][safepoint   ] Safepoint "Cleanup", Time since last: 1000401030 ns, Reaching safepoint: 62833 ns, Cleanup: 55876 ns, At safepoint: 21417 ns, Total: 140126 ns
[2025-03-14T07:01:21.609+0000][1021][safepoint   ] Safepoint "Cleanup", Time since last: 2000703891 ns, Reaching safepoint: 9834 ns, Cleanup: 20583 ns, At safepoint: 12959 ns, Total: 43376 ns
[2025-03-14T07:01:22.609+0000][1021][safepoint   ] Safepoint "Cleanup", Time since last: 1000345320 ns, Reaching safepoint: 11250 ns, Cleanup: 17459 ns, At safepoint: 5041 ns, Total: 33750 ns
[2025-03-14T07:01:23.610+0000][1021][safepoint   ] Safepoint "Cleanup", Time since last: 1000120194 ns, Reaching safepoint: 117751 ns, Cleanup: 12208 ns, At safepoint: 11667 ns, Total: 141626 ns
[2025-03-14T07:01:24.611+0000][1021][safepoint   ] Safepoint "Cleanup", Time since last: 1001082116 ns, Reaching safepoint: 4959 ns, Cleanup: 7083 ns, At safepoint: 4542 ns, Total: 16584 ns
[2025-03-14T07:01:25.612+0000][1021][safepoint   ] Safepoint "Cleanup", Time since last: 1000777072 ns, Reaching safepoint: 14875 ns, Cleanup: 11250 ns, At safepoint: 5084 ns, Total: 31209 ns
[2025-03-14T07:01:27.612+0000][1021][safepoint   ] Safepoint "Cleanup", Time since last: 2000150634 ns, Reaching safepoint: 12375 ns, Cleanup: 18000 ns, At safepoint: 4833 ns, Total: 35208 ns
[2025-03-14T07:01:30.612+0000][1021][safepoint   ] Safepoint "Cleanup", Time since last: 3000200449 ns, Reaching safepoint: 4625 ns, Cleanup: 15083 ns, At safepoint: 9876 ns, Total: 29584 ns
[2025-03-14T07:01:31.612+0000][1021][safepoint   ] Safepoint "Cleanup", Time since last: 1000091024 ns, Reaching safepoint: 6583 ns, Cleanup: 14458 ns, At safepoint: 5376 ns, Total: 26417 ns
[2025-03-14T07:01:42.617+0000][1021][safepoint   ] Safepoint "Cleanup", Time since last: 11004582273 ns, Reaching safepoint: 6333 ns, Cleanup: 24459 ns, At safepoint: 7833 ns, Total: 38625 ns
[2025-03-14T07:01:43.619+0000][1021][safepoint   ] Safepoint "Cleanup", Time since last: 1002023952 ns, Reaching safepoint: 9041 ns, Cleanup: 19625 ns, At safepoint: 5625 ns, Total: 34291 ns
[2025-03-14T07:01:46.619+0000][1021][safepoint   ] Safepoint "Cleanup", Time since last: 3000456689 ns, Reaching safepoint: 18416 ns, Cleanup: 15167 ns, At safepoint: 10500 ns, Total: 44083 ns
[2025-03-14T07:01:48.619+0000][1021][safepoint   ] Safepoint "Cleanup", Time since last: 2000172540 ns, Reaching safepoint: 4875 ns, Cleanup: 5334 ns, At safepoint: 4333 ns, Total: 14542 ns
[2025-03-14T07:01:54.621+0000][1021][safepoint   ] Safepoint "Cleanup", Time since last: 6001279037 ns, Reaching safepoint: 9333 ns, Cleanup: 8376 ns, At safepoint: 5083 ns, Total: 22792 ns
[2025-03-14T07:01:55.621+0000][1021][safepoint   ] Safepoint "Cleanup", Time since last: 1000724398 ns, Reaching safepoint: 12292 ns, Cleanup: 10541 ns, At safepoint: 5667 ns, Total: 28500 ns
[2025-03-14T07:01:57.622+0000][1021][safepoint   ] Safepoint "Cleanup", Time since last: 2000624373 ns, Reaching safepoint: 12625 ns, Cleanup: 18500 ns, At safepoint: 9500 ns, Total: 40625 ns
[2025-03-14T07:02:00.625+0000][1021][safepoint   ] Safepoint "Cleanup", Time since last: 3002426610 ns, Reaching safepoint: 36751 ns, Cleanup: 19542 ns, At safepoint: 10125 ns, Total: 66418 ns
[2025-03-14T07:02:01.625+0000][1021][safepoint   ] Safepoint "Cleanup", Time since last: 1000424811 ns, Reaching safepoint: 6750 ns, Cleanup: 14667 ns, At safepoint: 7250 ns, Total: 28667 ns
[2025-03-14T07:02:06.625+0000][1021][safepoint   ] Safepoint "Cleanup", Time since last: 5000327958 ns, Reaching safepoint: 5250 ns, Cleanup: 14001 ns, At safepoint: 5291 ns, Total: 24542 ns
[2025-03-14T07:02:07.626+0000][1021][safepoint   ] Safepoint "Cleanup", Time since last: 1000259893 ns, Reaching safepoint: 6292 ns, Cleanup: 8166 ns, At safepoint: 3500 ns, Total: 17958 ns
[2025-03-14T07:02:09.626+0000][1021][safepoint   ] Safepoint "Cleanup", Time since last: 2000144282 ns, Reaching safepoint: 10292 ns, Cleanup: 7125 ns, At safepoint: 4959 ns, Total: 22376 ns
[2025-03-14T07:02:10.626+0000][1021][safepoint   ] Safepoint "Cleanup", Time since last: 1000057932 ns, Reaching safepoint: 10667 ns, Cleanup: 14250 ns, At safepoint: 4625 ns, Total: 29542 ns
[2025-03-14T07:02:12.626+0000][1021][safepoint   ] Safepoint "Cleanup", Time since last: 2000149698 ns, Reaching safepoint: 30750 ns, Cleanup: 14833 ns, At safepoint: 7667 ns, Total: 53250 ns
[2025-03-14T07:02:13.626+0000][1021][safepoint   ] Safepoint "Cleanup", Time since last: 1000114682 ns, Reaching safepoint: 5334 ns, Cleanup: 7791 ns, At safepoint: 4500 ns, Total: 17625 ns
[2025-03-14T07:02:15.628+0000][1021][safepoint   ] Safepoint "Cleanup", Time since last: 2001207205 ns, Reaching safepoint: 15708 ns, Cleanup: 15209 ns, At safepoint: 11208 ns, Total: 42125 ns
[2025-03-14T07:02:18.669+0000][1021][safepoint   ] Safepoint "Cleanup", Time since last: 3041232042 ns, Reaching safepoint: 7542 ns, Cleanup: 10083 ns, At safepoint: 14167 ns, Total: 31792 ns
[2025-03-14T07:02:22.670+0000][1021][safepoint   ] Safepoint "Cleanup", Time since last: 4000938520 ns, Reaching safepoint: 10667 ns, Cleanup: 11917 ns, At safepoint: 5167 ns, Total: 27751 ns
[2025-03-14T07:02:24.671+0000][1021][safepoint   ] Safepoint "Cleanup", Time since last: 2000910033 ns, Reaching safepoint: 4792 ns, Cleanup: 10375 ns, At safepoint: 5625 ns, Total: 20792 ns
[2025-03-14T07:02:27.671+0000][1021][safepoint   ] Safepoint "Cleanup", Time since last: 3000195290 ns, Reaching safepoint: 6292 ns, Cleanup: 8459 ns, At safepoint: 4750 ns, Total: 19501 ns
[2025-03-14T07:02:36.678+0000][1021][safepoint   ] Safepoint "Cleanup", Time since last: 9006499366 ns, Reaching safepoint: 126251 ns, Cleanup: 37833 ns, At safepoint: 16375 ns, Total: 180459 ns
[2025-03-14T07:02:42.680+0000][1021][safepoint   ] Safepoint "Cleanup", Time since last: 6002204169 ns, Reaching safepoint: 6334 ns, Cleanup: 28375 ns, At safepoint: 5917 ns, Total: 40626 ns
[2025-03-14T07:02:50.682+0000][1021][safepoint   ] Safepoint "Cleanup", Time since last: 8001857185 ns, Reaching safepoint: 76834 ns, Cleanup: 28041 ns, At safepoint: 9459 ns, Total: 114334 ns
[2025-03-14T07:02:55.688+0000][1021][safepoint   ] Safepoint "Cleanup", Time since last: 5005670801 ns, Reaching safepoint: 41708 ns, Cleanup: 29084 ns, At safepoint: 16875 ns, Total: 87667 ns
[2025-03-14T07:03:00.690+0000][1021][safepoint   ] Safepoint "Cleanup", Time since last: 5002790737 ns, Reaching safepoint: 23792 ns, Cleanup: 20458 ns, At safepoint: 12292 ns, Total: 56542 ns
[2025-03-14T07:03:03.691+0000][1021][safepoint   ] Safepoint "Cleanup", Time since last: 3000261782 ns, Reaching safepoint: 33792 ns, Cleanup: 11041 ns, At safepoint: 6625 ns, Total: 51458 ns
[2025-03-14T07:03:06.692+0000][1021][safepoint   ] Safepoint "Cleanup", Time since last: 3000962745 ns, Reaching safepoint: 40708 ns, Cleanup: 20917 ns, At safepoint: 13083 ns, Total: 74708 ns
[2025-03-14T07:03:07.692+0000][1021][safepoint   ] Safepoint "Cleanup", Time since last: 1000120302 ns, Reaching safepoint: 12834 ns, Cleanup: 10458 ns, At safepoint: 5584 ns, Total: 28876 ns
[2025-03-14T07:03:09.692+0000][1021][safepoint   ] Safepoint "Cleanup", Time since last: 2000170478 ns, Reaching safepoint: 5542 ns, Cleanup: 9750 ns, At safepoint: 4958 ns, Total: 20250 ns
[2025-03-14T07:03:10.692+0000][1021][safepoint   ] Safepoint "Cleanup", Time since last: 1000106885 ns, Reaching safepoint: 20376 ns, Cleanup: 13916 ns, At safepoint: 5667 ns, Total: 39959 ns
[2025-03-14T07:03:12.694+0000][1021][safepoint   ] Safepoint "Cleanup", Time since last: 2001363653 ns, Reaching safepoint: 26625 ns, Cleanup: 57251 ns, At safepoint: 12292 ns, Total: 96168 ns
[2025-03-14T07:03:15.696+0000][1021][safepoint   ] Safepoint "Cleanup", Time since last: 3001890374 ns, Reaching safepoint: 37708 ns, Cleanup: 65667 ns, At safepoint: 24209 ns, Total: 127584 ns
[2025-03-14T07:03:17.697+0000][1021][safepoint   ] Safepoint "Cleanup", Time since last: 2000954983 ns, Reaching safepoint: 6125 ns, Cleanup: 31209 ns, At safepoint: 3333 ns, Total: 40667 ns
[2025-03-14T07:03:18.742+0000][1021][safepoint   ] Safepoint "Cleanup", Time since last: 1045095993 ns, Reaching safepoint: 7209 ns, Cleanup: 13042 ns, At safepoint: 4375 ns, Total: 24626 ns
[2025-03-14T07:03:21.742+0000][1021][safepoint   ] Safepoint "Cleanup", Time since last: 3000223569 ns, Reaching safepoint: 32167 ns, Cleanup: 26250 ns, At safepoint: 8042 ns, Total: 66459 ns
[2025-03-14T07:03:22.742+0000][1021][safepoint   ] Safepoint "Cleanup", Time since last: 1000111593 ns, Reaching safepoint: 4750 ns, Cleanup: 6208 ns, At safepoint: 5084 ns, Total: 16042 ns
[2025-03-14T07:03:24.742+0000][1021][safepoint   ] Safepoint "Cleanup", Time since last: 2000147768 ns, Reaching safepoint: 6250 ns, Cleanup: 14000 ns, At safepoint: 4500 ns, Total: 24750 ns
[2025-03-14T07:03:25.743+0000][1021][safepoint   ] Safepoint "Cleanup", Time since last: 1000499096 ns, Reaching safepoint: 6750 ns, Cleanup: 10333 ns, At safepoint: 4208 ns, Total: 21291 ns
[2025-03-14T07:03:27.743+0000][1021][safepoint   ] Safepoint "Cleanup", Time since last: 2000146060 ns, Reaching safepoint: 11917 ns, Cleanup: 18958 ns, At safepoint: 4750 ns, Total: 35625 ns
[2025-03-14T07:03:30.743+0000][1021][safepoint   ] Safepoint "Cleanup", Time since last: 3000214235 ns, Reaching safepoint: 15876 ns, Cleanup: 13833 ns, At safepoint: 5333 ns, Total: 35042 ns
[2025-03-14T07:03:34.746+0000][1021][safepoint   ] Safepoint "Cleanup", Time since last: 4002968763 ns, Reaching safepoint: 32333 ns, Cleanup: 35375 ns, At safepoint: 13209 ns, Total: 80917 ns
[2025-03-14T07:03:36.748+0000][1021][safepoint   ] Safepoint "Cleanup", Time since last: 2001409484 ns, Reaching safepoint: 5667 ns, Cleanup: 15667 ns, At safepoint: 6083 ns, Total: 27417 ns
[2025-03-14T07:03:37.750+0000][1021][safepoint   ] Safepoint "Cleanup", Time since last: 1001805521 ns, Reaching safepoint: 8500 ns, Cleanup: 15417 ns, At safepoint: 5750 ns, Total: 29667 ns
[2025-03-14T07:03:42.751+0000][1021][safepoint   ] Safepoint "Cleanup", Time since last: 5000868962 ns, Reaching safepoint: 5334 ns, Cleanup: 15250 ns, At safepoint: 4958 ns, Total: 25542 ns
[2025-03-14T07:03:45.751+0000][1021][safepoint   ] Safepoint "Cleanup", Time since last: 3000189942 ns, Reaching safepoint: 8333 ns, Cleanup: 11292 ns, At safepoint: 5583 ns, Total: 25208 ns
[2025-03-14T07:03:48.752+0000][1021][safepoint   ] Safepoint "Cleanup", Time since last: 3000923822 ns, Reaching safepoint: 9500 ns, Cleanup: 13291 ns, At safepoint: 8042 ns, Total: 30833 ns
[2025-03-14T07:03:54.758+0000][1021][safepoint   ] Safepoint "Cleanup", Time since last: 6005995879 ns, Reaching safepoint: 10709 ns, Cleanup: 12375 ns, At safepoint: 6667 ns, Total: 29751 ns
[2025-03-14T07:03:57.759+0000][1021][safepoint   ] Safepoint "Cleanup", Time since last: 3001207030 ns, Reaching safepoint: 9042 ns, Cleanup: 12042 ns, At safepoint: 5458 ns, Total: 26542 ns
[2025-03-14T07:03:58.759+0000][1021][safepoint   ] Safepoint "Cleanup", Time since last: 1000110092 ns, Reaching safepoint: 12000 ns, Cleanup: 11792 ns, At safepoint: 14791 ns, Total: 38583 ns
[2025-03-14T07:04:00.759+0000][1021][safepoint   ] Safepoint "Cleanup", Time since last: 2000157183 ns, Reaching safepoint: 6417 ns, Cleanup: 11833 ns, At safepoint: 5542 ns, Total: 23792 ns
[2025-03-14T07:04:02.760+0000][1021][safepoint   ] Safepoint "Cleanup", Time since last: 2000156765 ns, Reaching safepoint: 11250 ns, Cleanup: 8792 ns, At safepoint: 5584 ns, Total: 25626 ns
[2025-03-14T07:04:03.760+0000][1021][safepoint   ] Safepoint "Cleanup", Time since last: 1000080966 ns, Reaching safepoint: 6416 ns, Cleanup: 8875 ns, At safepoint: 4667 ns, Total: 19958 ns
[2025-03-14T07:04:06.761+0000][1021][safepoint   ] Safepoint "Cleanup", Time since last: 3001092196 ns, Reaching safepoint: 11750 ns, Cleanup: 14334 ns, At safepoint: 5291 ns, Total: 31375 ns
[2025-03-14T07:04:07.762+0000][1021][safepoint   ] Safepoint "Cleanup", Time since last: 1000823722 ns, Reaching safepoint: 38875 ns, Cleanup: 33375 ns, At safepoint: 43584 ns, Total: 115834 ns
[2025-03-14T07:04:08.763+0000][1021][safepoint   ] Safepoint "Cleanup", Time since last: 1001323683 ns, Reaching safepoint: 43125 ns, Cleanup: 54376 ns, At safepoint: 16000 ns, Total: 113501 ns
[2025-03-14T07:04:09.764+0000][1021][safepoint   ] Safepoint "Cleanup", Time since last: 1000336842 ns, Reaching safepoint: 29251 ns, Cleanup: 23083 ns, At safepoint: 10959 ns, Total: 63293 ns
[2025-03-14T07:04:10.766+0000][1021][safepoint   ] Safepoint "Cleanup", Time since last: 1001934895 ns, Reaching safepoint: 10500 ns, Cleanup: 26709 ns, At safepoint: 9250 ns, Total: 46459 ns
[2025-03-14T07:04:12.766+0000][1021][safepoint   ] Safepoint "Cleanup", Time since last: 2000238474 ns, Reaching safepoint: 4958 ns, Cleanup: 11750 ns, At safepoint: 3417 ns, Total: 20125 ns
[2025-03-14T07:04:18.826+0000][1021][safepoint   ] Safepoint "Cleanup", Time since last: 6060164383 ns, Reaching safepoint: 10583 ns, Cleanup: 15292 ns, At safepoint: 5500 ns, Total: 31375 ns
[2025-03-14T07:04:20.826+0000][1021][safepoint   ] Safepoint "Cleanup", Time since last: 2000147931 ns, Reaching safepoint: 6542 ns, Cleanup: 10833 ns, At safepoint: 4459 ns, Total: 21834 ns
[2025-03-14T07:04:21.826+0000][1021][safepoint   ] Safepoint "Cleanup", Time since last: 1000095007 ns, Reaching safepoint: 6250 ns, Cleanup: 28126 ns, At safepoint: 4500 ns, Total: 38876 ns
[2025-03-14T07:04:24.827+0000][1021][safepoint   ] Safepoint "Cleanup", Time since last: 3000217896 ns, Reaching safepoint: 24376 ns, Cleanup: 20125 ns, At safepoint: 8125 ns, Total: 52626 ns
[2025-03-14T07:04:27.830+0000][1021][safepoint   ] Safepoint "Cleanup", Time since last: 3002986708 ns, Reaching safepoint: 34583 ns, Cleanup: 20001 ns, At safepoint: 9875 ns, Total: 64459 ns
[2025-03-14T07:04:28.830+0000][1021][safepoint   ] Safepoint "Cleanup", Time since last: 1000344592 ns, Reaching safepoint: 36625 ns, Cleanup: 27001 ns, At safepoint: 15541 ns, Total: 79167 ns
[2025-03-14T07:04:30.831+0000][1021][safepoint   ] Safepoint "Cleanup", Time since last: 2000865561 ns, Reaching safepoint: 34042 ns, Cleanup: 35501 ns, At safepoint: 11791 ns, Total: 81334 ns
[2025-03-14T07:04:33.833+0000][1021][safepoint   ] Safepoint "Cleanup", Time since last: 3001761199 ns, Reaching safepoint: 16334 ns, Cleanup: 9875 ns, At safepoint: 4833 ns, Total: 31042 ns
[2025-03-14T07:04:34.687+0000][1021][gc,start    ] GC(26) Pause Young (Normal) (G1 Evacuation Pause)
[2025-03-14T07:04:34.687+0000][1021][gc,task     ] GC(26) Using 1 workers of 1 for evacuation
[2025-03-14T07:04:34.687+0000][1021][gc,age      ] GC(26) Desired survivor size 77594624 bytes, new threshold 15 (max threshold 15)
[2025-03-14T07:04:34.770+0000][1021][gc,phases   ] GC(26)   Pre Evacuate Collection Set: 0.49ms
[2025-03-14T07:04:34.770+0000][1021][gc,phases   ] GC(26)   Merge Heap Roots: 0.15ms
[2025-03-14T07:04:34.770+0000][1021][gc,phases   ] GC(26)   Evacuate Collection Set: 78.79ms
[2025-03-14T07:04:34.770+0000][1021][gc,phases   ] GC(26)   Post Evacuate Collection Set: 3.66ms
[2025-03-14T07:04:34.770+0000][1021][gc,phases   ] GC(26)   Other: 0.12ms
[2025-03-14T07:04:34.770+0000][1021][gc,age      ] GC(26) Age table with threshold 15 (max threshold 15)
[2025-03-14T07:04:34.770+0000][1021][gc,age      ] GC(26) - age   1:    1514480 bytes,    1514480 total
[2025-03-14T07:04:34.770+0000][1021][gc,age      ] GC(26) - age   2:    1130520 bytes,    2645000 total
[2025-03-14T07:04:34.770+0000][1021][gc,age      ] GC(26) - age   3:    2096536 bytes,    4741536 total
[2025-03-14T07:04:34.770+0000][1021][gc,age      ] GC(26) - age   4:       3200 bytes,    4744736 total
[2025-03-14T07:04:34.770+0000][1021][gc,age      ] GC(26) - age   5:      69064 bytes,    4813800 total
[2025-03-14T07:04:34.770+0000][1021][gc,age      ] GC(26) - age   6:    7889016 bytes,   12702816 total
[2025-03-14T07:04:34.770+0000][1021][gc,age      ] GC(26) - age   7:    5312360 bytes,   18015176 total
[2025-03-14T07:04:34.770+0000][1021][gc,age      ] GC(26) - age   8:    6175160 bytes,   24190336 total
[2025-03-14T07:04:34.770+0000][1021][gc,heap     ] GC(26) Eden regions: 286->0(286)
[2025-03-14T07:04:34.770+0000][1021][gc,heap     ] GC(26) Survivor regions: 6->6(37)
[2025-03-14T07:04:34.770+0000][1021][gc,heap     ] GC(26) Old regions: 19->19
[2025-03-14T07:04:34.770+0000][1021][gc,heap     ] GC(26) Humongous regions: 5->5
[2025-03-14T07:04:34.770+0000][1021][gc,metaspace] GC(26) Metaspace: 120982K(124160K)->120982K(124160K) NonClass: 104522K(106240K)->104522K(106240K) Class: 16460K(17920K)->16460K(17920K)
[2025-03-14T07:04:34.771+0000][1021][gc          ] GC(26) Pause Young (Normal) (G1 Evacuation Pause) 1262M->118M(1952M) 83.440ms
[2025-03-14T07:04:34.771+0000][1021][gc,cpu      ] GC(26) User=0.08s Sys=0.00s Real=0.08s
[2025-03-14T07:04:34.771+0000][1021][safepoint   ] Safepoint "G1CollectForAllocation", Time since last: 854216229 ns, Reaching safepoint: 4834 ns, Cleanup: 2750 ns, At safepoint: 83644923 ns, Total: 83652507 ns
[2025-03-14T07:04:36.773+0000][1021][safepoint   ] Safepoint "Cleanup", Time since last: 2002054444 ns, Reaching safepoint: 16375 ns, Cleanup: 19250 ns, At safepoint: 5834 ns, Total: 41459 ns
[2025-03-14T07:04:42.774+0000][1021][safepoint   ] Safepoint "Cleanup", Time since last: 6001562258 ns, Reaching safepoint: 10083 ns, Cleanup: 22167 ns, At safepoint: 3792 ns, Total: 36042 ns
[2025-03-14T07:04:51.782+0000][1021][safepoint   ] Safepoint "Cleanup", Time since last: 9007533444 ns, Reaching safepoint: 25334 ns, Cleanup: 21250 ns, At safepoint: 10375 ns, Total: 56959 ns
[2025-03-14T07:04:54.783+0000][1021][safepoint   ] Safepoint "Cleanup", Time since last: 3000887067 ns, Reaching safepoint: 10500 ns, Cleanup: 24667 ns, At safepoint: 5583 ns, Total: 40750 ns
[2025-03-14T07:04:55.783+0000][1021][safepoint   ] Safepoint "Cleanup", Time since last: 1000080840 ns, Reaching safepoint: 9542 ns, Cleanup: 10292 ns, At safepoint: 5625 ns, Total: 25459 ns
[2025-03-14T07:04:57.783+0000][1021][safepoint   ] Safepoint "Cleanup", Time since last: 2000159139 ns, Reaching safepoint: 6000 ns, Cleanup: 14458 ns, At safepoint: 3167 ns, Total: 23625 ns
[2025-03-14T07:04:58.783+0000][1021][safepoint   ] Safepoint "Cleanup", Time since last: 1000086423 ns, Reaching safepoint: 7167 ns, Cleanup: 12000 ns, At safepoint: 4834 ns, Total: 24001 ns
[2025-03-14T07:05:06.787+0000][1021][safepoint   ] Safepoint "Cleanup", Time since last: 8003896869 ns, Reaching safepoint: 29917 ns, Cleanup: 22041 ns, At safepoint: 14501 ns, Total: 66459 ns
[2025-03-14T07:05:07.788+0000][1021][safepoint   ] Safepoint "Cleanup", Time since last: 1000443884 ns, Reaching safepoint: 54250 ns, Cleanup: 15125 ns, At safepoint: 18709 ns, Total: 88084 ns
[2025-03-14T07:05:12.789+0000][1021][safepoint   ] Safepoint "Cleanup", Time since last: 5001218623 ns, Reaching safepoint: 27125 ns, Cleanup: 34375 ns, At safepoint: 9084 ns, Total: 70584 ns
[2025-03-14T07:05:13.789+0000][1021][safepoint   ] Safepoint "Cleanup", Time since last: 1000155548 ns, Reaching safepoint: 7167 ns, Cleanup: 10000 ns, At safepoint: 4917 ns, Total: 22084 ns
[2025-03-14T07:05:18.900+0000][1021][safepoint   ] Safepoint "Cleanup", Time since last: 5110469892 ns, Reaching safepoint: 79251 ns, Cleanup: 10792 ns, At safepoint: 6416 ns, Total: 96459 ns
[2025-03-14T07:05:21.900+0000][1021][safepoint   ] Safepoint "Cleanup", Time since last: 3000204604 ns, Reaching safepoint: 22583 ns, Cleanup: 15792 ns, At safepoint: 5792 ns, Total: 44167 ns
[2025-03-14T07:05:27.903+0000][1021][safepoint   ] Safepoint "Cleanup", Time since last: 6002657180 ns, Reaching safepoint: 39000 ns, Cleanup: 14167 ns, At safepoint: 8000 ns, Total: 61167 ns
[2025-03-14T07:05:30.904+0000][1021][safepoint   ] Safepoint "Cleanup", Time since last: 3001052775 ns, Reaching safepoint: 7875 ns, Cleanup: 51542 ns, At safepoint: 5917 ns, Total: 65334 ns
[2025-03-14T07:05:31.904+0000][1021][safepoint   ] Safepoint "Cleanup", Time since last: 1000091340 ns, Reaching safepoint: 6583 ns, Cleanup: 9500 ns, At safepoint: 4751 ns, Total: 20834 ns
[2025-03-14T07:05:33.904+0000][1021][safepoint   ] Safepoint "Cleanup", Time since last: 2000151429 ns, Reaching safepoint: 8667 ns, Cleanup: 19125 ns, At safepoint: 5250 ns, Total: 33042 ns
[2025-03-14T07:05:36.904+0000][1021][safepoint   ] Safepoint "Cleanup", Time since last: 3000225686 ns, Reaching safepoint: 14042 ns, Cleanup: 10167 ns, At safepoint: 11583 ns, Total: 35792 ns
[2025-03-14T07:05:40.906+0000][1021][safepoint   ] Safepoint "Cleanup", Time since last: 4001604744 ns, Reaching safepoint: 84250 ns, Cleanup: 47251 ns, At safepoint: 21542 ns, Total: 153043 ns
[2025-03-14T07:05:42.908+0000][1021][safepoint   ] Safepoint "Cleanup", Time since last: 2001743315 ns, Reaching safepoint: 38459 ns, Cleanup: 63709 ns, At safepoint: 17333 ns, Total: 119501 ns
[2025-03-14T07:05:45.910+0000][1021][safepoint   ] Safepoint "Cleanup", Time since last: 3001640238 ns, Reaching safepoint: 6417 ns, Cleanup: 11625 ns, At safepoint: 4125 ns, Total: 22167 ns
[2025-03-14T07:05:48.912+0000][1021][safepoint   ] Safepoint "Cleanup", Time since last: 3001978407 ns, Reaching safepoint: 7166 ns, Cleanup: 10000 ns, At safepoint: 5084 ns, Total: 22250 ns
[2025-03-14T07:05:50.912+0000][1021][safepoint   ] Safepoint "Cleanup", Time since last: 2000155471 ns, Reaching safepoint: 17292 ns, Cleanup: 10083 ns, At safepoint: 5875 ns, Total: 33250 ns
[2025-03-14T07:05:52.912+0000][1021][safepoint   ] Safepoint "Cleanup", Time since last: 2000181805 ns, Reaching safepoint: 21458 ns, Cleanup: 16501 ns, At safepoint: 15166 ns, Total: 53125 ns
[2025-03-14T07:05:54.912+0000][1021][safepoint   ] Safepoint "Cleanup", Time since last: 2000212139 ns, Reaching safepoint: 9416 ns, Cleanup: 10750 ns, At safepoint: 5376 ns, Total: 25542 ns
[2025-03-14T07:05:57.913+0000][1021][safepoint   ] Safepoint "Cleanup", Time since last: 3000543646 ns, Reaching safepoint: 7208 ns, Cleanup: 16334 ns, At safepoint: 4958 ns, Total: 28500 ns
[2025-03-14T07:05:58.914+0000][1021][safepoint   ] Safepoint "Cleanup", Time since last: 1000546552 ns, Reaching safepoint: 14250 ns, Cleanup: 19875 ns, At safepoint: 11542 ns, Total: 45667 ns
[2025-03-14T07:06:00.915+0000][1021][safepoint   ] Safepoint "Cleanup", Time since last: 2001046727 ns, Reaching safepoint: 33667 ns, Cleanup: 34959 ns, At safepoint: 9583 ns, Total: 78209 ns
[2025-03-14T07:06:06.918+0000][1021][safepoint   ] Safepoint "Cleanup", Time since last: 6003505393 ns, Reaching safepoint: 73792 ns, Cleanup: 16334 ns, At safepoint: 8375 ns, Total: 98501 ns
[2025-03-14T07:06:07.918+0000][1021][safepoint   ] Safepoint "Cleanup", Time since last: 1000131132 ns, Reaching safepoint: 9166 ns, Cleanup: 26375 ns, At safepoint: 6126 ns, Total: 41667 ns
[2025-03-14T07:06:14.920+0000][1021][safepoint   ] Safepoint "Cleanup", Time since last: 7001368883 ns, Reaching safepoint: 10625 ns, Cleanup: 18834 ns, At safepoint: 6083 ns, Total: 35542 ns
[2025-03-14T07:06:15.920+0000][1021][safepoint   ] Safepoint "Cleanup", Time since last: 1000117715 ns, Reaching safepoint: 9917 ns, Cleanup: 17833 ns, At safepoint: 8250 ns, Total: 36000 ns
[2025-03-14T07:06:18.969+0000][1021][safepoint   ] Safepoint "Cleanup", Time since last: 3048790444 ns, Reaching safepoint: 51584 ns, Cleanup: 31750 ns, At safepoint: 22708 ns, Total: 106042 ns
[2025-03-14T07:06:32.975+0000][1021][safepoint   ] Safepoint "Cleanup", Time since last: 14005774468 ns, Reaching safepoint: 30166 ns, Cleanup: 30167 ns, At safepoint: 5958 ns, Total: 66291 ns
[2025-03-14T07:06:33.975+0000][1021][safepoint   ] Safepoint "Cleanup", Time since last: 1000169724 ns, Reaching safepoint: 5417 ns, Cleanup: 14375 ns, At safepoint: 4750 ns, Total: 24542 ns
[2025-03-14T07:06:36.976+0000][1021][safepoint   ] Safepoint "Cleanup", Time since last: 3000794226 ns, Reaching safepoint: 11917 ns, Cleanup: 11291 ns, At safepoint: 11875 ns, Total: 35083 ns
[2025-03-14T07:06:38.977+0000][1021][safepoint   ] Safepoint "Cleanup", Time since last: 2001045797 ns, Reaching safepoint: 39374 ns, Cleanup: 35292 ns, At safepoint: 29375 ns, Total: 104041 ns
[2025-03-14T07:06:39.977+0000][1021][safepoint   ] Safepoint "Cleanup", Time since last: 1000316985 ns, Reaching safepoint: 16417 ns, Cleanup: 62083 ns, At safepoint: 15958 ns, Total: 94458 ns
[2025-03-14T07:06:40.978+0000][1021][safepoint   ] Safepoint "Cleanup", Time since last: 1000657943 ns, Reaching safepoint: 23625 ns, Cleanup: 22125 ns, At safepoint: 11208 ns, Total: 56958 ns
[2025-03-14T07:06:42.979+0000][1021][safepoint   ] Safepoint "Cleanup", Time since last: 2000653436 ns, Reaching safepoint: 26875 ns, Cleanup: 26250 ns, At safepoint: 5333 ns, Total: 58458 ns
[2025-03-14T07:06:44.981+0000][1021][safepoint   ] Safepoint "Cleanup", Time since last: 2001944016 ns, Reaching safepoint: 7250 ns, Cleanup: 9958 ns, At safepoint: 4584 ns, Total: 21792 ns
[2025-03-14T07:06:45.981+0000][1021][safepoint   ] Safepoint "Cleanup", Time since last: 1000088201 ns, Reaching safepoint: 7208 ns, Cleanup: 11542 ns, At safepoint: 5208 ns, Total: 23958 ns
[2025-03-14T07:06:46.981+0000][1021][safepoint   ] Safepoint "Cleanup", Time since last: 1000091660 ns, Reaching safepoint: 6542 ns, Cleanup: 11875 ns, At safepoint: 4208 ns, Total: 22625 ns
[2025-03-14T07:06:48.981+0000][1021][safepoint   ] Safepoint "Cleanup", Time since last: 2000147029 ns, Reaching safepoint: 12416 ns, Cleanup: 14417 ns, At safepoint: 5792 ns, Total: 32625 ns
[2025-03-14T07:06:49.981+0000][1021][safepoint   ] Safepoint "Cleanup", Time since last: 1000107827 ns, Reaching safepoint: 42333 ns, Cleanup: 13125 ns, At safepoint: 7750 ns, Total: 63208 ns
[2025-03-14T07:06:50.981+0000][1021][safepoint   ] Safepoint "Cleanup", Time since last: 1000085868 ns, Reaching safepoint: 6666 ns, Cleanup: 22042 ns, At safepoint: 5333 ns, Total: 34041 ns
[2025-03-14T07:06:52.982+0000][1021][safepoint   ] Safepoint "Cleanup", Time since last: 2000151902 ns, Reaching safepoint: 7292 ns, Cleanup: 14042 ns, At safepoint: 6708 ns, Total: 28042 ns
[2025-03-14T07:06:54.982+0000][1021][safepoint   ] Safepoint "Cleanup", Time since last: 2000282565 ns, Reaching safepoint: 33875 ns, Cleanup: 37792 ns, At safepoint: 17416 ns, Total: 89083 ns
[2025-03-14T07:07:00.990+0000][1021][safepoint   ] Safepoint "Cleanup", Time since last: 6007430843 ns, Reaching safepoint: 35625 ns, Cleanup: 29249 ns, At safepoint: 12750 ns, Total: 77624 ns
[2025-03-14T07:07:06.990+0000][1021][safepoint   ] Safepoint "Cleanup", Time since last: 6000594140 ns, Reaching safepoint: 42416 ns, Cleanup: 14500 ns, At safepoint: 10542 ns, Total: 67458 ns
[2025-03-14T07:07:07.990+0000][1021][safepoint   ] Safepoint "Cleanup", Time since last: 1000124590 ns, Reaching safepoint: 5375 ns, Cleanup: 9250 ns, At safepoint: 4333 ns, Total: 18958 ns
[2025-03-14T07:07:09.990+0000][1021][safepoint   ] Safepoint "Cleanup", Time since last: 2000140838 ns, Reaching safepoint: 6834 ns, Cleanup: 17083 ns, At safepoint: 4666 ns, Total: 28583 ns
[2025-03-14T07:07:10.991+0000][1021][safepoint   ] Safepoint "Cleanup", Time since last: 1000087373 ns, Reaching safepoint: 32666 ns, Cleanup: 12542 ns, At safepoint: 4625 ns, Total: 49833 ns
[2025-03-14T07:07:19.059+0000][1021][safepoint   ] Safepoint "Cleanup", Time since last: 8067759247 ns, Reaching safepoint: 46291 ns, Cleanup: 82208 ns, At safepoint: 19792 ns, Total: 148291 ns
[2025-03-14T07:07:20.059+0000][1021][safepoint   ] Safepoint "Cleanup", Time since last: 1000650169 ns, Reaching safepoint: 32500 ns, Cleanup: 9958 ns, At safepoint: 4167 ns, Total: 46625 ns
[2025-03-14T07:07:21.059+0000][1021][safepoint   ] Safepoint "Cleanup", Time since last: 1000092416 ns, Reaching safepoint: 10209 ns, Cleanup: 11333 ns, At safepoint: 3958 ns, Total: 25500 ns
[2025-03-14T07:07:22.059+0000][1021][safepoint   ] Safepoint "Cleanup", Time since last: 1000104745 ns, Reaching safepoint: 6500 ns, Cleanup: 9167 ns, At safepoint: 3208 ns, Total: 18875 ns
[2025-03-14T07:07:23.060+0000][1021][safepoint   ] Safepoint "Cleanup", Time since last: 1000110073 ns, Reaching safepoint: 28833 ns, Cleanup: 25625 ns, At safepoint: 4542 ns, Total: 59000 ns
[2025-03-14T07:07:25.060+0000][1021][safepoint   ] Safepoint "Cleanup", Time since last: 2000153088 ns, Reaching safepoint: 6792 ns, Cleanup: 10458 ns, At safepoint: 3167 ns, Total: 20417 ns
[2025-03-14T07:07:26.060+0000][1021][safepoint   ] Safepoint "Cleanup", Time since last: 1000088765 ns, Reaching safepoint: 15750 ns, Cleanup: 22083 ns, At safepoint: 4834 ns, Total: 42667 ns
[2025-03-14T07:07:31.060+0000][1021][safepoint   ] Safepoint "Cleanup", Time since last: 5000334613 ns, Reaching safepoint: 16208 ns, Cleanup: 8792 ns, At safepoint: 4291 ns, Total: 29291 ns
[2025-03-14T07:07:34.062+0000][1021][safepoint   ] Safepoint "Cleanup", Time since last: 3001588996 ns, Reaching safepoint: 26791 ns, Cleanup: 59542 ns, At safepoint: 19333 ns, Total: 105666 ns
[2025-03-14T07:07:37.065+0000][1021][safepoint   ] Safepoint "Cleanup", Time since last: 3003128138 ns, Reaching safepoint: 27333 ns, Cleanup: 17250 ns, At safepoint: 7375 ns, Total: 51958 ns
[2025-03-14T07:07:41.066+0000][1021][safepoint   ] Safepoint "Cleanup", Time since last: 4000702498 ns, Reaching safepoint: 194749 ns, Cleanup: 84667 ns, At safepoint: 13166 ns, Total: 292582 ns
[2025-03-14T07:07:43.066+0000][1021][safepoint   ] Safepoint "Cleanup", Time since last: 2000273224 ns, Reaching safepoint: 6917 ns, Cleanup: 29333 ns, At safepoint: 2917 ns, Total: 39167 ns
[2025-03-14T07:07:46.067+0000][1021][safepoint   ] Safepoint "Cleanup", Time since last: 3000573108 ns, Reaching safepoint: 127708 ns, Cleanup: 32000 ns, At safepoint: 8542 ns, Total: 168250 ns
[2025-03-14T07:07:55.072+0000][1021][safepoint   ] Safepoint "Cleanup", Time since last: 9004274601 ns, Reaching safepoint: 124500 ns, Cleanup: 125833 ns, At safepoint: 25125 ns, Total: 275458 ns
[2025-03-14T07:08:01.078+0000][1021][safepoint   ] Safepoint "Cleanup", Time since last: 6005788512 ns, Reaching safepoint: 10458 ns, Cleanup: 8250 ns, At safepoint: 3833 ns, Total: 22541 ns
[2025-03-14T07:08:07.078+0000][1021][safepoint   ] Safepoint "Cleanup", Time since last: 6000359823 ns, Reaching safepoint: 96875 ns, Cleanup: 25333 ns, At safepoint: 7417 ns, Total: 129625 ns
[2025-03-14T07:08:08.078+0000][1021][safepoint   ] Safepoint "Cleanup", Time since last: 1000171370 ns, Reaching safepoint: 6041 ns, Cleanup: 12959 ns, At safepoint: 2833 ns, Total: 21833 ns
[2025-03-14T07:08:10.078+0000][1021][safepoint   ] Safepoint "Cleanup", Time since last: 2000150081 ns, Reaching safepoint: 9417 ns, Cleanup: 12417 ns, At safepoint: 4458 ns, Total: 26292 ns
[2025-03-14T07:08:11.079+0000][1021][safepoint   ] Safepoint "Cleanup", Time since last: 1000097961 ns, Reaching safepoint: 7667 ns, Cleanup: 13208 ns, At safepoint: 4542 ns, Total: 25417 ns
[2025-03-14T07:08:13.080+0000][1021][safepoint   ] Safepoint "Cleanup", Time since last: 2001230885 ns, Reaching safepoint: 10167 ns, Cleanup: 15417 ns, At safepoint: 4750 ns, Total: 30334 ns
[2025-03-14T07:08:20.143+0000][1021][safepoint   ] Safepoint "Cleanup", Time since last: 7063244072 ns, Reaching safepoint: 6625 ns, Cleanup: 9167 ns, At safepoint: 3291 ns, Total: 19083 ns
[2025-03-14T07:08:21.143+0000][1021][safepoint   ] Safepoint "Cleanup", Time since last: 1000090218 ns, Reaching safepoint: 7583 ns, Cleanup: 9084 ns, At safepoint: 4833 ns, Total: 21500 ns
[2025-03-14T07:08:22.143+0000][1021][safepoint   ] Safepoint "Cleanup", Time since last: 1000087122 ns, Reaching safepoint: 21958 ns, Cleanup: 10333 ns, At safepoint: 5250 ns, Total: 37541 ns
[2025-03-14T07:08:25.144+0000][1021][safepoint   ] Safepoint "Cleanup", Time since last: 3000210913 ns, Reaching safepoint: 12500 ns, Cleanup: 10042 ns, At safepoint: 8333 ns, Total: 30875 ns
[2025-03-14T07:08:32.149+0000][1021][safepoint   ] Safepoint "Cleanup", Time since last: 7004845868 ns, Reaching safepoint: 38208 ns, Cleanup: 34375 ns, At safepoint: 11625 ns, Total: 84208 ns
[2025-03-14T07:08:43.151+0000][1021][safepoint   ] Safepoint "Cleanup", Time since last: 11002237270 ns, Reaching safepoint: 52209 ns, Cleanup: 24416 ns, At safepoint: 5875 ns, Total: 82500 ns
[2025-03-14T07:08:47.152+0000][1021][safepoint   ] Safepoint "Cleanup", Time since last: 4001026336 ns, Reaching safepoint: 6708 ns, Cleanup: 10542 ns, At safepoint: 3167 ns, Total: 20417 ns
[2025-03-14T07:08:55.160+0000][1021][safepoint   ] Safepoint "Cleanup", Time since last: 8007852833 ns, Reaching safepoint: 9250 ns, Cleanup: 11083 ns, At safepoint: 4292 ns, Total: 24625 ns
[2025-03-14T07:08:55.268+0000][1021][gc,start    ] GC(27) Pause Young (Normal) (G1 Evacuation Pause)
[2025-03-14T07:08:55.268+0000][1021][gc,task     ] GC(27) Using 1 workers of 1 for evacuation
[2025-03-14T07:08:55.268+0000][1021][gc,age      ] GC(27) Desired survivor size 77594624 bytes, new threshold 15 (max threshold 15)
[2025-03-14T07:08:55.351+0000][1021][gc,phases   ] GC(27)   Pre Evacuate Collection Set: 0.44ms
[2025-03-14T07:08:55.351+0000][1021][gc,phases   ] GC(27)   Merge Heap Roots: 0.18ms
[2025-03-14T07:08:55.351+0000][1021][gc,phases   ] GC(27)   Evacuate Collection Set: 78.02ms
[2025-03-14T07:08:55.351+0000][1021][gc,phases   ] GC(27)   Post Evacuate Collection Set: 3.94ms
[2025-03-14T07:08:55.351+0000][1021][gc,phases   ] GC(27)   Other: 0.11ms
[2025-03-14T07:08:55.351+0000][1021][gc,age      ] GC(27) Age table with threshold 15 (max threshold 15)
[2025-03-14T07:08:55.351+0000][1021][gc,age      ] GC(27) - age   1:    1314608 bytes,    1314608 total
[2025-03-14T07:08:55.351+0000][1021][gc,age      ] GC(27) - age   2:     234792 bytes,    1549400 total
[2025-03-14T07:08:55.351+0000][1021][gc,age      ] GC(27) - age   3:    1126616 bytes,    2676016 total
[2025-03-14T07:08:55.351+0000][1021][gc,age      ] GC(27) - age   4:    2096472 bytes,    4772488 total
[2025-03-14T07:08:55.351+0000][1021][gc,age      ] GC(27) - age   5:       3200 bytes,    4775688 total
[2025-03-14T07:08:55.351+0000][1021][gc,age      ] GC(27) - age   6:      69064 bytes,    4844752 total
[2025-03-14T07:08:55.351+0000][1021][gc,age      ] GC(27) - age   7:    7889016 bytes,   12733768 total
[2025-03-14T07:08:55.351+0000][1021][gc,age      ] GC(27) - age   8:    5312360 bytes,   18046128 total
[2025-03-14T07:08:55.351+0000][1021][gc,age      ] GC(27) - age   9:    6175160 bytes,   24221288 total
[2025-03-14T07:08:55.351+0000][1021][gc,heap     ] GC(27) Eden regions: 286->0(286)
[2025-03-14T07:08:55.351+0000][1021][gc,heap     ] GC(27) Survivor regions: 6->6(37)
[2025-03-14T07:08:55.351+0000][1021][gc,heap     ] GC(27) Old regions: 19->19
[2025-03-14T07:08:55.351+0000][1021][gc,heap     ] GC(27) Humongous regions: 5->5
[2025-03-14T07:08:55.351+0000][1021][gc,metaspace] GC(27) Metaspace: 121168K(124416K)->121168K(124416K) NonClass: 104703K(106496K)->104703K(106496K) Class: 16464K(17920K)->16464K(17920K)
[2025-03-14T07:08:55.351+0000][1021][gc          ] GC(27) Pause Young (Normal) (G1 Evacuation Pause) 1262M->118M(1952M) 82.844ms
[2025-03-14T07:08:55.351+0000][1021][gc,cpu      ] GC(27) User=0.08s Sys=0.00s Real=0.08s
[2025-03-14T07:08:55.351+0000][1021][safepoint   ] Safepoint "G1CollectForAllocation", Time since last: 108174776 ns, Reaching safepoint: 4208 ns, Cleanup: 2500 ns, At safepoint: 83341423 ns, Total: 83348131 ns
[2025-03-14T07:09:01.353+0000][1021][safepoint   ] Safepoint "Cleanup", Time since last: 6001454916 ns, Reaching safepoint: 17709 ns, Cleanup: 15791 ns, At safepoint: 5875 ns, Total: 39375 ns
[2025-03-14T07:09:02.354+0000][1021][safepoint   ] Safepoint "Cleanup", Time since last: 1000960406 ns, Reaching safepoint: 10084 ns, Cleanup: 23875 ns, At safepoint: 4333 ns, Total: 38292 ns
[2025-03-14T07:09:04.354+0000][1021][safepoint   ] Safepoint "Cleanup", Time since last: 2000177346 ns, Reaching safepoint: 38542 ns, Cleanup: 37000 ns, At safepoint: 5625 ns, Total: 81167 ns
[2025-03-14T07:09:05.354+0000][1021][safepoint   ] Safepoint "Cleanup", Time since last: 1000143647 ns, Reaching safepoint: 8333 ns, Cleanup: 13292 ns, At safepoint: 5833 ns, Total: 27458 ns
[2025-03-14T07:09:06.355+0000][1021][safepoint   ] Safepoint "Cleanup", Time since last: 1000295630 ns, Reaching safepoint: 19125 ns, Cleanup: 16958 ns, At safepoint: 10958 ns, Total: 47041 ns
[2025-03-14T07:09:07.356+0000][1021][safepoint   ] Safepoint "Cleanup", Time since last: 1000876362 ns, Reaching safepoint: 157500 ns, Cleanup: 74292 ns, At safepoint: 18375 ns, Total: 250167 ns
[2025-03-14T07:09:08.357+0000][1021][safepoint   ] Safepoint "Cleanup", Time since last: 1000843511 ns, Reaching safepoint: 37083 ns, Cleanup: 44292 ns, At safepoint: 13500 ns, Total: 94875 ns
[2025-03-14T07:09:10.359+0000][1021][safepoint   ] Safepoint "Cleanup", Time since last: 2001855303 ns, Reaching safepoint: 37959 ns, Cleanup: 85833 ns, At safepoint: 25458 ns, Total: 149250 ns
[2025-03-14T07:09:13.361+0000][1021][safepoint   ] Safepoint "Cleanup", Time since last: 3002671364 ns, Reaching safepoint: 21125 ns, Cleanup: 12291 ns, At safepoint: 6000 ns, Total: 39416 ns
[2025-03-14T07:09:19.237+0000][1021][safepoint   ] Safepoint "Cleanup", Time since last: 5875378866 ns, Reaching safepoint: 27750 ns, Cleanup: 15792 ns, At safepoint: 7542 ns, Total: 51084 ns
[2025-03-14T07:09:22.257+0000][1021][safepoint   ] Safepoint "Cleanup", Time since last: 3019373357 ns, Reaching safepoint: 198541 ns, Cleanup: 193292 ns, At safepoint: 23291 ns, Total: 415124 ns
[2025-03-14T07:09:23.257+0000][1021][safepoint   ] Safepoint "Cleanup", Time since last: 1000458112 ns, Reaching safepoint: 105958 ns, Cleanup: 52708 ns, At safepoint: 10459 ns, Total: 169125 ns
[2025-03-14T07:09:31.261+0000][1021][safepoint   ] Safepoint "Cleanup", Time since last: 8003762118 ns, Reaching safepoint: 39625 ns, Cleanup: 14125 ns, At safepoint: 9292 ns, Total: 63042 ns
[2025-03-14T07:09:34.262+0000][1021][safepoint   ] Safepoint "Cleanup", Time since last: 3001075213 ns, Reaching safepoint: 6666 ns, Cleanup: 8667 ns, At safepoint: 5000 ns, Total: 20333 ns
[2025-03-14T07:09:37.262+0000][1021][safepoint   ] Safepoint "Cleanup", Time since last: 3000213201 ns, Reaching safepoint: 12666 ns, Cleanup: 23209 ns, At safepoint: 6041 ns, Total: 41916 ns
[2025-03-14T07:09:38.262+0000][1021][safepoint   ] Safepoint "Cleanup", Time since last: 1000089402 ns, Reaching safepoint: 7125 ns, Cleanup: 8458 ns, At safepoint: 4917 ns, Total: 20500 ns
[2025-03-14T07:09:40.263+0000][1021][safepoint   ] Safepoint "Cleanup", Time since last: 2000155993 ns, Reaching safepoint: 8625 ns, Cleanup: 16416 ns, At safepoint: 5375 ns, Total: 30416 ns
[2025-03-14T07:09:43.264+0000][1021][safepoint   ] Safepoint "Cleanup", Time since last: 3001091295 ns, Reaching safepoint: 15791 ns, Cleanup: 19959 ns, At safepoint: 6583 ns, Total: 42333 ns
[2025-03-14T07:09:46.266+0000][1021][safepoint   ] Safepoint "Cleanup", Time since last: 3001724900 ns, Reaching safepoint: 39250 ns, Cleanup: 54334 ns, At safepoint: 17875 ns, Total: 111459 ns
[2025-03-14T07:09:51.269+0000][1021][safepoint   ] Safepoint "Cleanup", Time since last: 5003119624 ns, Reaching safepoint: 6458 ns, Cleanup: 10875 ns, At safepoint: 6083 ns, Total: 23416 ns
[2025-03-14T07:09:51.592+0000][1021][gc,start    ] GC(28) Pause Young (Concurrent Start) (CodeCache GC Threshold)
[2025-03-14T07:09:51.592+0000][1021][gc,task     ] GC(28) Using 1 workers of 1 for evacuation
[2025-03-14T07:09:51.592+0000][1021][gc,age      ] GC(28) Desired survivor size 77594624 bytes, new threshold 15 (max threshold 15)
[2025-03-14T07:09:51.672+0000][1021][gc,phases   ] GC(28)   Pre Evacuate Collection Set: 1.23ms
[2025-03-14T07:09:51.673+0000][1021][gc,phases   ] GC(28)   Merge Heap Roots: 0.25ms
[2025-03-14T07:09:51.673+0000][1021][gc,phases   ] GC(28)   Evacuate Collection Set: 75.90ms
[2025-03-14T07:09:51.673+0000][1021][gc,phases   ] GC(28)   Post Evacuate Collection Set: 2.70ms
[2025-03-14T07:09:51.673+0000][1021][gc,phases   ] GC(28)   Other: 0.17ms
[2025-03-14T07:09:51.673+0000][1021][gc,age      ] GC(28) Age table with threshold 15 (max threshold 15)
[2025-03-14T07:09:51.673+0000][1021][gc,age      ] GC(28) - age   1:    1883392 bytes,    1883392 total
[2025-03-14T07:09:51.673+0000][1021][gc,age      ] GC(28) - age   2:     158048 bytes,    2041440 total
[2025-03-14T07:09:51.673+0000][1021][gc,age      ] GC(28) - age   3:     111216 bytes,    2152656 total
[2025-03-14T07:09:51.673+0000][1021][gc,age      ] GC(28) - age   4:    1033328 bytes,    3185984 total
[2025-03-14T07:09:51.673+0000][1021][gc,age      ] GC(28) - age   5:    2095064 bytes,    5281048 total
[2025-03-14T07:09:51.673+0000][1021][gc,age      ] GC(28) - age   6:       3200 bytes,    5284248 total
[2025-03-14T07:09:51.673+0000][1021][gc,age      ] GC(28) - age   7:      69064 bytes,    5353312 total
[2025-03-14T07:09:51.673+0000][1021][gc,age      ] GC(28) - age   8:    7888992 bytes,   13242304 total
[2025-03-14T07:09:51.673+0000][1021][gc,age      ] GC(28) - age   9:    5311744 bytes,   18554048 total
[2025-03-14T07:09:51.673+0000][1021][gc,age      ] GC(28) - age  10:    6175160 bytes,   24729208 total
[2025-03-14T07:09:51.673+0000][1021][gc,heap     ] GC(28) Eden regions: 63->0(286)
[2025-03-14T07:09:51.673+0000][1021][gc,heap     ] GC(28) Survivor regions: 6->6(37)
[2025-03-14T07:09:51.673+0000][1021][gc,heap     ] GC(28) Old regions: 19->19
[2025-03-14T07:09:51.673+0000][1021][gc,heap     ] GC(28) Humongous regions: 5->5
[2025-03-14T07:09:51.673+0000][1021][gc,metaspace] GC(28) Metaspace: 121206K(124416K)->121206K(124416K) NonClass: 104742K(106496K)->104742K(106496K) Class: 16464K(17920K)->16464K(17920K)
[2025-03-14T07:09:51.673+0000][1021][gc          ] GC(28) Pause Young (Concurrent Start) (CodeCache GC Threshold) 370M->118M(1952M) 80.488ms
[2025-03-14T07:09:51.673+0000][1021][gc          ] GC(29) Concurrent Mark Cycle
[2025-03-14T07:09:51.673+0000][1021][gc,marking  ] GC(29) Concurrent Scan Root Regions
[2025-03-14T07:09:51.673+0000][1021][gc,cpu      ] GC(28) User=0.08s Sys=0.00s Real=0.08s
[2025-03-14T07:09:51.674+0000][1021][safepoint   ] Safepoint "G1TryInitiateConcMark", Time since last: 323340324 ns, Reaching safepoint: 4625 ns, Cleanup: 4250 ns, At safepoint: 81619446 ns, Total: 81628321 ns
[2025-03-14T07:09:51.715+0000][1021][gc,marking  ] GC(29) Concurrent Scan Root Regions 42.224ms
[2025-03-14T07:09:51.715+0000][1021][gc,marking  ] GC(29) Concurrent Mark
[2025-03-14T07:09:51.715+0000][1021][gc,marking  ] GC(29) Concurrent Mark From Roots
[2025-03-14T07:09:51.715+0000][1021][gc,task     ] GC(29) Using 1 workers of 1 for marking
[2025-03-14T07:09:51.816+0000][1021][gc,marking  ] GC(29) Concurrent Mark From Roots 100.650ms
[2025-03-14T07:09:51.816+0000][1021][gc,marking  ] GC(29) Concurrent Preclean
[2025-03-14T07:09:51.816+0000][1021][gc,marking  ] GC(29) Concurrent Preclean 0.134ms
[2025-03-14T07:09:51.816+0000][1021][gc,start    ] GC(29) Pause Remark
[2025-03-14T07:09:51.874+0000][1021][gc          ] GC(29) Pause Remark 128M->128M(1952M) 57.771ms
[2025-03-14T07:09:51.874+0000][1021][gc,cpu      ] GC(29) User=0.05s Sys=0.00s Real=0.05s
[2025-03-14T07:09:51.876+0000][1021][safepoint   ] Safepoint "G1PauseRemark", Time since last: 142034925 ns, Reaching safepoint: 4917 ns, Cleanup: 21791 ns, At safepoint: 59975772 ns, Total: 60002480 ns
[2025-03-14T07:09:51.876+0000][1021][gc,marking  ] GC(29) Concurrent Mark 160.859ms
[2025-03-14T07:09:51.876+0000][1021][gc,marking  ] GC(29) Concurrent Rebuild Remembered Sets and Scrub Regions
[2025-03-14T07:09:51.904+0000][1021][gc,marking  ] GC(29) Concurrent Rebuild Remembered Sets and Scrub Regions 28.375ms
[2025-03-14T07:09:51.904+0000][1021][gc,start    ] GC(29) Pause Cleanup
[2025-03-14T07:09:51.904+0000][1021][gc          ] GC(29) Pause Cleanup 128M->128M(1952M) 0.021ms
[2025-03-14T07:09:51.904+0000][1021][gc,cpu      ] GC(29) User=0.00s Sys=0.00s Real=0.00s
[2025-03-14T07:09:51.904+0000][1021][safepoint   ] Safepoint "G1PauseCleanup", Time since last: 28416176 ns, Reaching safepoint: 3500 ns, Cleanup: 51626 ns, At safepoint: 37250 ns, Total: 92376 ns
[2025-03-14T07:09:51.904+0000][1021][gc,marking  ] GC(29) Concurrent Clear Claimed Marks
[2025-03-14T07:09:51.904+0000][1021][gc,marking  ] GC(29) Concurrent Clear Claimed Marks 0.206ms
[2025-03-14T07:09:51.904+0000][1021][gc,marking  ] GC(29) Concurrent Cleanup for Next Mark
[2025-03-14T07:09:51.919+0000][1021][gc,marking  ] GC(29) Concurrent Cleanup for Next Mark 14.973ms
[2025-03-14T07:09:51.919+0000][1021][gc          ] GC(29) Concurrent Mark Cycle 246.813ms
[2025-03-14T07:09:52.905+0000][1021][safepoint   ] Safepoint "Cleanup", Time since last: 1000465040 ns, Reaching safepoint: 6625 ns, Cleanup: 19542 ns, At safepoint: 5042 ns, Total: 31209 ns
[2025-03-14T07:09:54.905+0000][1021][safepoint   ] Safepoint "Cleanup", Time since last: 2000260725 ns, Reaching safepoint: 7625 ns, Cleanup: 8000 ns, At safepoint: 5084 ns, Total: 20709 ns
[2025-03-14T07:09:55.906+0000][1021][safepoint   ] Safepoint "Cleanup", Time since last: 1000685018 ns, Reaching safepoint: 6417 ns, Cleanup: 10291 ns, At safepoint: 3250 ns, Total: 19958 ns
[2025-03-14T07:09:57.906+0000][1021][safepoint   ] Safepoint "Cleanup", Time since last: 2000149638 ns, Reaching safepoint: 7083 ns, Cleanup: 10208 ns, At safepoint: 5084 ns, Total: 22375 ns
[2025-03-14T07:10:00.907+0000][1021][safepoint   ] Safepoint "Cleanup", Time since last: 3000933668 ns, Reaching safepoint: 21416 ns, Cleanup: 13292 ns, At safepoint: 5000 ns, Total: 39708 ns
[2025-03-14T07:10:03.907+0000][1021][safepoint   ] Safepoint "Cleanup", Time since last: 3000388636 ns, Reaching safepoint: 12000 ns, Cleanup: 12583 ns, At safepoint: 14167 ns, Total: 38750 ns
[2025-03-14T07:10:05.909+0000][1021][safepoint   ] Safepoint "Cleanup", Time since last: 2001175202 ns, Reaching safepoint: 89208 ns, Cleanup: 54584 ns, At safepoint: 26541 ns, Total: 170333 ns
[2025-03-14T07:10:09.911+0000][1021][safepoint   ] Safepoint "Cleanup", Time since last: 4002337510 ns, Reaching safepoint: 12792 ns, Cleanup: 11041 ns, At safepoint: 5584 ns, Total: 29417 ns
[2025-03-14T07:10:12.912+0000][1021][safepoint   ] Safepoint "Cleanup", Time since last: 3000812362 ns, Reaching safepoint: 6875 ns, Cleanup: 14625 ns, At safepoint: 4708 ns, Total: 26208 ns
[2025-03-14T07:10:15.912+0000][1021][safepoint   ] Safepoint "Cleanup", Time since last: 3000204281 ns, Reaching safepoint: 6708 ns, Cleanup: 8583 ns, At safepoint: 5375 ns, Total: 20666 ns
[2025-03-14T07:10:17.912+0000][1021][safepoint   ] Safepoint "Cleanup", Time since last: 2000149988 ns, Reaching safepoint: 12542 ns, Cleanup: 8917 ns, At safepoint: 5333 ns, Total: 26792 ns
[2025-03-14T07:10:22.311+0000][1021][safepoint   ] Safepoint "Cleanup", Time since last: 4398836239 ns, Reaching safepoint: 55584 ns, Cleanup: 71666 ns, At safepoint: 25042 ns, Total: 152292 ns
[2025-03-14T07:10:23.312+0000][1021][safepoint   ] Safepoint "Cleanup", Time since last: 1000797790 ns, Reaching safepoint: 40500 ns, Cleanup: 39500 ns, At safepoint: 25750 ns, Total: 105750 ns
[2025-03-14T07:10:25.313+0000][1021][safepoint   ] Safepoint "Cleanup", Time since last: 2000765966 ns, Reaching safepoint: 32125 ns, Cleanup: 23833 ns, At safepoint: 28625 ns, Total: 84583 ns
[2025-03-14T07:10:31.316+0000][1021][safepoint   ] Safepoint "Cleanup", Time since last: 6002773990 ns, Reaching safepoint: 22042 ns, Cleanup: 9125 ns, At safepoint: 5125 ns, Total: 36292 ns
[2025-03-14T07:10:43.319+0000][1021][safepoint   ] Safepoint "Cleanup", Time since last: 12002979263 ns, Reaching safepoint: 53041 ns, Cleanup: 200542 ns, At safepoint: 35000 ns, Total: 288583 ns
[2025-03-14T07:10:48.322+0000][1021][safepoint   ] Safepoint "Cleanup", Time since last: 5002636721 ns, Reaching safepoint: 6958 ns, Cleanup: 8292 ns, At safepoint: 5583 ns, Total: 20833 ns
[2025-03-14T07:10:52.322+0000][1021][safepoint   ] Safepoint "Cleanup", Time since last: 4000368451 ns, Reaching safepoint: 7709 ns, Cleanup: 8583 ns, At safepoint: 5125 ns, Total: 21417 ns
[2025-03-14T07:10:53.322+0000][1021][safepoint   ] Safepoint "Cleanup", Time since last: 1000090549 ns, Reaching safepoint: 7458 ns, Cleanup: 8417 ns, At safepoint: 5000 ns, Total: 20875 ns
[2025-03-14T07:10:58.323+0000][1021][safepoint   ] Safepoint "Cleanup", Time since last: 5000341108 ns, Reaching safepoint: 6917 ns, Cleanup: 11875 ns, At safepoint: 4500 ns, Total: 23292 ns
[2025-03-14T07:11:00.323+0000][1021][safepoint   ] Safepoint "Cleanup", Time since last: 2000499512 ns, Reaching safepoint: 65583 ns, Cleanup: 48042 ns, At safepoint: 14250 ns, Total: 127875 ns
[2025-03-14T07:11:10.326+0000][1021][safepoint   ] Safepoint "Cleanup", Time since last: 10002728111 ns, Reaching safepoint: 14916 ns, Cleanup: 24834 ns, At safepoint: 9500 ns, Total: 49250 ns
[2025-03-14T07:11:11.326+0000][1021][safepoint   ] Safepoint "Cleanup", Time since last: 1000140202 ns, Reaching safepoint: 9834 ns, Cleanup: 9041 ns, At safepoint: 5417 ns, Total: 24292 ns
[2025-03-14T07:11:22.363+0000][1021][safepoint   ] Safepoint "Cleanup", Time since last: 11037213932 ns, Reaching safepoint: 10042 ns, Cleanup: 10708 ns, At safepoint: 3792 ns, Total: 24542 ns
[2025-03-14T07:11:25.365+0000][1021][safepoint   ] Safepoint "Cleanup", Time since last: 3001422136 ns, Reaching safepoint: 12542 ns, Cleanup: 19708 ns, At safepoint: 5834 ns, Total: 38084 ns
[2025-03-14T07:11:31.367+0000][1021][safepoint   ] Safepoint "Cleanup", Time since last: 6002027234 ns, Reaching safepoint: 10708 ns, Cleanup: 10417 ns, At safepoint: 6042 ns, Total: 27167 ns
[2025-03-14T07:11:34.367+0000][1021][safepoint   ] Safepoint "Cleanup", Time since last: 3000217427 ns, Reaching safepoint: 8625 ns, Cleanup: 13292 ns, At safepoint: 5541 ns, Total: 27458 ns
[2025-03-14T07:11:37.368+0000][1021][safepoint   ] Safepoint "Cleanup", Time since last: 3001216386 ns, Reaching safepoint: 42958 ns, Cleanup: 34042 ns, At safepoint: 18291 ns, Total: 95291 ns
[2025-03-14T07:11:38.369+0000][1021][safepoint   ] Safepoint "Cleanup", Time since last: 1000365170 ns, Reaching safepoint: 33250 ns, Cleanup: 47792 ns, At safepoint: 31250 ns, Total: 112292 ns
[2025-03-14T07:11:43.371+0000][1021][safepoint   ] Safepoint "Cleanup", Time since last: 5001875838 ns, Reaching safepoint: 7250 ns, Cleanup: 24958 ns, At safepoint: 4583 ns, Total: 36791 ns
[2025-03-14T07:11:45.371+0000][1021][safepoint   ] Safepoint "Cleanup", Time since last: 2000153260 ns, Reaching safepoint: 5458 ns, Cleanup: 12042 ns, At safepoint: 4875 ns, Total: 22375 ns
[2025-03-14T07:11:46.371+0000][1021][safepoint   ] Safepoint "Cleanup", Time since last: 1000062233 ns, Reaching safepoint: 7083 ns, Cleanup: 16083 ns, At safepoint: 5625 ns, Total: 28791 ns
[2025-03-14T07:11:55.374+0000][1021][safepoint   ] Safepoint "Cleanup", Time since last: 9002560427 ns, Reaching safepoint: 66876 ns, Cleanup: 42750 ns, At safepoint: 43875 ns, Total: 153501 ns
[2025-03-14T07:11:58.375+0000][1021][safepoint   ] Safepoint "Cleanup", Time since last: 3001498788 ns, Reaching safepoint: 71375 ns, Cleanup: 30083 ns, At safepoint: 10334 ns, Total: 111792 ns
[2025-03-14T07:12:04.378+0000][1021][safepoint   ] Safepoint "Cleanup", Time since last: 6001943865 ns, Reaching safepoint: 58376 ns, Cleanup: 33416 ns, At safepoint: 11834 ns, Total: 103626 ns
[2025-03-14T07:12:07.378+0000][1021][safepoint   ] Safepoint "Cleanup", Time since last: 3000208782 ns, Reaching safepoint: 28667 ns, Cleanup: 14625 ns, At safepoint: 8167 ns, Total: 51459 ns
[2025-03-14T07:12:10.379+0000][1021][safepoint   ] Safepoint "Cleanup", Time since last: 3001059892 ns, Reaching safepoint: 7458 ns, Cleanup: 13500 ns, At safepoint: 6334 ns, Total: 27292 ns
[2025-03-14T07:12:19.425+0000][1021][safepoint   ] Safepoint "Cleanup", Time since last: 9046588175 ns, Reaching safepoint: 8375 ns, Cleanup: 21209 ns, At safepoint: 6333 ns, Total: 35917 ns
[2025-03-14T07:12:24.426+0000][1021][safepoint   ] Safepoint "Cleanup", Time since last: 5000360768 ns, Reaching safepoint: 6916 ns, Cleanup: 8000 ns, At safepoint: 4792 ns, Total: 19708 ns
[2025-03-14T07:12:25.426+0000][1021][safepoint   ] Safepoint "Cleanup", Time since last: 1000090412 ns, Reaching safepoint: 15125 ns, Cleanup: 12042 ns, At safepoint: 5667 ns, Total: 32834 ns
[2025-03-14T07:12:30.427+0000][1021][safepoint   ] Safepoint "Cleanup", Time since last: 5001350105 ns, Reaching safepoint: 18208 ns, Cleanup: 18459 ns, At safepoint: 8708 ns, Total: 45375 ns
[2025-03-14T07:12:31.429+0000][1021][safepoint   ] Safepoint "Cleanup", Time since last: 1001178065 ns, Reaching safepoint: 13625 ns, Cleanup: 25125 ns, At safepoint: 9292 ns, Total: 48042 ns
[2025-03-14T07:12:34.430+0000][1021][safepoint   ] Safepoint "Cleanup", Time since last: 3001266128 ns, Reaching safepoint: 81959 ns, Cleanup: 32417 ns, At safepoint: 11666 ns, Total: 126042 ns
[2025-03-14T07:12:36.431+0000][1021][safepoint   ] Safepoint "Cleanup", Time since last: 2001159183 ns, Reaching safepoint: 6416 ns, Cleanup: 8417 ns, At safepoint: 4458 ns, Total: 19291 ns
[2025-03-14T07:12:43.432+0000][1021][safepoint   ] Safepoint "Cleanup", Time since last: 7000906026 ns, Reaching safepoint: 6833 ns, Cleanup: 23542 ns, At safepoint: 6000 ns, Total: 36375 ns
[2025-03-14T07:12:58.437+0000][1021][safepoint   ] Safepoint "Cleanup", Time since last: 15004839415 ns, Reaching safepoint: 11292 ns, Cleanup: 16083 ns, At safepoint: 5917 ns, Total: 33292 ns
[2025-03-14T07:13:00.437+0000][1021][safepoint   ] Safepoint "Cleanup", Time since last: 2000165879 ns, Reaching safepoint: 8333 ns, Cleanup: 18708 ns, At safepoint: 5959 ns, Total: 33000 ns
[2025-03-14T07:13:13.442+0000][1021][safepoint   ] Safepoint "Cleanup", Time since last: 13004542200 ns, Reaching safepoint: 36916 ns, Cleanup: 41000 ns, At safepoint: 10875 ns, Total: 88791 ns
[2025-03-14T07:13:15.443+0000][1021][safepoint   ] Safepoint "Cleanup", Time since last: 2000746916 ns, Reaching safepoint: 6625 ns, Cleanup: 20333 ns, At safepoint: 4750 ns, Total: 31708 ns
[2025-03-14T07:13:19.474+0000][1021][safepoint   ] Safepoint "Cleanup", Time since last: 4031407829 ns, Reaching safepoint: 8042 ns, Cleanup: 12958 ns, At safepoint: 5542 ns, Total: 26542 ns
[2025-03-14T07:13:22.474+0000][1021][safepoint   ] Safepoint "Cleanup", Time since last: 3000204506 ns, Reaching safepoint: 7917 ns, Cleanup: 14541 ns, At safepoint: 5875 ns, Total: 28333 ns
[2025-03-14T07:13:24.474+0000][1021][safepoint   ] Safepoint "Cleanup", Time since last: 2000147327 ns, Reaching safepoint: 8416 ns, Cleanup: 12167 ns, At safepoint: 6500 ns, Total: 27083 ns
[2025-03-14T07:13:25.475+0000][1021][safepoint   ] Safepoint "Cleanup", Time since last: 1000605845 ns, Reaching safepoint: 33375 ns, Cleanup: 40709 ns, At safepoint: 14125 ns, Total: 88209 ns
[2025-03-14T07:13:31.478+0000][1021][safepoint   ] Safepoint "Cleanup", Time since last: 6002395291 ns, Reaching safepoint: 8583 ns, Cleanup: 10709 ns, At safepoint: 6458 ns, Total: 25750 ns
[2025-03-14T07:13:34.479+0000][1021][safepoint   ] Safepoint "Cleanup", Time since last: 3001166158 ns, Reaching safepoint: 13875 ns, Cleanup: 27250 ns, At safepoint: 8125 ns, Total: 49250 ns
[2025-03-14T07:13:36.479+0000][1021][safepoint   ] Safepoint "Cleanup", Time since last: 2000164827 ns, Reaching safepoint: 6041 ns, Cleanup: 8875 ns, At safepoint: 4792 ns, Total: 19708 ns
[2025-03-14T07:13:42.480+0000][1021][safepoint   ] Safepoint "Cleanup", Time since last: 6000841224 ns, Reaching safepoint: 13417 ns, Cleanup: 6291 ns, At safepoint: 5834 ns, Total: 25542 ns
[2025-03-14T07:13:43.480+0000][1021][safepoint   ] Safepoint "Cleanup", Time since last: 1000626332 ns, Reaching safepoint: 5958 ns, Cleanup: 11500 ns, At safepoint: 3708 ns, Total: 21166 ns
[2025-03-14T07:13:49.484+0000][1021][safepoint   ] Safepoint "Cleanup", Time since last: 6003190453 ns, Reaching safepoint: 15542 ns, Cleanup: 18625 ns, At safepoint: 11292 ns, Total: 45459 ns
[2025-03-14T07:13:58.486+0000][1021][safepoint   ] Safepoint "Cleanup", Time since last: 9002073605 ns, Reaching safepoint: 8791 ns, Cleanup: 9917 ns, At safepoint: 6084 ns, Total: 24792 ns
[2025-03-14T07:14:01.487+0000][1021][safepoint   ] Safepoint "Cleanup", Time since last: 3001270108 ns, Reaching safepoint: 8208 ns, Cleanup: 11208 ns, At safepoint: 8875 ns, Total: 28291 ns
[2025-03-14T07:14:07.490+0000][1021][safepoint   ] Safepoint "Cleanup", Time since last: 6002849007 ns, Reaching safepoint: 6667 ns, Cleanup: 13750 ns, At safepoint: 5125 ns, Total: 25542 ns
[2025-03-14T07:14:08.490+0000][1021][safepoint   ] Safepoint "Cleanup", Time since last: 1000096234 ns, Reaching safepoint: 9584 ns, Cleanup: 17250 ns, At safepoint: 5125 ns, Total: 31959 ns
[2025-03-14T07:14:19.526+0000][1021][safepoint   ] Safepoint "Cleanup", Time since last: 11035681235 ns, Reaching safepoint: 9958 ns, Cleanup: 14917 ns, At safepoint: 4417 ns, Total: 29292 ns
[2025-03-14T07:14:21.527+0000][1021][safepoint   ] Safepoint "Cleanup", Time since last: 2001000862 ns, Reaching safepoint: 39834 ns, Cleanup: 56083 ns, At safepoint: 18626 ns, Total: 114543 ns
[2025-03-14T07:14:22.528+0000][1021][safepoint   ] Safepoint "Cleanup", Time since last: 1000480171 ns, Reaching safepoint: 47791 ns, Cleanup: 45042 ns, At safepoint: 18959 ns, Total: 111792 ns
[2025-03-14T07:14:25.529+0000][1021][safepoint   ] Safepoint "Cleanup", Time since last: 3001797515 ns, Reaching safepoint: 8458 ns, Cleanup: 9042 ns, At safepoint: 4875 ns, Total: 22375 ns
[2025-03-14T07:14:29.532+0000][1021][safepoint   ] Safepoint "Cleanup", Time since last: 4002369882 ns, Reaching safepoint: 11000 ns, Cleanup: 9041 ns, At safepoint: 5875 ns, Total: 25916 ns
[2025-03-14T07:14:33.839+0000][1021][gc,start    ] GC(30) Pause Young (Normal) (G1 Evacuation Pause)
[2025-03-14T07:14:33.839+0000][1021][gc,task     ] GC(30) Using 1 workers of 1 for evacuation
[2025-03-14T07:14:33.839+0000][1021][gc,age      ] GC(30) Desired survivor size 77594624 bytes, new threshold 15 (max threshold 15)
[2025-03-14T07:14:33.941+0000][1021][gc,phases   ] GC(30)   Pre Evacuate Collection Set: 0.57ms
[2025-03-14T07:14:33.942+0000][1021][gc,phases   ] GC(30)   Merge Heap Roots: 0.27ms
[2025-03-14T07:14:33.942+0000][1021][gc,phases   ] GC(30)   Evacuate Collection Set: 96.38ms
[2025-03-14T07:14:33.942+0000][1021][gc,phases   ] GC(30)   Post Evacuate Collection Set: 4.96ms
[2025-03-14T07:14:33.942+0000][1021][gc,phases   ] GC(30)   Other: 0.14ms
[2025-03-14T07:14:33.942+0000][1021][gc,age      ] GC(30) Age table with threshold 15 (max threshold 15)
[2025-03-14T07:14:33.942+0000][1021][gc,age      ] GC(30) - age   1:    1512720 bytes,    1512720 total
[2025-03-14T07:14:33.942+0000][1021][gc,age      ] GC(30) - age   2:     180720 bytes,    1693440 total
[2025-03-14T07:14:33.942+0000][1021][gc,age      ] GC(30) - age   3:      30800 bytes,    1724240 total
[2025-03-14T07:14:33.942+0000][1021][gc,age      ] GC(30) - age   4:      74728 bytes,    1798968 total
[2025-03-14T07:14:33.942+0000][1021][gc,age      ] GC(30) - age   5:    1032384 bytes,    2831352 total
[2025-03-14T07:14:33.942+0000][1021][gc,age      ] GC(30) - age   6:    2088576 bytes,    4919928 total
[2025-03-14T07:14:33.942+0000][1021][gc,age      ] GC(30) - age   7:       3200 bytes,    4923128 total
[2025-03-14T07:14:33.942+0000][1021][gc,age      ] GC(30) - age   8:      69064 bytes,    4992192 total
[2025-03-14T07:14:33.942+0000][1021][gc,age      ] GC(30) - age   9:    7888528 bytes,   12880720 total
[2025-03-14T07:14:33.942+0000][1021][gc,age      ] GC(30) - age  10:    5311744 bytes,   18192464 total
[2025-03-14T07:14:33.942+0000][1021][gc,age      ] GC(30) - age  11:    6175008 bytes,   24367472 total
[2025-03-14T07:14:33.942+0000][1021][gc,heap     ] GC(30) Eden regions: 286->0(286)
[2025-03-14T07:14:33.942+0000][1021][gc,heap     ] GC(30) Survivor regions: 6->6(37)
[2025-03-14T07:14:33.942+0000][1021][gc,heap     ] GC(30) Old regions: 19->19
[2025-03-14T07:14:33.942+0000][1021][gc,heap     ] GC(30) Humongous regions: 5->5
[2025-03-14T07:14:33.942+0000][1021][gc,metaspace] GC(30) Metaspace: 121354K(124544K)->121354K(124544K) NonClass: 104889K(106624K)->104889K(106624K) Class: 16465K(17920K)->16465K(17920K)
[2025-03-14T07:14:33.942+0000][1021][gc          ] GC(30) Pause Young (Normal) (G1 Evacuation Pause) 1262M->118M(1952M) 102.552ms
[2025-03-14T07:14:33.942+0000][1021][gc,cpu      ] GC(30) User=0.10s Sys=0.00s Real=0.10s
[2025-03-14T07:14:33.945+0000][1021][safepoint   ] Safepoint "G1CollectForAllocation", Time since last: 4307161202 ns, Reaching safepoint: 60833 ns, Cleanup: 4709 ns, At safepoint: 105744696 ns, Total: 105810238 ns
[2025-03-14T07:14:42.951+0000][1021][safepoint   ] Safepoint "Cleanup", Time since last: 9006652560 ns, Reaching safepoint: 28875 ns, Cleanup: 44625 ns, At safepoint: 22459 ns, Total: 95959 ns
[2025-03-14T07:14:45.953+0000][1021][safepoint   ] Safepoint "Cleanup", Time since last: 3001310467 ns, Reaching safepoint: 7500 ns, Cleanup: 9167 ns, At safepoint: 4750 ns, Total: 21417 ns
[2025-03-14T07:14:48.953+0000][1021][safepoint   ] Safepoint "Cleanup", Time since last: 3000201647 ns, Reaching safepoint: 8041 ns, Cleanup: 9834 ns, At safepoint: 5875 ns, Total: 23750 ns
[2025-03-14T07:14:54.953+0000][1021][safepoint   ] Safepoint "Cleanup", Time since last: 6000388755 ns, Reaching safepoint: 7292 ns, Cleanup: 14625 ns, At safepoint: 4791 ns, Total: 26708 ns
[2025-03-14T07:14:55.954+0000][1021][safepoint   ] Safepoint "Cleanup", Time since last: 1000094433 ns, Reaching safepoint: 6667 ns, Cleanup: 8916 ns, At safepoint: 4750 ns, Total: 20333 ns
[2025-03-14T07:14:57.957+0000][1021][safepoint   ] Safepoint "Cleanup", Time since last: 2003045854 ns, Reaching safepoint: 7875 ns, Cleanup: 10583 ns, At safepoint: 7875 ns, Total: 26333 ns
[2025-03-14T07:14:59.957+0000][1021][safepoint   ] Safepoint "Cleanup", Time since last: 2000164867 ns, Reaching safepoint: 18542 ns, Cleanup: 18458 ns, At safepoint: 8333 ns, Total: 45333 ns
[2025-03-14T07:15:02.959+0000][1021][safepoint   ] Safepoint "Cleanup", Time since last: 3001883957 ns, Reaching safepoint: 23458 ns, Cleanup: 10125 ns, At safepoint: 6333 ns, Total: 39916 ns
[2025-03-14T07:15:09.960+0000][1021][safepoint   ] Safepoint "Cleanup", Time since last: 7001267040 ns, Reaching safepoint: 67375 ns, Cleanup: 23250 ns, At safepoint: 9917 ns, Total: 100542 ns
[2025-03-14T07:15:20.610+0000][1021][safepoint   ] Safepoint "Cleanup", Time since last: 10650030622 ns, Reaching safepoint: 4791 ns, Cleanup: 11209 ns, At safepoint: 4375 ns, Total: 20375 ns
[2025-03-14T07:15:22.611+0000][1021][safepoint   ] Safepoint "Cleanup", Time since last: 2001146385 ns, Reaching safepoint: 5875 ns, Cleanup: 8125 ns, At safepoint: 5084 ns, Total: 19084 ns
[2025-03-14T07:15:30.612+0000][1021][safepoint   ] Safepoint "Cleanup", Time since last: 8000948373 ns, Reaching safepoint: 6208 ns, Cleanup: 8334 ns, At safepoint: 5208 ns, Total: 19750 ns
[2025-03-14T07:15:31.612+0000][1021][safepoint   ] Safepoint "Cleanup", Time since last: 1000086014 ns, Reaching safepoint: 5042 ns, Cleanup: 7833 ns, At safepoint: 4833 ns, Total: 17708 ns
[2025-03-14T07:15:34.615+0000][1021][safepoint   ] Safepoint "Cleanup", Time since last: 3001870164 ns, Reaching safepoint: 498377 ns, Cleanup: 15583 ns, At safepoint: 8667 ns, Total: 522627 ns
[2025-03-14T07:15:37.616+0000][1021][safepoint   ] Safepoint "Cleanup", Time since last: 3000980374 ns, Reaching safepoint: 99084 ns, Cleanup: 15209 ns, At safepoint: 4833 ns, Total: 119126 ns
[2025-03-14T07:15:38.617+0000][1021][safepoint   ] Safepoint "Cleanup", Time since last: 1000807887 ns, Reaching safepoint: 6459 ns, Cleanup: 7625 ns, At safepoint: 5458 ns, Total: 19542 ns
[2025-03-14T07:15:42.619+0000][1021][safepoint   ] Safepoint "Cleanup", Time since last: 4002494765 ns, Reaching safepoint: 4084 ns, Cleanup: 30375 ns, At safepoint: 5041 ns, Total: 39500 ns
[2025-03-14T07:15:43.619+0000][1021][safepoint   ] Safepoint "Cleanup", Time since last: 1000100286 ns, Reaching safepoint: 8458 ns, Cleanup: 23917 ns, At safepoint: 6542 ns, Total: 38917 ns
[2025-03-14T07:15:55.622+0000][1021][safepoint   ] Safepoint "Cleanup", Time since last: 12002406115 ns, Reaching safepoint: 13417 ns, Cleanup: 21792 ns, At safepoint: 8542 ns, Total: 43751 ns
[2025-03-14T07:15:58.622+0000][1021][safepoint   ] Safepoint "Cleanup", Time since last: 3000340358 ns, Reaching safepoint: 6625 ns, Cleanup: 11041 ns, At safepoint: 4875 ns, Total: 22541 ns
[2025-03-14T07:15:59.622+0000][1021][safepoint   ] Safepoint "Cleanup", Time since last: 1000087907 ns, Reaching safepoint: 6708 ns, Cleanup: 9584 ns, At safepoint: 5125 ns, Total: 21417 ns
[2025-03-14T07:16:10.624+0000][1021][safepoint   ] Safepoint "Cleanup", Time since last: 11002065793 ns, Reaching safepoint: 26416 ns, Cleanup: 16917 ns, At safepoint: 34209 ns, Total: 77542 ns
[2025-03-14T07:16:18.700+0000][1021][safepoint   ] Safepoint "Cleanup", Time since last: 8075250871 ns, Reaching safepoint: 2084 ns, Cleanup: 6625 ns, At safepoint: 1666 ns, Total: 10375 ns
[2025-03-14T07:16:30.705+0000][1021][safepoint   ] Safepoint "Cleanup", Time since last: 12004881599 ns, Reaching safepoint: 22542 ns, Cleanup: 13000 ns, At safepoint: 9750 ns, Total: 45292 ns
[2025-03-14T07:16:33.708+0000][1021][safepoint   ] Safepoint "Cleanup", Time since last: 3003052682 ns, Reaching safepoint: 4542 ns, Cleanup: 6792 ns, At safepoint: 9250 ns, Total: 20584 ns
[2025-03-14T07:16:36.709+0000][1021][safepoint   ] Safepoint "Cleanup", Time since last: 3000880085 ns, Reaching safepoint: 4375 ns, Cleanup: 6417 ns, At safepoint: 3416 ns, Total: 14208 ns
[2025-03-14T07:16:42.710+0000][1021][safepoint   ] Safepoint "Cleanup", Time since last: 6001212198 ns, Reaching safepoint: 5041 ns, Cleanup: 11167 ns, At safepoint: 8083 ns, Total: 24291 ns
[2025-03-14T07:16:57.718+0000][1021][safepoint   ] Safepoint "Cleanup", Time since last: 15007979650 ns, Reaching safepoint: 15375 ns, Cleanup: 7292 ns, At safepoint: 5667 ns, Total: 28334 ns
[2025-03-14T07:16:58.718+0000][1021][safepoint   ] Safepoint "Cleanup", Time since last: 1000130078 ns, Reaching safepoint: 60334 ns, Cleanup: 35208 ns, At safepoint: 8125 ns, Total: 103667 ns
[2025-03-14T07:17:09.722+0000][1021][safepoint   ] Safepoint "Cleanup", Time since last: 11003698955 ns, Reaching safepoint: 52084 ns, Cleanup: 13333 ns, At safepoint: 11125 ns, Total: 76542 ns
[2025-03-14T07:17:15.726+0000][1021][safepoint   ] Safepoint "Cleanup", Time since last: 6004315811 ns, Reaching safepoint: 75625 ns, Cleanup: 23209 ns, At safepoint: 6833 ns, Total: 105667 ns
[2025-03-14T07:17:18.727+0000][1021][safepoint   ] Safepoint "Cleanup", Time since last: 3000249987 ns, Reaching safepoint: 6000 ns, Cleanup: 28417 ns, At safepoint: 4625 ns, Total: 39042 ns
[2025-03-14T07:17:21.779+0000][1021][safepoint   ] Safepoint "Cleanup", Time since last: 3052723430 ns, Reaching safepoint: 16166 ns, Cleanup: 10417 ns, At safepoint: 5833 ns, Total: 32416 ns
[2025-03-14T07:17:30.782+0000][1021][safepoint   ] Safepoint "Cleanup", Time since last: 9002785921 ns, Reaching safepoint: 27583 ns, Cleanup: 14667 ns, At safepoint: 8625 ns, Total: 50875 ns
[2025-03-14T07:17:33.782+0000][1021][safepoint   ] Safepoint "Cleanup", Time since last: 3000233518 ns, Reaching safepoint: 9792 ns, Cleanup: 11625 ns, At safepoint: 6250 ns, Total: 27667 ns
[2025-03-14T07:17:35.783+0000][1021][safepoint   ] Safepoint "Cleanup", Time since last: 2000149709 ns, Reaching safepoint: 6875 ns, Cleanup: 9041 ns, At safepoint: 2875 ns, Total: 18791 ns
[2025-03-14T07:17:42.784+0000][1021][safepoint   ] Safepoint "Cleanup", Time since last: 7001300693 ns, Reaching safepoint: 14500 ns, Cleanup: 45417 ns, At safepoint: 19750 ns, Total: 79667 ns
[2025-03-14T07:17:44.787+0000][1021][safepoint   ] Safepoint "Cleanup", Time since last: 2003020031 ns, Reaching safepoint: 32876 ns, Cleanup: 28125 ns, At safepoint: 22292 ns, Total: 83293 ns
[2025-03-14T07:17:45.787+0000][1021][safepoint   ] Safepoint "Cleanup", Time since last: 1000231535 ns, Reaching safepoint: 16958 ns, Cleanup: 24000 ns, At safepoint: 12167 ns, Total: 53125 ns
[2025-03-14T07:17:48.791+0000][1021][safepoint   ] Safepoint "Cleanup", Time since last: 3003395388 ns, Reaching safepoint: 10333 ns, Cleanup: 9042 ns, At safepoint: 5583 ns, Total: 24958 ns
[2025-03-14T07:17:52.791+0000][1021][safepoint   ] Safepoint "Cleanup", Time since last: 4000264624 ns, Reaching safepoint: 25708 ns, Cleanup: 10500 ns, At safepoint: 4500 ns, Total: 40708 ns
[2025-03-14T07:17:54.791+0000][1021][safepoint   ] Safepoint "Cleanup", Time since last: 2000157748 ns, Reaching safepoint: 13250 ns, Cleanup: 16542 ns, At safepoint: 8583 ns, Total: 38375 ns
[2025-03-14T07:18:03.796+0000][1021][safepoint   ] Safepoint "Cleanup", Time since last: 9004667595 ns, Reaching safepoint: 13000 ns, Cleanup: 20084 ns, At safepoint: 18375 ns, Total: 51459 ns
[2025-03-14T07:18:04.797+0000][1021][safepoint   ] Safepoint "Cleanup", Time since last: 1000312010 ns, Reaching safepoint: 414919 ns, Cleanup: 145626 ns, At safepoint: 37583 ns, Total: 598128 ns
[2025-03-14T07:18:06.798+0000][1021][safepoint   ] Safepoint "Cleanup", Time since last: 2001216617 ns, Reaching safepoint: 26000 ns, Cleanup: 26625 ns, At safepoint: 8625 ns, Total: 61250 ns
[2025-03-14T07:18:07.800+0000][1021][safepoint   ] Safepoint "Cleanup", Time since last: 1001502442 ns, Reaching safepoint: 6833 ns, Cleanup: 13250 ns, At safepoint: 5084 ns, Total: 25167 ns
[2025-03-14T07:18:12.800+0000][1021][safepoint   ] Safepoint "Cleanup", Time since last: 5000326385 ns, Reaching safepoint: 5625 ns, Cleanup: 7542 ns, At safepoint: 4916 ns, Total: 18083 ns
[2025-03-14T07:18:13.800+0000][1021][safepoint   ] Safepoint "Cleanup", Time since last: 1000086036 ns, Reaching safepoint: 6667 ns, Cleanup: 18833 ns, At safepoint: 4375 ns, Total: 29875 ns
[2025-03-14T07:18:19.860+0000][1021][safepoint   ] Safepoint "Cleanup", Time since last: 6059445685 ns, Reaching safepoint: 30708 ns, Cleanup: 78834 ns, At safepoint: 15250 ns, Total: 124792 ns
[2025-03-14T07:18:21.861+0000][1021][safepoint   ] Safepoint "Cleanup", Time since last: 2000662992 ns, Reaching safepoint: 61417 ns, Cleanup: 42208 ns, At safepoint: 18125 ns, Total: 121750 ns
[2025-03-14T07:18:24.862+0000][1021][safepoint   ] Safepoint "Cleanup", Time since last: 3001654324 ns, Reaching safepoint: 6708 ns, Cleanup: 8625 ns, At safepoint: 3500 ns, Total: 18833 ns
[2025-03-14T07:18:27.862+0000][1021][safepoint   ] Safepoint "Cleanup", Time since last: 3000207925 ns, Reaching safepoint: 6208 ns, Cleanup: 8834 ns, At safepoint: 3541 ns, Total: 18583 ns
[2025-03-14T07:18:30.863+0000][1021][safepoint   ] Safepoint "Cleanup", Time since last: 3000206407 ns, Reaching safepoint: 6292 ns, Cleanup: 13709 ns, At safepoint: 2375 ns, Total: 22376 ns
[2025-03-14T07:18:40.866+0000][1021][safepoint   ] Safepoint "Cleanup", Time since last: 10003556779 ns, Reaching safepoint: 39500 ns, Cleanup: 41708 ns, At safepoint: 23000 ns, Total: 104208 ns
[2025-03-14T07:18:42.867+0000][1021][safepoint   ] Safepoint "Cleanup", Time since last: 2000891522 ns, Reaching safepoint: 5833 ns, Cleanup: 53209 ns, At safepoint: 4000 ns, Total: 63042 ns
[2025-03-14T07:18:43.867+0000][1021][safepoint   ] Safepoint "Cleanup", Time since last: 1000086575 ns, Reaching safepoint: 7208 ns, Cleanup: 8167 ns, At safepoint: 2750 ns, Total: 18125 ns
[2025-03-14T07:18:44.868+0000][1021][safepoint   ] Safepoint "Cleanup", Time since last: 1000088077 ns, Reaching safepoint: 6959 ns, Cleanup: 11833 ns, At safepoint: 4209 ns, Total: 23001 ns
[2025-03-14T07:18:45.868+0000][1021][safepoint   ] Safepoint "Cleanup", Time since last: 1000087663 ns, Reaching safepoint: 7458 ns, Cleanup: 18667 ns, At safepoint: 4459 ns, Total: 30584 ns
[2025-03-14T07:18:50.868+0000][1021][safepoint   ] Safepoint "Cleanup", Time since last: 5000321271 ns, Reaching safepoint: 16208 ns, Cleanup: 17709 ns, At safepoint: 7875 ns, Total: 41792 ns
[2025-03-14T07:18:51.868+0000][1021][safepoint   ] Safepoint "Cleanup", Time since last: 1000096512 ns, Reaching safepoint: 6416 ns, Cleanup: 25125 ns, At safepoint: 4209 ns, Total: 35750 ns
[2025-03-14T07:18:52.868+0000][1021][safepoint   ] Safepoint "Cleanup", Time since last: 1000086056 ns, Reaching safepoint: 7000 ns, Cleanup: 12875 ns, At safepoint: 4333 ns, Total: 24208 ns
[2025-03-14T07:18:54.666+0000][1021][gc,start    ] GC(31) Pause Young (Normal) (G1 Evacuation Pause)
[2025-03-14T07:18:54.666+0000][1021][gc,task     ] GC(31) Using 1 workers of 1 for evacuation
[2025-03-14T07:18:54.666+0000][1021][gc,age      ] GC(31) Desired survivor size 77594624 bytes, new threshold 15 (max threshold 15)
[2025-03-14T07:18:54.762+0000][1021][gc,phases   ] GC(31)   Pre Evacuate Collection Set: 0.71ms
[2025-03-14T07:18:54.762+0000][1021][gc,phases   ] GC(31)   Merge Heap Roots: 0.29ms
[2025-03-14T07:18:54.762+0000][1021][gc,phases   ] GC(31)   Evacuate Collection Set: 89.11ms
[2025-03-14T07:18:54.762+0000][1021][gc,phases   ] GC(31)   Post Evacuate Collection Set: 5.32ms
[2025-03-14T07:18:54.762+0000][1021][gc,phases   ] GC(31)   Other: 0.18ms
[2025-03-14T07:18:54.762+0000][1021][gc,age      ] GC(31) Age table with threshold 15 (max threshold 15)
[2025-03-14T07:18:54.762+0000][1021][gc,age      ] GC(31) - age   1:    1410488 bytes,    1410488 total
[2025-03-14T07:18:54.762+0000][1021][gc,age      ] GC(31) - age   2:     176856 bytes,    1587344 total
[2025-03-14T07:18:54.762+0000][1021][gc,age      ] GC(31) - age   3:     179640 bytes,    1766984 total
[2025-03-14T07:18:54.762+0000][1021][gc,age      ] GC(31) - age   4:      30736 bytes,    1797720 total
[2025-03-14T07:18:54.762+0000][1021][gc,age      ] GC(31) - age   5:      74728 bytes,    1872448 total
[2025-03-14T07:18:54.762+0000][1021][gc,age      ] GC(31) - age   6:    1032144 bytes,    2904592 total
[2025-03-14T07:18:54.762+0000][1021][gc,age      ] GC(31) - age   7:    2088576 bytes,    4993168 total
[2025-03-14T07:18:54.762+0000][1021][gc,age      ] GC(31) - age   8:       3200 bytes,    4996368 total
[2025-03-14T07:18:54.762+0000][1021][gc,age      ] GC(31) - age   9:      69064 bytes,    5065432 total
[2025-03-14T07:18:54.762+0000][1021][gc,age      ] GC(31) - age  10:    7888528 bytes,   12953960 total
[2025-03-14T07:18:54.762+0000][1021][gc,age      ] GC(31) - age  11:    5311616 bytes,   18265576 total
[2025-03-14T07:18:54.762+0000][1021][gc,age      ] GC(31) - age  12:    6174904 bytes,   24440480 total
[2025-03-14T07:18:54.762+0000][1021][gc,heap     ] GC(31) Eden regions: 286->0(286)
[2025-03-14T07:18:54.762+0000][1021][gc,heap     ] GC(31) Survivor regions: 6->6(37)
[2025-03-14T07:18:54.762+0000][1021][gc,heap     ] GC(31) Old regions: 19->19
[2025-03-14T07:18:54.762+0000][1021][gc,heap     ] GC(31) Humongous regions: 5->5
[2025-03-14T07:18:54.762+0000][1021][gc,metaspace] GC(31) Metaspace: 121481K(124672K)->121481K(124672K) NonClass: 105012K(106752K)->105012K(106752K) Class: 16468K(17920K)->16468K(17920K)
[2025-03-14T07:18:54.762+0000][1021][gc          ] GC(31) Pause Young (Normal) (G1 Evacuation Pause) 1262M->118M(1952M) 95.833ms
[2025-03-14T07:18:54.762+0000][1021][gc,cpu      ] GC(31) User=0.09s Sys=0.00s Real=0.09s
[2025-03-14T07:18:54.762+0000][1021][safepoint   ] Safepoint "G1CollectForAllocation", Time since last: 1797918663 ns, Reaching safepoint: 31500 ns, Cleanup: 6292 ns, At safepoint: 95992057 ns, Total: 96029849 ns
[2025-03-14T07:18:55.763+0000][1021][safepoint   ] Safepoint "Cleanup", Time since last: 1000964109 ns, Reaching safepoint: 39916 ns, Cleanup: 172918 ns, At safepoint: 35375 ns, Total: 248209 ns
[2025-03-14T07:18:57.766+0000][1021][safepoint   ] Safepoint "Cleanup", Time since last: 2002712063 ns, Reaching safepoint: 4750 ns, Cleanup: 8375 ns, At safepoint: 5041 ns, Total: 18166 ns
[2025-03-14T07:19:00.767+0000][1021][safepoint   ] Safepoint "Cleanup", Time since last: 3001193806 ns, Reaching safepoint: 9875 ns, Cleanup: 12209 ns, At safepoint: 4916 ns, Total: 27000 ns
[2025-03-14T07:19:06.768+0000][1021][safepoint   ] Safepoint "Cleanup", Time since last: 6000595583 ns, Reaching safepoint: 44209 ns, Cleanup: 9125 ns, At safepoint: 6083 ns, Total: 59417 ns
[2025-03-14T07:19:24.941+0000][1021][safepoint   ] Safepoint "Cleanup", Time since last: 18172736098 ns, Reaching safepoint: 13542 ns, Cleanup: 29000 ns, At safepoint: 5500 ns, Total: 48042 ns
[2025-03-14T07:19:40.949+0000][1021][safepoint   ] Safepoint "Cleanup", Time since last: 16007609854 ns, Reaching safepoint: 83459 ns, Cleanup: 22167 ns, At safepoint: 6041 ns, Total: 111667 ns
[2025-03-14T07:19:42.949+0000][1021][safepoint   ] Safepoint "Cleanup", Time since last: 2000209625 ns, Reaching safepoint: 12375 ns, Cleanup: 25667 ns, At safepoint: 6167 ns, Total: 44209 ns
[2025-03-14T07:19:45.950+0000][1021][safepoint   ] Safepoint "Cleanup", Time since last: 3001073268 ns, Reaching safepoint: 10833 ns, Cleanup: 8959 ns, At safepoint: 5166 ns, Total: 24958 ns
[2025-03-14T07:19:51.953+0000][1021][safepoint   ] Safepoint "Cleanup", Time since last: 6003124679 ns, Reaching safepoint: 41000 ns, Cleanup: 81417 ns, At safepoint: 27167 ns, Total: 149584 ns
[2025-03-14T07:19:54.956+0000][1021][safepoint   ] Safepoint "Cleanup", Time since last: 3002887372 ns, Reaching safepoint: 6125 ns, Cleanup: 11959 ns, At safepoint: 4833 ns, Total: 22917 ns
[2025-03-14T07:19:58.957+0000][1021][safepoint   ] Safepoint "Cleanup", Time since last: 4000724702 ns, Reaching safepoint: 20541 ns, Cleanup: 8459 ns, At safepoint: 5458 ns, Total: 34458 ns
[2025-03-14T07:20:00.958+0000][1021][safepoint   ] Safepoint "Cleanup", Time since last: 2000909324 ns, Reaching safepoint: 5958 ns, Cleanup: 8292 ns, At safepoint: 5041 ns, Total: 19291 ns
[2025-03-14T07:20:07.958+0000][1021][safepoint   ] Safepoint "Cleanup", Time since last: 7000481760 ns, Reaching safepoint: 83209 ns, Cleanup: 19667 ns, At safepoint: 5875 ns, Total: 108751 ns
[2025-03-14T07:20:08.958+0000][1021][safepoint   ] Safepoint "Cleanup", Time since last: 1000140884 ns, Reaching safepoint: 5792 ns, Cleanup: 15417 ns, At safepoint: 6000 ns, Total: 27209 ns
[2025-03-14T07:20:09.959+0000][1021][safepoint   ] Safepoint "Cleanup", Time since last: 1000830764 ns, Reaching safepoint: 41625 ns, Cleanup: 47626 ns, At safepoint: 27083 ns, Total: 116334 ns
[2025-03-14T07:20:12.961+0000][1021][safepoint   ] Safepoint "Cleanup", Time since last: 3001677259 ns, Reaching safepoint: 32958 ns, Cleanup: 49709 ns, At safepoint: 19708 ns, Total: 102375 ns
[2025-03-14T07:20:18.964+0000][1021][safepoint   ] Safepoint "Cleanup", Time since last: 6002680437 ns, Reaching safepoint: 9375 ns, Cleanup: 10917 ns, At safepoint: 18875 ns, Total: 39167 ns
[2025-03-14T07:20:26.007+0000][1021][safepoint   ] Safepoint "Cleanup", Time since last: 7042779243 ns, Reaching safepoint: 7125 ns, Cleanup: 9417 ns, At safepoint: 5208 ns, Total: 21750 ns
[2025-03-14T07:20:31.010+0000][1021][safepoint   ] Safepoint "Cleanup", Time since last: 5003309152 ns, Reaching safepoint: 166750 ns, Cleanup: 54667 ns, At safepoint: 19209 ns, Total: 240626 ns
[2025-03-14T07:20:32.011+0000][1021][safepoint   ] Safepoint "Cleanup", Time since last: 1000936761 ns, Reaching safepoint: 40001 ns, Cleanup: 49583 ns, At safepoint: 31542 ns, Total: 121126 ns
[2025-03-14T07:20:34.012+0000][1021][safepoint   ] Safepoint "Cleanup", Time since last: 2000811773 ns, Reaching safepoint: 12875 ns, Cleanup: 11042 ns, At safepoint: 13042 ns, Total: 36959 ns
[2025-03-14T07:20:38.013+0000][1021][safepoint   ] Safepoint "Cleanup", Time since last: 4000280433 ns, Reaching safepoint: 6709 ns, Cleanup: 8291 ns, At safepoint: 10209 ns, Total: 25209 ns
[2025-03-14T07:20:43.013+0000][1021][safepoint   ] Safepoint "Cleanup", Time since last: 5000293067 ns, Reaching safepoint: 21459 ns, Cleanup: 10250 ns, At safepoint: 6083 ns, Total: 37792 ns
[2025-03-14T07:20:46.014+0000][1021][safepoint   ] Safepoint "Cleanup", Time since last: 3001148674 ns, Reaching safepoint: 49750 ns, Cleanup: 50792 ns, At safepoint: 36708 ns, Total: 137250 ns
[2025-03-14T07:21:07.024+0000][1021][safepoint   ] Safepoint "Cleanup", Time since last: 21009251647 ns, Reaching safepoint: 102376 ns, Cleanup: 71959 ns, At safepoint: 23541 ns, Total: 197876 ns
[2025-03-14T07:21:13.026+0000][1021][safepoint   ] Safepoint "Cleanup", Time since last: 6002292077 ns, Reaching safepoint: 6833 ns, Cleanup: 18042 ns, At safepoint: 62334 ns, Total: 87209 ns
[2025-03-14T07:21:19.094+0000][1021][safepoint   ] Safepoint "Cleanup", Time since last: 6067960511 ns, Reaching safepoint: 2250 ns, Cleanup: 7625 ns, At safepoint: 1291 ns, Total: 11166 ns
[2025-03-14T07:21:22.097+0000][1021][safepoint   ] Safepoint "Cleanup", Time since last: 3002607174 ns, Reaching safepoint: 41000 ns, Cleanup: 53625 ns, At safepoint: 31792 ns, Total: 126417 ns
[2025-03-14T07:21:30.102+0000][1021][safepoint   ] Safepoint "Cleanup", Time since last: 8005189278 ns, Reaching safepoint: 14042 ns, Cleanup: 9708 ns, At safepoint: 5750 ns, Total: 29500 ns
[2025-03-14T07:21:43.111+0000][1021][safepoint   ] Safepoint "Cleanup", Time since last: 13008861044 ns, Reaching safepoint: 60834 ns, Cleanup: 34917 ns, At safepoint: 8291 ns, Total: 104042 ns
[2025-03-14T07:21:47.113+0000][1021][safepoint   ] Safepoint "Cleanup", Time since last: 4001942088 ns, Reaching safepoint: 6417 ns, Cleanup: 10209 ns, At safepoint: 9500 ns, Total: 26126 ns
[2025-03-14T07:22:01.117+0000][1021][safepoint   ] Safepoint "Cleanup", Time since last: 14004514721 ns, Reaching safepoint: 21875 ns, Cleanup: 19458 ns, At safepoint: 12875 ns, Total: 54208 ns
[2025-03-14T07:22:04.118+0000][1021][safepoint   ] Safepoint "Cleanup", Time since last: 3000555406 ns, Reaching safepoint: 348919 ns, Cleanup: 13041 ns, At safepoint: 61584 ns, Total: 423544 ns
[2025-03-14T07:22:05.118+0000][1021][safepoint   ] Safepoint "Cleanup", Time since last: 1000112304 ns, Reaching safepoint: 7167 ns, Cleanup: 14083 ns, At safepoint: 5833 ns, Total: 27083 ns
[2025-03-14T07:22:06.119+0000][1021][safepoint   ] Safepoint "Cleanup", Time since last: 1000088555 ns, Reaching safepoint: 15375 ns, Cleanup: 12417 ns, At safepoint: 7458 ns, Total: 35250 ns
[2025-03-14T07:22:07.119+0000][1021][safepoint   ] Safepoint "Cleanup", Time since last: 1000103390 ns, Reaching safepoint: 15375 ns, Cleanup: 13042 ns, At safepoint: 8875 ns, Total: 37292 ns
[2025-03-14T07:22:10.119+0000][1021][safepoint   ] Safepoint "Cleanup", Time since last: 3000614385 ns, Reaching safepoint: 9958 ns, Cleanup: 11500 ns, At safepoint: 3834 ns, Total: 25292 ns
[2025-03-14T07:22:22.184+0000][1021][safepoint   ] Safepoint "Cleanup", Time since last: 12064699345 ns, Reaching safepoint: 6958 ns, Cleanup: 9459 ns, At safepoint: 4541 ns, Total: 20958 ns
[2025-03-14T07:22:25.184+0000][1021][safepoint   ] Safepoint "Cleanup", Time since last: 3000226559 ns, Reaching safepoint: 7000 ns, Cleanup: 9208 ns, At safepoint: 5083 ns, Total: 21291 ns
[2025-03-14T07:22:43.193+0000][1021][safepoint   ] Safepoint "Cleanup", Time since last: 18008130916 ns, Reaching safepoint: 13333 ns, Cleanup: 19375 ns, At safepoint: 6083 ns, Total: 38791 ns
[2025-03-14T07:22:58.201+0000][1021][safepoint   ] Safepoint "Cleanup", Time since last: 15007996781 ns, Reaching safepoint: 8958 ns, Cleanup: 15000 ns, At safepoint: 6542 ns, Total: 30500 ns
[2025-03-14T07:23:04.202+0000][1021][safepoint   ] Safepoint "Cleanup", Time since last: 6001191886 ns, Reaching safepoint: 69917 ns, Cleanup: 45542 ns, At safepoint: 13750 ns, Total: 129209 ns
[2025-03-14T07:23:12.941+0000][1021][gc,start    ] GC(32) Pause Young (Normal) (G1 Evacuation Pause)
[2025-03-14T07:23:12.941+0000][1021][gc,task     ] GC(32) Using 1 workers of 1 for evacuation
[2025-03-14T07:23:12.941+0000][1021][gc,age      ] GC(32) Desired survivor size 77594624 bytes, new threshold 15 (max threshold 15)
[2025-03-14T07:23:13.031+0000][1021][gc,phases   ] GC(32)   Pre Evacuate Collection Set: 0.54ms
[2025-03-14T07:23:13.031+0000][1021][gc,phases   ] GC(32)   Merge Heap Roots: 0.33ms
[2025-03-14T07:23:13.031+0000][1021][gc,phases   ] GC(32)   Evacuate Collection Set: 80.61ms
[2025-03-14T07:23:13.031+0000][1021][gc,phases   ] GC(32)   Post Evacuate Collection Set: 7.50ms
[2025-03-14T07:23:13.031+0000][1021][gc,phases   ] GC(32)   Other: 0.13ms
[2025-03-14T07:23:13.031+0000][1021][gc,age      ] GC(32) Age table with threshold 15 (max threshold 15)
[2025-03-14T07:23:13.031+0000][1021][gc,age      ] GC(32) - age   1:    1373376 bytes,    1373376 total
[2025-03-14T07:23:13.031+0000][1021][gc,age      ] GC(32) - age   2:      11624 bytes,    1385000 total
[2025-03-14T07:23:13.031+0000][1021][gc,age      ] GC(32) - age   3:      54208 bytes,    1439208 total
[2025-03-14T07:23:13.031+0000][1021][gc,age      ] GC(32) - age   4:     101752 bytes,    1540960 total
[2025-03-14T07:23:13.031+0000][1021][gc,age      ] GC(32) - age   5:      30528 bytes,    1571488 total
[2025-03-14T07:23:13.031+0000][1021][gc,age      ] GC(32) - age   6:      74544 bytes,    1646032 total
[2025-03-14T07:23:13.031+0000][1021][gc,age      ] GC(32) - age   7:    1032144 bytes,    2678176 total
[2025-03-14T07:23:13.031+0000][1021][gc,age      ] GC(32) - age   8:    2088576 bytes,    4766752 total
[2025-03-14T07:23:13.031+0000][1021][gc,age      ] GC(32) - age   9:       3200 bytes,    4769952 total
[2025-03-14T07:23:13.031+0000][1021][gc,age      ] GC(32) - age  10:      69064 bytes,    4839016 total
[2025-03-14T07:23:13.031+0000][1021][gc,age      ] GC(32) - age  11:    7888528 bytes,   12727544 total
[2025-03-14T07:23:13.031+0000][1021][gc,age      ] GC(32) - age  12:    5311616 bytes,   18039160 total
[2025-03-14T07:23:13.031+0000][1021][gc,age      ] GC(32) - age  13:    6174904 bytes,   24214064 total
[2025-03-14T07:23:13.031+0000][1021][gc,heap     ] GC(32) Eden regions: 286->0(286)
[2025-03-14T07:23:13.031+0000][1021][gc,heap     ] GC(32) Survivor regions: 6->6(37)
[2025-03-14T07:23:13.031+0000][1021][gc,heap     ] GC(32) Old regions: 19->19
[2025-03-14T07:23:13.031+0000][1021][gc,heap     ] GC(32) Humongous regions: 5->5
[2025-03-14T07:23:13.031+0000][1021][gc,metaspace] GC(32) Metaspace: 121554K(124736K)->121554K(124736K) NonClass: 105083K(106816K)->105083K(106816K) Class: 16470K(17920K)->16470K(17920K)
[2025-03-14T07:23:13.031+0000][1021][gc          ] GC(32) Pause Young (Normal) (G1 Evacuation Pause) 1262M->118M(1952M) 89.323ms
[2025-03-14T07:23:13.031+0000][1021][gc,cpu      ] GC(32) User=0.08s Sys=0.00s Real=0.09s
[2025-03-14T07:23:13.031+0000][1021][safepoint   ] Safepoint "G1CollectForAllocation", Time since last: 8739332596 ns, Reaching safepoint: 36125 ns, Cleanup: 5000 ns, At safepoint: 89436852 ns, Total: 89477977 ns
[2025-03-14T07:23:15.031+0000][1021][safepoint   ] Safepoint "Cleanup", Time since last: 2000151331 ns, Reaching safepoint: 10041 ns, Cleanup: 14375 ns, At safepoint: 6209 ns, Total: 30625 ns
[2025-03-14T07:23:19.032+0000][1021][safepoint   ] Safepoint "Cleanup", Time since last: 4000840176 ns, Reaching safepoint: 7125 ns, Cleanup: 10875 ns, At safepoint: 5041 ns, Total: 23041 ns
[2025-03-14T07:41:43.557+0000][1021][safepoint   ] Safepoint "Cleanup", Time since last: 5656551107 ns, Reaching safepoint: 1834 ns, Cleanup: 5875 ns, At safepoint: 1250 ns, Total: 8959 ns
[2025-03-14T07:41:44.602+0000][1021][safepoint   ] Safepoint "Cleanup", Time since last: 1044942223 ns, Reaching safepoint: 19208 ns, Cleanup: 44750 ns, At safepoint: 5792 ns, Total: 69750 ns
[2025-03-14T07:41:46.603+0000][1021][safepoint   ] Safepoint "Cleanup", Time since last: 2001023661 ns, Reaching safepoint: 6458 ns, Cleanup: 13834 ns, At safepoint: 7833 ns, Total: 28125 ns
[2025-03-14T07:41:49.605+0000][1021][safepoint   ] Safepoint "Cleanup", Time since last: 3002551018 ns, Reaching safepoint: 5750 ns, Cleanup: 8375 ns, At safepoint: 4083 ns, Total: 18208 ns
[2025-03-14T07:41:55.606+0000][1021][safepoint   ] Safepoint "Cleanup", Time since last: 6000382926 ns, Reaching safepoint: 4833 ns, Cleanup: 7542 ns, At safepoint: 4667 ns, Total: 17042 ns
[2025-03-14T07:41:56.606+0000][1021][safepoint   ] Safepoint "Cleanup", Time since last: 1000080849 ns, Reaching safepoint: 12583 ns, Cleanup: 12583 ns, At safepoint: 5667 ns, Total: 30833 ns
[2025-03-14T07:41:58.606+0000][1021][safepoint   ] Safepoint "Cleanup", Time since last: 2000153031 ns, Reaching safepoint: 6583 ns, Cleanup: 8334 ns, At safepoint: 11125 ns, Total: 26042 ns
[2025-03-14T07:42:01.606+0000][1021][safepoint   ] Safepoint "Cleanup", Time since last: 3000213004 ns, Reaching safepoint: 12126 ns, Cleanup: 9125 ns, At safepoint: 5833 ns, Total: 27084 ns
[2025-03-14T07:42:04.610+0000][1021][safepoint   ] Safepoint "Cleanup", Time since last: 3003378647 ns, Reaching safepoint: 34250 ns, Cleanup: 23084 ns, At safepoint: 11917 ns, Total: 69251 ns
[2025-03-14T07:42:07.615+0000][1021][safepoint   ] Safepoint "Cleanup", Time since last: 3005408075 ns, Reaching safepoint: 99334 ns, Cleanup: 7416 ns, At safepoint: 6584 ns, Total: 113334 ns
[2025-03-14T07:42:19.618+0000][1021][safepoint   ] Safepoint "Cleanup", Time since last: 12002903894 ns, Reaching safepoint: 7084 ns, Cleanup: 10459 ns, At safepoint: 5583 ns, Total: 23126 ns
[2025-03-14T07:42:20.619+0000][1021][safepoint   ] Safepoint "Cleanup", Time since last: 1000613256 ns, Reaching safepoint: 44378 ns, Cleanup: 69213 ns, At safepoint: 25668 ns, Total: 139259 ns
[2025-03-14T07:42:37.626+0000][1021][safepoint   ] Safepoint "Cleanup", Time since last: 17007340962 ns, Reaching safepoint: 32084 ns, Cleanup: 19583 ns, At safepoint: 19834 ns, Total: 71501 ns
[2025-03-14T07:42:39.216+0000][1021][safepoint   ] Safepoint "Cleanup", Time since last: 1589980177 ns, Reaching safepoint: 41001 ns, Cleanup: 68252 ns, At safepoint: 15750 ns, Total: 125003 ns
[2025-03-14T07:42:50.219+0000][1021][safepoint   ] Safepoint "Cleanup", Time since last: 11003048118 ns, Reaching safepoint: 7583 ns, Cleanup: 8584 ns, At safepoint: 19792 ns, Total: 35959 ns
[2025-03-14T07:42:52.219+0000][1021][safepoint   ] Safepoint "Cleanup", Time since last: 2000136420 ns, Reaching safepoint: 6708 ns, Cleanup: 9834 ns, At safepoint: 4875 ns, Total: 21417 ns
[2025-03-14T07:42:53.220+0000][1021][safepoint   ] Safepoint "Cleanup", Time since last: 1000089754 ns, Reaching safepoint: 6500 ns, Cleanup: 15375 ns, At safepoint: 6584 ns, Total: 28459 ns
[2025-03-14T07:42:56.220+0000][1021][safepoint   ] Safepoint "Cleanup", Time since last: 3000214320 ns, Reaching safepoint: 7000 ns, Cleanup: 9084 ns, At safepoint: 5125 ns, Total: 21209 ns
[2025-03-14T07:43:02.224+0000][1021][safepoint   ] Safepoint "Cleanup", Time since last: 6003963570 ns, Reaching safepoint: 9126 ns, Cleanup: 13250 ns, At safepoint: 6625 ns, Total: 29001 ns
[2025-03-14T07:43:07.225+0000][1021][safepoint   ] Safepoint "Cleanup", Time since last: 5001273520 ns, Reaching safepoint: 6958 ns, Cleanup: 11334 ns, At safepoint: 4750 ns, Total: 23042 ns
[2025-03-14T07:43:14.228+0000][1021][safepoint   ] Safepoint "Cleanup", Time since last: 7002614330 ns, Reaching safepoint: 21041 ns, Cleanup: 98168 ns, At safepoint: 13041 ns, Total: 132250 ns
[2025-03-14T07:43:20.231+0000][1021][safepoint   ] Safepoint "Cleanup", Time since last: 6003547419 ns, Reaching safepoint: 7541 ns, Cleanup: 9792 ns, At safepoint: 19000 ns, Total: 36333 ns
[2025-03-14T07:43:22.232+0000][1021][safepoint   ] Safepoint "Cleanup", Time since last: 2000360764 ns, Reaching safepoint: 7500 ns, Cleanup: 10583 ns, At safepoint: 5292 ns, Total: 23375 ns
[2025-03-14T07:43:23.233+0000][1021][safepoint   ] Safepoint "Cleanup", Time since last: 1001108263 ns, Reaching safepoint: 24125 ns, Cleanup: 45166 ns, At safepoint: 8584 ns, Total: 77875 ns
[2025-03-14T07:43:33.235+0000][1021][safepoint   ] Safepoint "Cleanup", Time since last: 10002173109 ns, Reaching safepoint: 37667 ns, Cleanup: 19999 ns, At safepoint: 13750 ns, Total: 71416 ns
[2025-03-14T07:43:38.240+0000][1021][safepoint   ] Safepoint "Cleanup", Time since last: 5004659296 ns, Reaching safepoint: 9584 ns, Cleanup: 9124 ns, At safepoint: 5834 ns, Total: 24542 ns
[2025-03-14T07:43:44.315+0000][1021][safepoint   ] Safepoint "Cleanup", Time since last: 6074735515 ns, Reaching safepoint: 7041 ns, Cleanup: 9375 ns, At safepoint: 4125 ns, Total: 20541 ns
[2025-03-14T07:43:50.318+0000][1021][safepoint   ] Safepoint "Cleanup", Time since last: 6002881667 ns, Reaching safepoint: 182875 ns, Cleanup: 56708 ns, At safepoint: 37958 ns, Total: 277541 ns
[2025-03-14T07:44:02.326+0000][1021][safepoint   ] Safepoint "Cleanup", Time since last: 12008121354 ns, Reaching safepoint: 10208 ns, Cleanup: 23458 ns, At safepoint: 6209 ns, Total: 39875 ns
[2025-03-14T07:44:08.328+0000][1021][safepoint   ] Safepoint "Cleanup", Time since last: 6002301088 ns, Reaching safepoint: 60916 ns, Cleanup: 42125 ns, At safepoint: 32917 ns, Total: 135958 ns
[2025-03-14T07:44:10.330+0000][1021][safepoint   ] Safepoint "Cleanup", Time since last: 2001068356 ns, Reaching safepoint: 58208 ns, Cleanup: 69167 ns, At safepoint: 26583 ns, Total: 153958 ns
[2025-03-14T07:44:32.340+0000][1021][safepoint   ] Safepoint "Cleanup", Time since last: 22010313266 ns, Reaching safepoint: 55625 ns, Cleanup: 16708 ns, At safepoint: 8751 ns, Total: 81084 ns
[2025-03-14T07:44:38.341+0000][1021][safepoint   ] Safepoint "Cleanup", Time since last: 6000636819 ns, Reaching safepoint: 32042 ns, Cleanup: 29208 ns, At safepoint: 9834 ns, Total: 71084 ns
[2025-03-14T07:44:39.388+0000][1021][safepoint   ] Safepoint "Cleanup", Time since last: 1047267558 ns, Reaching safepoint: 6833 ns, Cleanup: 11792 ns, At safepoint: 5208 ns, Total: 23833 ns
[2025-03-14T07:44:53.394+0000][1021][safepoint   ] Safepoint "Cleanup", Time since last: 14005493576 ns, Reaching safepoint: 16375 ns, Cleanup: 17750 ns, At safepoint: 3667 ns, Total: 37792 ns
[2025-03-14T07:44:56.394+0000][1021][safepoint   ] Safepoint "Cleanup", Time since last: 3000224422 ns, Reaching safepoint: 11333 ns, Cleanup: 19875 ns, At safepoint: 5750 ns, Total: 36958 ns
[2025-03-14T07:45:01.398+0000][1021][safepoint   ] Safepoint "Cleanup", Time since last: 5002050166 ns, Reaching safepoint: 105667 ns, Cleanup: 9083 ns, At safepoint: 1881339 ns, Total: 1996089 ns
[2025-03-14T07:45:27.405+0000][1021][safepoint   ] Safepoint "Cleanup", Time since last: 26007212575 ns, Reaching safepoint: 56916 ns, Cleanup: 19541 ns, At safepoint: 3292 ns, Total: 79749 ns
[2025-03-14T07:45:44.482+0000][1021][safepoint   ] Safepoint "Cleanup", Time since last: 17076672333 ns, Reaching safepoint: 7500 ns, Cleanup: 10458 ns, At safepoint: 4042 ns, Total: 22000 ns
[2025-03-14T07:46:01.490+0000][1021][safepoint   ] Safepoint "Cleanup", Time since last: 17007716526 ns, Reaching safepoint: 30250 ns, Cleanup: 34749 ns, At safepoint: 10792 ns, Total: 75791 ns
[2025-03-14T07:46:02.490+0000][1021][safepoint   ] Safepoint "Cleanup", Time since last: 1000182250 ns, Reaching safepoint: 6709 ns, Cleanup: 84499 ns, At safepoint: 5624 ns, Total: 96832 ns
[2025-03-14T07:46:22.495+0000][1021][safepoint   ] Safepoint "Cleanup", Time since last: 20004974219 ns, Reaching safepoint: 43541 ns, Cleanup: 27583 ns, At safepoint: 3917 ns, Total: 75041 ns
[2025-03-14T07:46:44.581+0000][1021][safepoint   ] Safepoint "Cleanup", Time since last: 22085990044 ns, Reaching safepoint: 28708 ns, Cleanup: 29083 ns, At safepoint: 5833 ns, Total: 63624 ns
[2025-03-14T07:47:01.587+0000][1021][safepoint   ] Safepoint "Cleanup", Time since last: 17006040604 ns, Reaching safepoint: 50916 ns, Cleanup: 14792 ns, At safepoint: 5833 ns, Total: 71541 ns
[2025-03-14T07:47:02.587+0000][1021][safepoint   ] Safepoint "Cleanup", Time since last: 1000098593 ns, Reaching safepoint: 6167 ns, Cleanup: 7291 ns, At safepoint: 4667 ns, Total: 18125 ns
[2025-03-14T07:47:13.565+0000][1021][gc,start    ] GC(33) Pause Young (Normal) (G1 Evacuation Pause)
[2025-03-14T07:47:13.567+0000][1021][gc,task     ] GC(33) Using 1 workers of 1 for evacuation
[2025-03-14T07:47:13.567+0000][1021][gc,age      ] GC(33) Desired survivor size 77594624 bytes, new threshold 15 (max threshold 15)
[2025-03-14T07:47:13.661+0000][1021][gc,phases   ] GC(33)   Pre Evacuate Collection Set: 0.90ms
[2025-03-14T07:47:13.661+0000][1021][gc,phases   ] GC(33)   Merge Heap Roots: 0.27ms
[2025-03-14T07:47:13.661+0000][1021][gc,phases   ] GC(33)   Evacuate Collection Set: 88.97ms
[2025-03-14T07:47:13.661+0000][1021][gc,phases   ] GC(33)   Post Evacuate Collection Set: 3.72ms
[2025-03-14T07:47:13.662+0000][1021][gc,phases   ] GC(33)   Other: 0.19ms
[2025-03-14T07:47:13.662+0000][1021][gc,age      ] GC(33) Age table with threshold 15 (max threshold 15)
[2025-03-14T07:47:13.662+0000][1021][gc,age      ] GC(33) - age   1:    1061808 bytes,    1061808 total
[2025-03-14T07:47:13.662+0000][1021][gc,age      ] GC(33) - age   2:      92272 bytes,    1154080 total
[2025-03-14T07:47:13.662+0000][1021][gc,age      ] GC(33) - age   3:      10768 bytes,    1164848 total
[2025-03-14T07:47:13.662+0000][1021][gc,age      ] GC(33) - age   4:      18976 bytes,    1183824 total
[2025-03-14T07:47:13.662+0000][1021][gc,age      ] GC(33) - age   5:     100200 bytes,    1284024 total
[2025-03-14T07:47:13.662+0000][1021][gc,age      ] GC(33) - age   6:      30528 bytes,    1314552 total
[2025-03-14T07:47:13.662+0000][1021][gc,age      ] GC(33) - age   7:      74512 bytes,    1389064 total
[2025-03-14T07:47:13.662+0000][1021][gc,age      ] GC(33) - age   8:     834888 bytes,    2223952 total
[2025-03-14T07:47:13.662+0000][1021][gc,age      ] GC(33) - age   9:    2088512 bytes,    4312464 total
[2025-03-14T07:47:13.662+0000][1021][gc,age      ] GC(33) - age  10:       3200 bytes,    4315664 total
[2025-03-14T07:47:13.662+0000][1021][gc,age      ] GC(33) - age  11:      69064 bytes,    4384728 total
[2025-03-14T07:47:13.662+0000][1021][gc,age      ] GC(33) - age  12:    7867448 bytes,   12252176 total
[2025-03-14T07:47:13.662+0000][1021][gc,age      ] GC(33) - age  13:    5265640 bytes,   17517816 total
[2025-03-14T07:47:13.662+0000][1021][gc,age      ] GC(33) - age  14:    6027328 bytes,   23545144 total
[2025-03-14T07:47:13.662+0000][1021][gc,heap     ] GC(33) Eden regions: 286->0(286)
[2025-03-14T07:47:13.662+0000][1021][gc,heap     ] GC(33) Survivor regions: 6->6(37)
[2025-03-14T07:47:13.662+0000][1021][gc,heap     ] GC(33) Old regions: 19->19
[2025-03-14T07:47:13.662+0000][1021][gc,heap     ] GC(33) Humongous regions: 5->5
[2025-03-14T07:47:13.662+0000][1021][gc,metaspace] GC(33) Metaspace: 121690K(124928K)->121690K(124928K) NonClass: 105203K(107008K)->105203K(107008K) Class: 16486K(17920K)->16486K(17920K)
[2025-03-14T07:47:13.662+0000][1021][gc          ] GC(33) Pause Young (Normal) (G1 Evacuation Pause) 1262M->118M(1952M) 96.939ms
[2025-03-14T07:47:13.662+0000][1021][gc,cpu      ] GC(33) User=0.10s Sys=0.00s Real=0.09s
[2025-03-14T07:47:13.663+0000][1021][safepoint   ] Safepoint "G1CollectForAllocation", Time since last: 10977114330 ns, Reaching safepoint: 121166 ns, Cleanup: 12458 ns, At safepoint: 98387092 ns, Total: 98520716 ns
[2025-03-14T07:47:19.665+0000][1021][safepoint   ] Safepoint "Cleanup", Time since last: 6002101310 ns, Reaching safepoint: 6833 ns, Cleanup: 9541 ns, At safepoint: 4667 ns, Total: 21041 ns
[2025-03-14T07:47:43.652+0000][1021][safepoint   ] Safepoint "Cleanup", Time since last: 23987340154 ns, Reaching safepoint: 7458 ns, Cleanup: 11417 ns, At safepoint: 5583 ns, Total: 24458 ns
[2025-03-14T07:47:55.657+0000][1021][safepoint   ] Safepoint "Cleanup", Time since last: 12004338119 ns, Reaching safepoint: 28417 ns, Cleanup: 13666 ns, At safepoint: 6834 ns, Total: 48917 ns
[2025-03-14T07:47:58.657+0000][1021][safepoint   ] Safepoint "Cleanup", Time since last: 3000480336 ns, Reaching safepoint: 5000 ns, Cleanup: 9791 ns, At safepoint: 4459 ns, Total: 19250 ns
[2025-03-14T07:48:01.658+0000][1021][safepoint   ] Safepoint "Cleanup", Time since last: 3000212428 ns, Reaching safepoint: 5583 ns, Cleanup: 9250 ns, At safepoint: 4542 ns, Total: 19375 ns
[2025-03-14T07:48:23.672+0000][1021][safepoint   ] Safepoint "Cleanup", Time since last: 22013947530 ns, Reaching safepoint: 122458 ns, Cleanup: 29125 ns, At safepoint: 24958 ns, Total: 176541 ns
[2025-03-14T07:48:28.673+0000][1021][safepoint   ] Safepoint "Cleanup", Time since last: 5000952520 ns, Reaching safepoint: 6041 ns, Cleanup: 8167 ns, At safepoint: 5250 ns, Total: 19458 ns
[2025-03-14T07:48:55.733+0000][1021][safepoint   ] Safepoint "Cleanup", Time since last: 27060174387 ns, Reaching safepoint: 73166 ns, Cleanup: 14042 ns, At safepoint: 14625 ns, Total: 101833 ns
[2025-03-14T07:48:57.733+0000][1021][safepoint   ] Safepoint "Cleanup", Time since last: 2000397099 ns, Reaching safepoint: 99916 ns, Cleanup: 43625 ns, At safepoint: 19459 ns, Total: 163000 ns
[2025-03-14T07:48:59.736+0000][1021][safepoint   ] Safepoint "Cleanup", Time since last: 2002029609 ns, Reaching safepoint: 36417 ns, Cleanup: 45666 ns, At safepoint: 18834 ns, Total: 100917 ns
[2025-03-14T07:49:01.738+0000][1021][safepoint   ] Safepoint "Cleanup", Time since last: 2002433535 ns, Reaching safepoint: 9791 ns, Cleanup: 10125 ns, At safepoint: 13709 ns, Total: 33625 ns
[2025-03-14T07:49:19.747+0000][1021][safepoint   ] Safepoint "Cleanup", Time since last: 18008456786 ns, Reaching safepoint: 27708 ns, Cleanup: 16292 ns, At safepoint: 5916 ns, Total: 49916 ns
[2025-03-14T07:49:31.749+0000][1021][safepoint   ] Safepoint "Cleanup", Time since last: 12002725900 ns, Reaching safepoint: 71250 ns, Cleanup: 18750 ns, At safepoint: 6000 ns, Total: 96000 ns
[2025-03-14T07:49:43.834+0000][1021][safepoint   ] Safepoint "Cleanup", Time since last: 12084696567 ns, Reaching safepoint: 7667 ns, Cleanup: 12417 ns, At safepoint: 5167 ns, Total: 25251 ns
[2025-03-14T07:49:46.834+0000][1021][safepoint   ] Safepoint "Cleanup", Time since last: 3000210788 ns, Reaching safepoint: 5500 ns, Cleanup: 8501 ns, At safepoint: 4791 ns, Total: 18792 ns
[2025-03-14T07:49:49.835+0000][1021][safepoint   ] Safepoint "Cleanup", Time since last: 3000207936 ns, Reaching safepoint: 7709 ns, Cleanup: 9167 ns, At safepoint: 5333 ns, Total: 22209 ns
[2025-03-14T07:49:51.836+0000][1021][safepoint   ] Safepoint "Cleanup", Time since last: 2001041567 ns, Reaching safepoint: 35167 ns, Cleanup: 24751 ns, At safepoint: 15917 ns, Total: 75835 ns
[2025-03-14T07:50:01.841+0000][1021][safepoint   ] Safepoint "Cleanup", Time since last: 10005275385 ns, Reaching safepoint: 9250 ns, Cleanup: 20459 ns, At safepoint: 5583 ns, Total: 35292 ns
[2025-03-14T07:50:22.849+0000][1021][safepoint   ] Safepoint "Cleanup", Time since last: 21007527999 ns, Reaching safepoint: 62417 ns, Cleanup: 28209 ns, At safepoint: 5791 ns, Total: 96417 ns
[2025-03-14T07:50:26.849+0000][1021][safepoint   ] Safepoint "Cleanup", Time since last: 4000336572 ns, Reaching safepoint: 8333 ns, Cleanup: 9042 ns, At safepoint: 9750 ns, Total: 27125 ns
[2025-03-14T07:50:31.853+0000][1021][safepoint   ] Safepoint "Cleanup", Time since last: 5003436214 ns, Reaching safepoint: 29334 ns, Cleanup: 17208 ns, At safepoint: 29959 ns, Total: 76501 ns
[2025-03-14T07:51:01.916+0000][1021][safepoint   ] Safepoint "Cleanup", Time since last: 30063824790 ns, Reaching safepoint: 6583 ns, Cleanup: 30209 ns, At safepoint: 8458 ns, Total: 45250 ns
[2025-03-14T07:51:26.929+0000][1021][safepoint   ] Safepoint "Cleanup", Time since last: 25012352332 ns, Reaching safepoint: 59792 ns, Cleanup: 21417 ns, At safepoint: 9833 ns, Total: 91042 ns
[2025-03-14T07:51:43.997+0000][1021][safepoint   ] Safepoint "Cleanup", Time since last: 17068116380 ns, Reaching safepoint: 50917 ns, Cleanup: 57292 ns, At safepoint: 21292 ns, Total: 129501 ns
[2025-03-14T07:51:49.999+0000][1021][safepoint   ] Safepoint "Cleanup", Time since last: 6002020140 ns, Reaching safepoint: 9417 ns, Cleanup: 17791 ns, At safepoint: 5625 ns, Total: 32833 ns
[2025-03-14T07:51:56.000+0000][1021][safepoint   ] Safepoint "Cleanup", Time since last: 6000392600 ns, Reaching safepoint: 22416 ns, Cleanup: 19459 ns, At safepoint: 5917 ns, Total: 47792 ns
[2025-03-14T07:52:02.005+0000][1021][safepoint   ] Safepoint "Cleanup", Time since last: 6005549751 ns, Reaching safepoint: 41125 ns, Cleanup: 37000 ns, At safepoint: 17375 ns, Total: 95500 ns
[2025-03-14T07:52:08.008+0000][1021][safepoint   ] Safepoint "Cleanup", Time since last: 6002767784 ns, Reaching safepoint: 6625 ns, Cleanup: 13459 ns, At safepoint: 4916 ns, Total: 25000 ns
[2025-03-14T07:52:09.008+0000][1021][safepoint   ] Safepoint "Cleanup", Time since last: 1000091339 ns, Reaching safepoint: 9625 ns, Cleanup: 15541 ns, At safepoint: 6000 ns, Total: 31166 ns
[2025-03-14T07:52:11.008+0000][1021][safepoint   ] Safepoint "Cleanup", Time since last: 2000151871 ns, Reaching safepoint: 6625 ns, Cleanup: 9083 ns, At safepoint: 3542 ns, Total: 19250 ns
[2025-03-14T07:52:19.623+0000][1021][gc,start    ] GC(34) Pause Young (Normal) (G1 Evacuation Pause)
[2025-03-14T07:52:19.623+0000][1021][gc,task     ] GC(34) Using 1 workers of 1 for evacuation
[2025-03-14T07:52:19.623+0000][1021][gc,age      ] GC(34) Desired survivor size 77594624 bytes, new threshold 15 (max threshold 15)
[2025-03-14T07:52:19.686+0000][1021][gc,phases   ] GC(34)   Pre Evacuate Collection Set: 1.18ms
[2025-03-14T07:52:19.686+0000][1021][gc,phases   ] GC(34)   Merge Heap Roots: 0.12ms
[2025-03-14T07:52:19.686+0000][1021][gc,phases   ] GC(34)   Evacuate Collection Set: 57.22ms
[2025-03-14T07:52:19.686+0000][1021][gc,phases   ] GC(34)   Post Evacuate Collection Set: 3.87ms
[2025-03-14T07:52:19.686+0000][1021][gc,phases   ] GC(34)   Other: 0.10ms
[2025-03-14T07:52:19.686+0000][1021][gc,age      ] GC(34) Age table with threshold 15 (max threshold 15)
[2025-03-14T07:52:19.686+0000][1021][gc,age      ] GC(34) - age   1:    1335784 bytes,    1335784 total
[2025-03-14T07:52:19.686+0000][1021][gc,age      ] GC(34) - age   2:     399008 bytes,    1734792 total
[2025-03-14T07:52:19.686+0000][1021][gc,age      ] GC(34) - age   3:      89040 bytes,    1823832 total
[2025-03-14T07:52:19.686+0000][1021][gc,age      ] GC(34) - age   4:      10680 bytes,    1834512 total
[2025-03-14T07:52:19.686+0000][1021][gc,age      ] GC(34) - age   5:      18552 bytes,    1853064 total
[2025-03-14T07:52:19.686+0000][1021][gc,age      ] GC(34) - age   6:      99520 bytes,    1952584 total
[2025-03-14T07:52:19.686+0000][1021][gc,age      ] GC(34) - age   7:      30528 bytes,    1983112 total
[2025-03-14T07:52:19.686+0000][1021][gc,age      ] GC(34) - age   8:      74512 bytes,    2057624 total
[2025-03-14T07:52:19.686+0000][1021][gc,age      ] GC(34) - age   9:     834464 bytes,    2892088 total
[2025-03-14T07:52:19.686+0000][1021][gc,age      ] GC(34) - age  10:    2082304 bytes,    4974392 total
[2025-03-14T07:52:19.686+0000][1021][gc,age      ] GC(34) - age  11:       3200 bytes,    4977592 total
[2025-03-14T07:52:19.686+0000][1021][gc,age      ] GC(34) - age  12:      69064 bytes,    5046656 total
[2025-03-14T07:52:19.686+0000][1021][gc,age      ] GC(34) - age  13:    7839920 bytes,   12886576 total
[2025-03-14T07:52:19.686+0000][1021][gc,age      ] GC(34) - age  14:    5265640 bytes,   18152216 total
[2025-03-14T07:52:19.686+0000][1021][gc,age      ] GC(34) - age  15:    6027328 bytes,   24179544 total
[2025-03-14T07:52:19.686+0000][1021][gc,heap     ] GC(34) Eden regions: 286->0(286)
[2025-03-14T07:52:19.686+0000][1021][gc,heap     ] GC(34) Survivor regions: 6->6(37)
[2025-03-14T07:52:19.686+0000][1021][gc,heap     ] GC(34) Old regions: 19->19
[2025-03-14T07:52:19.686+0000][1021][gc,heap     ] GC(34) Humongous regions: 5->5
[2025-03-14T07:52:19.686+0000][1021][gc,metaspace] GC(34) Metaspace: 121739K(124928K)->121739K(124928K) NonClass: 105250K(107008K)->105250K(107008K) Class: 16488K(17920K)->16488K(17920K)
[2025-03-14T07:52:19.686+0000][1021][gc          ] GC(34) Pause Young (Normal) (G1 Evacuation Pause) 1262M->118M(1952M) 62.660ms
[2025-03-14T07:52:19.686+0000][1021][gc,cpu      ] GC(34) User=0.05s Sys=0.01s Real=0.06s
[2025-03-14T07:52:19.686+0000][1021][safepoint   ] Safepoint "G1CollectForAllocation", Time since last: 8614963009 ns, Reaching safepoint: 4125 ns, Cleanup: 2542 ns, At safepoint: 62757795 ns, Total: 62764462 ns
[2025-03-14T07:52:20.687+0000][1021][safepoint   ] Safepoint "Cleanup", Time since last: 1000749852 ns, Reaching safepoint: 81792 ns, Cleanup: 23459 ns, At safepoint: 8875 ns, Total: 114126 ns
[2025-03-14T07:52:26.688+0000][1021][safepoint   ] Safepoint "Cleanup", Time since last: 6000825683 ns, Reaching safepoint: 10292 ns, Cleanup: 16958 ns, At safepoint: 15792 ns, Total: 43042 ns
[2025-03-14T07:52:38.694+0000][1021][safepoint   ] Safepoint "Cleanup", Time since last: 12006004457 ns, Reaching safepoint: 26250 ns, Cleanup: 20084 ns, At safepoint: 11875 ns, Total: 58209 ns
[2025-03-14T07:52:44.086+0000][1021][safepoint   ] Safepoint "Cleanup", Time since last: 5391920372 ns, Reaching safepoint: 6625 ns, Cleanup: 8542 ns, At safepoint: 22792 ns, Total: 37959 ns
[2025-03-14T07:52:57.092+0000][1021][safepoint   ] Safepoint "Cleanup", Time since last: 13006537995 ns, Reaching safepoint: 8416 ns, Cleanup: 14625 ns, At safepoint: 8542 ns, Total: 31583 ns
[2025-03-14T07:53:56.157+0000][1021][safepoint   ] Safepoint "Cleanup", Time since last: 59064842551 ns, Reaching safepoint: 11125 ns, Cleanup: 20167 ns, At safepoint: 5833 ns, Total: 37125 ns
[2025-03-14T07:54:02.158+0000][1021][safepoint   ] Safepoint "Cleanup", Time since last: 6000447891 ns, Reaching safepoint: 7791 ns, Cleanup: 13500 ns, At safepoint: 5792 ns, Total: 27083 ns
[2025-03-14T07:54:08.161+0000][1021][safepoint   ] Safepoint "Cleanup", Time since last: 6002827375 ns, Reaching safepoint: 44667 ns, Cleanup: 49417 ns, At safepoint: 19417 ns, Total: 113501 ns
[2025-03-14T07:54:14.165+0000][1021][safepoint   ] Safepoint "Cleanup", Time since last: 6004276544 ns, Reaching safepoint: 6709 ns, Cleanup: 11375 ns, At safepoint: 5000 ns, Total: 23084 ns
[2025-03-14T07:54:20.165+0000][1021][safepoint   ] Safepoint "Cleanup", Time since last: 6000401923 ns, Reaching safepoint: 20751 ns, Cleanup: 9625 ns, At safepoint: 5791 ns, Total: 36167 ns
[2025-03-14T07:54:22.166+0000][1021][safepoint   ] Safepoint "Cleanup", Time since last: 2000168825 ns, Reaching safepoint: 23292 ns, Cleanup: 10250 ns, At safepoint: 6125 ns, Total: 39667 ns
[2025-03-14T07:54:23.166+0000][1021][safepoint   ] Safepoint "Cleanup", Time since last: 1000097208 ns, Reaching safepoint: 24083 ns, Cleanup: 18542 ns, At safepoint: 8375 ns, Total: 51000 ns
[2025-03-14T07:54:26.170+0000][1021][safepoint   ] Safepoint "Cleanup", Time since last: 3004345945 ns, Reaching safepoint: 35584 ns, Cleanup: 56917 ns, At safepoint: 14416 ns, Total: 106917 ns
[2025-03-14T07:55:02.247+0000][1021][safepoint   ] Safepoint "Cleanup", Time since last: 36076432648 ns, Reaching safepoint: 38792 ns, Cleanup: 89584 ns, At safepoint: 19833 ns, Total: 148209 ns
[2025-03-14T07:55:32.257+0000][1021][safepoint   ] Safepoint "Cleanup", Time since last: 30009647859 ns, Reaching safepoint: 87209 ns, Cleanup: 19917 ns, At safepoint: 10542 ns, Total: 117668 ns
[2025-03-14T07:55:42.339+0000][1021][safepoint   ] Safepoint "Cleanup", Time since last: 10082380416 ns, Reaching safepoint: 9125 ns, Cleanup: 22292 ns, At safepoint: 6542 ns, Total: 37959 ns
[2025-03-14T07:56:14.351+0000][1021][safepoint   ] Safepoint "Cleanup", Time since last: 32011916517 ns, Reaching safepoint: 88166 ns, Cleanup: 65376 ns, At safepoint: 13750 ns, Total: 167292 ns
[2025-03-14T07:56:20.355+0000][1021][safepoint   ] Safepoint "Cleanup", Time since last: 6004297408 ns, Reaching safepoint: 7542 ns, Cleanup: 11292 ns, At safepoint: 5000 ns, Total: 23834 ns
[2025-03-14T07:56:25.356+0000][1021][safepoint   ] Safepoint "Cleanup", Time since last: 5000354929 ns, Reaching safepoint: 64708 ns, Cleanup: 25458 ns, At safepoint: 8459 ns, Total: 98625 ns
[2025-03-14T07:56:47.427+0000][1021][safepoint   ] Safepoint "Cleanup", Time since last: 22070709172 ns, Reaching safepoint: 6334 ns, Cleanup: 10875 ns, At safepoint: 4750 ns, Total: 21959 ns
[2025-03-14T07:56:57.432+0000][1021][safepoint   ] Safepoint "Cleanup", Time since last: 10005554905 ns, Reaching safepoint: 22333 ns, Cleanup: 13125 ns, At safepoint: 6417 ns, Total: 41875 ns
[2025-03-14T07:56:59.432+0000][1021][safepoint   ] Safepoint "Cleanup", Time since last: 2000176237 ns, Reaching safepoint: 13917 ns, Cleanup: 12333 ns, At safepoint: 5958 ns, Total: 32208 ns
[2025-03-14T07:57:01.433+0000][1021][safepoint   ] Safepoint "Cleanup", Time since last: 2000149516 ns, Reaching safepoint: 6625 ns, Cleanup: 15791 ns, At safepoint: 4834 ns, Total: 27250 ns
[2025-03-14T07:57:50.500+0000][1021][safepoint   ] Safepoint "Cleanup", Time since last: 49067597676 ns, Reaching safepoint: 16666 ns, Cleanup: 28126 ns, At safepoint: 4916 ns, Total: 49708 ns
[2025-03-14T07:57:55.635+0000][1021][gc,start    ] GC(35) Pause Young (Normal) (G1 Evacuation Pause)
[2025-03-14T07:57:55.635+0000][1021][gc,task     ] GC(35) Using 1 workers of 1 for evacuation
[2025-03-14T07:57:55.635+0000][1021][gc,age      ] GC(35) Desired survivor size 77594624 bytes, new threshold 15 (max threshold 15)
[2025-03-14T07:57:55.722+0000][1021][gc,phases   ] GC(35)   Pre Evacuate Collection Set: 0.43ms
[2025-03-14T07:57:55.722+0000][1021][gc,phases   ] GC(35)   Merge Heap Roots: 0.13ms
[2025-03-14T07:57:55.722+0000][1021][gc,phases   ] GC(35)   Evacuate Collection Set: 77.67ms
[2025-03-14T07:57:55.722+0000][1021][gc,phases   ] GC(35)   Post Evacuate Collection Set: 8.58ms
[2025-03-14T07:57:55.722+0000][1021][gc,phases   ] GC(35)   Other: 0.10ms
[2025-03-14T07:57:55.722+0000][1021][gc,age      ] GC(35) Age table with threshold 15 (max threshold 15)
[2025-03-14T07:57:55.722+0000][1021][gc,age      ] GC(35) - age   1:    1503592 bytes,    1503592 total
[2025-03-14T07:57:55.722+0000][1021][gc,age      ] GC(35) - age   2:      21760 bytes,    1525352 total
[2025-03-14T07:57:55.722+0000][1021][gc,age      ] GC(35) - age   3:     398680 bytes,    1924032 total
[2025-03-14T07:57:55.722+0000][1021][gc,age      ] GC(35) - age   4:      88648 bytes,    2012680 total
[2025-03-14T07:57:55.722+0000][1021][gc,age      ] GC(35) - age   5:      10640 bytes,    2023320 total
[2025-03-14T07:57:55.722+0000][1021][gc,age      ] GC(35) - age   6:      18552 bytes,    2041872 total
[2025-03-14T07:57:55.722+0000][1021][gc,age      ] GC(35) - age   7:      99520 bytes,    2141392 total
[2025-03-14T07:57:55.722+0000][1021][gc,age      ] GC(35) - age   8:      30528 bytes,    2171920 total
[2025-03-14T07:57:55.722+0000][1021][gc,age      ] GC(35) - age   9:      74512 bytes,    2246432 total
[2025-03-14T07:57:55.722+0000][1021][gc,age      ] GC(35) - age  10:     834464 bytes,    3080896 total
[2025-03-14T07:57:55.722+0000][1021][gc,age      ] GC(35) - age  11:    2082304 bytes,    5163200 total
[2025-03-14T07:57:55.722+0000][1021][gc,age      ] GC(35) - age  12:       3200 bytes,    5166400 total
[2025-03-14T07:57:55.722+0000][1021][gc,age      ] GC(35) - age  13:      69064 bytes,    5235464 total
[2025-03-14T07:57:55.722+0000][1021][gc,age      ] GC(35) - age  14:    7839920 bytes,   13075384 total
[2025-03-14T07:57:55.722+0000][1021][gc,age      ] GC(35) - age  15:    5265584 bytes,   18340968 total
[2025-03-14T07:57:55.722+0000][1021][gc,heap     ] GC(35) Eden regions: 286->0(287)
[2025-03-14T07:57:55.722+0000][1021][gc,heap     ] GC(35) Survivor regions: 6->5(37)
[2025-03-14T07:57:55.722+0000][1021][gc,heap     ] GC(35) Old regions: 19->20
[2025-03-14T07:57:55.722+0000][1021][gc,heap     ] GC(35) Humongous regions: 5->5
[2025-03-14T07:57:55.722+0000][1021][gc,metaspace] GC(35) Metaspace: 121762K(124928K)->121762K(124928K) NonClass: 105273K(107008K)->105273K(107008K) Class: 16489K(17920K)->16489K(17920K)
[2025-03-14T07:57:55.722+0000][1021][gc          ] GC(35) Pause Young (Normal) (G1 Evacuation Pause) 1262M->118M(1952M) 87.222ms
[2025-03-14T07:57:55.722+0000][1021][gc,cpu      ] GC(35) User=0.08s Sys=0.00s Real=0.08s
[2025-03-14T07:57:55.722+0000][1021][safepoint   ] Safepoint "G1CollectForAllocation", Time since last: 5134674992 ns, Reaching safepoint: 4250 ns, Cleanup: 1916 ns, At safepoint: 87378676 ns, Total: 87384842 ns
[2025-03-14T07:57:56.722+0000][1021][safepoint   ] Safepoint "Cleanup", Time since last: 1000079399 ns, Reaching safepoint: 7417 ns, Cleanup: 13375 ns, At safepoint: 2458 ns, Total: 23250 ns
[2025-03-14T07:58:01.724+0000][1021][safepoint   ] Safepoint "Cleanup", Time since last: 5001684387 ns, Reaching safepoint: 12500 ns, Cleanup: 15125 ns, At safepoint: 3666 ns, Total: 31291 ns
[2025-03-14T07:58:50.587+0000][1021][safepoint   ] Safepoint "Cleanup", Time since last: 48863168523 ns, Reaching safepoint: 7375 ns, Cleanup: 10459 ns, At safepoint: 5416 ns, Total: 23250 ns
[2025-03-14T07:59:01.594+0000][1021][safepoint   ] Safepoint "Cleanup", Time since last: 11006680115 ns, Reaching safepoint: 15250 ns, Cleanup: 26417 ns, At safepoint: 6083 ns, Total: 47750 ns
[2025-03-14T07:59:07.594+0000][1021][safepoint   ] Safepoint "Cleanup", Time since last: 6000453080 ns, Reaching safepoint: 7209 ns, Cleanup: 10250 ns, At safepoint: 4916 ns, Total: 22375 ns
[2025-03-14T07:59:38.608+0000][1021][safepoint   ] Safepoint "Cleanup", Time since last: 31013040644 ns, Reaching safepoint: 16375 ns, Cleanup: 13000 ns, At safepoint: 7208 ns, Total: 36583 ns
[2025-03-14T08:00:01.668+0000][1021][safepoint   ] Safepoint "Cleanup", Time since last: 23060189295 ns, Reaching safepoint: 27833 ns, Cleanup: 17333 ns, At safepoint: 5542 ns, Total: 50708 ns
[2025-03-14T08:00:07.670+0000][1021][safepoint   ] Safepoint "Cleanup", Time since last: 6002620341 ns, Reaching safepoint: 9292 ns, Cleanup: 15083 ns, At safepoint: 12542 ns, Total: 36917 ns
[2025-03-14T08:00:44.752+0000][1021][safepoint   ] Safepoint "Cleanup", Time since last: 37081116476 ns, Reaching safepoint: 52376 ns, Cleanup: 41916 ns, At safepoint: 23167 ns, Total: 117459 ns
[2025-03-14T08:00:55.755+0000][1021][safepoint   ] Safepoint "Cleanup", Time since last: 11003191311 ns, Reaching safepoint: 22667 ns, Cleanup: 8916 ns, At safepoint: 5792 ns, Total: 37375 ns
[2025-03-14T08:01:01.759+0000][1021][safepoint   ] Safepoint "Cleanup", Time since last: 6003599660 ns, Reaching safepoint: 10583 ns, Cleanup: 15292 ns, At safepoint: 11833 ns, Total: 37708 ns
[2025-03-14T08:01:12.762+0000][1021][safepoint   ] Safepoint "Cleanup", Time since last: 11003251536 ns, Reaching safepoint: 6500 ns, Cleanup: 9584 ns, At safepoint: 3958 ns, Total: 20042 ns
[2025-03-14T08:01:13.763+0000][1021][safepoint   ] Safepoint "Cleanup", Time since last: 1000945149 ns, Reaching safepoint: 5084 ns, Cleanup: 7625 ns, At safepoint: 4791 ns, Total: 17500 ns
[2025-03-14T08:01:19.768+0000][1021][safepoint   ] Safepoint "Cleanup", Time since last: 6005447660 ns, Reaching safepoint: 8958 ns, Cleanup: 14250 ns, At safepoint: 32750 ns, Total: 55958 ns
[2025-03-14T08:01:20.768+0000][1021][safepoint   ] Safepoint "Cleanup", Time since last: 1000089986 ns, Reaching safepoint: 4958 ns, Cleanup: 6334 ns, At safepoint: 3750 ns, Total: 15042 ns
[2025-03-14T08:01:25.771+0000][1021][safepoint   ] Safepoint "Cleanup", Time since last: 5002610860 ns, Reaching safepoint: 14666 ns, Cleanup: 10125 ns, At safepoint: 6042 ns, Total: 30833 ns
[2025-03-14T08:01:55.840+0000][1021][safepoint   ] Safepoint "Cleanup", Time since last: 30068703948 ns, Reaching safepoint: 33083 ns, Cleanup: 25292 ns, At safepoint: 11208 ns, Total: 69583 ns
[2025-03-14T08:02:31.849+0000][1021][safepoint   ] Safepoint "Cleanup", Time since last: 36009373711 ns, Reaching safepoint: 71541 ns, Cleanup: 27501 ns, At safepoint: 7708 ns, Total: 106750 ns
[2025-03-14T08:02:55.915+0000][1021][safepoint   ] Safepoint "Cleanup", Time since last: 24065770607 ns, Reaching safepoint: 6666 ns, Cleanup: 14125 ns, At safepoint: 4375 ns, Total: 25166 ns
[2025-03-14T08:03:14.920+0000][1021][safepoint   ] Safepoint "Cleanup", Time since last: 19005169880 ns, Reaching safepoint: 11708 ns, Cleanup: 9792 ns, At safepoint: 6000 ns, Total: 27500 ns
[2025-03-14T08:03:22.923+0000][1021][safepoint   ] Safepoint "Cleanup", Time since last: 8002428420 ns, Reaching safepoint: 32042 ns, Cleanup: 35291 ns, At safepoint: 13292 ns, Total: 80625 ns
[2025-03-14T08:03:25.924+0000][1021][safepoint   ] Safepoint "Cleanup", Time since last: 3001173624 ns, Reaching safepoint: 63291 ns, Cleanup: 43001 ns, At safepoint: 20166 ns, Total: 126458 ns
[2025-03-14T08:03:31.653+0000][1021][gc,start    ] GC(36) Pause Young (Normal) (G1 Evacuation Pause)
[2025-03-14T08:03:31.653+0000][1021][gc,task     ] GC(36) Using 1 workers of 1 for evacuation
[2025-03-14T08:03:31.653+0000][1021][gc,age      ] GC(36) Desired survivor size 77594624 bytes, new threshold 15 (max threshold 15)
[2025-03-14T08:03:31.721+0000][1021][gc,phases   ] GC(36)   Pre Evacuate Collection Set: 0.39ms
[2025-03-14T08:03:31.721+0000][1021][gc,phases   ] GC(36)   Merge Heap Roots: 0.11ms
[2025-03-14T08:03:31.721+0000][1021][gc,phases   ] GC(36)   Evacuate Collection Set: 63.85ms
[2025-03-14T08:03:31.721+0000][1021][gc,phases   ] GC(36)   Post Evacuate Collection Set: 3.49ms
[2025-03-14T08:03:31.721+0000][1021][gc,phases   ] GC(36)   Other: 0.11ms
[2025-03-14T08:03:31.721+0000][1021][gc,age      ] GC(36) Age table with threshold 15 (max threshold 15)
[2025-03-14T08:03:31.721+0000][1021][gc,age      ] GC(36) - age   1:    1135824 bytes,    1135824 total
[2025-03-14T08:03:31.721+0000][1021][gc,age      ] GC(36) - age   2:       9016 bytes,    1144840 total
[2025-03-14T08:03:31.721+0000][1021][gc,age      ] GC(36) - age   3:      18720 bytes,    1163560 total
[2025-03-14T08:03:31.721+0000][1021][gc,age      ] GC(36) - age   4:     398680 bytes,    1562240 total
[2025-03-14T08:03:31.721+0000][1021][gc,age      ] GC(36) - age   5:      88648 bytes,    1650888 total
[2025-03-14T08:03:31.721+0000][1021][gc,age      ] GC(36) - age   6:      10544 bytes,    1661432 total
[2025-03-14T08:03:31.721+0000][1021][gc,age      ] GC(36) - age   7:      18552 bytes,    1679984 total
[2025-03-14T08:03:31.721+0000][1021][gc,age      ] GC(36) - age   8:      99520 bytes,    1779504 total
[2025-03-14T08:03:31.721+0000][1021][gc,age      ] GC(36) - age   9:      30528 bytes,    1810032 total
[2025-03-14T08:03:31.721+0000][1021][gc,age      ] GC(36) - age  10:      74512 bytes,    1884544 total
[2025-03-14T08:03:31.721+0000][1021][gc,age      ] GC(36) - age  11:     834336 bytes,    2718880 total
[2025-03-14T08:03:31.721+0000][1021][gc,age      ] GC(36) - age  12:    2082304 bytes,    4801184 total
[2025-03-14T08:03:31.721+0000][1021][gc,age      ] GC(36) - age  13:       3200 bytes,    4804384 total
[2025-03-14T08:03:31.721+0000][1021][gc,age      ] GC(36) - age  14:      69064 bytes,    4873448 total
[2025-03-14T08:03:31.721+0000][1021][gc,age      ] GC(36) - age  15:    7839920 bytes,   12713368 total
[2025-03-14T08:03:31.721+0000][1021][gc,heap     ] GC(36) Eden regions: 287->0(288)
[2025-03-14T08:03:31.721+0000][1021][gc,heap     ] GC(36) Survivor regions: 5->4(37)
[2025-03-14T08:03:31.721+0000][1021][gc,heap     ] GC(36) Old regions: 20->22
[2025-03-14T08:03:31.721+0000][1021][gc,heap     ] GC(36) Humongous regions: 5->5
[2025-03-14T08:03:31.721+0000][1021][gc,metaspace] GC(36) Metaspace: 121797K(124992K)->121797K(124992K) NonClass: 105306K(107072K)->105306K(107072K) Class: 16490K(17920K)->16490K(17920K)
[2025-03-14T08:03:31.721+0000][1021][gc          ] GC(36) Pause Young (Normal) (G1 Evacuation Pause) 1266M->119M(1952M) 68.119ms
[2025-03-14T08:03:31.721+0000][1021][gc,cpu      ] GC(36) User=0.06s Sys=0.00s Real=0.06s
[2025-03-14T08:03:31.722+0000][1021][safepoint   ] Safepoint "G1CollectForAllocation", Time since last: 5729069780 ns, Reaching safepoint: 4208 ns, Cleanup: 5792 ns, At safepoint: 68544099 ns, Total: 68554099 ns
[2025-03-14T08:03:49.987+0000][1021][safepoint   ] Safepoint "Cleanup", Time since last: 18265238313 ns, Reaching safepoint: 7000 ns, Cleanup: 22958 ns, At safepoint: 6250 ns, Total: 36208 ns
[2025-03-14T08:04:01.991+0000][1021][safepoint   ] Safepoint "Cleanup", Time since last: 12003926146 ns, Reaching safepoint: 151208 ns, Cleanup: 45792 ns, At safepoint: 7334 ns, Total: 204334 ns
[2025-03-14T08:04:22.996+0000][1021][safepoint   ] Safepoint "Cleanup", Time since last: 21004851794 ns, Reaching safepoint: 23375 ns, Cleanup: 15500 ns, At safepoint: 7875 ns, Total: 46750 ns
[2025-03-14T08:04:31.998+0000][1021][safepoint   ] Safepoint "Cleanup", Time since last: 9001987833 ns, Reaching safepoint: 10709 ns, Cleanup: 15958 ns, At safepoint: 10625 ns, Total: 37292 ns
[2025-03-14T08:04:47.078+0000][1021][safepoint   ] Safepoint "Cleanup", Time since last: 15080209484 ns, Reaching safepoint: 6750 ns, Cleanup: 9416 ns, At safepoint: 5417 ns, Total: 21583 ns
[2025-03-14T08:05:02.083+0000][1021][safepoint   ] Safepoint "Cleanup", Time since last: 15005035147 ns, Reaching safepoint: 6750 ns, Cleanup: 14209 ns, At safepoint: 5166 ns, Total: 26125 ns
[2025-03-14T08:05:14.088+0000][1021][safepoint   ] Safepoint "Cleanup", Time since last: 12004614100 ns, Reaching safepoint: 26042 ns, Cleanup: 12042 ns, At safepoint: 6000 ns, Total: 44084 ns
[2025-03-14T08:05:20.088+0000][1021][safepoint   ] Safepoint "Cleanup", Time since last: 6000408728 ns, Reaching safepoint: 7541 ns, Cleanup: 13959 ns, At safepoint: 6458 ns, Total: 27958 ns
[2025-03-14T08:05:38.093+0000][1021][safepoint   ] Safepoint "Cleanup", Time since last: 18004910917 ns, Reaching safepoint: 10625 ns, Cleanup: 11500 ns, At safepoint: 5375 ns, Total: 27500 ns
[2025-03-14T08:05:56.154+0000][1021][safepoint   ] Safepoint "Cleanup", Time since last: 18060693658 ns, Reaching safepoint: 6875 ns, Cleanup: 11375 ns, At safepoint: 4791 ns, Total: 23041 ns
[2025-03-14T08:06:02.154+0000][1021][safepoint   ] Safepoint "Cleanup", Time since last: 6000392293 ns, Reaching safepoint: 8583 ns, Cleanup: 9750 ns, At safepoint: 5500 ns, Total: 23833 ns
[2025-03-14T08:06:14.162+0000][1021][safepoint   ] Safepoint "Cleanup", Time since last: 12007629040 ns, Reaching safepoint: 12375 ns, Cleanup: 11709 ns, At safepoint: 5125 ns, Total: 29209 ns
[2025-03-14T08:06:20.163+0000][1021][safepoint   ] Safepoint "Cleanup", Time since last: 6000951526 ns, Reaching safepoint: 13125 ns, Cleanup: 18750 ns, At safepoint: 14542 ns, Total: 46417 ns
[2025-03-14T08:06:23.165+0000][1021][safepoint   ] Safepoint "Cleanup", Time since last: 3001567664 ns, Reaching safepoint: 34042 ns, Cleanup: 20416 ns, At safepoint: 7792 ns, Total: 62250 ns
[2025-03-14T08:06:32.167+0000][1021][safepoint   ] Safepoint "Cleanup", Time since last: 9001843206 ns, Reaching safepoint: 22667 ns, Cleanup: 10125 ns, At safepoint: 19834 ns, Total: 52626 ns
[2025-03-14T08:06:40.171+0000][1021][safepoint   ] Safepoint "Cleanup", Time since last: 8003943947 ns, Reaching safepoint: 55417 ns, Cleanup: 44708 ns, At safepoint: 19250 ns, Total: 119375 ns
[2025-03-14T08:06:47.230+0000][1021][safepoint   ] Safepoint "Cleanup", Time since last: 7059202422 ns, Reaching safepoint: 7416 ns, Cleanup: 16792 ns, At safepoint: 5083 ns, Total: 29291 ns
[2025-03-14T08:06:50.231+0000][1021][safepoint   ] Safepoint "Cleanup", Time since last: 3000885513 ns, Reaching safepoint: 9458 ns, Cleanup: 51334 ns, At safepoint: 5500 ns, Total: 66292 ns
[2025-03-14T08:06:56.231+0000][1021][safepoint   ] Safepoint "Cleanup", Time since last: 6000470527 ns, Reaching safepoint: 10750 ns, Cleanup: 13834 ns, At safepoint: 9958 ns, Total: 34542 ns
[2025-03-14T08:07:02.234+0000][1021][safepoint   ] Safepoint "Cleanup", Time since last: 6002908331 ns, Reaching safepoint: 8000 ns, Cleanup: 17834 ns, At safepoint: 5417 ns, Total: 31251 ns
[2025-03-14T08:07:20.245+0000][1021][safepoint   ] Safepoint "Cleanup", Time since last: 18010116035 ns, Reaching safepoint: 104334 ns, Cleanup: 47417 ns, At safepoint: 20541 ns, Total: 172292 ns
[2025-03-14T08:07:25.246+0000][1021][safepoint   ] Safepoint "Cleanup", Time since last: 5001517899 ns, Reaching safepoint: 24459 ns, Cleanup: 10917 ns, At safepoint: 6041 ns, Total: 41417 ns
[2025-03-14T08:07:53.330+0000][1021][safepoint   ] Safepoint "Cleanup", Time since last: 28083827721 ns, Reaching safepoint: 40916 ns, Cleanup: 41376 ns, At safepoint: 13416 ns, Total: 95708 ns
[2025-03-14T08:07:56.334+0000][1021][safepoint   ] Safepoint "Cleanup", Time since last: 3003418969 ns, Reaching safepoint: 11916 ns, Cleanup: 21417 ns, At safepoint: 9625 ns, Total: 42958 ns
[2025-03-14T08:08:05.337+0000][1021][safepoint   ] Safepoint "Cleanup", Time since last: 9003345857 ns, Reaching safepoint: 6875 ns, Cleanup: 9083 ns, At safepoint: 3875 ns, Total: 19833 ns
[2025-03-14T08:08:08.337+0000][1021][safepoint   ] Safepoint "Cleanup", Time since last: 3000208092 ns, Reaching safepoint: 6959 ns, Cleanup: 9541 ns, At safepoint: 4750 ns, Total: 21250 ns
[2025-03-14T08:08:46.693+0000][1021][gc,start    ] GC(37) Pause Young (Normal) (G1 Evacuation Pause)
[2025-03-14T08:08:46.693+0000][1021][gc,task     ] GC(37) Using 1 workers of 1 for evacuation
[2025-03-14T08:08:46.693+0000][1021][gc,age      ] GC(37) Desired survivor size 77594624 bytes, new threshold 15 (max threshold 15)
[2025-03-14T08:08:46.776+0000][1021][gc,phases   ] GC(37)   Pre Evacuate Collection Set: 1.02ms
[2025-03-14T08:08:46.776+0000][1021][gc,phases   ] GC(37)   Merge Heap Roots: 0.25ms
[2025-03-14T08:08:46.776+0000][1021][gc,phases   ] GC(37)   Evacuate Collection Set: 79.00ms
[2025-03-14T08:08:46.776+0000][1021][gc,phases   ] GC(37)   Post Evacuate Collection Set: 2.94ms
[2025-03-14T08:08:46.776+0000][1021][gc,phases   ] GC(37)   Other: 0.26ms
[2025-03-14T08:08:46.776+0000][1021][gc,age      ] GC(37) Age table with threshold 15 (max threshold 15)
[2025-03-14T08:08:46.776+0000][1021][gc,age      ] GC(37) - age   1:    1760856 bytes,    1760856 total
[2025-03-14T08:08:46.776+0000][1021][gc,age      ] GC(37) - age   2:      11320 bytes,    1772176 total
[2025-03-14T08:08:46.776+0000][1021][gc,age      ] GC(37) - age   3:       7736 bytes,    1779912 total
[2025-03-14T08:08:46.776+0000][1021][gc,age      ] GC(37) - age   4:      17656 bytes,    1797568 total
[2025-03-14T08:08:46.776+0000][1021][gc,age      ] GC(37) - age   5:     397400 bytes,    2194968 total
[2025-03-14T08:08:46.776+0000][1021][gc,age      ] GC(37) - age   6:      88648 bytes,    2283616 total
[2025-03-14T08:08:46.776+0000][1021][gc,age      ] GC(37) - age   7:      10544 bytes,    2294160 total
[2025-03-14T08:08:46.776+0000][1021][gc,age      ] GC(37) - age   8:      18552 bytes,    2312712 total
[2025-03-14T08:08:46.776+0000][1021][gc,age      ] GC(37) - age   9:      99520 bytes,    2412232 total
[2025-03-14T08:08:46.776+0000][1021][gc,age      ] GC(37) - age  10:      30528 bytes,    2442760 total
[2025-03-14T08:08:46.776+0000][1021][gc,age      ] GC(37) - age  11:      74512 bytes,    2517272 total
[2025-03-14T08:08:46.776+0000][1021][gc,age      ] GC(37) - age  12:     834336 bytes,    3351608 total
[2025-03-14T08:08:46.776+0000][1021][gc,age      ] GC(37) - age  13:    2082240 bytes,    5433848 total
[2025-03-14T08:08:46.776+0000][1021][gc,age      ] GC(37) - age  14:       3200 bytes,    5437048 total
[2025-03-14T08:08:46.776+0000][1021][gc,age      ] GC(37) - age  15:      69064 bytes,    5506112 total
[2025-03-14T08:08:46.776+0000][1021][gc,heap     ] GC(37) Eden regions: 288->0(290)
[2025-03-14T08:08:46.776+0000][1021][gc,heap     ] GC(37) Survivor regions: 4->2(37)
[2025-03-14T08:08:46.776+0000][1021][gc,heap     ] GC(37) Old regions: 22->24
[2025-03-14T08:08:46.776+0000][1021][gc,heap     ] GC(37) Humongous regions: 5->5
[2025-03-14T08:08:46.776+0000][1021][gc,metaspace] GC(37) Metaspace: 121876K(125056K)->121876K(125056K) NonClass: 105382K(107136K)->105382K(107136K) Class: 16493K(17920K)->16493K(17920K)
[2025-03-14T08:08:46.776+0000][1021][gc          ] GC(37) Pause Young (Normal) (G1 Evacuation Pause) 1271M->119M(1952M) 83.795ms
[2025-03-14T08:08:46.776+0000][1021][gc,cpu      ] GC(37) User=0.08s Sys=0.00s Real=0.09s
[2025-03-14T08:08:46.778+0000][1021][safepoint   ] Safepoint "G1CollectForAllocation", Time since last: 38355189466 ns, Reaching safepoint: 33417 ns, Cleanup: 33375 ns, At safepoint: 85476015 ns, Total: 85542807 ns
[2025-03-14T08:08:47.780+0000][1021][safepoint   ] Safepoint "Cleanup", Time since last: 1001993221 ns, Reaching safepoint: 59708 ns, Cleanup: 31042 ns, At safepoint: 16333 ns, Total: 107083 ns
[2025-03-14T08:09:00.785+0000][1021][safepoint   ] Safepoint "Cleanup", Time since last: 13005335669 ns, Reaching safepoint: 41583 ns, Cleanup: 15833 ns, At safepoint: 36250 ns, Total: 93666 ns
[2025-03-14T08:09:01.786+0000][1021][safepoint   ] Safepoint "Cleanup", Time since last: 1000111260 ns, Reaching safepoint: 9542 ns, Cleanup: 11542 ns, At safepoint: 5833 ns, Total: 26917 ns
[2025-03-14T08:09:05.787+0000][1021][safepoint   ] Safepoint "Cleanup", Time since last: 4001199668 ns, Reaching safepoint: 51166 ns, Cleanup: 53667 ns, At safepoint: 45750 ns, Total: 150583 ns
[2025-03-14T08:09:22.792+0000][1021][safepoint   ] Safepoint "Cleanup", Time since last: 17005127325 ns, Reaching safepoint: 99084 ns, Cleanup: 20708 ns, At safepoint: 5917 ns, Total: 125709 ns
[2025-03-14T08:09:44.463+0000][1021][safepoint   ] Safepoint "Cleanup", Time since last: 21670712169 ns, Reaching safepoint: 11666 ns, Cleanup: 36709 ns, At safepoint: 5333 ns, Total: 53708 ns
[2025-03-14T08:10:01.469+0000][1021][safepoint   ] Safepoint "Cleanup", Time since last: 17005810060 ns, Reaching safepoint: 6667 ns, Cleanup: 13208 ns, At safepoint: 5167 ns, Total: 25042 ns
[2025-03-14T08:10:47.536+0000][1021][safepoint   ] Safepoint "Cleanup", Time since last: 46067231338 ns, Reaching safepoint: 21625 ns, Cleanup: 22542 ns, At safepoint: 6333 ns, Total: 50500 ns
[2025-03-14T08:11:01.539+0000][1021][safepoint   ] Safepoint "Cleanup", Time since last: 14003010165 ns, Reaching safepoint: 39125 ns, Cleanup: 20875 ns, At safepoint: 13083 ns, Total: 73083 ns
[2025-03-14T08:11:02.540+0000][1021][safepoint   ] Safepoint "Cleanup", Time since last: 1000771356 ns, Reaching safepoint: 6583 ns, Cleanup: 11709 ns, At safepoint: 4666 ns, Total: 22958 ns
[2025-03-14T08:11:09.541+0000][1021][safepoint   ] Safepoint "Cleanup", Time since last: 7001292525 ns, Reaching safepoint: 6583 ns, Cleanup: 10542 ns, At safepoint: 5334 ns, Total: 22459 ns
[2025-03-14T08:11:14.542+0000][1021][safepoint   ] Safepoint "Cleanup", Time since last: 5000384774 ns, Reaching safepoint: 16292 ns, Cleanup: 36667 ns, At safepoint: 8125 ns, Total: 61084 ns
[2025-03-14T08:11:33.546+0000][1021][safepoint   ] Safepoint "Cleanup", Time since last: 19003996431 ns, Reaching safepoint: 36833 ns, Cleanup: 22000 ns, At safepoint: 5875 ns, Total: 64708 ns
[2025-03-14T08:11:55.613+0000][1021][safepoint   ] Safepoint "Cleanup", Time since last: 22066952037 ns, Reaching safepoint: 59792 ns, Cleanup: 73500 ns, At safepoint: 6333 ns, Total: 139625 ns
[2025-03-14T08:11:56.614+0000][1021][safepoint   ] Safepoint "Cleanup", Time since last: 1000809943 ns, Reaching safepoint: 43750 ns, Cleanup: 180084 ns, At safepoint: 40167 ns, Total: 264001 ns
[2025-03-14T08:12:02.617+0000][1021][safepoint   ] Safepoint "Cleanup", Time since last: 6003203612 ns, Reaching safepoint: 13750 ns, Cleanup: 11208 ns, At safepoint: 6167 ns, Total: 31125 ns
[2025-03-14T08:12:08.619+0000][1021][safepoint   ] Safepoint "Cleanup", Time since last: 6001881069 ns, Reaching safepoint: 14042 ns, Cleanup: 16083 ns, At safepoint: 8500 ns, Total: 38625 ns
[2025-03-14T08:12:14.620+0000][1021][safepoint   ] Safepoint "Cleanup", Time since last: 6000936111 ns, Reaching safepoint: 50625 ns, Cleanup: 26875 ns, At safepoint: 6084 ns, Total: 83584 ns
[2025-03-14T08:12:40.627+0000][1021][safepoint   ] Safepoint "Cleanup", Time since last: 26006893606 ns, Reaching safepoint: 76208 ns, Cleanup: 22542 ns, At safepoint: 6125 ns, Total: 104875 ns
[2025-03-14T08:12:44.668+0000][1021][safepoint   ] Safepoint "Cleanup", Time since last: 4040568652 ns, Reaching safepoint: 13375 ns, Cleanup: 20542 ns, At safepoint: 5667 ns, Total: 39584 ns
[2025-03-14T08:12:50.669+0000][1021][safepoint   ] Safepoint "Cleanup", Time since last: 6001382748 ns, Reaching safepoint: 6708 ns, Cleanup: 9250 ns, At safepoint: 4750 ns, Total: 20708 ns
[2025-03-14T08:12:52.670+0000][1021][safepoint   ] Safepoint "Cleanup", Time since last: 2000434139 ns, Reaching safepoint: 17333 ns, Cleanup: 20708 ns, At safepoint: 14709 ns, Total: 52750 ns
[2025-03-14T08:12:53.671+0000][1021][safepoint   ] Safepoint "Cleanup", Time since last: 1001001279 ns, Reaching safepoint: 39208 ns, Cleanup: 73751 ns, At safepoint: 18291 ns, Total: 131250 ns
[2025-03-14T08:12:56.672+0000][1021][safepoint   ] Safepoint "Cleanup", Time since last: 3001034418 ns, Reaching safepoint: 11375 ns, Cleanup: 26333 ns, At safepoint: 14709 ns, Total: 52417 ns
[2025-03-14T08:13:02.675+0000][1021][safepoint   ] Safepoint "Cleanup", Time since last: 6003103338 ns, Reaching safepoint: 7750 ns, Cleanup: 9750 ns, At safepoint: 5292 ns, Total: 22792 ns
[2025-03-14T08:13:14.678+0000][1021][safepoint   ] Safepoint "Cleanup", Time since last: 12003249425 ns, Reaching safepoint: 171292 ns, Cleanup: 66625 ns, At safepoint: 21375 ns, Total: 259292 ns
[2025-03-14T08:13:20.681+0000][1021][safepoint   ] Safepoint "Cleanup", Time since last: 6003012426 ns, Reaching safepoint: 7500 ns, Cleanup: 10542 ns, At safepoint: 5166 ns, Total: 23208 ns
[2025-03-14T08:13:32.684+0000][1021][safepoint   ] Safepoint "Cleanup", Time since last: 12002828017 ns, Reaching safepoint: 42083 ns, Cleanup: 52834 ns, At safepoint: 15333 ns, Total: 110250 ns
[2025-03-14T08:13:38.119+0000][1021][gc,start    ] GC(38) Pause Young (Normal) (G1 Evacuation Pause)
[2025-03-14T08:13:38.119+0000][1021][gc,task     ] GC(38) Using 1 workers of 1 for evacuation
[2025-03-14T08:13:38.119+0000][1021][gc,age      ] GC(38) Desired survivor size 77594624 bytes, new threshold 15 (max threshold 15)
[2025-03-14T08:13:38.166+0000][1021][gc,phases   ] GC(38)   Pre Evacuate Collection Set: 1.22ms
[2025-03-14T08:13:38.166+0000][1021][gc,phases   ] GC(38)   Merge Heap Roots: 0.65ms
[2025-03-14T08:13:38.166+0000][1021][gc,phases   ] GC(38)   Evacuate Collection Set: 42.02ms
[2025-03-14T08:13:38.166+0000][1021][gc,phases   ] GC(38)   Post Evacuate Collection Set: 2.83ms
[2025-03-14T08:13:38.166+0000][1021][gc,phases   ] GC(38)   Other: 0.21ms
[2025-03-14T08:13:38.166+0000][1021][gc,age      ] GC(38) Age table with threshold 15 (max threshold 15)
[2025-03-14T08:13:38.166+0000][1021][gc,age      ] GC(38) - age   1:     908648 bytes,     908648 total
[2025-03-14T08:13:38.166+0000][1021][gc,age      ] GC(38) - age   2:      14504 bytes,     923152 total
[2025-03-14T08:13:38.166+0000][1021][gc,age      ] GC(38) - age   3:      10528 bytes,     933680 total
[2025-03-14T08:13:38.166+0000][1021][gc,age      ] GC(38) - age   4:       7600 bytes,     941280 total
[2025-03-14T08:13:38.166+0000][1021][gc,age      ] GC(38) - age   5:       8280 bytes,     949560 total
[2025-03-14T08:13:38.166+0000][1021][gc,age      ] GC(38) - age   6:     264576 bytes,    1214136 total
[2025-03-14T08:13:38.166+0000][1021][gc,age      ] GC(38) - age   7:      13904 bytes,    1228040 total
[2025-03-14T08:13:38.166+0000][1021][gc,age      ] GC(38) - age   8:      10544 bytes,    1238584 total
[2025-03-14T08:13:38.166+0000][1021][gc,age      ] GC(38) - age   9:      18552 bytes,    1257136 total
[2025-03-14T08:13:38.166+0000][1021][gc,age      ] GC(38) - age  10:      99520 bytes,    1356656 total
[2025-03-14T08:13:38.166+0000][1021][gc,age      ] GC(38) - age  11:      30528 bytes,    1387184 total
[2025-03-14T08:13:38.166+0000][1021][gc,age      ] GC(38) - age  12:      74512 bytes,    1461696 total
[2025-03-14T08:13:38.166+0000][1021][gc,age      ] GC(38) - age  13:     485456 bytes,    1947152 total
[2025-03-14T08:13:38.166+0000][1021][gc,age      ] GC(38) - age  14:    1911328 bytes,    3858480 total
[2025-03-14T08:13:38.166+0000][1021][gc,age      ] GC(38) - age  15:       3200 bytes,    3861680 total
[2025-03-14T08:13:38.166+0000][1021][gc,heap     ] GC(38) Eden regions: 290->0(291)
[2025-03-14T08:13:38.166+0000][1021][gc,heap     ] GC(38) Survivor regions: 2->1(37)
[2025-03-14T08:13:38.166+0000][1021][gc,heap     ] GC(38) Old regions: 24->24
[2025-03-14T08:13:38.166+0000][1021][gc,heap     ] GC(38) Humongous regions: 5->5
[2025-03-14T08:13:38.166+0000][1021][gc,metaspace] GC(38) Metaspace: 121977K(125184K)->121977K(125184K) NonClass: 105483K(107264K)->105483K(107264K) Class: 16493K(17920K)->16493K(17920K)
[2025-03-14T08:13:38.166+0000][1021][gc          ] GC(38) Pause Young (Normal) (G1 Evacuation Pause) 1279M->119M(1952M) 47.104ms
[2025-03-14T08:13:38.166+0000][1021][gc,cpu      ] GC(38) User=0.04s Sys=0.00s Real=0.05s
[2025-03-14T08:13:38.168+0000][1021][safepoint   ] Safepoint "G1CollectForAllocation", Time since last: 5434598665 ns, Reaching safepoint: 21916 ns, Cleanup: 5834 ns, At safepoint: 48875730 ns, Total: 48903480 ns
[2025-03-14T08:13:39.169+0000][1021][safepoint   ] Safepoint "Cleanup", Time since last: 1000990698 ns, Reaching safepoint: 6250 ns, Cleanup: 9042 ns, At safepoint: 4833 ns, Total: 20125 ns
[2025-03-14T08:13:43.721+0000][1021][safepoint   ] Safepoint "Cleanup", Time since last: 4552033973 ns, Reaching safepoint: 4792 ns, Cleanup: 10291 ns, At safepoint: 4834 ns, Total: 19917 ns
[2025-03-14T08:14:01.729+0000][1021][safepoint   ] Safepoint "Cleanup", Time since last: 18007925301 ns, Reaching safepoint: 12500 ns, Cleanup: 20666 ns, At safepoint: 6250 ns, Total: 39416 ns
[2025-03-14T08:14:19.736+0000][1021][safepoint   ] Safepoint "Cleanup", Time since last: 18006428810 ns, Reaching safepoint: 338792 ns, Cleanup: 29958 ns, At safepoint: 7042 ns, Total: 375792 ns
[2025-03-14T08:14:43.776+0000][1021][safepoint   ] Safepoint "Cleanup", Time since last: 24040094205 ns, Reaching safepoint: 25584 ns, Cleanup: 40166 ns, At safepoint: 11500 ns, Total: 77250 ns
[2025-03-14T08:14:44.776+0000][1021][safepoint   ] Safepoint "Cleanup", Time since last: 1000422949 ns, Reaching safepoint: 32709 ns, Cleanup: 47083 ns, At safepoint: 20125 ns, Total: 99917 ns
[2025-03-14T08:15:01.781+0000][1021][safepoint   ] Safepoint "Cleanup", Time since last: 17004151339 ns, Reaching safepoint: 46042 ns, Cleanup: 24000 ns, At safepoint: 11541 ns, Total: 81583 ns
[2025-03-14T08:15:04.783+0000][1021][safepoint   ] Safepoint "Cleanup", Time since last: 3002425060 ns, Reaching safepoint: 55375 ns, Cleanup: 35542 ns, At safepoint: 39625 ns, Total: 130542 ns
[2025-03-14T08:15:13.787+0000][1021][safepoint   ] Safepoint "Cleanup", Time since last: 9003675130 ns, Reaching safepoint: 5250 ns, Cleanup: 7916 ns, At safepoint: 4875 ns, Total: 18041 ns
[2025-03-14T08:15:23.791+0000][1021][safepoint   ] Safepoint "Cleanup", Time since last: 10003409085 ns, Reaching safepoint: 126792 ns, Cleanup: 39167 ns, At safepoint: 8375 ns, Total: 174334 ns
[2025-03-14T08:15:32.794+0000][1021][safepoint   ] Safepoint "Cleanup", Time since last: 9003296221 ns, Reaching safepoint: 13833 ns, Cleanup: 13125 ns, At safepoint: 6500 ns, Total: 33458 ns
[2025-03-14T08:16:01.838+0000][1021][safepoint   ] Safepoint "Cleanup", Time since last: 29044078897 ns, Reaching safepoint: 5042 ns, Cleanup: 21333 ns, At safepoint: 4459 ns, Total: 30834 ns
[2025-03-14T08:16:19.842+0000][1021][safepoint   ] Safepoint "Cleanup", Time since last: 18004023245 ns, Reaching safepoint: 6625 ns, Cleanup: 9875 ns, At safepoint: 6292 ns, Total: 22792 ns
[2025-03-14T08:16:27.843+0000][1021][safepoint   ] Safepoint "Cleanup", Time since last: 8000588604 ns, Reaching safepoint: 35375 ns, Cleanup: 28709 ns, At safepoint: 6541 ns, Total: 70625 ns
[2025-03-14T08:16:43.895+0000][1021][safepoint   ] Safepoint "Cleanup", Time since last: 16052126299 ns, Reaching safepoint: 7500 ns, Cleanup: 15666 ns, At safepoint: 6042 ns, Total: 29208 ns
[2025-03-14T08:16:52.896+0000][1021][safepoint   ] Safepoint "Cleanup", Time since last: 9001179522 ns, Reaching safepoint: 13958 ns, Cleanup: 12625 ns, At safepoint: 14500 ns, Total: 41083 ns
[2025-03-14T08:16:56.897+0000][1021][safepoint   ] Safepoint "Cleanup", Time since last: 4000712226 ns, Reaching safepoint: 143417 ns, Cleanup: 54251 ns, At safepoint: 13625 ns, Total: 211293 ns
[2025-03-14T08:17:01.899+0000][1021][safepoint   ] Safepoint "Cleanup", Time since last: 5002010135 ns, Reaching safepoint: 17500 ns, Cleanup: 32292 ns, At safepoint: 10916 ns, Total: 60708 ns
[2025-03-14T08:17:02.899+0000][1021][safepoint   ] Safepoint "Cleanup", Time since last: 1000103319 ns, Reaching safepoint: 12916 ns, Cleanup: 34417 ns, At safepoint: 6250 ns, Total: 53583 ns
[2025-03-14T08:17:03.899+0000][1021][safepoint   ] Safepoint "Cleanup", Time since last: 1000089858 ns, Reaching safepoint: 18041 ns, Cleanup: 23501 ns, At safepoint: 8541 ns, Total: 50083 ns
[2025-03-14T08:17:06.900+0000][1021][safepoint   ] Safepoint "Cleanup", Time since last: 3000238766 ns, Reaching safepoint: 28375 ns, Cleanup: 19542 ns, At safepoint: 10000 ns, Total: 57917 ns
[2025-03-14T08:17:08.900+0000][1021][safepoint   ] Safepoint "Cleanup", Time since last: 2000159108 ns, Reaching safepoint: 12126 ns, Cleanup: 14833 ns, At safepoint: 6417 ns, Total: 33376 ns
[2025-03-14T08:17:13.903+0000][1021][safepoint   ] Safepoint "Cleanup", Time since last: 5002765320 ns, Reaching safepoint: 74459 ns, Cleanup: 43958 ns, At safepoint: 30001 ns, Total: 148418 ns
[2025-03-14T08:17:19.905+0000][1021][safepoint   ] Safepoint "Cleanup", Time since last: 6002374658 ns, Reaching safepoint: 84500 ns, Cleanup: 24334 ns, At safepoint: 6541 ns, Total: 115375 ns
[2025-03-14T08:17:22.906+0000][1021][safepoint   ] Safepoint "Cleanup", Time since last: 3000328439 ns, Reaching safepoint: 33584 ns, Cleanup: 10958 ns, At safepoint: 6208 ns, Total: 50750 ns
[2025-03-14T08:17:47.964+0000][1021][safepoint   ] Safepoint "Cleanup", Time since last: 25058753978 ns, Reaching safepoint: 27250 ns, Cleanup: 22000 ns, At safepoint: 8250 ns, Total: 57500 ns
[2025-03-14T08:17:56.968+0000][1021][safepoint   ] Safepoint "Cleanup", Time since last: 9003675001 ns, Reaching safepoint: 6375 ns, Cleanup: 20125 ns, At safepoint: 6208 ns, Total: 32708 ns
[2025-03-14T08:18:01.969+0000][1021][safepoint   ] Safepoint "Cleanup", Time since last: 5000644578 ns, Reaching safepoint: 26292 ns, Cleanup: 12125 ns, At safepoint: 6625 ns, Total: 45042 ns
[2025-03-14T08:18:03.969+0000][1021][safepoint   ] Safepoint "Cleanup", Time since last: 2000207598 ns, Reaching safepoint: 18042 ns, Cleanup: 10750 ns, At safepoint: 5833 ns, Total: 34625 ns
[2025-03-14T08:18:10.972+0000][1021][safepoint   ] Safepoint "Cleanup", Time since last: 7002992074 ns, Reaching safepoint: 147792 ns, Cleanup: 31667 ns, At safepoint: 26042 ns, Total: 205501 ns
[2025-03-14T08:18:13.973+0000][1021][safepoint   ] Safepoint "Cleanup", Time since last: 3000534252 ns, Reaching safepoint: 8666 ns, Cleanup: 13001 ns, At safepoint: 5041 ns, Total: 26708 ns
[2025-03-14T08:18:25.974+0000][1021][safepoint   ] Safepoint "Cleanup", Time since last: 12001143849 ns, Reaching safepoint: 8501 ns, Cleanup: 18041 ns, At safepoint: 9459 ns, Total: 36001 ns
[2025-03-14T08:18:31.978+0000][1021][safepoint   ] Safepoint "Cleanup", Time since last: 6003870549 ns, Reaching safepoint: 9666 ns, Cleanup: 16250 ns, At safepoint: 8209 ns, Total: 34125 ns
[2025-03-14T08:18:37.978+0000][1021][safepoint   ] Safepoint "Cleanup", Time since last: 6000431211 ns, Reaching safepoint: 23000 ns, Cleanup: 11083 ns, At safepoint: 8500 ns, Total: 42583 ns
[2025-03-14T08:18:45.013+0000][1021][safepoint   ] Safepoint "Cleanup", Time since last: 7034543087 ns, Reaching safepoint: 12750 ns, Cleanup: 14041 ns, At safepoint: 10209 ns, Total: 37000 ns
[2025-03-14T08:19:02.016+0000][1021][safepoint   ] Safepoint "Cleanup", Time since last: 17003211759 ns, Reaching safepoint: 41708 ns, Cleanup: 12000 ns, At safepoint: 5084 ns, Total: 58792 ns
[2025-03-14T08:19:07.768+0000][1021][gc,start    ] GC(39) Pause Young (Normal) (G1 Evacuation Pause)
[2025-03-14T08:19:07.768+0000][1021][gc,task     ] GC(39) Using 1 workers of 1 for evacuation
[2025-03-14T08:19:07.769+0000][1021][gc,age      ] GC(39) Desired survivor size 77594624 bytes, new threshold 15 (max threshold 15)
[2025-03-14T08:19:07.824+0000][1021][gc,phases   ] GC(39)   Pre Evacuate Collection Set: 0.85ms
[2025-03-14T08:19:07.824+0000][1021][gc,phases   ] GC(39)   Merge Heap Roots: 0.22ms
[2025-03-14T08:19:07.824+0000][1021][gc,phases   ] GC(39)   Evacuate Collection Set: 50.97ms
[2025-03-14T08:19:07.824+0000][1021][gc,phases   ] GC(39)   Post Evacuate Collection Set: 3.05ms
[2025-03-14T08:19:07.824+0000][1021][gc,phases   ] GC(39)   Other: 1.20ms
[2025-03-14T08:19:07.824+0000][1021][gc,age      ] GC(39) Age table with threshold 15 (max threshold 15)
[2025-03-14T08:19:07.824+0000][1021][gc,age      ] GC(39) - age   1:    2579768 bytes,    2579768 total
[2025-03-14T08:19:07.824+0000][1021][gc,age      ] GC(39) - age   2:     152856 bytes,    2732624 total
[2025-03-14T08:19:07.824+0000][1021][gc,age      ] GC(39) - age   3:      11016 bytes,    2743640 total
[2025-03-14T08:19:07.824+0000][1021][gc,age      ] GC(39) - age   4:      10408 bytes,    2754048 total
[2025-03-14T08:19:07.824+0000][1021][gc,age      ] GC(39) - age   5:       7600 bytes,    2761648 total
[2025-03-14T08:19:07.824+0000][1021][gc,age      ] GC(39) - age   6:       8240 bytes,    2769888 total
[2025-03-14T08:19:07.824+0000][1021][gc,age      ] GC(39) - age   7:      33648 bytes,    2803536 total
[2025-03-14T08:19:07.824+0000][1021][gc,age      ] GC(39) - age   8:      13792 bytes,    2817328 total
[2025-03-14T08:19:07.824+0000][1021][gc,age      ] GC(39) - age   9:      10544 bytes,    2827872 total
[2025-03-14T08:19:07.824+0000][1021][gc,age      ] GC(39) - age  10:      18520 bytes,    2846392 total
[2025-03-14T08:19:07.824+0000][1021][gc,age      ] GC(39) - age  11:      21864 bytes,    2868256 total
[2025-03-14T08:19:07.824+0000][1021][gc,age      ] GC(39) - age  12:      30528 bytes,    2898784 total
[2025-03-14T08:19:07.824+0000][1021][gc,age      ] GC(39) - age  13:      68736 bytes,    2967520 total
[2025-03-14T08:19:07.824+0000][1021][gc,age      ] GC(39) - age  14:     483696 bytes,    3451216 total
[2025-03-14T08:19:07.824+0000][1021][gc,age      ] GC(39) - age  15:    1906608 bytes,    5357824 total
[2025-03-14T08:19:07.824+0000][1021][gc,heap     ] GC(39) Eden regions: 291->0(290)
[2025-03-14T08:19:07.824+0000][1021][gc,heap     ] GC(39) Survivor regions: 1->2(37)
[2025-03-14T08:19:07.824+0000][1021][gc,heap     ] GC(39) Old regions: 24->24
[2025-03-14T08:19:07.824+0000][1021][gc,heap     ] GC(39) Humongous regions: 5->5
[2025-03-14T08:19:07.824+0000][1021][gc,metaspace] GC(39) Metaspace: 122042K(125184K)->122042K(125184K) NonClass: 105542K(107264K)->105542K(107264K) Class: 16499K(17920K)->16499K(17920K)
[2025-03-14T08:19:07.824+0000][1021][gc          ] GC(39) Pause Young (Normal) (G1 Evacuation Pause) 1283M->121M(1952M) 56.537ms
[2025-03-14T08:19:07.824+0000][1021][gc,cpu      ] GC(39) User=0.05s Sys=0.00s Real=0.06s
[2025-03-14T08:19:07.826+0000][1021][safepoint   ] Safepoint "G1CollectForAllocation", Time since last: 5751258169 ns, Reaching safepoint: 95667 ns, Cleanup: 18166 ns, At safepoint: 58321697 ns, Total: 58435530 ns
[2025-03-14T08:19:13.828+0000][1021][safepoint   ] Safepoint "Cleanup", Time since last: 6002181321 ns, Reaching safepoint: 6708 ns, Cleanup: 9000 ns, At safepoint: 18250 ns, Total: 33958 ns
[2025-03-14T08:19:55.069+0000][1021][safepoint   ] Safepoint "Cleanup", Time since last: 41240798868 ns, Reaching safepoint: 82625 ns, Cleanup: 18542 ns, At safepoint: 9000 ns, Total: 110167 ns
[2025-03-14T08:19:56.069+0000][1021][safepoint   ] Safepoint "Cleanup", Time since last: 1000147864 ns, Reaching safepoint: 6209 ns, Cleanup: 10833 ns, At safepoint: 5250 ns, Total: 22292 ns
[2025-03-14T08:20:02.072+0000][1021][safepoint   ] Safepoint "Cleanup", Time since last: 6003022073 ns, Reaching safepoint: 13292 ns, Cleanup: 25458 ns, At safepoint: 8417 ns, Total: 47167 ns
[2025-03-14T08:20:26.084+0000][1021][safepoint   ] Safepoint "Cleanup", Time since last: 24011677076 ns, Reaching safepoint: 104125 ns, Cleanup: 25917 ns, At safepoint: 13666 ns, Total: 143708 ns
[2025-03-14T08:20:32.085+0000][1021][safepoint   ] Safepoint "Cleanup", Time since last: 6000421586 ns, Reaching safepoint: 6042 ns, Cleanup: 18208 ns, At safepoint: 10583 ns, Total: 34833 ns
[2025-03-14T08:20:44.124+0000][1021][safepoint   ] Safepoint "Cleanup", Time since last: 12039875783 ns, Reaching safepoint: 17208 ns, Cleanup: 21167 ns, At safepoint: 6208 ns, Total: 44583 ns
[2025-03-14T08:21:02.130+0000][1021][safepoint   ] Safepoint "Cleanup", Time since last: 18005474768 ns, Reaching safepoint: 78500 ns, Cleanup: 21917 ns, At safepoint: 5625 ns, Total: 106042 ns
[2025-03-14T08:21:26.138+0000][1021][safepoint   ] Safepoint "Cleanup", Time since last: 24008039746 ns, Reaching safepoint: 14500 ns, Cleanup: 12375 ns, At safepoint: 5750 ns, Total: 32625 ns
[2025-03-14T08:21:28.138+0000][1021][safepoint   ] Safepoint "Cleanup", Time since last: 2000165302 ns, Reaching safepoint: 40958 ns, Cleanup: 17917 ns, At safepoint: 7500 ns, Total: 66375 ns
[2025-03-14T08:21:32.140+0000][1021][safepoint   ] Safepoint "Cleanup", Time since last: 4001325381 ns, Reaching safepoint: 45458 ns, Cleanup: 72500 ns, At safepoint: 23876 ns, Total: 141834 ns
[2025-03-14T08:21:44.180+0000][1021][safepoint   ] Safepoint "Cleanup", Time since last: 12040061195 ns, Reaching safepoint: 7542 ns, Cleanup: 16833 ns, At safepoint: 4750 ns, Total: 29125 ns
[2025-03-14T08:22:02.184+0000][1021][safepoint   ] Safepoint "Cleanup", Time since last: 18003799081 ns, Reaching safepoint: 118792 ns, Cleanup: 32834 ns, At safepoint: 11083 ns, Total: 162709 ns
[2025-03-14T08:22:07.184+0000][1021][safepoint   ] Safepoint "Cleanup", Time since last: 5000459712 ns, Reaching safepoint: 9459 ns, Cleanup: 14375 ns, At safepoint: 5708 ns, Total: 29542 ns
[2025-03-14T08:22:28.190+0000][1021][safepoint   ] Safepoint "Cleanup", Time since last: 21005703269 ns, Reaching safepoint: 182293 ns, Cleanup: 99208 ns, At safepoint: 32459 ns, Total: 313960 ns
[2025-03-14T08:22:30.192+0000][1021][safepoint   ] Safepoint "Cleanup", Time since last: 2001902548 ns, Reaching safepoint: 37833 ns, Cleanup: 32501 ns, At safepoint: 41916 ns, Total: 112250 ns
[2025-03-14T08:22:32.194+0000][1021][safepoint   ] Safepoint "Cleanup", Time since last: 2001236583 ns, Reaching safepoint: 6375 ns, Cleanup: 14458 ns, At safepoint: 4542 ns, Total: 25375 ns
[2025-03-14T08:22:38.195+0000][1021][safepoint   ] Safepoint "Cleanup", Time since last: 6001496168 ns, Reaching safepoint: 39792 ns, Cleanup: 15375 ns, At safepoint: 13250 ns, Total: 68417 ns
[2025-03-14T08:22:44.236+0000][1021][safepoint   ] Safepoint "Cleanup", Time since last: 6041073781 ns, Reaching safepoint: 7042 ns, Cleanup: 11500 ns, At safepoint: 5125 ns, Total: 23667 ns
[2025-03-14T08:22:59.241+0000][1021][safepoint   ] Safepoint "Cleanup", Time since last: 15004903914 ns, Reaching safepoint: 7334 ns, Cleanup: 9750 ns, At safepoint: 5375 ns, Total: 22459 ns
[2025-03-14T08:23:02.241+0000][1021][safepoint   ] Safepoint "Cleanup", Time since last: 3000209754 ns, Reaching safepoint: 7625 ns, Cleanup: 14000 ns, At safepoint: 3334 ns, Total: 24959 ns
[2025-03-14T08:23:11.245+0000][1021][safepoint   ] Safepoint "Cleanup", Time since last: 9003985332 ns, Reaching safepoint: 7458 ns, Cleanup: 9208 ns, At safepoint: 5167 ns, Total: 21833 ns
[2025-03-14T08:23:32.252+0000][1021][safepoint   ] Safepoint "Cleanup", Time since last: 21006635841 ns, Reaching safepoint: 46208 ns, Cleanup: 22167 ns, At safepoint: 6333 ns, Total: 74708 ns
[2025-03-14T08:23:47.295+0000][1021][safepoint   ] Safepoint "Cleanup", Time since last: 15042413315 ns, Reaching safepoint: 7292 ns, Cleanup: 9292 ns, At safepoint: 3166 ns, Total: 19750 ns
[2025-03-14T08:23:55.748+0000][1021][gc,start    ] GC(40) Pause Young (Normal) (G1 Evacuation Pause)
[2025-03-14T08:23:55.748+0000][1021][gc,task     ] GC(40) Using 1 workers of 1 for evacuation
[2025-03-14T08:23:55.748+0000][1021][gc,age      ] GC(40) Desired survivor size 77594624 bytes, new threshold 15 (max threshold 15)
[2025-03-14T08:23:55.782+0000][1021][gc,phases   ] GC(40)   Pre Evacuate Collection Set: 0.49ms
[2025-03-14T08:23:55.782+0000][1021][gc,phases   ] GC(40)   Merge Heap Roots: 0.10ms
[2025-03-14T08:23:55.782+0000][1021][gc,phases   ] GC(40)   Evacuate Collection Set: 29.99ms
[2025-03-14T08:23:55.782+0000][1021][gc,phases   ] GC(40)   Post Evacuate Collection Set: 3.10ms
[2025-03-14T08:23:55.782+0000][1021][gc,phases   ] GC(40)   Other: 0.10ms
[2025-03-14T08:23:55.782+0000][1021][gc,age      ] GC(40) Age table with threshold 15 (max threshold 15)
[2025-03-14T08:23:55.782+0000][1021][gc,age      ] GC(40) - age   1:    1657456 bytes,    1657456 total
[2025-03-14T08:23:55.782+0000][1021][gc,age      ] GC(40) - age   2:     793472 bytes,    2450928 total
[2025-03-14T08:23:55.782+0000][1021][gc,age      ] GC(40) - age   3:     152072 bytes,    2603000 total
[2025-03-14T08:23:55.782+0000][1021][gc,age      ] GC(40) - age   4:      10624 bytes,    2613624 total
[2025-03-14T08:23:55.782+0000][1021][gc,age      ] GC(40) - age   5:      10408 bytes,    2624032 total
[2025-03-14T08:23:55.782+0000][1021][gc,age      ] GC(40) - age   6:       7544 bytes,    2631576 total
[2025-03-14T08:23:55.782+0000][1021][gc,age      ] GC(40) - age   7:       8128 bytes,    2639704 total
[2025-03-14T08:23:55.782+0000][1021][gc,age      ] GC(40) - age   8:      33616 bytes,    2673320 total
[2025-03-14T08:23:55.782+0000][1021][gc,age      ] GC(40) - age   9:      13792 bytes,    2687112 total
[2025-03-14T08:23:55.782+0000][1021][gc,age      ] GC(40) - age  10:      10544 bytes,    2697656 total
[2025-03-14T08:23:55.782+0000][1021][gc,age      ] GC(40) - age  11:      18520 bytes,    2716176 total
[2025-03-14T08:23:55.782+0000][1021][gc,age      ] GC(40) - age  12:      21864 bytes,    2738040 total
[2025-03-14T08:23:55.782+0000][1021][gc,age      ] GC(40) - age  13:      30528 bytes,    2768568 total
[2025-03-14T08:23:55.782+0000][1021][gc,age      ] GC(40) - age  14:      55064 bytes,    2823632 total
[2025-03-14T08:23:55.782+0000][1021][gc,age      ] GC(40) - age  15:     483696 bytes,    3307328 total
[2025-03-14T08:23:55.782+0000][1021][gc,heap     ] GC(40) Eden regions: 290->0(291)
[2025-03-14T08:23:55.782+0000][1021][gc,heap     ] GC(40) Survivor regions: 2->1(37)
[2025-03-14T08:23:55.782+0000][1021][gc,heap     ] GC(40) Old regions: 24->25
[2025-03-14T08:23:55.782+0000][1021][gc,heap     ] GC(40) Humongous regions: 5->5
[2025-03-14T08:23:55.782+0000][1021][gc,metaspace] GC(40) Metaspace: 122055K(125184K)->122055K(125184K) NonClass: 105555K(107264K)->105555K(107264K) Class: 16500K(17920K)->16500K(17920K)
[2025-03-14T08:23:55.782+0000][1021][gc          ] GC(40) Pause Young (Normal) (G1 Evacuation Pause) 1281M->121M(1952M) 33.973ms
[2025-03-14T08:23:55.782+0000][1021][gc,cpu      ] GC(40) User=0.03s Sys=0.00s Real=0.03s
[2025-03-14T08:23:55.785+0000][1021][safepoint   ] Safepoint "G1CollectForAllocation", Time since last: 8453283735 ns, Reaching safepoint: 9042 ns, Cleanup: 4875 ns, At safepoint: 36970400 ns, Total: 36984317 ns
[2025-03-14T08:23:56.786+0000][1021][safepoint   ] Safepoint "Cleanup", Time since last: 1001012730 ns, Reaching safepoint: 21833 ns, Cleanup: 11709 ns, At safepoint: 5583 ns, Total: 39125 ns
[2025-03-14T08:24:01.790+0000][1021][safepoint   ] Safepoint "Cleanup", Time since last: 5003580004 ns, Reaching safepoint: 13875 ns, Cleanup: 18625 ns, At safepoint: 12959 ns, Total: 45459 ns
[2025-03-14T08:24:19.795+0000][1021][safepoint   ] Safepoint "Cleanup", Time since last: 18005609149 ns, Reaching safepoint: 7958 ns, Cleanup: 9667 ns, At safepoint: 13250 ns, Total: 30875 ns
[2025-03-14T08:24:50.351+0000][1021][safepoint   ] Safepoint "Cleanup", Time since last: 30556128791 ns, Reaching safepoint: 18000 ns, Cleanup: 20541 ns, At safepoint: 5792 ns, Total: 44333 ns
[2025-03-14T08:25:02.356+0000][1021][safepoint   ] Safepoint "Cleanup", Time since last: 12004640100 ns, Reaching safepoint: 7041 ns, Cleanup: 14542 ns, At safepoint: 5334 ns, Total: 26917 ns
[2025-03-14T08:25:32.363+0000][1021][safepoint   ] Safepoint "Cleanup", Time since last: 30006861225 ns, Reaching safepoint: 12041 ns, Cleanup: 19417 ns, At safepoint: 9042 ns, Total: 40500 ns
[2025-03-14T08:25:45.402+0000][1021][safepoint   ] Safepoint "Cleanup", Time since last: 13039269914 ns, Reaching safepoint: 36625 ns, Cleanup: 21625 ns, At safepoint: 7542 ns, Total: 65792 ns
[2025-03-14T08:25:56.408+0000][1021][safepoint   ] Safepoint "Cleanup", Time since last: 11005587954 ns, Reaching safepoint: 9291 ns, Cleanup: 30042 ns, At safepoint: 6250 ns, Total: 45583 ns
[2025-03-14T08:26:01.408+0000][1021][safepoint   ] Safepoint "Cleanup", Time since last: 5000381858 ns, Reaching safepoint: 6083 ns, Cleanup: 10917 ns, At safepoint: 11500 ns, Total: 28500 ns
[2025-03-14T08:26:02.408+0000][1021][safepoint   ] Safepoint "Cleanup", Time since last: 1000088977 ns, Reaching safepoint: 5750 ns, Cleanup: 9417 ns, At safepoint: 5416 ns, Total: 20583 ns
[2025-03-14T08:26:14.416+0000][1021][safepoint   ] Safepoint "Cleanup", Time since last: 12007238760 ns, Reaching safepoint: 6333 ns, Cleanup: 13209 ns, At safepoint: 6333 ns, Total: 25875 ns
[2025-03-14T08:26:17.416+0000][1021][safepoint   ] Safepoint "Cleanup", Time since last: 3000326646 ns, Reaching safepoint: 9000 ns, Cleanup: 15375 ns, At safepoint: 5833 ns, Total: 30208 ns
[2025-03-14T08:26:35.423+0000][1021][safepoint   ] Safepoint "Cleanup", Time since last: 18006820602 ns, Reaching safepoint: 63458 ns, Cleanup: 22667 ns, At safepoint: 6250 ns, Total: 92375 ns
[2025-03-14T08:27:08.488+0000][1021][safepoint   ] Safepoint "Cleanup", Time since last: 33064940040 ns, Reaching safepoint: 32125 ns, Cleanup: 15876 ns, At safepoint: 6625 ns, Total: 54626 ns
[2025-03-14T08:27:20.491+0000][1021][safepoint   ] Safepoint "Cleanup", Time since last: 12002824226 ns, Reaching safepoint: 7875 ns, Cleanup: 12500 ns, At safepoint: 4917 ns, Total: 25292 ns
[2025-03-14T08:28:01.574+0000][1021][safepoint   ] Safepoint "Cleanup", Time since last: 41083091125 ns, Reaching safepoint: 36833 ns, Cleanup: 13834 ns, At safepoint: 23875 ns, Total: 74542 ns
[2025-03-14T08:28:08.575+0000][1021][safepoint   ] Safepoint "Cleanup", Time since last: 7001132252 ns, Reaching safepoint: 15667 ns, Cleanup: 18416 ns, At safepoint: 6000 ns, Total: 40083 ns
[2025-03-14T08:28:11.578+0000][1021][safepoint   ] Safepoint "Cleanup", Time since last: 3003056849 ns, Reaching safepoint: 38375 ns, Cleanup: 40334 ns, At safepoint: 13916 ns, Total: 92625 ns
[2025-03-14T08:28:18.581+0000][1021][safepoint   ] Safepoint "Cleanup", Time since last: 7002846709 ns, Reaching safepoint: 7125 ns, Cleanup: 11542 ns, At safepoint: 4458 ns, Total: 23125 ns
[2025-03-14T08:28:31.787+0000][1021][gc,start    ] GC(41) Pause Young (Normal) (G1 Evacuation Pause)
[2025-03-14T08:28:31.787+0000][1021][gc,task     ] GC(41) Using 1 workers of 1 for evacuation
[2025-03-14T08:28:31.787+0000][1021][gc,age      ] GC(41) Desired survivor size 77594624 bytes, new threshold 15 (max threshold 15)
[2025-03-14T08:28:31.828+0000][1021][gc,phases   ] GC(41)   Pre Evacuate Collection Set: 0.98ms
[2025-03-14T08:28:31.828+0000][1021][gc,phases   ] GC(41)   Merge Heap Roots: 0.14ms
[2025-03-14T08:28:31.828+0000][1021][gc,phases   ] GC(41)   Evacuate Collection Set: 35.94ms
[2025-03-14T08:28:31.828+0000][1021][gc,phases   ] GC(41)   Post Evacuate Collection Set: 2.98ms
[2025-03-14T08:28:31.828+0000][1021][gc,phases   ] GC(41)   Other: 0.20ms
[2025-03-14T08:28:31.828+0000][1021][gc,age      ] GC(41) Age table with threshold 15 (max threshold 15)
[2025-03-14T08:28:31.828+0000][1021][gc,age      ] GC(41) - age   1:    1785752 bytes,    1785752 total
[2025-03-14T08:28:31.828+0000][1021][gc,age      ] GC(41) - age   2:     145848 bytes,    1931600 total
[2025-03-14T08:28:31.828+0000][1021][gc,age      ] GC(41) - age   3:     622016 bytes,    2553616 total
[2025-03-14T08:28:31.828+0000][1021][gc,age      ] GC(41) - age   4:     152072 bytes,    2705688 total
[2025-03-14T08:28:31.828+0000][1021][gc,age      ] GC(41) - age   5:       9560 bytes,    2715248 total
[2025-03-14T08:28:31.828+0000][1021][gc,age      ] GC(41) - age   6:      10408 bytes,    2725656 total
[2025-03-14T08:28:31.828+0000][1021][gc,age      ] GC(41) - age   7:       7544 bytes,    2733200 total
[2025-03-14T08:28:31.828+0000][1021][gc,age      ] GC(41) - age   8:       8128 bytes,    2741328 total
[2025-03-14T08:28:31.828+0000][1021][gc,age      ] GC(41) - age   9:      33616 bytes,    2774944 total
[2025-03-14T08:28:31.828+0000][1021][gc,age      ] GC(41) - age  10:      13792 bytes,    2788736 total
[2025-03-14T08:28:31.828+0000][1021][gc,age      ] GC(41) - age  11:      10544 bytes,    2799280 total
[2025-03-14T08:28:31.828+0000][1021][gc,age      ] GC(41) - age  12:      18520 bytes,    2817800 total
[2025-03-14T08:28:31.828+0000][1021][gc,age      ] GC(41) - age  13:      21496 bytes,    2839296 total
[2025-03-14T08:28:31.828+0000][1021][gc,age      ] GC(41) - age  14:      30528 bytes,    2869824 total
[2025-03-14T08:28:31.828+0000][1021][gc,age      ] GC(41) - age  15:      55064 bytes,    2924888 total
[2025-03-14T08:28:31.828+0000][1021][gc,heap     ] GC(41) Eden regions: 291->0(291)
[2025-03-14T08:28:31.828+0000][1021][gc,heap     ] GC(41) Survivor regions: 1->1(37)
[2025-03-14T08:28:31.828+0000][1021][gc,heap     ] GC(41) Old regions: 25->25
[2025-03-14T08:28:31.828+0000][1021][gc,heap     ] GC(41) Humongous regions: 5->5
[2025-03-14T08:28:31.828+0000][1021][gc,metaspace] GC(41) Metaspace: 122083K(125248K)->122083K(125248K) NonClass: 105583K(107328K)->105583K(107328K) Class: 16500K(17920K)->16500K(17920K)
[2025-03-14T08:28:31.828+0000][1021][gc          ] GC(41) Pause Young (Normal) (G1 Evacuation Pause) 1285M->120M(1952M) 40.464ms
[2025-03-14T08:28:31.828+0000][1021][gc,cpu      ] GC(41) User=0.04s Sys=0.00s Real=0.04s
[2025-03-14T08:28:31.829+0000][1021][safepoint   ] Safepoint "G1CollectForAllocation", Time since last: 13205818413 ns, Reaching safepoint: 20792 ns, Cleanup: 7875 ns, At safepoint: 41892655 ns, Total: 41921322 ns
[2025-03-14T08:29:01.657+0000][1021][safepoint   ] Safepoint "Cleanup", Time since last: 29828347094 ns, Reaching safepoint: 7208 ns, Cleanup: 10417 ns, At safepoint: 5291 ns, Total: 22916 ns
[2025-03-14T08:29:05.660+0000][1021][safepoint   ] Safepoint "Cleanup", Time since last: 4002633128 ns, Reaching safepoint: 47125 ns, Cleanup: 45500 ns, At safepoint: 17542 ns, Total: 110167 ns
[2025-03-14T08:29:08.664+0000][1021][safepoint   ] Safepoint "Cleanup", Time since last: 3004322241 ns, Reaching safepoint: 56667 ns, Cleanup: 47791 ns, At safepoint: 16251 ns, Total: 120709 ns
[2025-03-14T08:29:12.666+0000][1021][safepoint   ] Safepoint "Cleanup", Time since last: 4001609399 ns, Reaching safepoint: 10250 ns, Cleanup: 10333 ns, At safepoint: 6208 ns, Total: 26791 ns
[2025-03-14T08:29:20.667+0000][1021][safepoint   ] Safepoint "Cleanup", Time since last: 8000529054 ns, Reaching safepoint: 15917 ns, Cleanup: 8333 ns, At safepoint: 4792 ns, Total: 29042 ns
[2025-03-14T08:29:53.740+0000][1021][safepoint   ] Safepoint "Cleanup", Time since last: 33073736093 ns, Reaching safepoint: 16042 ns, Cleanup: 18167 ns, At safepoint: 6208 ns, Total: 40417 ns
[2025-03-14T08:30:01.747+0000][1021][safepoint   ] Safepoint "Cleanup", Time since last: 8006052671 ns, Reaching safepoint: 48333 ns, Cleanup: 139334 ns, At safepoint: 16125 ns, Total: 203792 ns
[2025-03-14T08:30:02.748+0000][1021][safepoint   ] Safepoint "Cleanup", Time since last: 1000802310 ns, Reaching safepoint: 6709 ns, Cleanup: 43125 ns, At safepoint: 4375 ns, Total: 54209 ns
[2025-03-14T08:30:03.748+0000][1021][safepoint   ] Safepoint "Cleanup", Time since last: 1000086391 ns, Reaching safepoint: 7125 ns, Cleanup: 26167 ns, At safepoint: 4875 ns, Total: 38167 ns
[2025-03-14T08:30:05.748+0000][1021][safepoint   ] Safepoint "Cleanup", Time since last: 2000150156 ns, Reaching safepoint: 7417 ns, Cleanup: 69000 ns, At safepoint: 4917 ns, Total: 81334 ns
[2025-03-14T08:30:23.758+0000][1021][safepoint   ] Safepoint "Cleanup", Time since last: 18010167750 ns, Reaching safepoint: 20541 ns, Cleanup: 47292 ns, At safepoint: 8958 ns, Total: 76791 ns
[2025-03-14T08:30:41.766+0000][1021][safepoint   ] Safepoint "Cleanup", Time since last: 18007453447 ns, Reaching safepoint: 21958 ns, Cleanup: 11375 ns, At safepoint: 5959 ns, Total: 39292 ns
[2025-03-14T08:30:58.834+0000][1021][safepoint   ] Safepoint "Cleanup", Time since last: 17068010494 ns, Reaching safepoint: 7042 ns, Cleanup: 75083 ns, At safepoint: 6084 ns, Total: 88209 ns
[2025-03-14T08:30:59.834+0000][1021][safepoint   ] Safepoint "Cleanup", Time since last: 1000101196 ns, Reaching safepoint: 7000 ns, Cleanup: 51708 ns, At safepoint: 5333 ns, Total: 64041 ns
[2025-03-14T08:31:01.835+0000][1021][safepoint   ] Safepoint "Cleanup", Time since last: 2000989934 ns, Reaching safepoint: 9709 ns, Cleanup: 33666 ns, At safepoint: 10334 ns, Total: 53709 ns
[2025-03-14T08:31:02.835+0000][1021][safepoint   ] Safepoint "Cleanup", Time since last: 1000104111 ns, Reaching safepoint: 7000 ns, Cleanup: 10041 ns, At safepoint: 5417 ns, Total: 22458 ns
[2025-03-14T08:31:03.835+0000][1021][safepoint   ] Safepoint "Cleanup", Time since last: 1000087819 ns, Reaching safepoint: 7083 ns, Cleanup: 10250 ns, At safepoint: 4667 ns, Total: 22000 ns
[2025-03-14T08:31:11.838+0000][1021][safepoint   ] Safepoint "Cleanup", Time since last: 8002020161 ns, Reaching safepoint: 436334 ns, Cleanup: 79167 ns, At safepoint: 54625 ns, Total: 570126 ns
[2025-03-14T08:31:28.842+0000][1021][safepoint   ] Safepoint "Cleanup", Time since last: 17004604206 ns, Reaching safepoint: 23208 ns, Cleanup: 10167 ns, At safepoint: 6000 ns, Total: 39375 ns
[2025-03-14T08:31:38.847+0000][1021][safepoint   ] Safepoint "Cleanup", Time since last: 10004600011 ns, Reaching safepoint: 7334 ns, Cleanup: 10375 ns, At safepoint: 5375 ns, Total: 23084 ns
[2025-03-14T08:31:49.912+0000][1021][safepoint   ] Safepoint "Cleanup", Time since last: 11065170503 ns, Reaching safepoint: 12292 ns, Cleanup: 19125 ns, At safepoint: 13541 ns, Total: 44958 ns
[2025-03-14T08:31:55.915+0000][1021][safepoint   ] Safepoint "Cleanup", Time since last: 6002643155 ns, Reaching safepoint: 44709 ns, Cleanup: 19750 ns, At safepoint: 8000 ns, Total: 72459 ns
[2025-03-14T08:32:01.916+0000][1021][safepoint   ] Safepoint "Cleanup", Time since last: 6000699592 ns, Reaching safepoint: 28000 ns, Cleanup: 12375 ns, At safepoint: 4167 ns, Total: 44542 ns
[2025-03-14T08:32:07.917+0000][1021][safepoint   ] Safepoint "Cleanup", Time since last: 6001298995 ns, Reaching safepoint: 50833 ns, Cleanup: 11375 ns, At safepoint: 11292 ns, Total: 73500 ns
[2025-03-14T08:32:31.925+0000][1021][safepoint   ] Safepoint "Cleanup", Time since last: 24007678000 ns, Reaching safepoint: 75042 ns, Cleanup: 28125 ns, At safepoint: 6542 ns, Total: 109709 ns
[2025-03-14T08:32:32.925+0000][1021][safepoint   ] Safepoint "Cleanup", Time since last: 1000241737 ns, Reaching safepoint: 5459 ns, Cleanup: 9500 ns, At safepoint: 10791 ns, Total: 25750 ns
[2025-03-14T08:32:49.968+0000][1021][safepoint   ] Safepoint "Cleanup", Time since last: 17042921119 ns, Reaching safepoint: 18625 ns, Cleanup: 17084 ns, At safepoint: 6416 ns, Total: 42125 ns
[2025-03-14T08:32:55.970+0000][1021][safepoint   ] Safepoint "Cleanup", Time since last: 6001464335 ns, Reaching safepoint: 9167 ns, Cleanup: 25667 ns, At safepoint: 7833 ns, Total: 42667 ns
[2025-03-14T08:33:04.971+0000][1021][safepoint   ] Safepoint "Cleanup", Time since last: 9001700412 ns, Reaching safepoint: 11208 ns, Cleanup: 13625 ns, At safepoint: 7750 ns, Total: 32583 ns
[2025-03-14T08:33:07.953+0000][1021][gc,start    ] GC(42) Pause Young (Normal) (G1 Evacuation Pause)
[2025-03-14T08:33:07.953+0000][1021][gc,task     ] GC(42) Using 1 workers of 1 for evacuation
[2025-03-14T08:33:07.953+0000][1021][gc,age      ] GC(42) Desired survivor size 77594624 bytes, new threshold 15 (max threshold 15)
[2025-03-14T08:33:07.975+0000][1021][gc,phases   ] GC(42)   Pre Evacuate Collection Set: 0.51ms
[2025-03-14T08:33:07.975+0000][1021][gc,phases   ] GC(42)   Merge Heap Roots: 0.07ms
[2025-03-14T08:33:07.975+0000][1021][gc,phases   ] GC(42)   Evacuate Collection Set: 18.00ms
[2025-03-14T08:33:07.975+0000][1021][gc,phases   ] GC(42)   Post Evacuate Collection Set: 2.89ms
[2025-03-14T08:33:07.975+0000][1021][gc,phases   ] GC(42)   Other: 0.14ms
[2025-03-14T08:33:07.975+0000][1021][gc,age      ] GC(42) Age table with threshold 15 (max threshold 15)
[2025-03-14T08:33:07.975+0000][1021][gc,age      ] GC(42) - age   1:    2348824 bytes,    2348824 total
[2025-03-14T08:33:07.975+0000][1021][gc,age      ] GC(42) - age   2:      62928 bytes,    2411752 total
[2025-03-14T08:33:07.975+0000][1021][gc,age      ] GC(42) - age   3:      70008 bytes,    2481760 total
[2025-03-14T08:33:07.975+0000][1021][gc,age      ] GC(42) - age   4:     621952 bytes,    3103712 total
[2025-03-14T08:33:07.975+0000][1021][gc,age      ] GC(42) - age   5:     152072 bytes,    3255784 total
[2025-03-14T08:33:07.975+0000][1021][gc,age      ] GC(42) - age   6:       9560 bytes,    3265344 total
[2025-03-14T08:33:07.975+0000][1021][gc,age      ] GC(42) - age   7:      10408 bytes,    3275752 total
[2025-03-14T08:33:07.975+0000][1021][gc,age      ] GC(42) - age   8:       7544 bytes,    3283296 total
[2025-03-14T08:33:07.975+0000][1021][gc,age      ] GC(42) - age   9:       8128 bytes,    3291424 total
[2025-03-14T08:33:07.975+0000][1021][gc,age      ] GC(42) - age  10:      33496 bytes,    3324920 total
[2025-03-14T08:33:07.975+0000][1021][gc,age      ] GC(42) - age  11:      13792 bytes,    3338712 total
[2025-03-14T08:33:07.975+0000][1021][gc,age      ] GC(42) - age  12:      10544 bytes,    3349256 total
[2025-03-14T08:33:07.975+0000][1021][gc,age      ] GC(42) - age  13:      18520 bytes,    3367776 total
[2025-03-14T08:33:07.975+0000][1021][gc,age      ] GC(42) - age  14:      21496 bytes,    3389272 total
[2025-03-14T08:33:07.975+0000][1021][gc,age      ] GC(42) - age  15:      30528 bytes,    3419800 total
[2025-03-14T08:33:07.975+0000][1021][gc,heap     ] GC(42) Eden regions: 291->0(291)
[2025-03-14T08:33:07.975+0000][1021][gc,heap     ] GC(42) Survivor regions: 1->1(37)
[2025-03-14T08:33:07.975+0000][1021][gc,heap     ] GC(42) Old regions: 25->25
[2025-03-14T08:33:07.975+0000][1021][gc,heap     ] GC(42) Humongous regions: 5->5
[2025-03-14T08:33:07.975+0000][1021][gc,metaspace] GC(42) Metaspace: 122177K(125312K)->122177K(125312K) NonClass: 105675K(107392K)->105675K(107392K) Class: 16501K(17920K)->16501K(17920K)
[2025-03-14T08:33:07.975+0000][1021][gc          ] GC(42) Pause Young (Normal) (G1 Evacuation Pause) 1284M->121M(1952M) 21.846ms
[2025-03-14T08:33:07.975+0000][1021][gc,cpu      ] GC(42) User=0.02s Sys=0.00s Real=0.03s
[2025-03-14T08:33:07.975+0000][1021][safepoint   ] Safepoint "G1CollectForAllocation", Time since last: 2981372123 ns, Reaching safepoint: 12042 ns, Cleanup: 2667 ns, At safepoint: 21949223 ns, Total: 21963932 ns
[2025-03-14T08:33:08.976+0000][1021][safepoint   ] Safepoint "Cleanup", Time since last: 1001259642 ns, Reaching safepoint: 10750 ns, Cleanup: 8500 ns, At safepoint: 5209 ns, Total: 24459 ns
[2025-03-14T08:33:14.977+0000][1021][safepoint   ] Safepoint "Cleanup", Time since last: 6001042539 ns, Reaching safepoint: 6667 ns, Cleanup: 11292 ns, At safepoint: 5416 ns, Total: 23375 ns
[2025-03-14T08:33:19.978+0000][1021][safepoint   ] Safepoint "Cleanup", Time since last: 5000822724 ns, Reaching safepoint: 10125 ns, Cleanup: 29167 ns, At safepoint: 18458 ns, Total: 57750 ns
[2025-03-14T08:33:25.983+0000][1021][safepoint   ] Safepoint "Cleanup", Time since last: 6004975734 ns, Reaching safepoint: 5166 ns, Cleanup: 11584 ns, At safepoint: 5208 ns, Total: 21958 ns
[2025-03-14T08:33:31.983+0000][1021][safepoint   ] Safepoint "Cleanup", Time since last: 6000376208 ns, Reaching safepoint: 77500 ns, Cleanup: 9000 ns, At safepoint: 4334 ns, Total: 90834 ns
[2025-03-14T08:33:41.988+0000][1021][safepoint   ] Safepoint "Cleanup", Time since last: 10004045007 ns, Reaching safepoint: 348626 ns, Cleanup: 70125 ns, At safepoint: 85250 ns, Total: 504001 ns
[2025-03-14T08:34:16.038+0000][1021][safepoint   ] Safepoint "Cleanup", Time since last: 34050029953 ns, Reaching safepoint: 41500 ns, Cleanup: 55250 ns, At safepoint: 19834 ns, Total: 116584 ns
[2025-03-14T08:34:51.078+0000][1021][safepoint   ] Safepoint "Cleanup", Time since last: 35040018060 ns, Reaching safepoint: 7084 ns, Cleanup: 25000 ns, At safepoint: 6417 ns, Total: 38501 ns
[2025-03-14T08:34:59.083+0000][1021][safepoint   ] Safepoint "Cleanup", Time since last: 8004879250 ns, Reaching safepoint: 7292 ns, Cleanup: 9958 ns, At safepoint: 5209 ns, Total: 22459 ns
[2025-03-14T08:35:02.083+0000][1021][safepoint   ] Safepoint "Cleanup", Time since last: 3000208845 ns, Reaching safepoint: 7750 ns, Cleanup: 10167 ns, At safepoint: 5125 ns, Total: 23042 ns
[2025-03-14T08:35:14.089+0000][1021][safepoint   ] Safepoint "Cleanup", Time since last: 12005549240 ns, Reaching safepoint: 6583 ns, Cleanup: 13959 ns, At safepoint: 2750 ns, Total: 23292 ns
[2025-03-14T08:36:02.136+0000][1021][safepoint   ] Safepoint "Cleanup", Time since last: 48046686894 ns, Reaching safepoint: 15917 ns, Cleanup: 18167 ns, At safepoint: 5750 ns, Total: 39834 ns
[2025-03-14T08:36:05.136+0000][1021][safepoint   ] Safepoint "Cleanup", Time since last: 3000396374 ns, Reaching safepoint: 9750 ns, Cleanup: 20500 ns, At safepoint: 6625 ns, Total: 36875 ns
[2025-03-14T08:36:06.137+0000][1021][safepoint   ] Safepoint "Cleanup", Time since last: 1001006210 ns, Reaching safepoint: 59875 ns, Cleanup: 78417 ns, At safepoint: 16958 ns, Total: 155250 ns
[2025-03-14T08:36:08.139+0000][1021][safepoint   ] Safepoint "Cleanup", Time since last: 2001169459 ns, Reaching safepoint: 65417 ns, Cleanup: 61708 ns, At safepoint: 35834 ns, Total: 162959 ns
[2025-03-14T08:36:23.143+0000][1021][safepoint   ] Safepoint "Cleanup", Time since last: 15003857870 ns, Reaching safepoint: 101792 ns, Cleanup: 41625 ns, At safepoint: 16417 ns, Total: 159834 ns
[2025-03-14T08:36:56.186+0000][1021][safepoint   ] Safepoint "Cleanup", Time since last: 33043631865 ns, Reaching safepoint: 15042 ns, Cleanup: 13500 ns, At safepoint: 6458 ns, Total: 35000 ns
[2025-03-14T08:36:59.186+0000][1021][safepoint   ] Safepoint "Cleanup", Time since last: 3000232958 ns, Reaching safepoint: 7833 ns, Cleanup: 9000 ns, At safepoint: 5209 ns, Total: 22042 ns
[2025-03-14T08:37:08.191+0000][1021][safepoint   ] Safepoint "Cleanup", Time since last: 9004417201 ns, Reaching safepoint: 13000 ns, Cleanup: 24959 ns, At safepoint: 16125 ns, Total: 54084 ns
[2025-03-14T08:37:09.192+0000][1021][safepoint   ] Safepoint "Cleanup", Time since last: 1000826651 ns, Reaching safepoint: 7375 ns, Cleanup: 13000 ns, At safepoint: 6250 ns, Total: 26625 ns
[2025-03-14T08:37:20.194+0000][1021][safepoint   ] Safepoint "Cleanup", Time since last: 11001974094 ns, Reaching safepoint: 43583 ns, Cleanup: 55792 ns, At safepoint: 26000 ns, Total: 125375 ns
[2025-03-14T08:37:26.198+0000][1021][safepoint   ] Safepoint "Cleanup", Time since last: 6004067012 ns, Reaching safepoint: 96042 ns, Cleanup: 12459 ns, At safepoint: 5083 ns, Total: 113584 ns
[2025-03-14T08:37:33.199+0000][1021][safepoint   ] Safepoint "Cleanup", Time since last: 7000502098 ns, Reaching safepoint: 10875 ns, Cleanup: 16083 ns, At safepoint: 6083 ns, Total: 33041 ns
[2025-03-14T08:38:11.252+0000][1021][safepoint   ] Safepoint "Cleanup", Time since last: 38053700108 ns, Reaching safepoint: 51417 ns, Cleanup: 25750 ns, At safepoint: 12625 ns, Total: 89792 ns
[2025-03-14T08:38:32.256+0000][1021][safepoint   ] Safepoint "Cleanup", Time since last: 21003897269 ns, Reaching safepoint: 38875 ns, Cleanup: 17792 ns, At safepoint: 5750 ns, Total: 62417 ns
[2025-03-14T08:38:43.849+0000][1021][gc,start    ] GC(43) Pause Young (Normal) (G1 Evacuation Pause)
[2025-03-14T08:38:43.849+0000][1021][gc,task     ] GC(43) Using 1 workers of 1 for evacuation
[2025-03-14T08:38:43.849+0000][1021][gc,age      ] GC(43) Desired survivor size 77594624 bytes, new threshold 15 (max threshold 15)
[2025-03-14T08:38:43.880+0000][1021][gc,phases   ] GC(43)   Pre Evacuate Collection Set: 1.53ms
[2025-03-14T08:38:43.880+0000][1021][gc,phases   ] GC(43)   Merge Heap Roots: 0.19ms
[2025-03-14T08:38:43.880+0000][1021][gc,phases   ] GC(43)   Evacuate Collection Set: 25.69ms
[2025-03-14T08:38:43.880+0000][1021][gc,phases   ] GC(43)   Post Evacuate Collection Set: 3.11ms
[2025-03-14T08:38:43.880+0000][1021][gc,phases   ] GC(43)   Other: 0.18ms
[2025-03-14T08:38:43.880+0000][1021][gc,age      ] GC(43) Age table with threshold 15 (max threshold 15)
[2025-03-14T08:38:43.880+0000][1021][gc,age      ] GC(43) - age   1:    1931272 bytes,    1931272 total
[2025-03-14T08:38:43.880+0000][1021][gc,age      ] GC(43) - age   2:      82800 bytes,    2014072 total
[2025-03-14T08:38:43.880+0000][1021][gc,age      ] GC(43) - age   3:      28256 bytes,    2042328 total
[2025-03-14T08:38:43.880+0000][1021][gc,age      ] GC(43) - age   4:      67456 bytes,    2109784 total
[2025-03-14T08:38:43.880+0000][1021][gc,age      ] GC(43) - age   5:     618496 bytes,    2728280 total
[2025-03-14T08:38:43.880+0000][1021][gc,age      ] GC(43) - age   6:     152072 bytes,    2880352 total
[2025-03-14T08:38:43.880+0000][1021][gc,age      ] GC(43) - age   7:       9560 bytes,    2889912 total
[2025-03-14T08:38:43.880+0000][1021][gc,age      ] GC(43) - age   8:      10408 bytes,    2900320 total
[2025-03-14T08:38:43.880+0000][1021][gc,age      ] GC(43) - age   9:       7544 bytes,    2907864 total
[2025-03-14T08:38:43.880+0000][1021][gc,age      ] GC(43) - age  10:       8128 bytes,    2915992 total
[2025-03-14T08:38:43.880+0000][1021][gc,age      ] GC(43) - age  11:      33496 bytes,    2949488 total
[2025-03-14T08:38:43.880+0000][1021][gc,age      ] GC(43) - age  12:      13792 bytes,    2963280 total
[2025-03-14T08:38:43.880+0000][1021][gc,age      ] GC(43) - age  13:      10544 bytes,    2973824 total
[2025-03-14T08:38:43.880+0000][1021][gc,age      ] GC(43) - age  14:      18520 bytes,    2992344 total
[2025-03-14T08:38:43.880+0000][1021][gc,age      ] GC(43) - age  15:      21496 bytes,    3013840 total
[2025-03-14T08:38:43.880+0000][1021][gc,heap     ] GC(43) Eden regions: 291->0(291)
[2025-03-14T08:38:43.880+0000][1021][gc,heap     ] GC(43) Survivor regions: 1->1(37)
[2025-03-14T08:38:43.880+0000][1021][gc,heap     ] GC(43) Old regions: 25->25
[2025-03-14T08:38:43.880+0000][1021][gc,heap     ] GC(43) Humongous regions: 5->5
[2025-03-14T08:38:43.880+0000][1021][gc,metaspace] GC(43) Metaspace: 122195K(125312K)->122195K(125312K) NonClass: 105693K(107392K)->105693K(107392K) Class: 16502K(17920K)->16502K(17920K)
[2025-03-14T08:38:43.880+0000][1021][gc          ] GC(43) Pause Young (Normal) (G1 Evacuation Pause) 1285M->121M(1952M) 30.996ms
[2025-03-14T08:38:43.880+0000][1021][gc,cpu      ] GC(43) User=0.03s Sys=0.00s Real=0.03s
[2025-03-14T08:38:43.883+0000][1021][safepoint   ] Safepoint "G1CollectForAllocation", Time since last: 11592116847 ns, Reaching safepoint: 7959 ns, Cleanup: 4083 ns, At safepoint: 34433085 ns, Total: 34445127 ns
[2025-03-14T08:39:01.890+0000][1021][safepoint   ] Safepoint "Cleanup", Time since last: 18007079097 ns, Reaching safepoint: 14083 ns, Cleanup: 37042 ns, At safepoint: 7209 ns, Total: 58334 ns
[2025-03-14T08:39:20.896+0000][1021][safepoint   ] Safepoint "Cleanup", Time since last: 19006087279 ns, Reaching safepoint: 42292 ns, Cleanup: 25042 ns, At safepoint: 13792 ns, Total: 81126 ns
[2025-03-14T08:39:26.897+0000][1021][safepoint   ] Safepoint "Cleanup", Time since last: 6000455937 ns, Reaching safepoint: 26708 ns, Cleanup: 15125 ns, At safepoint: 6125 ns, Total: 47958 ns
[2025-03-14T08:39:31.899+0000][1021][safepoint   ] Safepoint "Cleanup", Time since last: 5002568983 ns, Reaching safepoint: 11167 ns, Cleanup: 21125 ns, At safepoint: 11958 ns, Total: 44250 ns
[2025-03-14T08:39:32.900+0000][1021][safepoint   ] Safepoint "Cleanup", Time since last: 1000369454 ns, Reaching safepoint: 15042 ns, Cleanup: 28000 ns, At safepoint: 10208 ns, Total: 53250 ns
[2025-03-14T08:39:37.902+0000][1021][safepoint   ] Safepoint "Cleanup", Time since last: 5002219935 ns, Reaching safepoint: 5458 ns, Cleanup: 6708 ns, At safepoint: 4584 ns, Total: 16750 ns
[2025-03-14T08:39:57.369+0000][1021][safepoint   ] Safepoint "Cleanup", Time since last: 19467120701 ns, Reaching safepoint: 16834 ns, Cleanup: 14791 ns, At safepoint: 6667 ns, Total: 38292 ns
[2025-03-14T08:40:01.369+0000][1021][safepoint   ] Safepoint "Cleanup", Time since last: 4000294377 ns, Reaching safepoint: 5292 ns, Cleanup: 10208 ns, At safepoint: 5959 ns, Total: 21459 ns
[2025-03-14T08:40:11.373+0000][1021][safepoint   ] Safepoint "Cleanup", Time since last: 10003455230 ns, Reaching safepoint: 7750 ns, Cleanup: 13791 ns, At safepoint: 5917 ns, Total: 27458 ns
[2025-03-14T08:40:20.375+0000][1021][safepoint   ] Safepoint "Cleanup", Time since last: 9002030223 ns, Reaching safepoint: 36292 ns, Cleanup: 19792 ns, At safepoint: 7458 ns, Total: 63542 ns
[2025-03-14T08:40:23.376+0000][1021][safepoint   ] Safepoint "Cleanup", Time since last: 3000670835 ns, Reaching safepoint: 239793 ns, Cleanup: 35583 ns, At safepoint: 25208 ns, Total: 300584 ns
[2025-03-14T08:40:27.378+0000][1021][safepoint   ] Safepoint "Cleanup", Time since last: 4001650530 ns, Reaching safepoint: 46209 ns, Cleanup: 38750 ns, At safepoint: 41333 ns, Total: 126292 ns
[2025-03-14T08:40:44.416+0000][1021][safepoint   ] Safepoint "Cleanup", Time since last: 17038460489 ns, Reaching safepoint: 47458 ns, Cleanup: 73209 ns, At safepoint: 18125 ns, Total: 138792 ns
[2025-03-14T08:41:01.422+0000][1021][safepoint   ] Safepoint "Cleanup", Time since last: 17005251486 ns, Reaching safepoint: 10542 ns, Cleanup: 13375 ns, At safepoint: 10875 ns, Total: 34792 ns
[2025-03-14T08:41:44.478+0000][1021][safepoint   ] Safepoint "Cleanup", Time since last: 43056277558 ns, Reaching safepoint: 17875 ns, Cleanup: 24250 ns, At safepoint: 5875 ns, Total: 48000 ns
[2025-03-14T08:41:56.481+0000][1021][safepoint   ] Safepoint "Cleanup", Time since last: 12002670640 ns, Reaching safepoint: 83708 ns, Cleanup: 43500 ns, At safepoint: 23125 ns, Total: 150333 ns
[2025-03-14T08:41:59.484+0000][1021][safepoint   ] Safepoint "Cleanup", Time since last: 3003342841 ns, Reaching safepoint: 14167 ns, Cleanup: 40750 ns, At safepoint: 14416 ns, Total: 69333 ns
[2025-03-14T08:42:01.485+0000][1021][safepoint   ] Safepoint "Cleanup", Time since last: 2000747570 ns, Reaching safepoint: 27209 ns, Cleanup: 16166 ns, At safepoint: 6000 ns, Total: 49375 ns
[2025-03-14T08:42:02.485+0000][1021][safepoint   ] Safepoint "Cleanup", Time since last: 1000343223 ns, Reaching safepoint: 10333 ns, Cleanup: 9542 ns, At safepoint: 5833 ns, Total: 25708 ns
[2025-03-14T08:42:18.490+0000][1021][safepoint   ] Safepoint "Cleanup", Time since last: 16004828244 ns, Reaching safepoint: 6375 ns, Cleanup: 21375 ns, At safepoint: 4917 ns, Total: 32667 ns
[2025-03-14T08:42:48.531+0000][1021][safepoint   ] Safepoint "Cleanup", Time since last: 30040867950 ns, Reaching safepoint: 93167 ns, Cleanup: 20666 ns, At safepoint: 11209 ns, Total: 125042 ns
[2025-03-14T08:43:01.537+0000][1021][safepoint   ] Safepoint "Cleanup", Time since last: 13005117010 ns, Reaching safepoint: 127000 ns, Cleanup: 23709 ns, At safepoint: 19583 ns, Total: 170292 ns
[2025-03-14T08:43:09.538+0000][1021][safepoint   ] Safepoint "Cleanup", Time since last: 8001509252 ns, Reaching safepoint: 7417 ns, Cleanup: 12250 ns, At safepoint: 4791 ns, Total: 24458 ns
[2025-03-14T08:43:14.542+0000][1021][safepoint   ] Safepoint "Cleanup", Time since last: 5003282071 ns, Reaching safepoint: 97000 ns, Cleanup: 21750 ns, At safepoint: 35042 ns, Total: 153792 ns
[2025-03-14T08:43:18.543+0000][1021][safepoint   ] Safepoint "Cleanup", Time since last: 4001207185 ns, Reaching safepoint: 38541 ns, Cleanup: 10084 ns, At safepoint: 7291 ns, Total: 55916 ns
[2025-03-14T08:43:56.593+0000][1021][safepoint   ] Safepoint "Cleanup", Time since last: 38050226047 ns, Reaching safepoint: 93375 ns, Cleanup: 45958 ns, At safepoint: 6000 ns, Total: 145333 ns
[2025-03-14T08:44:00.593+0000][1021][safepoint   ] Safepoint "Cleanup", Time since last: 4000319497 ns, Reaching safepoint: 8417 ns, Cleanup: 11333 ns, At safepoint: 6084 ns, Total: 25834 ns
[2025-03-14T08:44:01.594+0000][1021][safepoint   ] Safepoint "Cleanup", Time since last: 1000094707 ns, Reaching safepoint: 10042 ns, Cleanup: 14625 ns, At safepoint: 6000 ns, Total: 30667 ns
[2025-03-14T08:44:08.594+0000][1021][safepoint   ] Safepoint "Cleanup", Time since last: 7000529531 ns, Reaching safepoint: 59292 ns, Cleanup: 36750 ns, At safepoint: 8875 ns, Total: 104917 ns
[2025-03-14T08:44:11.596+0000][1021][safepoint   ] Safepoint "Cleanup", Time since last: 3001266621 ns, Reaching safepoint: 65084 ns, Cleanup: 53125 ns, At safepoint: 28125 ns, Total: 146334 ns
[2025-03-14T08:44:14.269+0000][1021][gc,start    ] GC(44) Pause Young (Normal) (G1 Evacuation Pause)
[2025-03-14T08:44:14.269+0000][1021][gc,task     ] GC(44) Using 1 workers of 1 for evacuation
[2025-03-14T08:44:14.269+0000][1021][gc,age      ] GC(44) Desired survivor size 77594624 bytes, new threshold 15 (max threshold 15)
[2025-03-14T08:44:14.296+0000][1021][gc,phases   ] GC(44)   Pre Evacuate Collection Set: 0.83ms
[2025-03-14T08:44:14.296+0000][1021][gc,phases   ] GC(44)   Merge Heap Roots: 0.13ms
[2025-03-14T08:44:14.296+0000][1021][gc,phases   ] GC(44)   Evacuate Collection Set: 19.37ms
[2025-03-14T08:44:14.296+0000][1021][gc,phases   ] GC(44)   Post Evacuate Collection Set: 5.68ms
[2025-03-14T08:44:14.296+0000][1021][gc,phases   ] GC(44)   Other: 0.19ms
[2025-03-14T08:44:14.296+0000][1021][gc,age      ] GC(44) Age table with threshold 15 (max threshold 15)
[2025-03-14T08:44:14.296+0000][1021][gc,age      ] GC(44) - age   1:    2027304 bytes,    2027304 total
[2025-03-14T08:44:14.296+0000][1021][gc,age      ] GC(44) - age   2:      28608 bytes,    2055912 total
[2025-03-14T08:44:14.296+0000][1021][gc,age      ] GC(44) - age   3:       6720 bytes,    2062632 total
[2025-03-14T08:44:14.296+0000][1021][gc,age      ] GC(44) - age   4:      28160 bytes,    2090792 total
[2025-03-14T08:44:14.296+0000][1021][gc,age      ] GC(44) - age   5:      67424 bytes,    2158216 total
[2025-03-14T08:44:14.296+0000][1021][gc,age      ] GC(44) - age   6:     618496 bytes,    2776712 total
[2025-03-14T08:44:14.296+0000][1021][gc,age      ] GC(44) - age   7:     152072 bytes,    2928784 total
[2025-03-14T08:44:14.296+0000][1021][gc,age      ] GC(44) - age   8:       9560 bytes,    2938344 total
[2025-03-14T08:44:14.296+0000][1021][gc,age      ] GC(44) - age   9:      10408 bytes,    2948752 total
[2025-03-14T08:44:14.296+0000][1021][gc,age      ] GC(44) - age  10:       7544 bytes,    2956296 total
[2025-03-14T08:44:14.296+0000][1021][gc,age      ] GC(44) - age  11:       8128 bytes,    2964424 total
[2025-03-14T08:44:14.296+0000][1021][gc,age      ] GC(44) - age  12:      33496 bytes,    2997920 total
[2025-03-14T08:44:14.296+0000][1021][gc,age      ] GC(44) - age  13:      13792 bytes,    3011712 total
[2025-03-14T08:44:14.296+0000][1021][gc,age      ] GC(44) - age  14:      10544 bytes,    3022256 total
[2025-03-14T08:44:14.296+0000][1021][gc,age      ] GC(44) - age  15:      18520 bytes,    3040776 total
[2025-03-14T08:44:14.296+0000][1021][gc,heap     ] GC(44) Eden regions: 291->0(291)
[2025-03-14T08:44:14.296+0000][1021][gc,heap     ] GC(44) Survivor regions: 1->1(37)
[2025-03-14T08:44:14.296+0000][1021][gc,heap     ] GC(44) Old regions: 25->25
[2025-03-14T08:44:14.296+0000][1021][gc,heap     ] GC(44) Humongous regions: 5->5
[2025-03-14T08:44:14.296+0000][1021][gc,metaspace] GC(44) Metaspace: 122269K(125376K)->122269K(125376K) NonClass: 105766K(107456K)->105766K(107456K) Class: 16502K(17920K)->16502K(17920K)
[2025-03-14T08:44:14.296+0000][1021][gc          ] GC(44) Pause Young (Normal) (G1 Evacuation Pause) 1285M->121M(1952M) 26.434ms
[2025-03-14T08:44:14.296+0000][1021][gc,cpu      ] GC(44) User=0.03s Sys=0.01s Real=0.03s
[2025-03-14T08:44:14.296+0000][1021][safepoint   ] Safepoint "G1CollectForAllocation", Time since last: 2673500662 ns, Reaching safepoint: 7875 ns, Cleanup: 19334 ns, At safepoint: 26559397 ns, Total: 26586606 ns
[2025-03-14T08:44:23.299+0000][1021][safepoint   ] Safepoint "Cleanup", Time since last: 9002522270 ns, Reaching safepoint: 243917 ns, Cleanup: 66000 ns, At safepoint: 8209 ns, Total: 318126 ns
[2025-03-14T08:44:26.299+0000][1021][safepoint   ] Safepoint "Cleanup", Time since last: 3000454323 ns, Reaching safepoint: 14500 ns, Cleanup: 11750 ns, At safepoint: 10000 ns, Total: 36250 ns
[2025-03-14T08:44:41.304+0000][1021][safepoint   ] Safepoint "Cleanup", Time since last: 15004990026 ns, Reaching safepoint: 72917 ns, Cleanup: 25083 ns, At safepoint: 21917 ns, Total: 119917 ns
[2025-03-14T08:45:01.691+0000][1021][safepoint   ] Safepoint "Cleanup", Time since last: 20386883055 ns, Reaching safepoint: 142334 ns, Cleanup: 40666 ns, At safepoint: 12125 ns, Total: 195125 ns
[2025-03-14T08:45:02.692+0000][1021][safepoint   ] Safepoint "Cleanup", Time since last: 1000200160 ns, Reaching safepoint: 32959 ns, Cleanup: 34875 ns, At safepoint: 7041 ns, Total: 74875 ns
[2025-03-14T08:45:04.692+0000][1021][safepoint   ] Safepoint "Cleanup", Time since last: 2000218319 ns, Reaching safepoint: 111917 ns, Cleanup: 26083 ns, At safepoint: 13792 ns, Total: 151792 ns
[2025-03-14T08:45:29.697+0000][1021][safepoint   ] Safepoint "Cleanup", Time since last: 25005086793 ns, Reaching safepoint: 71541 ns, Cleanup: 29792 ns, At safepoint: 13125 ns, Total: 114458 ns
[2025-03-14T08:46:32.765+0000][1021][safepoint   ] Safepoint "Cleanup", Time since last: 63067304366 ns, Reaching safepoint: 224125 ns, Cleanup: 92292 ns, At safepoint: 30000 ns, Total: 346417 ns
[2025-03-14T08:47:26.818+0000][1021][safepoint   ] Safepoint "Cleanup", Time since last: 54052600025 ns, Reaching safepoint: 69833 ns, Cleanup: 42709 ns, At safepoint: 14541 ns, Total: 127083 ns
[2025-03-14T08:47:27.818+0000][1021][safepoint   ] Safepoint "Cleanup", Time since last: 1000603941 ns, Reaching safepoint: 42208 ns, Cleanup: 42334 ns, At safepoint: 14250 ns, Total: 98792 ns
[2025-03-14T08:47:56.856+0000][1021][safepoint   ] Safepoint "Cleanup", Time since last: 29037378040 ns, Reaching safepoint: 6166 ns, Cleanup: 13042 ns, At safepoint: 4333 ns, Total: 23541 ns
[2025-03-14T08:47:59.856+0000][1021][safepoint   ] Safepoint "Cleanup", Time since last: 3000223978 ns, Reaching safepoint: 6708 ns, Cleanup: 11334 ns, At safepoint: 5375 ns, Total: 23417 ns
[2025-03-14T08:49:41.924+0000][1021][safepoint   ] Safepoint "Cleanup", Time since last: 102068220096 ns, Reaching safepoint: 47542 ns, Cleanup: 20250 ns, At safepoint: 6375 ns, Total: 74167 ns
[2025-03-14T08:49:43.902+0000][1021][gc,start    ] GC(45) Pause Young (Normal) (G1 Evacuation Pause)
[2025-03-14T08:49:43.902+0000][1021][gc,task     ] GC(45) Using 1 workers of 1 for evacuation
[2025-03-14T08:49:43.902+0000][1021][gc,age      ] GC(45) Desired survivor size 77594624 bytes, new threshold 15 (max threshold 15)
[2025-03-14T08:49:43.935+0000][1021][gc,phases   ] GC(45)   Pre Evacuate Collection Set: 0.67ms
[2025-03-14T08:49:43.936+0000][1021][gc,phases   ] GC(45)   Merge Heap Roots: 0.06ms
[2025-03-14T08:49:43.936+0000][1021][gc,phases   ] GC(45)   Evacuate Collection Set: 25.56ms
[2025-03-14T08:49:43.936+0000][1021][gc,phases   ] GC(45)   Post Evacuate Collection Set: 6.53ms
[2025-03-14T08:49:43.936+0000][1021][gc,phases   ] GC(45)   Other: 0.18ms
[2025-03-14T08:49:43.936+0000][1021][gc,age      ] GC(45) Age table with threshold 15 (max threshold 15)
[2025-03-14T08:49:43.936+0000][1021][gc,age      ] GC(45) - age   1:    2066888 bytes,    2066888 total
[2025-03-14T08:49:43.936+0000][1021][gc,age      ] GC(45) - age   2:      80352 bytes,    2147240 total
[2025-03-14T08:49:43.936+0000][1021][gc,age      ] GC(45) - age   3:      25000 bytes,    2172240 total
[2025-03-14T08:49:43.936+0000][1021][gc,age      ] GC(45) - age   4:       6584 bytes,    2178824 total
[2025-03-14T08:49:43.936+0000][1021][gc,age      ] GC(45) - age   5:      27096 bytes,    2205920 total
[2025-03-14T08:49:43.936+0000][1021][gc,age      ] GC(45) - age   6:      67368 bytes,    2273288 total
[2025-03-14T08:49:43.936+0000][1021][gc,age      ] GC(45) - age   7:     609880 bytes,    2883168 total
[2025-03-14T08:49:43.936+0000][1021][gc,age      ] GC(45) - age   8:     152072 bytes,    3035240 total
[2025-03-14T08:49:43.936+0000][1021][gc,age      ] GC(45) - age   9:       9560 bytes,    3044800 total
[2025-03-14T08:49:43.936+0000][1021][gc,age      ] GC(45) - age  10:      10408 bytes,    3055208 total
[2025-03-14T08:49:43.936+0000][1021][gc,age      ] GC(45) - age  11:       7544 bytes,    3062752 total
[2025-03-14T08:49:43.936+0000][1021][gc,age      ] GC(45) - age  12:       8128 bytes,    3070880 total
[2025-03-14T08:49:43.936+0000][1021][gc,age      ] GC(45) - age  13:      33496 bytes,    3104376 total
[2025-03-14T08:49:43.936+0000][1021][gc,age      ] GC(45) - age  14:      13792 bytes,    3118168 total
[2025-03-14T08:49:43.936+0000][1021][gc,age      ] GC(45) - age  15:      10544 bytes,    3128712 total
[2025-03-14T08:49:43.936+0000][1021][gc,heap     ] GC(45) Eden regions: 291->0(291)
[2025-03-14T08:49:43.936+0000][1021][gc,heap     ] GC(45) Survivor regions: 1->1(37)
[2025-03-14T08:49:43.936+0000][1021][gc,heap     ] GC(45) Old regions: 25->25
[2025-03-14T08:49:43.936+0000][1021][gc,heap     ] GC(45) Humongous regions: 5->5
[2025-03-14T08:49:43.936+0000][1021][gc,metaspace] GC(45) Metaspace: 122273K(125376K)->122273K(125376K) NonClass: 105769K(107456K)->105769K(107456K) Class: 16503K(17920K)->16503K(17920K)
[2025-03-14T08:49:43.936+0000][1021][gc          ] GC(45) Pause Young (Normal) (G1 Evacuation Pause) 1285M->121M(1952M) 33.405ms
[2025-03-14T08:49:43.936+0000][1021][gc,cpu      ] GC(45) User=0.03s Sys=0.00s Real=0.04s
[2025-03-14T08:49:43.943+0000][1021][safepoint   ] Safepoint "G1CollectForAllocation", Time since last: 1977328323 ns, Reaching safepoint: 866213 ns, Cleanup: 2708 ns, At safepoint: 40593327 ns, Total: 41462248 ns
[2025-03-14T08:49:56.948+0000][1021][safepoint   ] Safepoint "Cleanup", Time since last: 13005115632 ns, Reaching safepoint: 7875 ns, Cleanup: 10166 ns, At safepoint: 5417 ns, Total: 23458 ns
[2025-03-14T08:50:07.952+0000][1021][safepoint   ] Safepoint "Cleanup", Time since last: 11003498674 ns, Reaching safepoint: 10750 ns, Cleanup: 18416 ns, At safepoint: 9500 ns, Total: 38666 ns
[2025-03-14T08:50:26.958+0000][1021][safepoint   ] Safepoint "Cleanup", Time since last: 19006060269 ns, Reaching safepoint: 192460 ns, Cleanup: 81792 ns, At safepoint: 27500 ns, Total: 301752 ns
[2025-03-14T08:50:40.962+0000][1021][safepoint   ] Safepoint "Cleanup", Time since last: 14004105878 ns, Reaching safepoint: 97875 ns, Cleanup: 26209 ns, At safepoint: 13250 ns, Total: 137334 ns
[2025-03-14T08:51:02.031+0000][1021][safepoint   ] Safepoint "Cleanup", Time since last: 21068309191 ns, Reaching safepoint: 37334 ns, Cleanup: 20583 ns, At safepoint: 27709 ns, Total: 85626 ns
[2025-03-14T08:51:27.040+0000][1021][safepoint   ] Safepoint "Cleanup", Time since last: 25009071362 ns, Reaching safepoint: 7417 ns, Cleanup: 12375 ns, At safepoint: 5083 ns, Total: 24875 ns
[2025-03-14T08:51:33.040+0000][1021][safepoint   ] Safepoint "Cleanup", Time since last: 6000403275 ns, Reaching safepoint: 6500 ns, Cleanup: 8834 ns, At safepoint: 25916 ns, Total: 41250 ns
[2025-03-14T08:51:53.113+0000][1021][safepoint   ] Safepoint "Cleanup", Time since last: 20073078020 ns, Reaching safepoint: 13417 ns, Cleanup: 18416 ns, At safepoint: 5750 ns, Total: 37583 ns
[2025-03-14T08:52:02.118+0000][1021][safepoint   ] Safepoint "Cleanup", Time since last: 9004602796 ns, Reaching safepoint: 101875 ns, Cleanup: 25417 ns, At safepoint: 10333 ns, Total: 137625 ns
[2025-03-14T08:52:26.125+0000][1021][safepoint   ] Safepoint "Cleanup", Time since last: 24006444203 ns, Reaching safepoint: 101668 ns, Cleanup: 28916 ns, At safepoint: 8584 ns, Total: 139168 ns
[2025-03-14T08:52:45.174+0000][1021][safepoint   ] Safepoint "Cleanup", Time since last: 19049161237 ns, Reaching safepoint: 41083 ns, Cleanup: 28584 ns, At safepoint: 6417 ns, Total: 76084 ns
[2025-03-14T08:52:47.174+0000][1021][safepoint   ] Safepoint "Cleanup", Time since last: 2000307921 ns, Reaching safepoint: 6417 ns, Cleanup: 9041 ns, At safepoint: 5125 ns, Total: 20583 ns
[2025-03-14T08:53:02.179+0000][1021][safepoint   ] Safepoint "Cleanup", Time since last: 15004822460 ns, Reaching safepoint: 271835 ns, Cleanup: 63000 ns, At safepoint: 32125 ns, Total: 366960 ns
[2025-03-14T08:53:09.181+0000][1021][safepoint   ] Safepoint "Cleanup", Time since last: 7002090327 ns, Reaching safepoint: 30125 ns, Cleanup: 14959 ns, At safepoint: 14125 ns, Total: 59209 ns
[2025-03-14T08:53:14.182+0000][1021][safepoint   ] Safepoint "Cleanup", Time since last: 5000360929 ns, Reaching safepoint: 35167 ns, Cleanup: 21959 ns, At safepoint: 10500 ns, Total: 67626 ns
[2025-03-14T08:53:15.182+0000][1021][safepoint   ] Safepoint "Cleanup", Time since last: 1000116477 ns, Reaching safepoint: 7000 ns, Cleanup: 8416 ns, At safepoint: 4959 ns, Total: 20375 ns
[2025-03-14T08:53:38.190+0000][1021][safepoint   ] Safepoint "Cleanup", Time since last: 23008097560 ns, Reaching safepoint: 110500 ns, Cleanup: 48500 ns, At safepoint: 42084 ns, Total: 201084 ns
[2025-03-14T08:54:57.305+0000][1021][safepoint   ] Safepoint "Cleanup", Time since last: 79113856266 ns, Reaching safepoint: 191876 ns, Cleanup: 78125 ns, At safepoint: 42251 ns, Total: 312252 ns
[2025-03-14T08:55:02.307+0000][1021][safepoint   ] Safepoint "Cleanup", Time since last: 5002426474 ns, Reaching safepoint: 89417 ns, Cleanup: 22375 ns, At safepoint: 13333 ns, Total: 125125 ns
[2025-03-14T08:55:19.948+0000][1021][gc,start    ] GC(46) Pause Young (Normal) (G1 Evacuation Pause)
[2025-03-14T08:55:19.948+0000][1021][gc,task     ] GC(46) Using 1 workers of 1 for evacuation
[2025-03-14T08:55:19.948+0000][1021][gc,age      ] GC(46) Desired survivor size 77594624 bytes, new threshold 15 (max threshold 15)
[2025-03-14T08:55:19.990+0000][1021][gc,phases   ] GC(46)   Pre Evacuate Collection Set: 1.24ms
[2025-03-14T08:55:19.990+0000][1021][gc,phases   ] GC(46)   Merge Heap Roots: 0.18ms
[2025-03-14T08:55:19.990+0000][1021][gc,phases   ] GC(46)   Evacuate Collection Set: 33.85ms
[2025-03-14T08:55:19.990+0000][1021][gc,phases   ] GC(46)   Post Evacuate Collection Set: 6.37ms
[2025-03-14T08:55:19.990+0000][1021][gc,phases   ] GC(46)   Other: 0.34ms
[2025-03-14T08:55:19.990+0000][1021][gc,age      ] GC(46) Age table with threshold 15 (max threshold 15)
[2025-03-14T08:55:19.990+0000][1021][gc,age      ] GC(46) - age   1:    1794016 bytes,    1794016 total
[2025-03-14T08:55:19.990+0000][1021][gc,age      ] GC(46) - age   2:      83304 bytes,    1877320 total
[2025-03-14T08:55:19.990+0000][1021][gc,age      ] GC(46) - age   3:       5464 bytes,    1882784 total
[2025-03-14T08:55:19.990+0000][1021][gc,age      ] GC(46) - age   4:       1992 bytes,    1884776 total
[2025-03-14T08:55:19.990+0000][1021][gc,age      ] GC(46) - age   5:       5032 bytes,    1889808 total
[2025-03-14T08:55:19.990+0000][1021][gc,age      ] GC(46) - age   6:      27064 bytes,    1916872 total
[2025-03-14T08:55:19.990+0000][1021][gc,age      ] GC(46) - age   7:      67368 bytes,    1984240 total
[2025-03-14T08:55:19.990+0000][1021][gc,age      ] GC(46) - age   8:     609880 bytes,    2594120 total
[2025-03-14T08:55:19.990+0000][1021][gc,age      ] GC(46) - age   9:     152072 bytes,    2746192 total
[2025-03-14T08:55:19.990+0000][1021][gc,age      ] GC(46) - age  10:       9560 bytes,    2755752 total
[2025-03-14T08:55:19.990+0000][1021][gc,age      ] GC(46) - age  11:      10408 bytes,    2766160 total
[2025-03-14T08:55:19.990+0000][1021][gc,age      ] GC(46) - age  12:       7544 bytes,    2773704 total
[2025-03-14T08:55:19.990+0000][1021][gc,age      ] GC(46) - age  13:       8128 bytes,    2781832 total
[2025-03-14T08:55:19.990+0000][1021][gc,age      ] GC(46) - age  14:      33496 bytes,    2815328 total
[2025-03-14T08:55:19.990+0000][1021][gc,age      ] GC(46) - age  15:      13792 bytes,    2829120 total
[2025-03-14T08:55:19.990+0000][1021][gc,heap     ] GC(46) Eden regions: 291->0(291)
[2025-03-14T08:55:19.990+0000][1021][gc,heap     ] GC(46) Survivor regions: 1->1(37)
[2025-03-14T08:55:19.990+0000][1021][gc,heap     ] GC(46) Old regions: 25->25
[2025-03-14T08:55:19.990+0000][1021][gc,heap     ] GC(46) Humongous regions: 5->5
[2025-03-14T08:55:19.990+0000][1021][gc,metaspace] GC(46) Metaspace: 122310K(125440K)->122310K(125440K) NonClass: 105806K(107520K)->105806K(107520K) Class: 16503K(17920K)->16503K(17920K)
[2025-03-14T08:55:19.990+0000][1021][gc          ] GC(46) Pause Young (Normal) (G1 Evacuation Pause) 1285M->121M(1952M) 42.383ms
[2025-03-14T08:55:19.990+0000][1021][gc,cpu      ] GC(46) User=0.04s Sys=0.00s Real=0.04s
[2025-03-14T08:55:19.990+0000][1021][safepoint   ] Safepoint "G1CollectForAllocation", Time since last: 17640244091 ns, Reaching safepoint: 595753 ns, Cleanup: 14333 ns, At safepoint: 42516706 ns, Total: 43126792 ns
[2025-03-14T08:55:26.991+0000][1021][safepoint   ] Safepoint "Cleanup", Time since last: 7000863335 ns, Reaching safepoint: 117292 ns, Cleanup: 46084 ns, At safepoint: 11041 ns, Total: 174417 ns
[2025-03-14T08:55:27.992+0000][1021][safepoint   ] Safepoint "Cleanup", Time since last: 1000219629 ns, Reaching safepoint: 39458 ns, Cleanup: 69875 ns, At safepoint: 8584 ns, Total: 117917 ns
[2025-03-14T08:56:02.363+0000][1021][safepoint   ] Safepoint "Cleanup", Time since last: 34371423014 ns, Reaching safepoint: 112834 ns, Cleanup: 34917 ns, At safepoint: 10291 ns, Total: 158042 ns
[2025-03-14T08:56:04.364+0000][1021][safepoint   ] Safepoint "Cleanup", Time since last: 2000265347 ns, Reaching safepoint: 61583 ns, Cleanup: 37792 ns, At safepoint: 7500 ns, Total: 106875 ns
[2025-03-14T08:56:08.364+0000][1021][safepoint   ] Safepoint "Cleanup", Time since last: 4000340541 ns, Reaching safepoint: 33750 ns, Cleanup: 17792 ns, At safepoint: 9834 ns, Total: 61376 ns
[2025-03-14T08:56:10.364+0000][1021][safepoint   ] Safepoint "Cleanup", Time since last: 2000172445 ns, Reaching safepoint: 6542 ns, Cleanup: 9458 ns, At safepoint: 5292 ns, Total: 21292 ns
[2025-03-14T08:56:11.365+0000][1021][safepoint   ] Safepoint "Cleanup", Time since last: 1000105407 ns, Reaching safepoint: 24667 ns, Cleanup: 17458 ns, At safepoint: 10000 ns, Total: 52125 ns
[2025-03-14T08:56:26.370+0000][1021][safepoint   ] Safepoint "Cleanup", Time since last: 15005356452 ns, Reaching safepoint: 89126 ns, Cleanup: 28291 ns, At safepoint: 6584 ns, Total: 124001 ns
[2025-03-14T08:59:01.569+0000][1021][safepoint   ] Safepoint "Cleanup", Time since last: 155198285869 ns, Reaching safepoint: 207667 ns, Cleanup: 36042 ns, At safepoint: 23334 ns, Total: 267043 ns
[2025-03-14T08:59:08.572+0000][1021][safepoint   ] Safepoint "Cleanup", Time since last: 7003418338 ns, Reaching safepoint: 7126 ns, Cleanup: 8750 ns, At safepoint: 5000 ns, Total: 20876 ns
[2025-03-14T08:59:26.577+0000][1021][safepoint   ] Safepoint "Cleanup", Time since last: 18005038798 ns, Reaching safepoint: 90417 ns, Cleanup: 27000 ns, At safepoint: 15542 ns, Total: 132959 ns
[2025-03-14T09:00:20.636+0000][1021][safepoint   ] Safepoint "Cleanup", Time since last: 54058857464 ns, Reaching safepoint: 100751 ns, Cleanup: 26333 ns, At safepoint: 10000 ns, Total: 137084 ns
[2025-03-14T09:00:25.958+0000][1021][gc,start    ] GC(47) Pause Young (Normal) (G1 Evacuation Pause)
[2025-03-14T09:00:25.959+0000][1021][gc,task     ] GC(47) Using 1 workers of 1 for evacuation
[2025-03-14T09:00:25.959+0000][1021][gc,age      ] GC(47) Desired survivor size 77594624 bytes, new threshold 15 (max threshold 15)
[2025-03-14T09:00:26.013+0000][1021][gc,phases   ] GC(47)   Pre Evacuate Collection Set: 2.12ms
[2025-03-14T09:00:26.013+0000][1021][gc,phases   ] GC(47)   Merge Heap Roots: 0.22ms
[2025-03-14T09:00:26.013+0000][1021][gc,phases   ] GC(47)   Evacuate Collection Set: 43.06ms
[2025-03-14T09:00:26.013+0000][1021][gc,phases   ] GC(47)   Post Evacuate Collection Set: 8.49ms
[2025-03-14T09:00:26.013+0000][1021][gc,phases   ] GC(47)   Other: 0.27ms
[2025-03-14T09:00:26.013+0000][1021][gc,age      ] GC(47) Age table with threshold 15 (max threshold 15)
[2025-03-14T09:00:26.013+0000][1021][gc,age      ] GC(47) - age   1:    1747760 bytes,    1747760 total
[2025-03-14T09:00:26.013+0000][1021][gc,age      ] GC(47) - age   2:      31824 bytes,    1779584 total
[2025-03-14T09:00:26.013+0000][1021][gc,age      ] GC(47) - age   3:       4656 bytes,    1784240 total
[2025-03-14T09:00:26.013+0000][1021][gc,age      ] GC(47) - age   4:       5360 bytes,    1789600 total
[2025-03-14T09:00:26.013+0000][1021][gc,age      ] GC(47) - age   5:       1992 bytes,    1791592 total
[2025-03-14T09:00:26.013+0000][1021][gc,age      ] GC(47) - age   6:       2856 bytes,    1794448 total
[2025-03-14T09:00:26.013+0000][1021][gc,age      ] GC(47) - age   7:       3096 bytes,    1797544 total
[2025-03-14T09:00:26.013+0000][1021][gc,age      ] GC(47) - age   8:      58016 bytes,    1855560 total
[2025-03-14T09:00:26.013+0000][1021][gc,age      ] GC(47) - age   9:     578512 bytes,    2434072 total
[2025-03-14T09:00:26.013+0000][1021][gc,age      ] GC(47) - age  10:     152072 bytes,    2586144 total
[2025-03-14T09:00:26.013+0000][1021][gc,age      ] GC(47) - age  11:       9560 bytes,    2595704 total
[2025-03-14T09:00:26.013+0000][1021][gc,age      ] GC(47) - age  12:      10408 bytes,    2606112 total
[2025-03-14T09:00:26.013+0000][1021][gc,age      ] GC(47) - age  13:       7544 bytes,    2613656 total
[2025-03-14T09:00:26.013+0000][1021][gc,age      ] GC(47) - age  14:       8128 bytes,    2621784 total
[2025-03-14T09:00:26.013+0000][1021][gc,age      ] GC(47) - age  15:      33432 bytes,    2655216 total
[2025-03-14T09:00:26.013+0000][1021][gc,heap     ] GC(47) Eden regions: 291->0(291)
[2025-03-14T09:00:26.013+0000][1021][gc,heap     ] GC(47) Survivor regions: 1->1(37)
[2025-03-14T09:00:26.013+0000][1021][gc,heap     ] GC(47) Old regions: 25->25
[2025-03-14T09:00:26.013+0000][1021][gc,heap     ] GC(47) Humongous regions: 5->5
[2025-03-14T09:00:26.013+0000][1021][gc,metaspace] GC(47) Metaspace: 122321K(125440K)->122321K(125440K) NonClass: 105817K(107520K)->105817K(107520K) Class: 16504K(17920K)->16504K(17920K)
[2025-03-14T09:00:26.013+0000][1021][gc          ] GC(47) Pause Young (Normal) (G1 Evacuation Pause) 1285M->120M(1952M) 54.565ms
[2025-03-14T09:00:26.013+0000][1021][gc,cpu      ] GC(47) User=0.05s Sys=0.00s Real=0.06s
[2025-03-14T09:00:26.013+0000][1021][safepoint   ] Safepoint "G1CollectForAllocation", Time since last: 5321993495 ns, Reaching safepoint: 31375 ns, Cleanup: 8250 ns, At safepoint: 54771556 ns, Total: 54811181 ns
[2025-03-14T09:00:27.014+0000][1021][safepoint   ] Safepoint "Cleanup", Time since last: 1000638942 ns, Reaching safepoint: 31917 ns, Cleanup: 55583 ns, At safepoint: 23042 ns, Total: 110542 ns
[2025-03-14T09:00:32.016+0000][1021][safepoint   ] Safepoint "Cleanup", Time since last: 5002433144 ns, Reaching safepoint: 86875 ns, Cleanup: 15792 ns, At safepoint: 12459 ns, Total: 115126 ns
[2025-03-14T09:01:08.690+0000][1021][safepoint   ] Safepoint "Cleanup", Time since last: 36673725084 ns, Reaching safepoint: 145751 ns, Cleanup: 34916 ns, At safepoint: 10042 ns, Total: 190709 ns
[2025-03-14T09:01:29.697+0000][1021][safepoint   ] Safepoint "Cleanup", Time since last: 21006343608 ns, Reaching safepoint: 105000 ns, Cleanup: 31375 ns, At safepoint: 10917 ns, Total: 147292 ns
[2025-03-14T09:01:49.821+0000][1021][safepoint   ] Safepoint "Cleanup", Time since last: 20124215604 ns, Reaching safepoint: 329585 ns, Cleanup: 51333 ns, At safepoint: 31000 ns, Total: 411918 ns
[2025-03-14T09:02:01.826+0000][1021][safepoint   ] Safepoint "Cleanup", Time since last: 12004017358 ns, Reaching safepoint: 182208 ns, Cleanup: 47917 ns, At safepoint: 19792 ns, Total: 249917 ns
[2025-03-14T09:02:02.826+0000][1021][safepoint   ] Safepoint "Cleanup", Time since last: 1000199703 ns, Reaching safepoint: 9542 ns, Cleanup: 9875 ns, At safepoint: 5791 ns, Total: 25208 ns
[2025-03-14T09:02:05.827+0000][1021][safepoint   ] Safepoint "Cleanup", Time since last: 3001135479 ns, Reaching safepoint: 40042 ns, Cleanup: 23792 ns, At safepoint: 12792 ns, Total: 76626 ns
[2025-03-14T09:03:26.923+0000][1021][safepoint   ] Safepoint "Cleanup", Time since last: 81095448297 ns, Reaching safepoint: 317417 ns, Cleanup: 82959 ns, At safepoint: 153542 ns, Total: 553918 ns
[2025-03-14T09:04:26.993+0000][1021][safepoint   ] Safepoint "Cleanup", Time since last: 60070372561 ns, Reaching safepoint: 54042 ns, Cleanup: 24375 ns, At safepoint: 6542 ns, Total: 84959 ns
[2025-03-14T09:04:45.018+0000][1021][safepoint   ] Safepoint "Cleanup", Time since last: 18024469881 ns, Reaching safepoint: 24792 ns, Cleanup: 17500 ns, At safepoint: 6250 ns, Total: 48542 ns
[2025-03-14T09:05:56.002+0000][1021][gc,start    ] GC(48) Pause Young (Normal) (G1 Evacuation Pause)
[2025-03-14T09:05:56.003+0000][1021][gc,task     ] GC(48) Using 1 workers of 1 for evacuation
[2025-03-14T09:05:56.003+0000][1021][gc,age      ] GC(48) Desired survivor size 77594624 bytes, new threshold 15 (max threshold 15)
[2025-03-14T09:05:56.044+0000][1021][gc,phases   ] GC(48)   Pre Evacuate Collection Set: 1.36ms
[2025-03-14T09:05:56.044+0000][1021][gc,phases   ] GC(48)   Merge Heap Roots: 0.15ms
[2025-03-14T09:05:56.044+0000][1021][gc,phases   ] GC(48)   Evacuate Collection Set: 32.23ms
[2025-03-14T09:05:56.044+0000][1021][gc,phases   ] GC(48)   Post Evacuate Collection Set: 7.50ms
[2025-03-14T09:05:56.044+0000][1021][gc,phases   ] GC(48)   Other: 0.23ms
[2025-03-14T09:05:56.044+0000][1021][gc,age      ] GC(48) Age table with threshold 15 (max threshold 15)
[2025-03-14T09:05:56.044+0000][1021][gc,age      ] GC(48) - age   1:    1746392 bytes,    1746392 total
[2025-03-14T09:05:56.044+0000][1021][gc,age      ] GC(48) - age   2:     286160 bytes,    2032552 total
[2025-03-14T09:05:56.044+0000][1021][gc,age      ] GC(48) - age   3:       3552 bytes,    2036104 total
[2025-03-14T09:05:56.044+0000][1021][gc,age      ] GC(48) - age   4:       2752 bytes,    2038856 total
[2025-03-14T09:05:56.044+0000][1021][gc,age      ] GC(48) - age   5:       3808 bytes,    2042664 total
[2025-03-14T09:05:56.044+0000][1021][gc,age      ] GC(48) - age   6:       1960 bytes,    2044624 total
[2025-03-14T09:05:56.044+0000][1021][gc,age      ] GC(48) - age   7:       2856 bytes,    2047480 total
[2025-03-14T09:05:56.044+0000][1021][gc,age      ] GC(48) - age   8:       3096 bytes,    2050576 total
[2025-03-14T09:05:56.044+0000][1021][gc,age      ] GC(48) - age   9:      25392 bytes,    2075968 total
[2025-03-14T09:05:56.044+0000][1021][gc,age      ] GC(48) - age  10:     578160 bytes,    2654128 total
[2025-03-14T09:05:56.044+0000][1021][gc,age      ] GC(48) - age  11:     152072 bytes,    2806200 total
[2025-03-14T09:05:56.044+0000][1021][gc,age      ] GC(48) - age  12:       9560 bytes,    2815760 total
[2025-03-14T09:05:56.044+0000][1021][gc,age      ] GC(48) - age  13:      10408 bytes,    2826168 total
[2025-03-14T09:05:56.044+0000][1021][gc,age      ] GC(48) - age  14:       7544 bytes,    2833712 total
[2025-03-14T09:05:56.044+0000][1021][gc,age      ] GC(48) - age  15:       8128 bytes,    2841840 total
[2025-03-14T09:05:56.044+0000][1021][gc,heap     ] GC(48) Eden regions: 291->0(291)
[2025-03-14T09:05:56.044+0000][1021][gc,heap     ] GC(48) Survivor regions: 1->1(37)
[2025-03-14T09:05:56.044+0000][1021][gc,heap     ] GC(48) Old regions: 25->25
[2025-03-14T09:05:56.044+0000][1021][gc,heap     ] GC(48) Humongous regions: 5->5
[2025-03-14T09:05:56.044+0000][1021][gc,metaspace] GC(48) Metaspace: 122347K(125568K)->122347K(125568K) NonClass: 105843K(107648K)->105843K(107648K) Class: 16504K(17920K)->16504K(17920K)
[2025-03-14T09:05:56.044+0000][1021][gc          ] GC(48) Pause Young (Normal) (G1 Evacuation Pause) 1284M->121M(1952M) 41.906ms
[2025-03-14T09:05:56.044+0000][1021][gc,cpu      ] GC(48) User=0.05s Sys=0.00s Real=0.05s
[2025-03-14T09:05:56.044+0000][1021][safepoint   ] Safepoint "G1CollectForAllocation", Time since last: 70984111753 ns, Reaching safepoint: 143833 ns, Cleanup: 22875 ns, At safepoint: 42155585 ns, Total: 42322293 ns
[2025-03-14T09:05:57.045+0000][1021][safepoint   ] Safepoint "Cleanup", Time since last: 1000279087 ns, Reaching safepoint: 46542 ns, Cleanup: 49291 ns, At safepoint: 19375 ns, Total: 115208 ns
[2025-03-14T09:06:51.131+0000][1021][safepoint   ] Safepoint "Cleanup", Time since last: 54086184331 ns, Reaching safepoint: 19375 ns, Cleanup: 23583 ns, At safepoint: 6250 ns, Total: 49208 ns
[2025-03-14T09:07:02.135+0000][1021][safepoint   ] Safepoint "Cleanup", Time since last: 11003931992 ns, Reaching safepoint: 192043 ns, Cleanup: 45125 ns, At safepoint: 50958 ns, Total: 288126 ns
[2025-03-14T09:07:49.237+0000][1021][safepoint   ] Safepoint "Cleanup", Time since last: 47101670907 ns, Reaching safepoint: 123417 ns, Cleanup: 33833 ns, At safepoint: 6083 ns, Total: 163333 ns
[2025-03-14T09:08:23.247+0000][1021][safepoint   ] Safepoint "Cleanup", Time since last: 34009866320 ns, Reaching safepoint: 97458 ns, Cleanup: 24375 ns, At safepoint: 8834 ns, Total: 130667 ns
[2025-03-14T09:09:20.303+0000][1021][safepoint   ] Safepoint "Cleanup", Time since last: 57055605980 ns, Reaching safepoint: 66500 ns, Cleanup: 21792 ns, At safepoint: 11083 ns, Total: 99375 ns
[2025-03-14T09:09:25.304+0000][1021][safepoint   ] Safepoint "Cleanup", Time since last: 5001316153 ns, Reaching safepoint: 64375 ns, Cleanup: 11667 ns, At safepoint: 6875 ns, Total: 82917 ns
[2025-03-14T09:09:56.347+0000][1021][safepoint   ] Safepoint "Cleanup", Time since last: 31042484779 ns, Reaching safepoint: 25209 ns, Cleanup: 22042 ns, At safepoint: 8083 ns, Total: 55334 ns
[2025-03-14T09:10:02.348+0000][1021][safepoint   ] Safepoint "Cleanup", Time since last: 6001362278 ns, Reaching safepoint: 6417 ns, Cleanup: 12333 ns, At safepoint: 6000 ns, Total: 24750 ns
[2025-03-14T09:10:21.354+0000][1021][safepoint   ] Safepoint "Cleanup", Time since last: 19006155282 ns, Reaching safepoint: 44167 ns, Cleanup: 29125 ns, At safepoint: 8792 ns, Total: 82084 ns
[2025-03-14T09:10:50.401+0000][1021][safepoint   ] Safepoint "Cleanup", Time since last: 29046934832 ns, Reaching safepoint: 84167 ns, Cleanup: 46875 ns, At safepoint: 18709 ns, Total: 149751 ns
[2025-03-14T09:10:57.404+0000][1021][safepoint   ] Safepoint "Cleanup", Time since last: 7002482127 ns, Reaching safepoint: 57292 ns, Cleanup: 13125 ns, At safepoint: 26542 ns, Total: 96959 ns
[2025-03-14T09:11:08.409+0000][1021][safepoint   ] Safepoint "Cleanup", Time since last: 11004196413 ns, Reaching safepoint: 252626 ns, Cleanup: 70375 ns, At safepoint: 28750 ns, Total: 351751 ns
[2025-03-14T09:11:11.038+0000][1021][gc,start    ] GC(49) Pause Young (Normal) (G1 Evacuation Pause)
[2025-03-14T09:11:11.039+0000][1021][gc,task     ] GC(49) Using 1 workers of 1 for evacuation
[2025-03-14T09:11:11.039+0000][1021][gc,age      ] GC(49) Desired survivor size 77594624 bytes, new threshold 15 (max threshold 15)
[2025-03-14T09:11:11.079+0000][1021][gc,phases   ] GC(49)   Pre Evacuate Collection Set: 3.50ms
[2025-03-14T09:11:11.079+0000][1021][gc,phases   ] GC(49)   Merge Heap Roots: 0.33ms
[2025-03-14T09:11:11.079+0000][1021][gc,phases   ] GC(49)   Evacuate Collection Set: 30.32ms
[2025-03-14T09:11:11.079+0000][1021][gc,phases   ] GC(49)   Post Evacuate Collection Set: 5.66ms
[2025-03-14T09:11:11.079+0000][1021][gc,phases   ] GC(49)   Other: 0.47ms
[2025-03-14T09:11:11.079+0000][1021][gc,age      ] GC(49) Age table with threshold 15 (max threshold 15)
[2025-03-14T09:11:11.079+0000][1021][gc,age      ] GC(49) - age   1:    1687912 bytes,    1687912 total
[2025-03-14T09:11:11.079+0000][1021][gc,age      ] GC(49) - age   2:     101288 bytes,    1789200 total
[2025-03-14T09:11:11.079+0000][1021][gc,age      ] GC(49) - age   3:     251408 bytes,    2040608 total
[2025-03-14T09:11:11.079+0000][1021][gc,age      ] GC(49) - age   4:       3160 bytes,    2043768 total
[2025-03-14T09:11:11.079+0000][1021][gc,age      ] GC(49) - age   5:       1592 bytes,    2045360 total
[2025-03-14T09:11:11.079+0000][1021][gc,age      ] GC(49) - age   6:       3808 bytes,    2049168 total
[2025-03-14T09:11:11.079+0000][1021][gc,age      ] GC(49) - age   7:       1960 bytes,    2051128 total
[2025-03-14T09:11:11.079+0000][1021][gc,age      ] GC(49) - age   8:       2856 bytes,    2053984 total
[2025-03-14T09:11:11.079+0000][1021][gc,age      ] GC(49) - age   9:       3096 bytes,    2057080 total
[2025-03-14T09:11:11.079+0000][1021][gc,age      ] GC(49) - age  10:      25392 bytes,    2082472 total
[2025-03-14T09:11:11.079+0000][1021][gc,age      ] GC(49) - age  11:     578160 bytes,    2660632 total
[2025-03-14T09:11:11.079+0000][1021][gc,age      ] GC(49) - age  12:     152048 bytes,    2812680 total
[2025-03-14T09:11:11.079+0000][1021][gc,age      ] GC(49) - age  13:       9376 bytes,    2822056 total
[2025-03-14T09:11:11.079+0000][1021][gc,age      ] GC(49) - age  14:      10408 bytes,    2832464 total
[2025-03-14T09:11:11.079+0000][1021][gc,age      ] GC(49) - age  15:       7544 bytes,    2840008 total
[2025-03-14T09:11:11.079+0000][1021][gc,heap     ] GC(49) Eden regions: 291->0(291)
[2025-03-14T09:11:11.079+0000][1021][gc,heap     ] GC(49) Survivor regions: 1->1(37)
[2025-03-14T09:11:11.079+0000][1021][gc,heap     ] GC(49) Old regions: 25->25
[2025-03-14T09:11:11.079+0000][1021][gc,heap     ] GC(49) Humongous regions: 5->5
[2025-03-14T09:11:11.080+0000][1021][gc,metaspace] GC(49) Metaspace: 122393K(125568K)->122393K(125568K) NonClass: 105887K(107648K)->105887K(107648K) Class: 16505K(17920K)->16505K(17920K)
[2025-03-14T09:11:11.080+0000][1021][gc          ] GC(49) Pause Young (Normal) (G1 Evacuation Pause) 1285M->121M(1952M) 41.257ms
[2025-03-14T09:11:11.080+0000][1021][gc,cpu      ] GC(49) User=0.04s Sys=0.00s Real=0.04s
[2025-03-14T09:11:11.083+0000][1021][safepoint   ] Safepoint "G1CollectForAllocation", Time since last: 2629729189 ns, Reaching safepoint: 21375 ns, Cleanup: 4417 ns, At safepoint: 44573877 ns, Total: 44599669 ns
[2025-03-14T09:12:01.456+0000][1021][safepoint   ] Safepoint "Cleanup", Time since last: 50372571401 ns, Reaching safepoint: 50792 ns, Cleanup: 18125 ns, At safepoint: 6459 ns, Total: 75376 ns
[2025-03-14T09:13:14.528+0000][1021][safepoint   ] Safepoint "Cleanup", Time since last: 73072499419 ns, Reaching safepoint: 8166 ns, Cleanup: 30667 ns, At safepoint: 6417 ns, Total: 45250 ns
