[2025-03-14T06:11:46.193+0000][1087][gc,init] CardTable entry size: 512
[2025-03-14T06:11:46.193+0000][1087][gc     ] Using G1
[2025-03-14T06:11:49.468+0000][1087][gc,init] Version: 22.0.2+9-70 (release)
[2025-03-14T06:11:49.469+0000][1087][gc,init] CPUs: 1 total, 1 available
[2025-03-14T06:11:49.469+0000][1087][gc,init] Memory: 3903M
[2025-03-14T06:11:49.469+0000][1087][gc,init] Large Page Support: Disabled
[2025-03-14T06:11:49.469+0000][1087][gc,init] NUMA Support: Disabled
[2025-03-14T06:11:49.469+0000][1087][gc,init] Compressed Oops: Enabled (32-bit)
[2025-03-14T06:11:49.469+0000][1087][gc,init] Heap Region Size: 4M
[2025-03-14T06:11:49.469+0000][1087][gc,init] Heap Min Capacity: 1952M
[2025-03-14T06:11:49.469+0000][1087][gc,init] Heap Initial Capacity: 1952M
[2025-03-14T06:11:49.469+0000][1087][gc,init] Heap Max Capacity: 1952M
[2025-03-14T06:11:49.469+0000][1087][gc,init] Pre-touch: Enabled
[2025-03-14T06:11:49.469+0000][1087][gc,init] Parallel Workers: 1
[2025-03-14T06:11:49.469+0000][1087][gc,init] Concurrent Workers: 1
[2025-03-14T06:11:49.469+0000][1087][gc,init] Concurrent Refinement Workers: 1
[2025-03-14T06:11:49.469+0000][1087][gc,init] Periodic GC: Disabled
[2025-03-14T06:11:49.508+0000][1087][gc,metaspace] CDS archive(s) mapped at: [0x0000060000000000-0x0000060000c80000-0x0000060000c80000), size 13107200, SharedBaseAddress: 0x0000060000000000, ArchiveRelocationMode: 1.
[2025-03-14T06:11:49.508+0000][1087][gc,metaspace] Compressed class space mapped at: 0x0000060001000000-0x0000060041000000, reserved size: 1073741824
[2025-03-14T06:11:49.508+0000][1087][gc,metaspace] Narrow klass base: 0x0000060000000000, Narrow klass shift: 0, Narrow klass range: 0x100000000
[2025-03-14T06:11:50.213+0000][1087][safepoint   ] Safepoint "ICBufferFull", Time since last: 689528292 ns, Reaching safepoint: 2500 ns, Cleanup: 788625 ns, At safepoint: 5083 ns, Total: 796208 ns
[2025-03-14T06:11:50.873+0000][1087][safepoint   ] Safepoint "ICBufferFull", Time since last: 660358959 ns, Reaching safepoint: 133291 ns, Cleanup: 66500 ns, At safepoint: 2375 ns, Total: 202166 ns
[2025-03-14T06:11:51.943+0000][1087][safepoint   ] Safepoint "ICBufferFull", Time since last: 1069205709 ns, Reaching safepoint: 2458 ns, Cleanup: 954417 ns, At safepoint: 4417 ns, Total: 961292 ns
[2025-03-14T06:11:52.694+0000][1087][safepoint   ] Safepoint "ICBufferFull", Time since last: 750440250 ns, Reaching safepoint: 1958 ns, Cleanup: 57709 ns, At safepoint: 3833 ns, Total: 63500 ns
[2025-03-14T06:11:53.443+0000][1087][safepoint   ] Safepoint "ICBufferFull", Time since last: 748909459 ns, Reaching safepoint: 2625 ns, Cleanup: 75333 ns, At safepoint: 9750 ns, Total: 87708 ns
[2025-03-14T06:11:54.008+0000][1087][gc,start    ] GC(0) Pause Young (Normal) (G1 Evacuation Pause)
[2025-03-14T06:11:54.009+0000][1087][gc,task     ] GC(0) Using 1 workers of 1 for evacuation
[2025-03-14T06:11:54.009+0000][1087][gc,age      ] GC(0) Desired survivor size 6291456 bytes, new threshold 15 (max threshold 15)
[2025-03-14T06:11:54.035+0000][1087][gc,phases   ] GC(0)   Pre Evacuate Collection Set: 0.18ms
[2025-03-14T06:11:54.035+0000][1087][gc,phases   ] GC(0)   Merge Heap Roots: 0.05ms
[2025-03-14T06:11:54.035+0000][1087][gc,phases   ] GC(0)   Evacuate Collection Set: 24.02ms
[2025-03-14T06:11:54.035+0000][1087][gc,phases   ] GC(0)   Post Evacuate Collection Set: 1.67ms
[2025-03-14T06:11:54.035+0000][1087][gc,phases   ] GC(0)   Other: 0.05ms
[2025-03-14T06:11:54.035+0000][1087][gc,age      ] GC(0) Age table with threshold 15 (max threshold 15)
[2025-03-14T06:11:54.035+0000][1087][gc,age      ] GC(0) - age   1:    8231816 bytes,    8231816 total
[2025-03-14T06:11:54.035+0000][1087][gc,heap     ] GC(0) Eden regions: 24->0(22)
[2025-03-14T06:11:54.035+0000][1087][gc,heap     ] GC(0) Survivor regions: 0->2(3)
[2025-03-14T06:11:54.035+0000][1087][gc,heap     ] GC(0) Old regions: 1->1
[2025-03-14T06:11:54.035+0000][1087][gc,heap     ] GC(0) Humongous regions: 0->0
[2025-03-14T06:11:54.035+0000][1087][gc,metaspace] GC(0) Metaspace: 16162K(16512K)->16162K(16512K) NonClass: 14268K(14464K)->14268K(14464K) Class: 1894K(2048K)->1894K(2048K)
[2025-03-14T06:11:54.035+0000][1087][gc          ] GC(0) Pause Young (Normal) (G1 Evacuation Pause) 97M->9M(1952M) 26.100ms
[2025-03-14T06:11:54.035+0000][1087][gc,cpu      ] GC(0) User=0.01s Sys=0.00s Real=0.02s
[2025-03-14T06:11:54.037+0000][1087][safepoint   ] Safepoint "G1CollectForAllocation", Time since last: 565453667 ns, Reaching safepoint: 2042 ns, Cleanup: 53375 ns, At safepoint: 28064458 ns, Total: 28119875 ns
[2025-03-14T06:11:54.911+0000][1087][safepoint   ] Safepoint "ICBufferFull", Time since last: 874892334 ns, Reaching safepoint: 1833 ns, Cleanup: 58917 ns, At safepoint: 2375 ns, Total: 63125 ns
[2025-03-14T06:11:55.008+0000][1087][gc,start    ] GC(1) Pause Young (Normal) (G1 Evacuation Pause)
[2025-03-14T06:11:55.008+0000][1087][gc,task     ] GC(1) Using 1 workers of 1 for evacuation
[2025-03-14T06:11:55.008+0000][1087][gc,age      ] GC(1) Desired survivor size 6291456 bytes, new threshold 1 (max threshold 15)
[2025-03-14T06:11:55.043+0000][1087][gc,phases   ] GC(1)   Pre Evacuate Collection Set: 0.08ms
[2025-03-14T06:11:55.044+0000][1087][gc,phases   ] GC(1)   Merge Heap Roots: 0.01ms
[2025-03-14T06:11:55.044+0000][1087][gc,phases   ] GC(1)   Evacuate Collection Set: 33.08ms
[2025-03-14T06:11:55.044+0000][1087][gc,phases   ] GC(1)   Post Evacuate Collection Set: 1.70ms
[2025-03-14T06:11:55.044+0000][1087][gc,phases   ] GC(1)   Other: 0.17ms
[2025-03-14T06:11:55.044+0000][1087][gc,age      ] GC(1) Age table with threshold 1 (max threshold 15)
[2025-03-14T06:11:55.044+0000][1087][gc,age      ] GC(1) - age   1:    3830880 bytes,    3830880 total
[2025-03-14T06:11:55.044+0000][1087][gc,heap     ] GC(1) Eden regions: 22->0(23)
[2025-03-14T06:11:55.044+0000][1087][gc,heap     ] GC(1) Survivor regions: 2->1(3)
[2025-03-14T06:11:55.044+0000][1087][gc,heap     ] GC(1) Old regions: 1->3
[2025-03-14T06:11:55.044+0000][1087][gc,heap     ] GC(1) Humongous regions: 0->0
[2025-03-14T06:11:55.044+0000][1087][gc,metaspace] GC(1) Metaspace: 18228K(18560K)->18228K(18560K) NonClass: 16085K(16256K)->16085K(16256K) Class: 2142K(2304K)->2142K(2304K)
[2025-03-14T06:11:55.044+0000][1087][gc          ] GC(1) Pause Young (Normal) (G1 Evacuation Pause) 97M->12M(1952M) 35.114ms
[2025-03-14T06:11:55.044+0000][1087][gc,cpu      ] GC(1) User=0.01s Sys=0.00s Real=0.03s
[2025-03-14T06:11:55.045+0000][1087][safepoint   ] Safepoint "G1CollectForAllocation", Time since last: 96918417 ns, Reaching safepoint: 2125 ns, Cleanup: 16583 ns, At safepoint: 36390458 ns, Total: 36409166 ns
[2025-03-14T06:11:55.529+0000][1087][safepoint   ] Safepoint "ICBufferFull", Time since last: 484588250 ns, Reaching safepoint: 1750 ns, Cleanup: 63834 ns, At safepoint: 2666 ns, Total: 68250 ns
[2025-03-14T06:11:55.656+0000][1087][gc,start    ] GC(2) Pause Young (Normal) (G1 Evacuation Pause)
[2025-03-14T06:11:55.656+0000][1087][gc,task     ] GC(2) Using 1 workers of 1 for evacuation
[2025-03-14T06:11:55.656+0000][1087][gc,age      ] GC(2) Desired survivor size 6291456 bytes, new threshold 15 (max threshold 15)
[2025-03-14T06:11:55.670+0000][1087][gc,phases   ] GC(2)   Pre Evacuate Collection Set: 0.33ms
[2025-03-14T06:11:55.670+0000][1087][gc,phases   ] GC(2)   Merge Heap Roots: 1.45ms
[2025-03-14T06:11:55.670+0000][1087][gc,phases   ] GC(2)   Evacuate Collection Set: 11.31ms
[2025-03-14T06:11:55.670+0000][1087][gc,phases   ] GC(2)   Post Evacuate Collection Set: 1.73ms
[2025-03-14T06:11:55.670+0000][1087][gc,phases   ] GC(2)   Other: 0.03ms
[2025-03-14T06:11:55.670+0000][1087][gc,age      ] GC(2) Age table with threshold 15 (max threshold 15)
[2025-03-14T06:11:55.670+0000][1087][gc,age      ] GC(2) - age   1:    3003856 bytes,    3003856 total
[2025-03-14T06:11:55.670+0000][1087][gc,age      ] GC(2) - age   2:    1764392 bytes,    4768248 total
[2025-03-14T06:11:55.670+0000][1087][gc,heap     ] GC(2) Eden regions: 23->0(22)
[2025-03-14T06:11:55.670+0000][1087][gc,heap     ] GC(2) Survivor regions: 1->2(3)
[2025-03-14T06:11:55.670+0000][1087][gc,heap     ] GC(2) Old regions: 3->3
[2025-03-14T06:11:55.670+0000][1087][gc,heap     ] GC(2) Humongous regions: 0->0
[2025-03-14T06:11:55.670+0000][1087][gc,metaspace] GC(2) Metaspace: 18822K(19200K)->18822K(19200K) NonClass: 16570K(16768K)->16570K(16768K) Class: 2251K(2432K)->2251K(2432K)
[2025-03-14T06:11:55.670+0000][1087][gc          ] GC(2) Pause Young (Normal) (G1 Evacuation Pause) 104M->13M(1952M) 14.939ms
[2025-03-14T06:11:55.671+0000][1087][gc,cpu      ] GC(2) User=0.01s Sys=0.00s Real=0.02s
[2025-03-14T06:11:55.671+0000][1087][safepoint   ] Safepoint "G1CollectForAllocation", Time since last: 126081500 ns, Reaching safepoint: 2417 ns, Cleanup: 6708 ns, At safepoint: 14959334 ns, Total: 14968459 ns
[2025-03-14T06:11:56.122+0000][1087][gc,start    ] GC(3) Pause Young (Normal) (G1 Evacuation Pause)
[2025-03-14T06:11:56.123+0000][1087][gc,task     ] GC(3) Using 1 workers of 1 for evacuation
[2025-03-14T06:11:56.123+0000][1087][gc,age      ] GC(3) Desired survivor size 6291456 bytes, new threshold 15 (max threshold 15)
[2025-03-14T06:11:56.131+0000][1087][gc,phases   ] GC(3)   Pre Evacuate Collection Set: 0.43ms
[2025-03-14T06:11:56.131+0000][1087][gc,phases   ] GC(3)   Merge Heap Roots: 0.02ms
[2025-03-14T06:11:56.131+0000][1087][gc,phases   ] GC(3)   Evacuate Collection Set: 7.96ms
[2025-03-14T06:11:56.131+0000][1087][gc,phases   ] GC(3)   Post Evacuate Collection Set: 0.17ms
[2025-03-14T06:11:56.131+0000][1087][gc,phases   ] GC(3)   Other: 0.04ms
[2025-03-14T06:11:56.131+0000][1087][gc,age      ] GC(3) Age table with threshold 15 (max threshold 15)
[2025-03-14T06:11:56.131+0000][1087][gc,age      ] GC(3) - age   1:    1257376 bytes,    1257376 total
[2025-03-14T06:11:56.131+0000][1087][gc,age      ] GC(3) - age   2:    1678824 bytes,    2936200 total
[2025-03-14T06:11:56.131+0000][1087][gc,age      ] GC(3) - age   3:    1762400 bytes,    4698600 total
[2025-03-14T06:11:56.131+0000][1087][gc,heap     ] GC(3) Eden regions: 22->0(22)
[2025-03-14T06:11:56.131+0000][1087][gc,heap     ] GC(3) Survivor regions: 2->2(3)
[2025-03-14T06:11:56.131+0000][1087][gc,heap     ] GC(3) Old regions: 3->3
[2025-03-14T06:11:56.131+0000][1087][gc,heap     ] GC(3) Humongous regions: 0->0
[2025-03-14T06:11:56.131+0000][1087][gc,metaspace] GC(3) Metaspace: 19296K(19712K)->19296K(19712K) NonClass: 16958K(17152K)->16958K(17152K) Class: 2337K(2560K)->2337K(2560K)
[2025-03-14T06:11:56.131+0000][1087][gc          ] GC(3) Pause Young (Normal) (G1 Evacuation Pause) 101M->13M(1952M) 8.679ms
[2025-03-14T06:11:56.131+0000][1087][gc,cpu      ] GC(3) User=0.01s Sys=0.00s Real=0.01s
[2025-03-14T06:11:56.135+0000][1087][safepoint   ] Safepoint "G1CollectForAllocation", Time since last: 451946292 ns, Reaching safepoint: 3000 ns, Cleanup: 23541 ns, At safepoint: 12906334 ns, Total: 12932875 ns
[2025-03-14T06:11:56.605+0000][1087][gc,start    ] GC(4) Pause Young (Normal) (G1 Evacuation Pause)
[2025-03-14T06:11:56.605+0000][1087][gc,task     ] GC(4) Using 1 workers of 1 for evacuation
[2025-03-14T06:11:56.605+0000][1087][gc,age      ] GC(4) Desired survivor size 6291456 bytes, new threshold 15 (max threshold 15)
[2025-03-14T06:11:56.636+0000][1087][gc,phases   ] GC(4)   Pre Evacuate Collection Set: 0.49ms
[2025-03-14T06:11:56.636+0000][1087][gc,phases   ] GC(4)   Merge Heap Roots: 0.01ms
[2025-03-14T06:11:56.636+0000][1087][gc,phases   ] GC(4)   Evacuate Collection Set: 27.72ms
[2025-03-14T06:11:56.636+0000][1087][gc,phases   ] GC(4)   Post Evacuate Collection Set: 2.81ms
[2025-03-14T06:11:56.636+0000][1087][gc,phases   ] GC(4)   Other: 0.04ms
[2025-03-14T06:11:56.636+0000][1087][gc,age      ] GC(4) Age table with threshold 15 (max threshold 15)
[2025-03-14T06:11:56.636+0000][1087][gc,age      ] GC(4) - age   1:    4284504 bytes,    4284504 total
[2025-03-14T06:11:56.636+0000][1087][gc,age      ] GC(4) - age   2:     917736 bytes,    5202240 total
[2025-03-14T06:11:56.636+0000][1087][gc,age      ] GC(4) - age   3:    1678728 bytes,    6880968 total
[2025-03-14T06:11:56.636+0000][1087][gc,age      ] GC(4) - age   4:    1761648 bytes,    8642616 total
[2025-03-14T06:11:56.636+0000][1087][gc,heap     ] GC(4) Eden regions: 22->0(21)
[2025-03-14T06:11:56.636+0000][1087][gc,heap     ] GC(4) Survivor regions: 2->3(3)
[2025-03-14T06:11:56.636+0000][1087][gc,heap     ] GC(4) Old regions: 3->3
[2025-03-14T06:11:56.636+0000][1087][gc,heap     ] GC(4) Humongous regions: 0->0
[2025-03-14T06:11:56.636+0000][1087][gc,metaspace] GC(4) Metaspace: 19590K(20032K)->19590K(20032K) NonClass: 17226K(17472K)->17226K(17472K) Class: 2364K(2560K)->2364K(2560K)
[2025-03-14T06:11:56.636+0000][1087][gc          ] GC(4) Pause Young (Normal) (G1 Evacuation Pause) 101M->18M(1952M) 31.171ms
[2025-03-14T06:11:56.636+0000][1087][gc,cpu      ] GC(4) User=0.01s Sys=0.00s Real=0.03s
[2025-03-14T06:11:56.642+0000][1087][safepoint   ] Safepoint "G1CollectForAllocation", Time since last: 469867042 ns, Reaching safepoint: 2833 ns, Cleanup: 17667 ns, At safepoint: 36547541 ns, Total: 36568041 ns
[2025-03-14T06:11:56.986+0000][1087][gc,start    ] GC(5) Pause Young (Normal) (G1 Evacuation Pause)
[2025-03-14T06:11:56.986+0000][1087][gc,task     ] GC(5) Using 1 workers of 1 for evacuation
[2025-03-14T06:11:56.986+0000][1087][gc,age      ] GC(5) Desired survivor size 6291456 bytes, new threshold 3 (max threshold 15)
[2025-03-14T06:11:57.000+0000][1087][gc,phases   ] GC(5)   Pre Evacuate Collection Set: 0.28ms
[2025-03-14T06:11:57.000+0000][1087][gc,phases   ] GC(5)   Merge Heap Roots: 0.01ms
[2025-03-14T06:11:57.000+0000][1087][gc,phases   ] GC(5)   Evacuate Collection Set: 12.73ms
[2025-03-14T06:11:57.000+0000][1087][gc,phases   ] GC(5)   Post Evacuate Collection Set: 0.68ms
[2025-03-14T06:11:57.000+0000][1087][gc,phases   ] GC(5)   Other: 0.03ms
[2025-03-14T06:11:57.000+0000][1087][gc,age      ] GC(5) Age table with threshold 3 (max threshold 15)
[2025-03-14T06:11:57.000+0000][1087][gc,age      ] GC(5) - age   1:    2769768 bytes,    2769768 total
[2025-03-14T06:11:57.000+0000][1087][gc,age      ] GC(5) - age   2:    1611680 bytes,    4381448 total
[2025-03-14T06:11:57.000+0000][1087][gc,age      ] GC(5) - age   3:     917632 bytes,    5299080 total
[2025-03-14T06:11:57.000+0000][1087][gc,heap     ] GC(5) Eden regions: 21->0(22)
[2025-03-14T06:11:57.000+0000][1087][gc,heap     ] GC(5) Survivor regions: 3->2(3)
[2025-03-14T06:11:57.000+0000][1087][gc,heap     ] GC(5) Old regions: 3->4
[2025-03-14T06:11:57.000+0000][1087][gc,heap     ] GC(5) Humongous regions: 0->0
[2025-03-14T06:11:57.000+0000][1087][gc,metaspace] GC(5) Metaspace: 19737K(20160K)->19737K(20160K) NonClass: 17357K(17600K)->17357K(17600K) Class: 2380K(2560K)->2380K(2560K)
[2025-03-14T06:11:57.000+0000][1087][gc          ] GC(5) Pause Young (Normal) (G1 Evacuation Pause) 102M->17M(1952M) 13.818ms
[2025-03-14T06:11:57.000+0000][1087][gc,cpu      ] GC(5) User=0.01s Sys=0.00s Real=0.02s
[2025-03-14T06:11:57.002+0000][1087][safepoint   ] Safepoint "G1CollectForAllocation", Time since last: 344030875 ns, Reaching safepoint: 2209 ns, Cleanup: 14125 ns, At safepoint: 16064875 ns, Total: 16081209 ns
[2025-03-14T06:11:57.547+0000][1087][gc,start    ] GC(6) Pause Young (Normal) (G1 Evacuation Pause)
[2025-03-14T06:11:57.547+0000][1087][gc,task     ] GC(6) Using 1 workers of 1 for evacuation
[2025-03-14T06:11:57.547+0000][1087][gc,age      ] GC(6) Desired survivor size 6291456 bytes, new threshold 15 (max threshold 15)
[2025-03-14T06:11:57.567+0000][1087][gc,phases   ] GC(6)   Pre Evacuate Collection Set: 0.08ms
[2025-03-14T06:11:57.567+0000][1087][gc,phases   ] GC(6)   Merge Heap Roots: 0.01ms
[2025-03-14T06:11:57.567+0000][1087][gc,phases   ] GC(6)   Evacuate Collection Set: 18.58ms
[2025-03-14T06:11:57.567+0000][1087][gc,phases   ] GC(6)   Post Evacuate Collection Set: 0.98ms
[2025-03-14T06:11:57.567+0000][1087][gc,phases   ] GC(6)   Other: 0.04ms
[2025-03-14T06:11:57.567+0000][1087][gc,age      ] GC(6) Age table with threshold 15 (max threshold 15)
[2025-03-14T06:11:57.567+0000][1087][gc,age      ] GC(6) - age   1:    2364648 bytes,    2364648 total
[2025-03-14T06:11:57.567+0000][1087][gc,age      ] GC(6) - age   2:    1516192 bytes,    3880840 total
[2025-03-14T06:11:57.567+0000][1087][gc,age      ] GC(6) - age   3:    1611288 bytes,    5492128 total
[2025-03-14T06:11:57.567+0000][1087][gc,age      ] GC(6) - age   4:     917600 bytes,    6409728 total
[2025-03-14T06:11:57.567+0000][1087][gc,heap     ] GC(6) Eden regions: 22->0(25)
[2025-03-14T06:11:57.567+0000][1087][gc,heap     ] GC(6) Survivor regions: 2->2(3)
[2025-03-14T06:11:57.567+0000][1087][gc,heap     ] GC(6) Old regions: 4->4
[2025-03-14T06:11:57.567+0000][1087][gc,heap     ] GC(6) Humongous regions: 0->0
[2025-03-14T06:11:57.567+0000][1087][gc,metaspace] GC(6) Metaspace: 20196K(20608K)->20196K(20608K) NonClass: 17756K(17984K)->17756K(17984K) Class: 2439K(2624K)->2439K(2624K)
[2025-03-14T06:11:57.567+0000][1087][gc          ] GC(6) Pause Young (Normal) (G1 Evacuation Pause) 105M->18M(1952M) 19.775ms
[2025-03-14T06:11:57.567+0000][1087][gc,cpu      ] GC(6) User=0.01s Sys=0.00s Real=0.02s
[2025-03-14T06:11:57.571+0000][1087][safepoint   ] Safepoint "G1CollectForAllocation", Time since last: 545363958 ns, Reaching safepoint: 3042 ns, Cleanup: 42333 ns, At safepoint: 23352959 ns, Total: 23398334 ns
[2025-03-14T06:11:58.017+0000][1087][gc,start    ] GC(7) Pause Young (Normal) (G1 Evacuation Pause)
[2025-03-14T06:11:58.017+0000][1087][gc,task     ] GC(7) Using 1 workers of 1 for evacuation
[2025-03-14T06:11:58.017+0000][1087][gc,age      ] GC(7) Desired survivor size 8388608 bytes, new threshold 15 (max threshold 15)
[2025-03-14T06:11:58.024+0000][1087][gc,phases   ] GC(7)   Pre Evacuate Collection Set: 0.07ms
[2025-03-14T06:11:58.024+0000][1087][gc,phases   ] GC(7)   Merge Heap Roots: 0.01ms
[2025-03-14T06:11:58.024+0000][1087][gc,phases   ] GC(7)   Evacuate Collection Set: 5.85ms
[2025-03-14T06:11:58.024+0000][1087][gc,phases   ] GC(7)   Post Evacuate Collection Set: 0.17ms
[2025-03-14T06:11:58.024+0000][1087][gc,phases   ] GC(7)   Other: 0.03ms
[2025-03-14T06:11:58.024+0000][1087][gc,age      ] GC(7) Age table with threshold 15 (max threshold 15)
[2025-03-14T06:11:58.024+0000][1087][gc,age      ] GC(7) - age   1:     574176 bytes,     574176 total
[2025-03-14T06:11:58.024+0000][1087][gc,age      ] GC(7) - age   2:     333904 bytes,     908080 total
[2025-03-14T06:11:58.024+0000][1087][gc,age      ] GC(7) - age   3:    1516072 bytes,    2424152 total
[2025-03-14T06:11:58.024+0000][1087][gc,age      ] GC(7) - age   4:    1611256 bytes,    4035408 total
[2025-03-14T06:11:58.024+0000][1087][gc,age      ] GC(7) - age   5:     916928 bytes,    4952336 total
[2025-03-14T06:11:58.024+0000][1087][gc,heap     ] GC(7) Eden regions: 25->0(179)
[2025-03-14T06:11:58.024+0000][1087][gc,heap     ] GC(7) Survivor regions: 2->2(4)
[2025-03-14T06:11:58.024+0000][1087][gc,heap     ] GC(7) Old regions: 4->4
[2025-03-14T06:11:58.024+0000][1087][gc,heap     ] GC(7) Humongous regions: 0->0
[2025-03-14T06:11:58.024+0000][1087][gc,metaspace] GC(7) Metaspace: 20498K(20992K)->20498K(20992K) NonClass: 18007K(18304K)->18007K(18304K) Class: 2490K(2688K)->2490K(2688K)
[2025-03-14T06:11:58.024+0000][1087][gc          ] GC(7) Pause Young (Normal) (G1 Evacuation Pause) 118M->17M(1952M) 6.205ms
[2025-03-14T06:11:58.024+0000][1087][gc,cpu      ] GC(7) User=0.00s Sys=0.00s Real=0.01s
[2025-03-14T06:11:58.024+0000][1087][safepoint   ] Safepoint "G1CollectForAllocation", Time since last: 446692208 ns, Reaching safepoint: 5000 ns, Cleanup: 18042 ns, At safepoint: 6223458 ns, Total: 6246500 ns
[2025-03-14T06:11:59.027+0000][1087][safepoint   ] Safepoint "Cleanup", Time since last: 1002167042 ns, Reaching safepoint: 978959 ns, Cleanup: 33583 ns, At safepoint: 4917 ns, Total: 1017459 ns
[2025-03-14T06:11:59.041+0000][1087][gc,start    ] GC(8) Pause Young (Concurrent Start) (Metadata GC Threshold)
[2025-03-14T06:11:59.041+0000][1087][gc,task     ] GC(8) Using 1 workers of 1 for evacuation
[2025-03-14T06:11:59.041+0000][1087][gc,age      ] GC(8) Desired survivor size 48234496 bytes, new threshold 15 (max threshold 15)
[2025-03-14T06:11:59.049+0000][1087][gc,phases   ] GC(8)   Pre Evacuate Collection Set: 0.06ms
[2025-03-14T06:11:59.049+0000][1087][gc,phases   ] GC(8)   Merge Heap Roots: 0.01ms
[2025-03-14T06:11:59.049+0000][1087][gc,phases   ] GC(8)   Evacuate Collection Set: 7.33ms
[2025-03-14T06:11:59.049+0000][1087][gc,phases   ] GC(8)   Post Evacuate Collection Set: 0.17ms
[2025-03-14T06:11:59.049+0000][1087][gc,phases   ] GC(8)   Other: 0.05ms
[2025-03-14T06:11:59.049+0000][1087][gc,age      ] GC(8) Age table with threshold 15 (max threshold 15)
[2025-03-14T06:11:59.049+0000][1087][gc,age      ] GC(8) - age   1:    1623352 bytes,    1623352 total
[2025-03-14T06:11:59.049+0000][1087][gc,age      ] GC(8) - age   2:     261296 bytes,    1884648 total
[2025-03-14T06:11:59.049+0000][1087][gc,age      ] GC(8) - age   3:     333720 bytes,    2218368 total
[2025-03-14T06:11:59.049+0000][1087][gc,age      ] GC(8) - age   4:    1516040 bytes,    3734408 total
[2025-03-14T06:11:59.049+0000][1087][gc,age      ] GC(8) - age   5:    1610216 bytes,    5344624 total
[2025-03-14T06:11:59.049+0000][1087][gc,age      ] GC(8) - age   6:     914016 bytes,    6258640 total
[2025-03-14T06:11:59.049+0000][1087][gc,heap     ] GC(8) Eden regions: 52->0(290)
[2025-03-14T06:11:59.049+0000][1087][gc,heap     ] GC(8) Survivor regions: 2->2(23)
[2025-03-14T06:11:59.049+0000][1087][gc,heap     ] GC(8) Old regions: 4->4
[2025-03-14T06:11:59.049+0000][1087][gc,heap     ] GC(8) Humongous regions: 0->0
[2025-03-14T06:11:59.049+0000][1087][gc,metaspace] GC(8) Metaspace: 21050K(21504K)->21050K(21504K) NonClass: 18478K(18752K)->18478K(18752K) Class: 2571K(2752K)->2571K(2752K)
[2025-03-14T06:11:59.049+0000][1087][gc          ] GC(8) Pause Young (Concurrent Start) (Metadata GC Threshold) 223M->19M(1952M) 7.693ms
[2025-03-14T06:11:59.049+0000][1087][gc,cpu      ] GC(8) User=0.00s Sys=0.01s Real=0.01s
[2025-03-14T06:11:59.054+0000][1087][safepoint   ] Safepoint "CollectForMetadataAllocation", Time since last: 14532291 ns, Reaching safepoint: 1500 ns, Cleanup: 4500 ns, At safepoint: 12797459 ns, Total: 12803459 ns
[2025-03-14T06:11:59.063+0000][1087][gc          ] GC(9) Concurrent Mark Cycle
[2025-03-14T06:11:59.063+0000][1087][gc,marking  ] GC(9) Concurrent Scan Root Regions
[2025-03-14T06:11:59.068+0000][1087][gc,marking  ] GC(9) Concurrent Scan Root Regions 5.056ms
[2025-03-14T06:11:59.068+0000][1087][gc,marking  ] GC(9) Concurrent Mark
[2025-03-14T06:11:59.068+0000][1087][gc,marking  ] GC(9) Concurrent Mark From Roots
[2025-03-14T06:11:59.068+0000][1087][gc,task     ] GC(9) Using 1 workers of 1 for marking
[2025-03-14T06:11:59.124+0000][1087][gc,marking  ] GC(9) Concurrent Mark From Roots 55.895ms
[2025-03-14T06:11:59.124+0000][1087][gc,marking  ] GC(9) Concurrent Preclean
[2025-03-14T06:11:59.124+0000][1087][gc,marking  ] GC(9) Concurrent Preclean 0.038ms
[2025-03-14T06:11:59.131+0000][1087][gc,start    ] GC(9) Pause Remark
[2025-03-14T06:11:59.143+0000][1087][gc          ] GC(9) Pause Remark 21M->21M(1952M) 11.694ms
[2025-03-14T06:11:59.143+0000][1087][gc,cpu      ] GC(9) User=0.00s Sys=0.00s Real=0.01s
[2025-03-14T06:11:59.143+0000][1087][safepoint   ] Safepoint "G1PauseRemark", Time since last: 74231916 ns, Reaching safepoint: 2968167 ns, Cleanup: 11292 ns, At safepoint: 11733791 ns, Total: 14713250 ns
[2025-03-14T06:11:59.143+0000][1087][gc,marking  ] GC(9) Concurrent Mark 75.017ms
[2025-03-14T06:11:59.143+0000][1087][gc,marking  ] GC(9) Concurrent Rebuild Remembered Sets and Scrub Regions
[2025-03-14T06:11:59.173+0000][1087][gc,marking  ] GC(9) Concurrent Rebuild Remembered Sets and Scrub Regions 29.526ms
[2025-03-14T06:11:59.173+0000][1087][gc,start    ] GC(9) Pause Cleanup
[2025-03-14T06:11:59.173+0000][1087][gc          ] GC(9) Pause Cleanup 21M->21M(1952M) 0.048ms
[2025-03-14T06:11:59.173+0000][1087][gc,cpu      ] GC(9) User=0.00s Sys=0.00s Real=0.00s
[2025-03-14T06:11:59.173+0000][1087][safepoint   ] Safepoint "G1PauseCleanup", Time since last: 29877251 ns, Reaching safepoint: 1833 ns, Cleanup: 4917 ns, At safepoint: 60375 ns, Total: 67125 ns
[2025-03-14T06:11:59.173+0000][1087][gc,marking  ] GC(9) Concurrent Clear Claimed Marks
[2025-03-14T06:11:59.173+0000][1087][gc,marking  ] GC(9) Concurrent Clear Claimed Marks 0.028ms
[2025-03-14T06:11:59.173+0000][1087][gc,marking  ] GC(9) Concurrent Cleanup for Next Mark
[2025-03-14T06:11:59.180+0000][1087][gc,marking  ] GC(9) Concurrent Cleanup for Next Mark 7.089ms
[2025-03-14T06:11:59.180+0000][1087][gc          ] GC(9) Concurrent Mark Cycle 116.874ms
[2025-03-14T06:12:00.208+0000][1087][safepoint   ] Safepoint "Cleanup", Time since last: 1034429042 ns, Reaching safepoint: 197125 ns, Cleanup: 43125 ns, At safepoint: 2041 ns, Total: 242291 ns
[2025-03-14T06:12:00.815+0000][1087][safepoint   ] Safepoint "ICBufferFull", Time since last: 606824251 ns, Reaching safepoint: 2041 ns, Cleanup: 47750 ns, At safepoint: 4500 ns, Total: 54291 ns
[2025-03-14T06:12:01.544+0000][1087][safepoint   ] Safepoint "ICBufferFull", Time since last: 729802001 ns, Reaching safepoint: 2291 ns, Cleanup: 56000 ns, At safepoint: 4292 ns, Total: 62583 ns
[2025-03-14T06:12:02.164+0000][1087][safepoint   ] Safepoint "ICBufferFull", Time since last: 619931625 ns, Reaching safepoint: 2209 ns, Cleanup: 86041 ns, At safepoint: 4584 ns, Total: 92834 ns
[2025-03-14T06:12:02.631+0000][1087][safepoint   ] Safepoint "ICBufferFull", Time since last: 466904375 ns, Reaching safepoint: 2416 ns, Cleanup: 65459 ns, At safepoint: 3416 ns, Total: 71291 ns
[2025-03-14T06:12:03.633+0000][1087][safepoint   ] Safepoint "Cleanup", Time since last: 1000083126 ns, Reaching safepoint: 970333 ns, Cleanup: 48959 ns, At safepoint: 3708 ns, Total: 1023000 ns
[2025-03-14T06:12:04.509+0000][1087][gc,start    ] GC(10) Pause Young (Prepare Mixed) (G1 Evacuation Pause)
[2025-03-14T06:12:04.510+0000][1087][gc,task     ] GC(10) Using 1 workers of 1 for evacuation
[2025-03-14T06:12:04.510+0000][1087][gc,age      ] GC(10) Desired survivor size 44040192 bytes, new threshold 15 (max threshold 15)
[2025-03-14T06:12:04.623+0000][1087][gc,phases   ] GC(10)   Pre Evacuate Collection Set: 0.38ms
[2025-03-14T06:12:04.623+0000][1087][gc,phases   ] GC(10)   Merge Heap Roots: 0.04ms
[2025-03-14T06:12:04.623+0000][1087][gc,phases   ] GC(10)   Evacuate Collection Set: 112.37ms
[2025-03-14T06:12:04.623+0000][1087][gc,phases   ] GC(10)   Post Evacuate Collection Set: 1.02ms
[2025-03-14T06:12:04.623+0000][1087][gc,phases   ] GC(10)   Other: 0.08ms
[2025-03-14T06:12:04.623+0000][1087][gc,age      ] GC(10) Age table with threshold 15 (max threshold 15)
[2025-03-14T06:12:04.623+0000][1087][gc,age      ] GC(10) - age   1:   27421192 bytes,   27421192 total
[2025-03-14T06:12:04.623+0000][1087][gc,age      ] GC(10) - age   2:    1599272 bytes,   29020464 total
[2025-03-14T06:12:04.623+0000][1087][gc,age      ] GC(10) - age   3:     259168 bytes,   29279632 total
[2025-03-14T06:12:04.623+0000][1087][gc,age      ] GC(10) - age   4:     332952 bytes,   29612584 total
[2025-03-14T06:12:04.623+0000][1087][gc,age      ] GC(10) - age   5:    1514848 bytes,   31127432 total
[2025-03-14T06:12:04.623+0000][1087][gc,age      ] GC(10) - age   6:    1608112 bytes,   32735544 total
[2025-03-14T06:12:04.623+0000][1087][gc,age      ] GC(10) - age   7:     909616 bytes,   33645160 total
[2025-03-14T06:12:04.623+0000][1087][gc,heap     ] GC(10) Eden regions: 160->0(27)
[2025-03-14T06:12:04.623+0000][1087][gc,heap     ] GC(10) Survivor regions: 2->9(21)
[2025-03-14T06:12:04.623+0000][1087][gc,heap     ] GC(10) Old regions: 4->4
[2025-03-14T06:12:04.623+0000][1087][gc,heap     ] GC(10) Humongous regions: 0->0
[2025-03-14T06:12:04.624+0000][1087][gc,metaspace] GC(10) Metaspace: 32416K(33344K)->32416K(33344K) NonClass: 28277K(28864K)->28277K(28864K) Class: 4138K(4480K)->4138K(4480K)
[2025-03-14T06:12:04.624+0000][1087][gc          ] GC(10) Pause Young (Prepare Mixed) (G1 Evacuation Pause) 659M->46M(1952M) 114.027ms
[2025-03-14T06:12:04.624+0000][1087][gc,cpu      ] GC(10) User=0.05s Sys=0.00s Real=0.11s
[2025-03-14T06:12:04.625+0000][1087][safepoint   ] Safepoint "G1CollectForAllocation", Time since last: 876831042 ns, Reaching safepoint: 2583 ns, Cleanup: 63542 ns, At safepoint: 115931125 ns, Total: 115997250 ns
[2025-03-14T06:12:05.035+0000][1087][gc,start    ] GC(11) Pause Young (Mixed) (Metadata GC Threshold)
[2025-03-14T06:12:05.035+0000][1087][gc,task     ] GC(11) Using 1 workers of 1 for evacuation
[2025-03-14T06:12:05.035+0000][1087][gc,age      ] GC(11) Desired survivor size 8388608 bytes, new threshold 1 (max threshold 15)
[2025-03-14T06:12:05.141+0000][1087][gc,phases   ] GC(11)   Pre Evacuate Collection Set: 0.07ms
[2025-03-14T06:12:05.141+0000][1087][gc,phases   ] GC(11)   Merge Heap Roots: 0.04ms
[2025-03-14T06:12:05.141+0000][1087][gc,phases   ] GC(11)   Evacuate Collection Set: 102.58ms
[2025-03-14T06:12:05.141+0000][1087][gc,phases   ] GC(11)   Post Evacuate Collection Set: 2.60ms
[2025-03-14T06:12:05.141+0000][1087][gc,phases   ] GC(11)   Other: 0.04ms
[2025-03-14T06:12:05.141+0000][1087][gc,age      ] GC(11) Age table with threshold 1 (max threshold 15)
[2025-03-14T06:12:05.141+0000][1087][gc,age      ] GC(11) - age   1:    1114560 bytes,    1114560 total
[2025-03-14T06:12:05.141+0000][1087][gc,heap     ] GC(11) Eden regions: 5->0(57)
[2025-03-14T06:12:05.141+0000][1087][gc,heap     ] GC(11) Survivor regions: 9->1(4)
[2025-03-14T06:12:05.141+0000][1087][gc,heap     ] GC(11) Old regions: 4->12
[2025-03-14T06:12:05.141+0000][1087][gc,heap     ] GC(11) Humongous regions: 0->0
[2025-03-14T06:12:05.141+0000][1087][gc,metaspace] GC(11) Metaspace: 35409K(36416K)->35409K(36416K) NonClass: 30731K(31360K)->30731K(31360K) Class: 4678K(5056K)->4678K(5056K)
[2025-03-14T06:12:05.141+0000][1087][gc          ] GC(11) Pause Young (Mixed) (Metadata GC Threshold) 66M->48M(1952M) 105.402ms
[2025-03-14T06:12:05.141+0000][1087][gc,cpu      ] GC(11) User=0.05s Sys=0.00s Real=0.11s
[2025-03-14T06:12:05.143+0000][1087][safepoint   ] Safepoint "CollectForMetadataAllocation", Time since last: 410000250 ns, Reaching safepoint: 1959 ns, Cleanup: 22416 ns, At safepoint: 107964667 ns, Total: 107989042 ns
[2025-03-14T06:12:05.177+0000][1087][gc,start    ] GC(12) Pause Young (Concurrent Start) (Metadata GC Threshold)
[2025-03-14T06:12:05.177+0000][1087][gc,task     ] GC(12) Using 1 workers of 1 for evacuation
[2025-03-14T06:12:05.177+0000][1087][gc,age      ] GC(12) Desired survivor size 16777216 bytes, new threshold 15 (max threshold 15)
[2025-03-14T06:12:05.182+0000][1087][gc,phases   ] GC(12)   Pre Evacuate Collection Set: 0.06ms
[2025-03-14T06:12:05.182+0000][1087][gc,phases   ] GC(12)   Merge Heap Roots: 0.01ms
[2025-03-14T06:12:05.182+0000][1087][gc,phases   ] GC(12)   Evacuate Collection Set: 4.44ms
[2025-03-14T06:12:05.182+0000][1087][gc,phases   ] GC(12)   Post Evacuate Collection Set: 0.43ms
[2025-03-14T06:12:05.182+0000][1087][gc,phases   ] GC(12)   Other: 0.07ms
[2025-03-14T06:12:05.182+0000][1087][gc,age      ] GC(12) Age table with threshold 15 (max threshold 15)
[2025-03-14T06:12:05.182+0000][1087][gc,age      ] GC(12) - age   1:      57608 bytes,      57608 total
[2025-03-14T06:12:05.182+0000][1087][gc,age      ] GC(12) - age   2:    1071032 bytes,    1128640 total
[2025-03-14T06:12:05.182+0000][1087][gc,heap     ] GC(12) Eden regions: 1->0(170)
[2025-03-14T06:12:05.182+0000][1087][gc,heap     ] GC(12) Survivor regions: 1->1(8)
[2025-03-14T06:12:05.182+0000][1087][gc,heap     ] GC(12) Old regions: 12->12
[2025-03-14T06:12:05.182+0000][1087][gc,heap     ] GC(12) Humongous regions: 0->0
[2025-03-14T06:12:05.182+0000][1087][gc,metaspace] GC(12) Metaspace: 35714K(36736K)->35714K(36736K) NonClass: 31009K(31680K)->31009K(31680K) Class: 4704K(5056K)->4704K(5056K)
[2025-03-14T06:12:05.182+0000][1087][gc          ] GC(12) Pause Young (Concurrent Start) (Metadata GC Threshold) 50M->47M(1952M) 5.101ms
[2025-03-14T06:12:05.182+0000][1087][gc          ] GC(13) Concurrent Mark Cycle
[2025-03-14T06:12:05.182+0000][1087][gc,marking  ] GC(13) Concurrent Scan Root Regions
[2025-03-14T06:12:05.184+0000][1087][gc,marking  ] GC(13) Concurrent Scan Root Regions 2.405ms
[2025-03-14T06:12:05.184+0000][1087][gc,marking  ] GC(13) Concurrent Mark
[2025-03-14T06:12:05.184+0000][1087][gc,marking  ] GC(13) Concurrent Mark From Roots
[2025-03-14T06:12:05.184+0000][1087][gc,task     ] GC(13) Using 1 workers of 1 for marking
[2025-03-14T06:12:05.184+0000][1087][gc,cpu      ] GC(12) User=0.00s Sys=0.00s Real=0.01s
[2025-03-14T06:12:05.186+0000][1087][safepoint   ] Safepoint "CollectForMetadataAllocation", Time since last: 33439917 ns, Reaching safepoint: 2041 ns, Cleanup: 5834 ns, At safepoint: 9559708 ns, Total: 9567583 ns
[2025-03-14T06:12:05.222+0000][1087][safepoint   ] Safepoint "CollectForMetadataAllocation", Time since last: 35998417 ns, Reaching safepoint: 10125 ns, Cleanup: 5666 ns, At safepoint: 27000 ns, Total: 42791 ns
[2025-03-14T06:12:05.284+0000][1087][safepoint   ] Safepoint "CollectForMetadataAllocation", Time since last: 59960292 ns, Reaching safepoint: 2000583 ns, Cleanup: 13334 ns, At safepoint: 42291 ns, Total: 2056208 ns
[2025-03-14T06:12:05.347+0000][1087][gc,marking  ] GC(13) Concurrent Mark From Roots 162.306ms
[2025-03-14T06:12:05.347+0000][1087][gc,marking  ] GC(13) Concurrent Preclean
[2025-03-14T06:12:05.347+0000][1087][gc,marking  ] GC(13) Concurrent Preclean 0.079ms
[2025-03-14T06:12:05.349+0000][1087][gc,start    ] GC(13) Pause Remark
[2025-03-14T06:12:05.361+0000][1087][gc          ] GC(13) Pause Remark 51M->51M(1952M) 12.734ms
[2025-03-14T06:12:05.361+0000][1087][gc,cpu      ] GC(13) User=0.01s Sys=0.00s Real=0.01s
[2025-03-14T06:12:05.363+0000][1087][safepoint   ] Safepoint "G1PauseRemark", Time since last: 63889292 ns, Reaching safepoint: 368417 ns, Cleanup: 23791 ns, At safepoint: 14653042 ns, Total: 15045250 ns
[2025-03-14T06:12:05.363+0000][1087][gc,marking  ] GC(13) Concurrent Mark 179.004ms
[2025-03-14T06:12:05.363+0000][1087][gc,marking  ] GC(13) Concurrent Rebuild Remembered Sets and Scrub Regions
[2025-03-14T06:12:05.444+0000][1087][gc,marking  ] GC(13) Concurrent Rebuild Remembered Sets and Scrub Regions 80.430ms
[2025-03-14T06:12:05.444+0000][1087][gc,start    ] GC(13) Pause Cleanup
[2025-03-14T06:12:05.444+0000][1087][gc          ] GC(13) Pause Cleanup 53M->53M(1952M) 0.029ms
[2025-03-14T06:12:05.444+0000][1087][gc,cpu      ] GC(13) User=0.00s Sys=0.00s Real=0.00s
[2025-03-14T06:12:05.444+0000][1087][safepoint   ] Safepoint "G1PauseCleanup", Time since last: 80490292 ns, Reaching safepoint: 2291 ns, Cleanup: 12334 ns, At safepoint: 42666 ns, Total: 57291 ns
[2025-03-14T06:12:05.444+0000][1087][gc,marking  ] GC(13) Concurrent Clear Claimed Marks
[2025-03-14T06:12:05.444+0000][1087][gc,marking  ] GC(13) Concurrent Clear Claimed Marks 0.095ms
[2025-03-14T06:12:05.444+0000][1087][gc,marking  ] GC(13) Concurrent Cleanup for Next Mark
[2025-03-14T06:12:05.485+0000][1087][gc,marking  ] GC(13) Concurrent Cleanup for Next Mark 40.361ms
[2025-03-14T06:12:05.485+0000][1087][gc          ] GC(13) Concurrent Mark Cycle 302.909ms
[2025-03-14T06:12:05.860+0000][1087][safepoint   ] Safepoint "ICBufferFull", Time since last: 416475001 ns, Reaching safepoint: 2041 ns, Cleanup: 71334 ns, At safepoint: 3625 ns, Total: 77000 ns
[2025-03-14T06:12:06.996+0000][1087][safepoint   ] Safepoint "ICBufferFull", Time since last: 1135903042 ns, Reaching safepoint: 2042 ns, Cleanup: 63041 ns, At safepoint: 3750 ns, Total: 68833 ns
[2025-03-14T06:12:07.606+0000][1087][safepoint   ] Safepoint "ICBufferFull", Time since last: 609936334 ns, Reaching safepoint: 2208 ns, Cleanup: 57375 ns, At safepoint: 3625 ns, Total: 63208 ns
[2025-03-14T06:12:08.609+0000][1087][safepoint   ] Safepoint "Cleanup", Time since last: 1002657792 ns, Reaching safepoint: 73667 ns, Cleanup: 25583 ns, At safepoint: 4209 ns, Total: 103459 ns
[2025-03-14T06:12:08.630+0000][1087][gc,heap,exit] Heap
[2025-03-14T06:12:08.630+0000][1087][gc,heap,exit]  garbage-first heap   total reserved 1998848K, committed 1998848K, used 294309K [0x0000000086000000, 0x0000000100000000)
[2025-03-14T06:12:08.630+0000][1087][gc,heap,exit]   region size 4096K, 61 young (249856K), 1 survivors (4096K)
[2025-03-14T06:12:08.630+0000][1087][gc,heap,exit]  Metaspace       used 52661K, committed 53952K, reserved 1114112K
[2025-03-14T06:12:08.630+0000][1087][gc,heap,exit]   class space    used 7121K, committed 7616K, reserved 1048576K
